Archive member included because of file (symbol)

/local/mnt/workspace/CRMBuilds/TZ.BF.4.0.3.c1-00005-M8996AAAAANAZT-1_20170110_230814/b/HK11/trustzone_images/core/kernel/libstd/build/fidosui/scorpion/IADAANAA/libstd.lib(memscpy.o)
                              /local/mnt/workspace/CRMBuilds/TZ.BF.4.0.3.c1-00005-M8996AAAAANAZT-1_20170110_230814/b/HK11/trustzone_images/apps/securemsm/trustzone/qsapps/fidosui/ipc/build/fidosui/scorpion/IADAANAA/src/CFidoSuiToken.o (memscpy)
/local/mnt/workspace/CRMBuilds/TZ.BF.4.0.3.c1-00005-M8996AAAAANAZT-1_20170110_230814/b/HK11/trustzone_images/core/securemsm/trustzone/qsapps/libs/applib/common_applib/build/fidosui/scorpion/IADAANAA/tzapp_entrylib.lib(common_applib.o)
                              /local/mnt/workspace/CRMBuilds/TZ.BF.4.0.3.c1-00005-M8996AAAAANAZT-1_20170110_230814/b/HK11/trustzone_images/apps/securemsm/trustzone/qsapps/fidosui/ipc/build/fidosui/scorpion/IADAANAA/src/CFidoSuiToken.o (__stack_chk_fail)
/local/mnt/workspace/CRMBuilds/TZ.BF.4.0.3.c1-00005-M8996AAAAANAZT-1_20170110_230814/b/HK11/trustzone_images/core/securemsm/trustzone/qsapps/libs/applib/proxy/build/fidosui/scorpion/IADAANAA/tzlib_proxy.lib(prxy_services.o)
                              /local/mnt/workspace/CRMBuilds/TZ.BF.4.0.3.c1-00005-M8996AAAAANAZT-1_20170110_230814/b/HK11/trustzone_images/apps/securemsm/trustzone/qsapps/fidosui/ipc/build/fidosui/scorpion/IADAANAA/src/CFidoSuiToken.o (qsee_log)
/local/mnt/workspace/CRMBuilds/TZ.BF.4.0.3.c1-00005-M8996AAAAANAZT-1_20170110_230814/b/HK11/trustzone_images/core/securemsm/trustzone/qsapps/libs/applib/qsee/build/fidosui/scorpion/IADAANAA/tzapp_entrylib.lib(mink_shared_code.o)
                              /local/mnt/workspace/CRMBuilds/TZ.BF.4.0.3.c1-00005-M8996AAAAANAZT-1_20170110_230814/b/HK11/trustzone_images/core/securemsm/trustzone/qsapps/libs/applib/common_applib/build/fidosui/scorpion/IADAANAA/tzapp_entrylib.lib(common_applib.o) (minkIPC)
/local/mnt/workspace/CRMBuilds/TZ.BF.4.0.3.c1-00005-M8996AAAAANAZT-1_20170110_230814/b/HK11/trustzone_images/core/securemsm/trustzone/qsapps/libs/applib/qsee/build/fidosui/scorpion/IADAANAA/tzapp_entrylib.lib(qsee_env.o)
                              /local/mnt/workspace/CRMBuilds/TZ.BF.4.0.3.c1-00005-M8996AAAAANAZT-1_20170110_230814/b/HK11/trustzone_images/core/securemsm/trustzone/qsapps/libs/applib/common_applib/build/fidosui/scorpion/IADAANAA/tzapp_entrylib.lib(common_applib.o) (qsee_open)
/local/mnt/workspace/CRMBuilds/TZ.BF.4.0.3.c1-00005-M8996AAAAANAZT-1_20170110_230814/b/HK11/trustzone_images/core/securemsm/trustzone/qsapps/libs/applib/qsee/build/fidosui/scorpion/IADAANAA/tzapp_entrylib.lib(qsee_prng.o)
                              /local/mnt/workspace/CRMBuilds/TZ.BF.4.0.3.c1-00005-M8996AAAAANAZT-1_20170110_230814/b/HK11/trustzone_images/core/securemsm/trustzone/qsapps/libs/applib/common_applib/build/fidosui/scorpion/IADAANAA/tzapp_entrylib.lib(common_applib.o) (qsee_prng_getdata)
/local/mnt/workspace/CRMBuilds/TZ.BF.4.0.3.c1-00005-M8996AAAAANAZT-1_20170110_230814/b/HK11/trustzone_images/core/securemsm/trustzone/qsapps/libs/applib/qsee/build/fidosui/scorpion/IADAANAA/tzapp_entrylib.lib(tzapp_syscall.o)
                              /local/mnt/workspace/CRMBuilds/TZ.BF.4.0.3.c1-00005-M8996AAAAANAZT-1_20170110_230814/b/HK11/trustzone_images/core/securemsm/trustzone/qsapps/libs/applib/qsee/build/fidosui/scorpion/IADAANAA/src/tzapp_entry.o (app_export_init_info_to_qsee)
/local/mnt/workspace/CRMBuilds/TZ.BF.4.0.3.c1-00005-M8996AAAAANAZT-1_20170110_230814/b/HK11/trustzone_images/core/securemsm/trustzone/qsapps/libs/applib/qsee/build/fidosui/scorpion/IADAANAA/tzapp_entrylib.lib(tzapp_lib_main.o)
                              /local/mnt/workspace/CRMBuilds/TZ.BF.4.0.3.c1-00005-M8996AAAAANAZT-1_20170110_230814/b/HK11/trustzone_images/core/securemsm/trustzone/qsapps/libs/applib/common_applib/build/fidosui/scorpion/IADAANAA/tzapp_entrylib.lib(common_applib.o) (CApp_invoke)
/local/mnt/workspace/CRMBuilds/TZ.BF.4.0.3.c1-00005-M8996AAAAANAZT-1_20170110_230814/b/HK11/trustzone_images/core/securemsm/trustzone/qsapps/libs/applib/qsee/build/fidosui/scorpion/IADAANAA/tzapp_entrylib.lib(kthread_shared.o)
                              /local/mnt/workspace/CRMBuilds/TZ.BF.4.0.3.c1-00005-M8996AAAAANAZT-1_20170110_230814/b/HK11/trustzone_images/core/securemsm/trustzone/qsapps/libs/applib/qsee/build/fidosui/scorpion/IADAANAA/tzapp_entrylib.lib(mink_shared_code.o) (mink_generic_syscall)
/afs/localcell/cm/gv2.6/sysname/pkg.@sys/qct/software/llvm/release/arm/3.5.2.4/tools/lib32/lib/libc.a(vsnprintf.o)
                              /local/mnt/workspace/CRMBuilds/TZ.BF.4.0.3.c1-00005-M8996AAAAANAZT-1_20170110_230814/b/HK11/trustzone_images/core/securemsm/trustzone/qsapps/libs/applib/proxy/build/fidosui/scorpion/IADAANAA/tzlib_proxy.lib(prxy_services.o) (vsnprintf)
/afs/localcell/cm/gv2.6/sysname/pkg.@sys/qct/software/llvm/release/arm/3.5.2.4/tools/lib32/lib/libc.a(memcpy.o)
[...]
Memory Configuration

Name             Origin             Length             Attributes
*default*        0x00000000         0xffffffff

Linker script and memory map


.text           0x00000000    0xaa430
 *\tzapp_entry.o(SORT(TZAPPENTRYCODE))
 TZAPPENTRYCODE
                0x00000000       0x4c /local/mnt/workspace/CRMBuilds/TZ.BF.4.0.3.c1-00005-M8996AAAAANAZT-1_20170110_230814/b/HK11/trustzone_images/core/securemsm/trustzone/qsapps/libs/applib/qsee/build/fidosui/scorpion/IADAANAA/src/tzapp_entry.o
                0x00000000                __main
                0x00000000                TZAPPENTRY
                0x00000000                _main
                0x0000003c                get_cmnlib_ctx_ptr
 *(SORT(.text) SORT(.text.*) SORT(kthread_shared))
 *fill*         0x0000004c        0x4 
 .text          0x00000050     0x1718 /afs/localcell/cm/gv2.6/sysname/pkg.@sys/qct/software/llvm/release/arm/3.5.2.4/tools/lib32/lib/libc.a(vfprintf.o)
                0x00000050                vfprintf
 .text          0x00001768       0x68 /afs/localcell/cm/gv2.6/sysname/pkg.@sys/qct/software/llvm/release/arm/3.5.2.4/tools/lib32/lib/libc.a(frexp.o)
                0x00001768                frexp
 .text          0x000017d0      0x308 /afs/localcell/cm/gv2.6/sysname/pkg.@sys/qct/software/llvm/release/arm/3.5.2.4/lib/clang/3.5.2/lib/linux/libclang_rt.builtins-arm.a(divdf3.c.o)
                0x000017d0                __aeabi_ddiv
                0x000017d0                __divdf3
 .text          0x00001ad8      0x320 /afs/localcell/cm/gv2.6/sysname/pkg.@sys/qct/software/llvm/release/arm/3.5.2.4/lib/clang/3.5.2/lib/linux/libclang_rt.builtins-arm.a(muldf3.c.o)
                0x00001ad8                __aeabi_dmul
                0x00001ad8                __muldf3
 .text          0x00001df8      0x198 /afs/localcell/cm/gv2.6/sysname/pkg.@sys/qct/software/llvm/release/arm/3.5.2.4/tools/lib32/lib/libc.a(atan2.o)
                0x00001df8                atan2
 .text          0x00001f90      0x108 /afs/localcell/cm/gv2.6/sysname/pkg.@sys/qct/software/llvm/release/arm/3.5.2.4/tools/lib32/lib/libc.a(cos.o)
                0x00001f90                cos
 .text          0x00002098       0x90 /afs/localcell/cm/gv2.6/sysname/pkg.@sys/qct/software/llvm/release/arm/3.5.2.4/tools/lib32/lib/libc.a(floor.o)
                0x00002098                floor
 .text          0x00002128      0x128 /afs/localcell/cm/gv2.6/sysname/pkg.@sys/qct/software/llvm/release/arm/3.5.2.4/tools/lib32/lib/libc.a(sin.o)
                0x00002128                sin
 .text          0x00002250       0xa8 /afs/localcell/cm/gv2.6/sysname/pkg.@sys/qct/software/llvm/release/arm/3.5.2.4/tools/lib32/lib/libc.a(__cos.o)
                0x00002250                __cos
 .text          0x000022f8      0x3b0 /afs/localcell/cm/gv2.6/sysname/pkg.@sys/qct/software/llvm/release/arm/3.5.2.4/tools/lib32/lib/libc.a(__rem_pio2.o)
                0x000022f8                __rem_pio2
 .text          0x000026a8      0x670 /afs/localcell/cm/gv2.6/sysname/pkg.@sys/qct/software/llvm/release/arm/3.5.2.4/tools/lib32/lib/libc.a(__rem_pio2_large.o)
                0x000026a8                __rem_pio2_large
 .text          0x00002d18       0xa8 /afs/localcell/cm/gv2.6/sysname/pkg.@sys/qct/software/llvm/release/arm/3.5.2.4/tools/lib32/lib/libc.a(__sin.o)
                0x00002d18                __sin
 .text          0x00002dc0      0x238 /afs/localcell/cm/gv2.6/sysname/pkg.@sys/qct/software/llvm/release/arm/3.5.2.4/tools/lib32/lib/libc.a(atan.o)
                0x00002dc0                atan
 .text          0x00002ff8       0x90 /afs/localcell/cm/gv2.6/sysname/pkg.@sys/qct/software/llvm/release/arm/3.5.2.4/tools/lib32/lib/libc.a(scalbn.o)
                0x00002ff8                scalbn
 .text          0x00003088      0x398 /afs/localcell/cm/gv2.6/sysname/pkg.@sys/qct/software/llvm/release/arm/3.5.2.4/lib/clang/3.5.2/lib/linux/libclang_rt.builtins-arm.a(adddf3.c.o)
                0x00003088                __adddf3
                0x00003088                __aeabi_dadd
 .text          0x00003420      0x120 /local/mnt/workspace/CRMBuilds/TZ.BF.4.0.3.c1-00005-M8996AAAAANAZT-1_20170110_230814/b/HK11/trustzone_images/apps/securemsm/trustzone/qsapps/fidosui/ipc/build/fidosui/scorpion/IADAANAA/src/CFidoSuiToken.o
                0x00003420                CFidoSuiToken_open
 .text          0x00003540       0x18 /local/mnt/workspace/CRMBuilds/TZ.BF.4.0.3.c1-00005-M8996AAAAANAZT-1_20170110_230814/b/HK11/trustzone_images/core/kernel/libstd/build/fidosui/scorpion/IADAANAA/libstd.lib(memscpy.o)
                0x00003540                memscpy
 .text          0x00003558      0x770 /local/mnt/workspace/CRMBuilds/TZ.BF.4.0.3.c1-00005-M8996AAAAANAZT-1_20170110_230814/b/HK11/trustzone_images/core/securemsm/trustzone/qsapps/libs/applib/common_applib/build/fidosui/scorpion/IADAANAA/tzapp_entrylib.lib(common_applib.o)
                0x00003558                qsee_err_fatal
                0x00003578                platform_err_fatal
                0x0000357c                platform_get_random
                0x00003580                __stack_chk_fail
                0x00003584                _sys_command_string
                0x00003590                get_app_req_resp
                0x0000359c                qsee_read_register
                0x000035bc                qsee_request_service
                0x0000363c                qsee_prepare_shared_buf_for_nosecure_read
                0x0000365c                qsee_prepare_shared_buf_for_secure_read
                0x0000367c                qsee_set_global_flag
                0x0000369c                qsee_get_global_flag
                0x000036bc                qsee_oem_process_cmd
                0x000036e0                qsee_enforce_hdmi_hdcp_encryption
                0x00003700                qsee_write_hdcp2p2_key_riv_enable
                0x00003724                qsee_read_hdcp2p2_min_encryption_level
                0x00003744                qsee_write_hdcp2p2_min_encryption_level
                0x00003764                qsee_get_hdcp_min_enc_level
                0x00003784                qsee_set_hdcp_min_enc_level
                0x000037a4                qsee_write_hdcp1_key
                0x000037c4                qsee_set_hdcp_cpi_assert
                0x000037e4                qsee_get_secure_state
                0x00003804                qsee_malloc
                0x0000380c                qsee_realloc
                0x00003840                qsee_realloc_common
                0x000038bc                qsee_free
                0x000038ec                qsee_cmnlib_malloc
                0x00003920                qsee_cmnlib_free
                0x00003950                tzlib_app_entry
                0x00003a88                get_ta_app_name
                0x00003a98                get_app_md
 .text          0x00003cc8      0x580 /local/mnt/workspace/CRMBuilds/TZ.BF.4.0.3.c1-00005-M8996AAAAANAZT-1_20170110_230814/b/HK11/trustzone_images/core/securemsm/trustzone/qsapps/libs/applib/proxy/build/fidosui/scorpion/IADAANAA/tzlib_proxy.lib(prxy_services.o)
                0x00003cc8                qsee_kdf
                0x00003cfc                qsee_log
                0x00003d88                qsee_log_set_mask
                0x00003dac                qsee_log_get_mask
                0x00003dd4                open
                0x00003e14                read
                0x00003e40                write
                0x00003e6c                close
                0x00003e90                lstat
                0x00003eb4                mkdir
                0x00003ed8                frename
                0x00003efc                opendir
                0x00003f20                readdir
                0x00003f44                rmdir
                0x00003f68                testdir
                0x00003f8c                file_get_partition_free_size
                0x00003fb0                fstat
                0x00003fd4                lseek
                0x00004000                time_getsystime
                0x00004024                time_getutcsec
                0x00004048                time_is_leap_year
                0x0000406c                remove
                0x00004090                unlink
                0x000040b4                link
                0x000040d8                telldir
                0x000040fc                fsync
                0x00004120                openat
                0x0000415c                unlinkat
                0x00004188                fcntl
                0x000041c8                creat
                0x000041ec                file_dir_chown_chmod
                0x00004220                get_error_number
 .text          0x00004248      0x2a0 /local/mnt/workspace/CRMBuilds/TZ.BF.4.0.3.c1-00005-M8996AAAAANAZT-1_20170110_230814/b/HK11/trustzone_images/core/securemsm/trustzone/qsapps/libs/applib/qsee/build/fidosui/scorpion/IADAANAA/tzapp_entrylib.lib(mink_shared_code.o)
                0x00004248                UThread_syscall
                0x00004268                minkIPC
                0x00004394                minkServerLoop
                0x000044a8                minkServerEntry
 .text          0x000044e8      0x230 /local/mnt/workspace/CRMBuilds/TZ.BF.4.0.3.c1-00005-M8996AAAAANAZT-1_20170110_230814/b/HK11/trustzone_images/core/securemsm/trustzone/qsapps/libs/applib/qsee/build/fidosui/scorpion/IADAANAA/tzapp_entrylib.lib(qsee_env.o)
                0x000044e8                qsee_set_env
                0x00004504                qsee_open
                0x0000456c                qsee_open_singleton
                0x0000466c                qsee_printf_ap
                0x000046d4                qsee_printf
 .text          0x00004718       0x54 /local/mnt/workspace/CRMBuilds/TZ.BF.4.0.3.c1-00005-M8996AAAAANAZT-1_20170110_230814/b/HK11/trustzone_images/core/securemsm/trustzone/qsapps/libs/applib/qsee/build/fidosui/scorpion/IADAANAA/tzapp_entrylib.lib(qsee_prng.o)
                0x00004718                qsee_prng_getdata
 .text          0x0000476c       0xdc /local/mnt/workspace/CRMBuilds/TZ.BF.4.0.3.c1-00005-M8996AAAAANAZT-1_20170110_230814/b/HK11/trustzone_images/core/securemsm/trustzone/qsapps/libs/applib/qsee/build/fidosui/scorpion/IADAANAA/tzapp_entrylib.lib(tzapp_lib_main.o)
                0x0000476c                get_app_stack_base
                0x00004778                get_app_stack_size
                0x00004790                get_app_heap_base
                0x0000479c                get_app_heap_size
                0x000047b4                CApp_handleRequest
                0x000047d0                CApp_invoke
                0x00004830                secure_app_init
                0x0000483c                secure_app_shutdown
 kthread_shared
                0x00004848       0x2c /local/mnt/workspace/CRMBuilds/TZ.BF.4.0.3.c1-00005-M8996AAAAANAZT-1_20170110_230814/b/HK11/trustzone_images/core/securemsm/trustzone/qsapps/libs/applib/qsee/build/fidosui/scorpion/IADAANAA/tzapp_entrylib.lib(kthread_shared.o)
                0x00004848                mink_generic_syscall
 .text          0x00004874       0x9a /afs/localcell/cm/gv2.6/sysname/pkg.@sys/qct/software/llvm/release/arm/3.5.2.4/tools/lib32/lib/libc.a(vsnprintf.o)
                0x00004874                vsnprintf
 *fill*         0x0000490e        0x2 
 .text          0x00004910      0x30c /afs/localcell/cm/gv2.6/sysname/pkg.@sys/qct/software/llvm/release/arm/3.5.2.4/tools/lib32/lib/libc.a(memcpy.o)
                0x00004910                memcpy
 .text          0x00004c1c       0x44 /afs/localcell/cm/gv2.6/sysname/pkg.@sys/qct/software/llvm/release/arm/3.5.2.4/tools/lib32/lib/libc.a(strlen.o)
                0x00004c1c                strlen
 .text          0x00004c60       0x24 /afs/localcell/cm/gv2.6/sysname/pkg.@sys/qct/software/llvm/release/arm/3.5.2.4/tools/lib32/lib/libc.a(__errno_location.o)
                0x00004c60                __errno_location
 .text          0x00004c84       0xa8 /afs/localcell/cm/gv2.6/sysname/pkg.@sys/qct/software/llvm/release/arm/3.5.2.4/tools/lib32/lib/libc.a(memchr.o)
                0x00004c84                memchr
 .text          0x00004d2c       0xe4 /afs/localcell/cm/gv2.6/sysname/pkg.@sys/qct/software/llvm/release/arm/3.5.2.4/tools/lib32/lib/libc.a(memset.o)
                0x00004d2c                memset
 .text          0x00004e10       0x6c /afs/localcell/cm/gv2.6/sysname/pkg.@sys/qct/software/llvm/release/arm/3.5.2.4/tools/lib32/lib/libc.a(strerror.o)
                0x00004e10                strerror_l
                0x00004e10                __strerror_l
                0x00004e5c                strerror
 .text          0x00004e7c       0x28 /afs/localcell/cm/gv2.6/sysname/pkg.@sys/qct/software/llvm/release/arm/3.5.2.4/tools/lib32/lib/libc.a(__lctrans.o)
                0x00004e7c                __lctrans_impl
                0x00004e7c                dummy
                0x00004e80                __lctrans
                0x00004e84                __lctrans_cur
 .text          0x00004ea4        0x4 /afs/localcell/cm/gv2.6/sysname/pkg.@sys/qct/software/llvm/release/arm/3.5.2.4/tools/lib32/lib/libc.a(frexpl.o)
                0x00004ea4                frexpl
 .text          0x00004ea8        0xe /afs/localcell/cm/gv2.6/sysname/pkg.@sys/qct/software/llvm/release/arm/3.5.2.4/tools/lib32/lib/libc.a(wctomb.o)
                0x00004ea8                wctomb
 *fill*         0x00004eb6        0x2 
 .text          0x00004eb8       0xc8 /afs/localcell/cm/gv2.6/sysname/pkg.@sys/qct/software/llvm/release/arm/3.5.2.4/tools/lib32/lib/libc.a(__lockfile.o)
                0x00004eb8                __lockfile
                0x00004f34                __unlockfile
 .text          0x00004f80       0xf4 /afs/localcell/cm/gv2.6/sysname/pkg.@sys/qct/software/llvm/release/arm/3.5.2.4/tools/lib32/lib/libc.a(fwrite.o)
                0x00004f80                __fwritex
                0x0000501c                fwrite_unlocked
                0x0000501c                fwrite
 .text          0x00005074       0xb8 /afs/localcell/cm/gv2.6/sysname/pkg.@sys/qct/software/llvm/release/arm/3.5.2.4/tools/lib32/lib/libc.a(__wait.o)
                0x00005074                __wait
 .text          0x0000512c       0x30 /afs/localcell/cm/gv2.6/sysname/pkg.@sys/qct/software/llvm/release/arm/3.5.2.4/tools/lib32/lib/libc.a(syscall.o)
                0x0000512c                __syscall
 .text          0x0000515c       0xa6 /afs/localcell/cm/gv2.6/sysname/pkg.@sys/qct/software/llvm/release/arm/3.5.2.4/tools/lib32/lib/libc.a(wcrtomb.o)
                0x0000515c                wcrtomb
 *fill*         0x00005202        0x2 
 .text          0x00005204       0x40 /afs/localcell/cm/gv2.6/sysname/pkg.@sys/qct/software/llvm/release/arm/3.5.2.4/tools/lib32/lib/libc.a(__towrite.o)
                0x00005204                __towrite
                0x00005240                __towrite_needs_stdio_exit
 .text          0x00005244       0x8a /afs/localcell/cm/gv2.6/sysname/pkg.@sys/qct/software/llvm/release/arm/3.5.2.4/tools/lib32/lib/libc.a(__stdio_exit.o)
                0x00005244                __stdio_exit
                0x00005244                __stdio_exit_needed
 *fill*         0x000052ce        0x2 
 .text          0x000052d0       0x96 /afs/localcell/cm/gv2.6/sysname/pkg.@sys/qct/software/llvm/release/arm/3.5.2.4/tools/lib32/lib/libc.a(__lock.o)
                0x000052d0                __lock
                0x00005318                __unlock
 *fill*         0x00005366        0x2 
 .text          0x00005368        0x4 /afs/localcell/cm/gv2.6/sysname/pkg.@sys/qct/software/llvm/release/arm/3.5.2.4/lib/clang/3.5.2/lib/linux/libclang_rt.builtins-arm.a(aeabi_memcpy.S.o)
                0x00005368                __aeabi_memcpy
                0x00005368                __aeabi_memcpy4
                0x00005368                __aeabi_memcpy8
 .text          0x0000536c       0x1c /afs/localcell/cm/gv2.6/sysname/pkg.@sys/qct/software/llvm/release/arm/3.5.2.4/lib/clang/3.5.2/lib/linux/libclang_rt.builtins-arm.a(aeabi_memset.S.o)
                0x0000536c                __aeabi_memset
                0x0000536c                __aeabi_memset8
                0x0000536c                __aeabi_memset4
                0x0000537c                __aeabi_memclr8
                0x0000537c                __aeabi_memclr
                0x0000537c                __aeabi_memclr4
 .text          0x00005388       0x24 /afs/localcell/cm/gv2.6/sysname/pkg.@sys/qct/software/llvm/release/arm/3.5.2.4/lib/clang/3.5.2/lib/linux/libclang_rt.builtins-arm.a(aeabi_uldivmod.S.o)
                0x00005388                __aeabi_uldivmod
 .text          0x000053ac      0x416 /afs/localcell/cm/gv2.6/sysname/pkg.@sys/qct/software/llvm/release/arm/3.5.2.4/lib/clang/3.5.2/lib/linux/libclang_rt.builtins-arm.a(udivmoddi4.c.o)
                0x000053ac                __udivmoddi4
 *fill*         0x000057c2        0x2 
 .text          0x000057c4      0x154 /afs/localcell/cm/gv2.6/sysname/pkg.@sys/qct/software/llvm/release/arm/3.5.2.4/lib/clang/3.5.2/lib/linux/libclang_rt.builtins-arm.a(udivsi3.c.o)
                0x000057c4                __udivsi3
                0x000057c4                __aeabi_uidiv
 .text          0x00005918       0x18 /afs/localcell/cm/gv2.6/sysname/pkg.@sys/qct/software/llvm/release/arm/3.5.2.4/lib/clang/3.5.2/lib/linux/libclang_rt.builtins-arm.a(umoddi3.c.o)
                0x00005918                __umoddi3
 .text          0x00005930       0x10 /afs/localcell/cm/gv2.6/sysname/pkg.@sys/qct/software/llvm/release/arm/3.5.2.4/lib/clang/3.5.2/lib/linux/libclang_rt.builtins-arm.a(umodsi3.c.o)
                0x00005930                __umodsi3
 .text          0x00005940      0x3e4 /local/mnt/workspace/CRMBuilds/TZ.BF.4.0.3.c1-00005-M8996AAAAANAZT-1_20170110_230814/b/HK11/trustzone_images/apps/securemsm/trustzone/qsapps/fidosui/app/build/fidosui/scorpion/IADAANAA/fidosui_app.lib(app_main.o)
                0x00005940                tz_module_open
                0x00005980                tz_app_init
                0x00005a44                tz_app_cmd_handler
                0x00005c98                tz_app_shutdown
 .text          0x00005d24       0x5c /local/mnt/workspace/CRMBuilds/TZ.BF.4.0.3.c1-00005-M8996AAAAANAZT-1_20170110_230814/b/HK11/trustzone_images/apps/securemsm/trustzone/qsapps/fidosui/app/build/fidosui/scorpion/IADAANAA/fidosui_app.lib(01_Initialize.o)
                0x00005d24                processCmdInitialize
 .text          0x00005d80      0x690 /local/mnt/workspace/CRMBuilds/TZ.BF.4.0.3.c1-00005-M8996AAAAANAZT-1_20170110_230814/b/HK11/trustzone_images/apps/securemsm/trustzone/qsapps/fidosui/app/build/fidosui/scorpion/IADAANAA/fidosui_app.lib(08_ShowMessageSui.o)
                0x00005d80                processCmdShowMessageSuiStart
                0x00006280                processCmdShowMessageSuiFinish
 .text          0x00006410      0x204 /local/mnt/workspace/CRMBuilds/TZ.BF.4.0.3.c1-00005-M8996AAAAANAZT-1_20170110_230814/b/HK11/trustzone_images/apps/securemsm/trustzone/qsapps/fidosui/app/build/fidosui/scorpion/IADAANAA/fidosui_app.lib(fsSecureUI.o)
                0x00006410                clear_tui
                0x00006414                get_status
                0x00006420                start_dialog
 .text          0x00006614       0xd8 /local/mnt/workspace/CRMBuilds/TZ.BF.4.0.3.c1-00005-M8996AAAAANAZT-1_20170110_230814/b/HK11/trustzone_images/apps/securemsm/trustzone/qsapps/fidosui/app/build/fidosui/scorpion/IADAANAA/fidosui_app.lib(fsLocale.o)
                0x00006614                getLocaleData
 .text          0x000066ec       0x18 /local/mnt/workspace/CRMBuilds/TZ.BF.4.0.3.c1-00005-M8996AAAAANAZT-1_20170110_230814/b/HK11/trustzone_images/core/kernel/libstd/build/fidosui/scorpion/IADAANAA/libstd.lib(secure_memset.o)
                0x000066ec                secure_memset
 .text          0x00006704       0xd8 /local/mnt/workspace/CRMBuilds/TZ.BF.4.0.3.c1-00005-M8996AAAAANAZT-1_20170110_230814/b/HK11/trustzone_images/core/securemsm/sse/log/build/fidosui/scorpion/IADAANAA/sselog.lib(sselog.o)
                0x00006704                dumpHex
 .text          0x000067dc     0x1e14 /local/mnt/workspace/CRMBuilds/TZ.BF.4.0.3.c1-00005-M8996AAAAANAZT-1_20170110_230814/b/HK11/trustzone_images/core/securemsm/sse/qsee/SecureUI/build/fidosui/scorpion/IADAANAA/secure_ui.lib(SecureUI.o)
                0x000067dc                sec_ui_get_disp_properties
                0x00006920                sec_ui_start_disp_fullscreen
                0x00007380                session_is_unchanged
                0x00007490                sec_ui_stop_disp
                0x00007824                sec_ui_show_buf
                0x00007b3c                sec_ui_copy_to_buffer
                0x00007de0                sec_ui_hlos_release
                0x00007e5c                sec_ui_alloc_app_buffer
                0x00008190                sec_ui_free_app_buffer
 .text          0x000085f0     0x30a0 /local/mnt/workspace/CRMBuilds/TZ.BF.4.0.3.c1-00005-M8996AAAAANAZT-1_20170110_230814/b/HK11/trustzone_images/core/securemsm/sse/qsee/SecureUI/build/fidosui/scorpion/IADAANAA/secure_ui_tui.lib(qsee_tui_dialogs.o)
                0x000085f0                manage_layout_event
                0x00009500                qsee_tui_init
                0x00009504                qsee_tui_dialog
                0x0000b1e0                qsee_tui_get_secure_indicator_buffer
                0x0000b284                qsee_tui_release_secure_indicator
                0x0000b2d8                qsee_tui_tear_down
 .text          0x0000b690     0x2660 /local/mnt/workspace/CRMBuilds/TZ.BF.4.0.3.c1-00005-M8996AAAAANAZT-1_20170110_230814/b/HK11/trustzone_images/core/securemsm/sse/qsee/SecureUI/build/fidosui/scorpion/IADAANAA/secure_ui_tui.lib(layout_manager.o)
                0x0000b690                layout_mgr_delete_input_last_character
                0x0000b708                layout_mgr_load_layout
                0x0000b8cc                layout_mgr_eval_event
                0x0000c484                layout_mgr_render_layout
                0x0000c5b0                layout_mgr_render_bg_image
                0x0000c670                layout_mgr_set_label_text
                0x0000ca28                set_label_buffer
                0x0000ca78                layout_mgr_set_label_buffer
                0x0000cbd0                layout_mgr_set_input_display_mode
                0x0000cd04                layout_mgr_set_show_flag
                0x0000cdfc                layout_mgr_set_dirty_bit
                0x0000ceec                layout_mgr_set_button_disabled
                0x0000d06c                layout_mgr_set_focus_input
                0x0000d204                layout_mgr_set_image
                0x0000d348                layout_mgr_set_active_keyboard
                0x0000d504                layout_mgr_randomize_keyboard
                0x0000d8b4                layout_mgr_get_input_len
                0x0000da04                layout_mgr_set_input_len_to_max
                0x0000dafc                layout_mgr_clear_input_buffer
 .text          0x0000dcf0     0x2b1c /local/mnt/workspace/CRMBuilds/TZ.BF.4.0.3.c1-00005-M8996AAAAANAZT-1_20170110_230814/b/HK11/trustzone_images/core/securemsm/sse/qsee/SecureUI/build/fidosui/scorpion/IADAANAA/secure_ui_tui.lib(secure_display_renderer.o)
                0x0000dcf0                get_utf8_len
                0x0000ddec                render_bg_image
                0x0000e788                render_layout
 .text          0x0001080c     0x1c94 /local/mnt/workspace/CRMBuilds/TZ.BF.4.0.3.c1-00005-M8996AAAAANAZT-1_20170110_230814/b/HK11/trustzone_images/core/securemsm/sse/qsee/SecureUI/build/fidosui/scorpion/IADAANAA/secure_ui_tui.lib(font_manager.o)
                0x0001080c                font_mgr_prepare_gdfont
                0x00012038                font_mgr_cleanup
 .text          0x000124a0      0x1b4 /local/mnt/workspace/CRMBuilds/TZ.BF.4.0.3.c1-00005-M8996AAAAANAZT-1_20170110_230814/b/HK11/trustzone_images/core/securemsm/sse/qsee/SecureUILib/lib/build/fidosui/scorpion/IADAANAA/secure_ui_lib.lib(SecureUILib.o)
                0x000124a0                secUiProcessCmd
                0x00012578                secUiCmd
                0x00012610                secUiRegisterTouchCallback
                0x00012620                secUiTouchIsActive
                0x00012638                secUiSetPanelSize
 .text          0x00012654      0x138 /local/mnt/workspace/CRMBuilds/TZ.BF.4.0.3.c1-00005-M8996AAAAANAZT-1_20170110_230814/b/HK11/trustzone_images/core/securemsm/sse/qsee/SecureUILib/lib/build/fidosui/scorpion/IADAANAA/secure_ui_lib.lib(01_startTouch.o)
                0x00012654                processCmdStartTouch
 .text          0x0001278c      0x218 /local/mnt/workspace/CRMBuilds/TZ.BF.4.0.3.c1-00005-M8996AAAAANAZT-1_20170110_230814/b/HK11/trustzone_images/core/securemsm/sse/qsee/SecureUILib/lib/build/fidosui/scorpion/IADAANAA/secure_ui_lib.lib(02_processTouch.o)
                0x0001278c                processCmdProcessTouch
 .text          0x000129a4      0x12c /local/mnt/workspace/CRMBuilds/TZ.BF.4.0.3.c1-00005-M8996AAAAANAZT-1_20170110_230814/b/HK11/trustzone_images/core/securemsm/sse/qsee/SecureUILib/lib/build/fidosui/scorpion/IADAANAA/secure_ui_lib.lib(03_stopTouch.o)
                0x000129a4                secUiTouchStop
                0x00012a3c                processCmdStopTouch
 .text          0x00012ad0       0xc0 /local/mnt/workspace/CRMBuilds/TZ.BF.4.0.3.c1-00005-M8996AAAAANAZT-1_20170110_230814/b/HK11/trustzone_images/core/securemsm/sse/qsee/SecureUILib/lib/build/fidosui/scorpion/IADAANAA/secure_ui_lib.lib(04_prepareRequest.o)
                0x00012ad0                processCmdPrepareRequest
 .text          0x00012b90       0xf0 /local/mnt/workspace/CRMBuilds/TZ.BF.4.0.3.c1-00005-M8996AAAAANAZT-1_20170110_230814/b/HK11/trustzone_images/core/securemsm/sse/qsee/SecureUILib/lib/build/fidosui/scorpion/IADAANAA/secure_ui_lib.lib(05_storeIndicator.o)
                0x00012b90                processCmdStoreIndicator
 .text          0x00012c80      0x2c4 /local/mnt/workspace/CRMBuilds/TZ.BF.4.0.3.c1-00005-M8996AAAAANAZT-1_20170110_230814/b/HK11/trustzone_images/core/securemsm/trustzone/qsapps/libs/applib/proxy/build/fidosui/scorpion/IADAANAA/tzlib_proxy.lib(prxy_qsee_shim.o)
                0x00012c80                qsee_rsa_key_gen
                0x00012c90                qsee_secpkcs8_parse
                0x00012ca0                qsee_rsa_sign_hash
                0x00012cd4                qsee_rsa_verify_signature
                0x00012d08                qsee_rsa_encrypt
                0x00012d34                qsee_rsa_decrypt
                0x00012d60                qsee_BIGINT_read_unsigned_bin
                0x00012d70                qsee_util_init_s_bigint
                0x00012d80                qsee_util_free_s_bigint
                0x00012d84                qsee_BIGINT_read_radix
                0x00012d98                qsee_rsa_exptmod
                0x00012dbc                qsee_util_count_bytes
                0x00012dc0                qsee_SW_ECC_PubPrivate_Key_generate
                0x00012dd4                qsee_SW_ECDH_Shared_Key_Derive
                0x00012de8                qsee_SW_ECDSA_Sign
                0x00012dfc                qsee_SW_ECDSA_Verify
                0x00012e10                qsee_ECC_hash_to_bigval
                0x00012e14                qsee_toggle_random_bit
                0x00012e18                qsee_get_random_bytes
                0x00012e1c                qsee_in_curveP
                0x00012e2c                qsee_SW_GENERIC_ECC_init
                0x00012e64                qsee_SW_GENERIC_ECDSA_sign
                0x00012e84                qsee_SW_GENERIC_ECDSA_verify
                0x00012ea4                qsee_SW_GENERIC_ECDH_shared_key_derive
                0x00012eb8                qsee_SW_GENERIC_ECC_keypair_generate
                0x00012ecc                qsee_SW_GENERIC_ECC_binary_to_bigval
                0x00012eec                qsee_SW_GENERIC_ECC_bigval_to_binary
                0x00012f0c                qsee_SW_GENERIC_ECC_compare
                0x00012f20                qsee_SW_GENERIC_ECC_convert_input_to_bigval
                0x00012f34                qsee_SW_Cipher_DES_Init
                0x00012f38                qsee_SW_Cipher_DES_DeInit
                0x00012f3c                qsee_SW_CipherDESData
                0x00012f40                qsee_SW_Cipher_DES_SetParam
 .text          0x00012f44       0xb0 /local/mnt/workspace/CRMBuilds/TZ.BF.4.0.3.c1-00005-M8996AAAAANAZT-1_20170110_230814/b/HK11/trustzone_images/core/securemsm/trustzone/qsapps/libs/applib/proxy/build/fidosui/scorpion/IADAANAA/tzlib_proxy.lib(prxy_ufdes.o)
                0x00012f44                SW_Cipher_DES_Init
                0x00012f68                SW_Cipher_DES_DeInit
                0x00012f8c                SW_CipherDESData
                0x00012fc0                SW_Cipher_DES_SetParam
 .text          0x00012ff4       0x50 /local/mnt/workspace/CRMBuilds/TZ.BF.4.0.3.c1-00005-M8996AAAAANAZT-1_20170110_230814/b/HK11/trustzone_images/core/securemsm/trustzone/qsapps/libs/applib/proxy/build/fidosui/scorpion/IADAANAA/tzlib_proxy.lib(prxy_secmath.o)
                0x00012ff4                secmath_BIGINT_read_unsigned_bin
                0x0001301c                secmath_BIGINT_read_radix
 .text          0x00013044      0x1c8 /local/mnt/workspace/CRMBuilds/TZ.BF.4.0.3.c1-00005-M8996AAAAANAZT-1_20170110_230814/b/HK11/trustzone_images/core/securemsm/trustzone/qsapps/libs/applib/proxy/build/fidosui/scorpion/IADAANAA/tzlib_proxy.lib(prxy_secrsa.o)
                0x00013044                secpkcs8_parse
                0x0001306c                ce_rsa_key_gen
                0x000130a0                ce_rsa_encrypt
                0x000130d4                ce_rsa_decrypt
                0x00013108                ce_rsa_sign_hash
                0x0001313c                ce_rsa_verify_signature
                0x00013170                ce_util_init_s_bigint
                0x00013194                ce_util_free_s_bigint
                0x000131b4                ce_util_count_bytes
                0x000131d8                ce_rsa_exptmod
 .text          0x0001320c      0x2ec /local/mnt/workspace/CRMBuilds/TZ.BF.4.0.3.c1-00005-M8996AAAAANAZT-1_20170110_230814/b/HK11/trustzone_images/core/securemsm/trustzone/qsapps/libs/applib/proxy/build/fidosui/scorpion/IADAANAA/tzlib_proxy.lib(prxy_ecc.o)
                0x0001320c                SW_ECC_PubPrivate_Key_generate
                0x00013230                SW_ECDH_Shared_Key_Derive
                0x00013258                SW_ECDSA_Sign
                0x00013280                SW_ECDSA_Verify
                0x000132a8                ECC_hash_to_bigval
                0x000132d0                toggle_random_bit
                0x000132f4                in_curveP
                0x00013318                get_random_bytes
                0x0001333c                SW_GENERIC_ECC_init
                0x00013370                SW_GENERIC_ECDSA_sign
                0x000133a4                SW_GENERIC_ECDSA_verify
                0x000133d8                SW_GENERIC_ECDH_shared_key_derive
                0x0001340c                SW_GENERIC_ECC_keypair_generate
                0x00013434                SW_GENERIC_ECC_binary_to_bigval
                0x00013468                SW_GENERIC_ECC_bigval_to_binary
                0x0001349c                SW_GENERIC_ECC_compare
                0x000134c4                SW_GENERIC_ECC_convert_input_to_bigval
 .text          0x000134f8       0xb8 /local/mnt/workspace/CRMBuilds/TZ.BF.4.0.3.c1-00005-M8996AAAAANAZT-1_20170110_230814/b/HK11/trustzone_images/core/securemsm/trustzone/qsapps/libs/applib/qsee/build/fidosui/scorpion/IADAANAA/tzapp_entrylib.lib(qsee_secdisp.o)
                0x000134f8                qsee_sd_get_session
                0x00013554                qsee_sd_set_stop_allowed
 .text          0x000135b0      0x1ec /local/mnt/workspace/CRMBuilds/TZ.BF.4.0.3.c1-00005-M8996AAAAANAZT-1_20170110_230814/b/HK11/trustzone_images/core/securemsm/trustzone/qsapps/libs/applib/qsee/build/fidosui/scorpion/IADAANAA/tzapp_entrylib.lib(qsee_nsmem.o)
                0x000135b0                qsee_is_s_tag_area
                0x00013648                qsee_is_ns_range
                0x000136b4                qsee_vm_mem_count
                0x0001372c                qsee_tag_mem
 .text          0x0001379c       0x64 /local/mnt/workspace/CRMBuilds/TZ.BF.4.0.3.c1-00005-M8996AAAAANAZT-1_20170110_230814/b/HK11/trustzone_images/core/securemsm/trustzone/qsapps/libs/applib/qsee/build/fidosui/scorpion/IADAANAA/tzapp_entrylib.lib(qsee_timer_shim.o)
                0x0001379c                qsee_get_uptime
                0x000137c0                qsee_wdog_stop
                0x000137e0                qsee_wdog_pet
 .text          0x00013800      0x54c /local/mnt/workspace/CRMBuilds/TZ.BF.4.0.3.c1-00005-M8996AAAAANAZT-1_20170110_230814/b/HK11/trustzone_images/core/securemsm/trustzone/qsapps/libs/applib/qsee/build/fidosui/scorpion/IADAANAA/tzapp_entrylib.lib(qsee_hash.o)
                0x00013800                qsee_hash_init
                0x00013860                qsee_hash_free_ctx
                0x0001388c                qsee_hash_update
                0x00013900                qsee_hash_final
                0x00013974                qsee_hash_set_param
                0x00013a84                qsee_hash
                0x00013af8                qsee_hashcipher_encrypt
                0x00013bfc                qsee_hashcipher_decrypt
                0x00013d00                qsee_hash_reset
 .text          0x00013d4c      0x104 /local/mnt/workspace/CRMBuilds/TZ.BF.4.0.3.c1-00005-M8996AAAAANAZT-1_20170110_230814/b/HK11/trustzone_images/core/securemsm/trustzone/qsapps/libs/applib/qsee/build/fidosui/scorpion/IADAANAA/tzapp_entrylib.lib(qsee_shared_buffer.o)
                0x00013d4c                qsee_register_shared_buffer
                0x00013dd8                qsee_deregister_shared_buffer
 .text          0x00013e50      0x198 /local/mnt/workspace/CRMBuilds/TZ.BF.4.0.3.c1-00005-M8996AAAAANAZT-1_20170110_230814/b/HK11/trustzone_images/core/securemsm/trustzone/qsapps/libs/applib/qsee/build/fidosui/scorpion/IADAANAA/tzapp_entrylib.lib(qsee_appmessage.o)
                0x00013e50                qsee_encapsulate_inter_app_message
                0x00013f30                qsee_decapsulate_inter_app_message
 .text          0x00013fe8      0x7bc /local/mnt/workspace/CRMBuilds/TZ.BF.4.0.3.c1-00005-M8996AAAAANAZT-1_20170110_230814/b/HK11/trustzone_images/core/securemsm/trustzone/qsapps/libs/applib/qsee/build/fidosui/scorpion/IADAANAA/tzapp_entrylib.lib(sfs_api.o)
                0x00013fe8                qsee_sfs_open
                0x000141c0                qsee_sfs_close
                0x000141c4                qsee_sfs_read
                0x0001425c                qsee_sfs_write
                0x000142cc                qsee_sfs_seek
                0x000143c0                qsee_sfs_getSize
                0x00014468                qsee_sfs_mkdir
                0x0001446c                qsee_sfs_rmdir
                0x00014470                qsee_sfs_rm
                0x000144fc                qsee_sfs_error
                0x00014508                qsee_sfs_get_file_list
                0x00014728                qsee_sfs_clean_file_list
                0x00014764                qsee_sfs_is_anti_rollback_enabled
 .text          0x000147a4       0x1a /afs/localcell/cm/gv2.6/sysname/pkg.@sys/qct/software/llvm/release/arm/3.5.2.4/tools/lib32/lib/libc.a(snprintf.o)
                0x000147a4                snprintf
 *fill*         0x000147be        0x2 
 .text          0x000147c0       0x24 /afs/localcell/cm/gv2.6/sysname/pkg.@sys/qct/software/llvm/release/arm/3.5.2.4/tools/lib32/lib/libc.a(strcmp.o)
                0x000147c0                strcmp
 .text          0x000147e4       0xd0 /afs/localcell/cm/gv2.6/sysname/pkg.@sys/qct/software/llvm/release/arm/3.5.2.4/tools/lib32/lib/libc.a(strlcpy.o)
                0x000147e4                strlcpy
 .text          0x000148b4       0x46 /afs/localcell/cm/gv2.6/sysname/pkg.@sys/qct/software/llvm/release/arm/3.5.2.4/tools/lib32/lib/libc.a(strncmp.o)
                0x000148b4                strncmp
 *fill*         0x000148fa        0x2 
 .text          0x000148fc       0xa0 /afs/localcell/cm/gv2.6/sysname/pkg.@sys/qct/software/llvm/release/arm/3.5.2.4/lib/clang/3.5.2/lib/linux/libclang_rt.builtins-arm.a(aeabi_dcmp.S.o)
                0x000148fc                __aeabi_dcmpeq
                0x0001491c                __aeabi_dcmplt
                0x0001493c                __aeabi_dcmple
                0x0001495c                __aeabi_dcmpge
                0x0001497c                __aeabi_dcmpgt
 .text          0x0001499c      0x4be /afs/localcell/cm/gv2.6/sysname/pkg.@sys/qct/software/llvm/release/arm/3.5.2.4/lib/clang/3.5.2/lib/linux/libclang_rt.builtins-arm.a(comparedf2.c.o)
                0x0001499c                __ledf2
                0x00014a5c                __gedf2
                0x00014b1c                __aeabi_dcmpun
                0x00014b1c                __unorddf2
                0x00014b5c                __eqdf2
                0x00014c1c                __ltdf2
                0x00014cdc                __nedf2
                0x00014d9c                __gtdf2
 *fill*         0x00014e5a        0x2 
 .text          0x00014e5c       0x28 /afs/localcell/cm/gv2.6/sysname/pkg.@sys/qct/software/llvm/release/arm/3.5.2.4/lib/clang/3.5.2/lib/linux/libclang_rt.builtins-arm.a(fixunsdfsi.c.o)
                0x00014e5c                __fixunsdfsi
                0x00014e5c                __aeabi_d2uiz
 .text          0x00014e84       0x4c /afs/localcell/cm/gv2.6/sysname/pkg.@sys/qct/software/llvm/release/arm/3.5.2.4/lib/clang/3.5.2/lib/linux/libclang_rt.builtins-arm.a(floatunsidf.c.o)
                0x00014e84                __aeabi_ui2d
                0x00014e84                __floatunsidf
 .text          0x00014ed0    0x70a80 /local/mnt/workspace/CRMBuilds/TZ.BF.4.0.3.c1-00005-M8996AAAAANAZT-1_20170110_230814/b/HK11/trustzone_images/apps/securemsm/trustzone/qsapps/fidosui/layouts/build/fidosui/scorpion/IADAANAA/secure_ui_layout.lib(layout_8996_fluid.o)
                0x00085604                gdFontGetgdfontqualcomm_regular100propExt
                0x00085614                gdFontGetgdfontqualcomm_regular42propExt
                0x00085624                gdFontGetgdfontqualcomm_regular48propExt
                0x00085634                reset_vars
                0x00085880                create_layout
                0x000858e0                get_layout_by_name
 .text          0x00085950     0x16d4 /local/mnt/workspace/CRMBuilds/TZ.BF.4.0.3.c1-00005-M8996AAAAANAZT-1_20170110_230814/b/HK11/trustzone_images/core/securemsm/sse/SecureTouch/layout/build/fidosui/scorpion/IADAANAA/sklayout.lib(layoutUtils.o)
                0x00085950                setVisible
                0x00085968                showKeyboard
                0x00085a0c                updateKeyboard
                0x00085a44                unclickObject
                0x00085aa0                findObject
                0x00085d60                verifyLayout
                0x00086900                updatePage
 .text          0x00087024     0x4226 /local/mnt/workspace/CRMBuilds/TZ.BF.4.0.3.c1-00005-M8996AAAAANAZT-1_20170110_230814/b/HK11/trustzone_images/core/securemsm/sse/qsee/SecureDisplay/libgd/build/fidosui/scorpion/IADAANAA/libgd.lib(gd.o)
                0x00087024                gd_stderr_error
                0x000870e4                gd_error
                0x0008712c                gd_error_ex
                0x0008717c                gdSetErrorMethod
                0x00087188                gdClearErrorMethod
                0x000871a0                gdImageCreate
                0x000871a4                gdImageCreateExt
                0x000872a4                gdImageCreateTrueColor
                0x000872a8                gdImageCreateTrueColorExt
                0x00087398                gdImageDestroyEx
                0x000873e0                gdImageColorClosest
                0x000873f8                gdImageColorClosestAlpha
                0x00087498                gdImageColorExact
                0x000874b0                gdImageColorExactAlpha
                0x00087528                gdImageColorAllocate
                0x00087540                gdImageColorAllocateAlpha
                0x000875bc                gdImageColorResolve
                0x000875d4                gdImageColorResolveAlpha
                0x000876b8                gdImageColorDeallocate
                0x000876d4                gdImageColorTransparent
                0x0008772c                gdImagePaletteCopy
                0x0008789c                gdImageColorReplace
                0x000879d8                gdImageSetPixel
                0x00087c9c                gdImageColorReplaceThreshold
                0x00087fa4                gdAlphaBlend
                0x00088038                gdImageSetLine
                0x00088068                gdImageGetPixel
                0x000880c8                gdImageGetTrueColorPixel
                0x0008810c                gdImageAABlend
                0x00088110                gdImageLine
                0x00088adc                gdImageDashedLine
                0x00088f10                gdImageBoundsSafe
                0x00088f48                gdFontFindIndex
                0x00088f7c                gdImageCharExt
                0x00089028                getUnicode
                0x000890d0                gdImageStringExt
                0x00089128                gdImageCharVarWidth
                0x000891ec                gdImageStringVarWidth
                0x00089248                gdGetMaxLenForWidth
                0x000892a8                gdIsValidUTF8String
                0x0008932c                lsqrt
                0x00089340                gdImageArc
                0x00089378                gdImageFilledArc
                0x00089660                gdImageFilledPolygon
                0x00089950                gdImageEllipse
                0x00089a3c                gdImageFilledEllipse
                0x00089b44                gdImageGradientFilledEllipse
                0x0008a088                gdImageFillToBorder
                0x0008a20c                gdImageRectangle
                0x0008a3f8                gdImageFilledRectangle
                0x0008a5a0                gdImageQuickFilledRectangle
                0x0008a644                gdImageFilledRoundedRectangle
                0x0008a7b4                gdImageGradientFilledRectangle
                0x0008aa70                gdImageCopyResized
                0x0008ad4c                gdImagePolygon
                0x0008ad94                gdImageOpenPolygon
                0x0008add8                gdImageSetThickness
                0x0008ade0                gdImageSetBrush
                0x0008ae7c                gdImageSetTile
                0x0008af18                gdImageSetAntiAliased
                0x0008af34                gdImageSetAntiAliasedDontBlend
                0x0008af50                gdImageInterlace
                0x0008af58                gdImageCompare
                0x0008b0d4                gdImageAlphaBlending
                0x0008b0dc                gdImageSaveAlpha
                0x0008b0e4                gdImageSetClip
                0x0008b13c                gdImageGetClip
                0x0008b164                gdImageSetResolution
 *fill*         0x0008b24a        0x2 
 .text          0x0008b24c       0xca /local/mnt/workspace/CRMBuilds/TZ.BF.4.0.3.c1-00005-M8996AAAAANAZT-1_20170110_230814/b/HK11/trustzone_images/core/securemsm/sse/qsee/SecureDisplay/libgd/build/fidosui/scorpion/IADAANAA/libgd.lib(gd_color.o)
                0x0008b24c                gdColorMatch
 *fill*         0x0008b316        0x2 
 .text          0x0008b318       0x38 /local/mnt/workspace/CRMBuilds/TZ.BF.4.0.3.c1-00005-M8996AAAAANAZT-1_20170110_230814/b/HK11/trustzone_images/core/securemsm/sse/qsee/SecureDisplay/libgd/build/fidosui/scorpion/IADAANAA/libgd.lib(gd_security.o)
                0x0008b318                overflow2
 .text          0x0008b350      0x4e6 /local/mnt/workspace/CRMBuilds/TZ.BF.4.0.3.c1-00005-M8996AAAAANAZT-1_20170110_230814/b/HK11/trustzone_images/core/securemsm/sse/qsee/SecureDisplay/libpng/build/fidosui/scorpion/IADAANAA/libpng.lib(png.o)
                0x0008b350                png_set_sig_bytes
                0x0008b368                png_sig_cmp
                0x0008b3dc                png_zalloc
                0x0008b3f4                png_zfree
                0x0008b3f8                png_reset_crc
                0x0008b410                png_calculate_crc
                0x0008b464                png_user_version_check
                0x0008b4d0                png_get_header_ver
                0x0008b4dc                png_create_png_struct
                0x0008b584                png_create_info_struct
                0x0008b5a4                png_destroy_info_struct
                0x0008b5e4                png_free_data
                0x0008b638                png_data_freer
                0x0008b668                png_get_io_ptr
                0x0008b674                png_get_copyright
                0x0008b680                png_get_libpng_ver
                0x0008b68c                png_get_header_version
                0x0008b698                png_reset_zstream
                0x0008b6a8                png_access_version_number
                0x0008b6b0                png_zstream_error
                0x0008b748                png_check_IHDR
 *fill*         0x0008b836        0x2 
 .text          0x0008b838       0x8c /local/mnt/workspace/CRMBuilds/TZ.BF.4.0.3.c1-00005-M8996AAAAANAZT-1_20170110_230814/b/HK11/trustzone_images/core/securemsm/sse/qsee/SecureDisplay/libpng/build/fidosui/scorpion/IADAANAA/libpng.lib(pngerror.o)
                0x0008b838                png_err
                0x0008b854                png_safecat
                0x0008b88c                png_chunk_report
                0x0008b8a4                png_longjmp
                0x0008b8ac                png_set_error_fn
                0x0008b8b8                png_get_error_ptr
 .text          0x0008b8c4      0x116 /local/mnt/workspace/CRMBuilds/TZ.BF.4.0.3.c1-00005-M8996AAAAANAZT-1_20170110_230814/b/HK11/trustzone_images/core/securemsm/sse/qsee/SecureDisplay/libpng/build/fidosui/scorpion/IADAANAA/libpng.lib(pngget.o)
                0x0008b8c4                png_get_valid
                0x0008b8d8                png_get_rowbytes
                0x0008b8e8                png_get_channels
                0x0008b8f8                png_get_signature
                0x0008b914                png_get_IHDR
                0x0008b9a0                png_get_PLTE
                0x0008b9cc                png_get_compression_buffer_size
 *fill*         0x0008b9da        0x2 
 .text          0x0008b9dc      0x11a /local/mnt/workspace/CRMBuilds/TZ.BF.4.0.3.c1-00005-M8996AAAAANAZT-1_20170110_230814/b/HK11/trustzone_images/core/securemsm/sse/qsee/SecureDisplay/libpng/build/fidosui/scorpion/IADAANAA/libpng.lib(pngmem.o)
                0x0008b9dc                png_destroy_png_struct
                0x0008ba2c                png_free
                0x0008ba44                png_calloc
                0x0008ba60                png_malloc
                0x0008ba7c                png_malloc_base
                0x0008ba98                png_malloc_default
                0x0008bab4                png_malloc_warn
                0x0008bacc                png_free_default
                0x0008badc                png_set_mem_fn
                0x0008bae8                png_get_mem_ptr
 *fill*         0x0008baf6        0x2 
 .text          0x0008baf8      0x4c6 /local/mnt/workspace/CRMBuilds/TZ.BF.4.0.3.c1-00005-M8996AAAAANAZT-1_20170110_230814/b/HK11/trustzone_images/core/securemsm/sse/qsee/SecureDisplay/libpng/build/fidosui/scorpion/IADAANAA/libpng.lib(pngread.o)
                0x0008baf8                malloc_fn
                0x0008bb00                free_fn
                0x0008bb08                png_create_read_struct
                0x0008bb44                png_create_read_struct_2
                0x0008bb88                png_read_info
                0x0008bc5c                png_read_update_info
                0x0008bc78                png_start_read_image
                0x0008bc94                png_read_row
                0x0008bdc8                png_read_rows
                0x0008be50                png_read_image
                0x0008be8c                png_read_end
                0x0008bf38                png_destroy_read_struct
                0x0008bfb4                png_set_read_status_fn
 *fill*         0x0008bfbe        0x2 
 .text          0x0008bfc0       0x1e /local/mnt/workspace/CRMBuilds/TZ.BF.4.0.3.c1-00005-M8996AAAAANAZT-1_20170110_230814/b/HK11/trustzone_images/core/securemsm/sse/qsee/SecureDisplay/libpng/build/fidosui/scorpion/IADAANAA/libpng.lib(pngrio.o)
                0x0008bfc0                png_read_data
                0x0008bfd4                png_set_read_fn
 *fill*         0x0008bfde        0x2 
 .text          0x0008bfe0      0xc68 /local/mnt/workspace/CRMBuilds/TZ.BF.4.0.3.c1-00005-M8996AAAAANAZT-1_20170110_230814/b/HK11/trustzone_images/core/securemsm/sse/qsee/SecureDisplay/libpng/build/fidosui/scorpion/IADAANAA/libpng.lib(pngrutil.o)
                0x0008bfe0                png_get_uint_31
                0x0008c00c                png_read_sig
                0x0008c06c                png_read_chunk_header
                0x0008c0f4                png_check_chunk_name
                0x0008c128                png_crc_read
                0x0008c154                png_crc_finish
                0x0008c1e4                png_crc_error
                0x0008c258                png_handle_IHDR
                0x0008c368                png_handle_PLTE
                0x0008c4a8                png_handle_IEND
                0x0008c4d4                png_handle_unknown
                0x0008c4f4                png_combine_row
                0x0008c59c                png_read_filter_row
                0x0008c620                png_read_IDAT_data
                0x0008c790                png_read_finish_IDAT
                0x0008c7e8                png_read_finish_row
                0x0008c8cc                png_read_start_row
 .text          0x0008cc48      0x17c /local/mnt/workspace/CRMBuilds/TZ.BF.4.0.3.c1-00005-M8996AAAAANAZT-1_20170110_230814/b/HK11/trustzone_images/core/securemsm/sse/qsee/SecureDisplay/libpng/build/fidosui/scorpion/IADAANAA/libpng.lib(pngset.o)
                0x0008cc48                png_set_IHDR
                0x0008ccec                png_set_PLTE
                0x0008cd98                png_set_compression_buffer_size
                0x0008cdb4                png_set_invalid
 .text          0x0008cdc4      0x3c6 /local/mnt/workspace/CRMBuilds/TZ.BF.4.0.3.c1-00005-M8996AAAAANAZT-1_20170110_230814/b/HK11/trustzone_images/core/securemsm/sse/qsee/SecureDisplay/zlib/build/fidosui/scorpion/IADAANAA/zlib.lib(crc32.o)
                0x0008cdc4                get_crc_table
                0x0008cdd0                crc32
                0x0008d058                crc32_combine
                0x0008d12c                crc32_combine64
 *fill*         0x0008d18a        0x2 
 .text          0x0008d18c     0x1c9c /local/mnt/workspace/CRMBuilds/TZ.BF.4.0.3.c1-00005-M8996AAAAANAZT-1_20170110_230814/b/HK11/trustzone_images/core/securemsm/sse/qsee/SecureDisplay/zlib/build/fidosui/scorpion/IADAANAA/zlib.lib(inflate.o)
                0x0008d18c                inflateResetKeep
                0x0008d1e8                inflateReset
                0x0008d204                inflateReset2
                0x0008d26c                inflateInit2_
                0x0008d300                inflateInit_
                0x0008d30c                inflatePrime
                0x0008d368                inflate
                0x0008ea08                inflateEnd
                0x0008ea38                inflateGetDictionary
                0x0008ea90                inflateSetDictionary
                0x0008eb0c                inflateGetHeader
                0x0008eb30                inflateSync
                0x0008ec9c                inflateSyncPoint
                0x0008ecc4                inflateCopy
                0x0008edd0                inflateUndermine
                0x0008edec                inflateMark
 .text          0x0008ee28      0x400 /local/mnt/workspace/CRMBuilds/TZ.BF.4.0.3.c1-00005-M8996AAAAANAZT-1_20170110_230814/b/HK11/trustzone_images/core/securemsm/sse/qsee/SecureDisplay/zlib/build/fidosui/scorpion/IADAANAA/zlib.lib(inftrees.o)
                0x0008ee28                inflate_table
 .text          0x0008f228       0x4a /local/mnt/workspace/CRMBuilds/TZ.BF.4.0.3.c1-00005-M8996AAAAANAZT-1_20170110_230814/b/HK11/trustzone_images/core/securemsm/sse/qsee/SecureDisplay/zlib/build/fidosui/scorpion/IADAANAA/zlib.lib(zutil.o)
                0x0008f228                zlibVersion
                0x0008f234                zlibCompileFlags
                0x0008f238                zError
                0x0008f24c                zcalloc
                0x0008f26c                zcfree
 *fill*         0x0008f272        0x2 
 .text          0x0008f274      0x368 /local/mnt/workspace/CRMBuilds/TZ.BF.4.0.3.c1-00005-M8996AAAAANAZT-1_20170110_230814/b/HK11/trustzone_images/core/securemsm/sse/qsee/SecureDisplay/zlib/build/fidosui/scorpion/IADAANAA/zlib.lib(adler32.o)
                0x0008f274                adler32
                0x0008f540                adler32_combine
                0x0008f5d8                adler32_combine64
 .text          0x0008f5dc      0x594 /local/mnt/workspace/CRMBuilds/TZ.BF.4.0.3.c1-00005-M8996AAAAANAZT-1_20170110_230814/b/HK11/trustzone_images/core/securemsm/sse/qsee/SecureDisplay/zlib/build/fidosui/scorpion/IADAANAA/zlib.lib(inffast.o)
                0x0008f5dc                inflate_fast
 .text          0x0008fb70      0x130 /local/mnt/workspace/CRMBuilds/TZ.BF.4.0.3.c1-00005-M8996AAAAANAZT-1_20170110_230814/b/HK11/trustzone_images/core/securemsm/sse/qsee/SecureTouch/drTs/lib/build/fidosui/scorpion/IADAANAA/touch_lib.lib(01_open.o)
                0x0008fb70                touchOpen
 .text          0x0008fca0       0xe8 /local/mnt/workspace/CRMBuilds/TZ.BF.4.0.3.c1-00005-M8996AAAAANAZT-1_20170110_230814/b/HK11/trustzone_images/core/securemsm/sse/qsee/SecureTouch/drTs/lib/build/fidosui/scorpion/IADAANAA/touch_lib.lib(02_close.o)
                0x0008fca0                touchClose
 .text          0x0008fd88      0x200 /local/mnt/workspace/CRMBuilds/TZ.BF.4.0.3.c1-00005-M8996AAAAANAZT-1_20170110_230814/b/HK11/trustzone_images/core/securemsm/sse/qsee/SecureTouch/drTs/lib/build/fidosui/scorpion/IADAANAA/touch_lib.lib(03_getData.o)
                0x0008fd88                touchGetData
                0x0008fea0                drNotifyEvent
 .text          0x0008ff88      0x5e4 /local/mnt/workspace/CRMBuilds/TZ.BF.4.0.3.c1-00005-M8996AAAAANAZT-1_20170110_230814/b/HK11/trustzone_images/core/securemsm/trustzone/qsapps/libs/applib/common_applib/build/fidosui/scorpion/IADAANAA/tzapp_entrylib.lib(gpPersistObjCommon.o)
                0x0008ff88                gpCommon_Copy_Attributes
                0x000900e4                gpCommon_Init_Handles
                0x000901c4                gpCommon_Init_App_Info
                0x00090220                gpCommon_Clean_Attributes
                0x00090268                gpCommon_Clean_Object_Handle
                0x000902a8                gpCommon_Get_Object_Info
                0x00090304                gpCommon_Close_Object
                0x000903b0                gpCommon_Get_File_Path
 .text          0x0009056c      0xef4 /local/mnt/workspace/CRMBuilds/TZ.BF.4.0.3.c1-00005-M8996AAAAANAZT-1_20170110_230814/b/HK11/trustzone_images/core/securemsm/trustzone/qsapps/libs/applib/common_applib/build/fidosui/scorpion/IADAANAA/tzapp_entrylib.lib(gpPersistentObjects.o)
                0x0009056c                TEE_OpenPersistentObject
                0x00090768                TEE_CreatePersistentObject
                0x000909d4                TEE_CloseAndDeletePersistentObject1
                0x00090acc                TEE_CloseAndDeletePersistentObject
                0x00090ad0                TEE_ReadObjectData
                0x00090be4                TEE_WriteObjectData
                0x00090d68                TEE_TruncateObjectData
                0x00090eb0                TEE_SeekObjectData
                0x00090f8c                TEE_RenamePersistentObject
                0x00091094                TEE_AllocatePersistentObjectEnumerator
                0x00091190                TEE_FreePersistentObjectEnumerator
                0x00091208                TEE_ResetPersistentObjectEnumerator
                0x00091288                TEE_StartPersistentObjectEnumerator
                0x0009137c                TEE_GetNextPersistentObject
 .text          0x00091460     0x26b4 /local/mnt/workspace/CRMBuilds/TZ.BF.4.0.3.c1-00005-M8996AAAAANAZT-1_20170110_230814/b/HK11/trustzone_images/core/securemsm/trustzone/qsapps/libs/applib/common_applib/build/fidosui/scorpion/IADAANAA/tzapp_entrylib.lib(gpPersistObjData.o)
                0x00091460                gpData_Create_Object
                0x00091c3c                gpData_Delete_Object
                0x00091d54                gpData_Open_Object
                0x00091eb0                gpData_Close_Object
                0x00091ee8                gpData_Write_Data
                0x000923c8                gpData_Read_Data
                0x000925d8                gpData_Trunc_Data
                0x00092850                gpData_Seek_Data
 .text          0x00093b14      0x6ec /local/mnt/workspace/CRMBuilds/TZ.BF.4.0.3.c1-00005-M8996AAAAANAZT-1_20170110_230814/b/HK11/trustzone_images/core/securemsm/trustzone/qsapps/libs/applib/common_applib/build/fidosui/scorpion/IADAANAA/tzapp_entrylib.lib(gpPersistObjHandler.o)
                0x00093b14                gpHandler_Create_Handle
                0x00093e1c                gpHandler_Delete_Handle
                0x00093eb4                gpHandler_Close_Handle
                0x00093fe8                gpHandler_Open_Handle
                0x00094080                gpHandler_Update_Handle
                0x000940e0                gpHandler_Rename_Handle
 .text          0x00094200     0x13cc /local/mnt/workspace/CRMBuilds/TZ.BF.4.0.3.c1-00005-M8996AAAAANAZT-1_20170110_230814/b/HK11/trustzone_images/core/securemsm/trustzone/qsapps/libs/applib/common_applib/build/fidosui/scorpion/IADAANAA/tzapp_entrylib.lib(gpPersistObjIndex.o)
                0x00094200                index_Get_Index_Info
                0x0009443c                gpIndex_Create_Entry
                0x0009461c                gpIndex_Delete_Entry
                0x0009474c                gpIndex_Get_Entry
                0x000949c0                gpIndex_Set_Entry
                0x00094afc                gpIndex_Rename_Entry
                0x00094d10                gpIndex_Get_Enum_Entry
                0x00094f38                gpIndex_Get_Index_Info
 .text          0x000955cc      0xe08 /local/mnt/workspace/CRMBuilds/TZ.BF.4.0.3.c1-00005-M8996AAAAANAZT-1_20170110_230814/b/HK11/trustzone_images/core/securemsm/trustzone/qsapps/libs/applib/common_applib/build/fidosui/scorpion/IADAANAA/tzapp_entrylib.lib(gpPersistObjVersion.o)
                0x000955cc                version_Is_Rpmb_Usage_Enabled
                0x00095680                gpVersion_Get_Version
                0x00095c7c                gpVersion_Set_Version
                0x00095e9c                gpVersion_Inc_Version
                0x00095ed8                gpVersion_Delete_Version
 .text          0x000963d4      0x990 /local/mnt/workspace/CRMBuilds/TZ.BF.4.0.3.c1-00005-M8996AAAAANAZT-1_20170110_230814/b/HK11/trustzone_images/core/securemsm/trustzone/qsapps/libs/applib/common_applib/build/fidosui/scorpion/IADAANAA/tzapp_entrylib.lib(gpPersistObjCrypto.o)
                0x000963d4                gpCrypto_Encrypt
                0x00096750                gpCrypto_Integrity_Protect
                0x00096924                gpCrypto_Decrypt
                0x00096b10                gpCrypto_Integrity_Verify
 .text          0x00096d64      0x39c /local/mnt/workspace/CRMBuilds/TZ.BF.4.0.3.c1-00005-M8996AAAAANAZT-1_20170110_230814/b/HK11/trustzone_images/core/securemsm/trustzone/qsapps/libs/applib/common_applib/build/fidosui/scorpion/IADAANAA/tzapp_entrylib.lib(gpPersistObjFileIO.o)
                0x00096d64                fileIO_Read_Data
                0x00096dc8                fileIO_Write_Data
                0x00096e34                fileIO_Remove_Data
                0x00096e90                fileIO_Rename_Data
                0x00096eec                gpFileIO_Read_File
                0x00096f78                gpFileIO_Write_File
                0x00097020                gpFileIO_Remove_File
                0x00097084                gpFileIO_Rename_File
 .text          0x00097100      0x774 /local/mnt/workspace/CRMBuilds/TZ.BF.4.0.3.c1-00005-M8996AAAAANAZT-1_20170110_230814/b/HK11/trustzone_images/core/securemsm/trustzone/qsapps/libs/applib/common_applib/build/fidosui/scorpion/IADAANAA/tzapp_entrylib.lib(gpFileService.o)
                0x00097100                gpFileRead
                0x0009737c                gpFileWrite
                0x000975fc                gpFileRemove
                0x0009772c                gpFileRename
 .text          0x00097874      0x204 /local/mnt/workspace/CRMBuilds/TZ.BF.4.0.3.c1-00005-M8996AAAAANAZT-1_20170110_230814/b/HK11/trustzone_images/core/securemsm/trustzone/qsapps/libs/applib/qsee/build/fidosui/scorpion/IADAANAA/tzapp_entrylib.lib(qsee_core_shim.o)
                0x00097874                qsee_exec_protect_memory
                0x00097898                qsee_is_sw_fuse_blown
                0x000978b8                qsee_blow_sw_fuse
                0x000978d8                qsee_ks_decrypt
                0x00097928                qsee_ks_get_key
                0x00097990                qsee_ks_delete_key
                0x000979b0                qsee_ce_pipe_key_select
                0x000979d4                qsee_ce_disable_sequence
                0x000979f4                qsee_ice_set_context_config
                0x00097a18                qsee_hdmi_status_read
                0x00097a38                qsee_get_tz_app_id
                0x00097a58                qsee_blsp_modify_ownership
 .text          0x00097a78      0x192 /local/mnt/workspace/CRMBuilds/TZ.BF.4.0.3.c1-00005-M8996AAAAANAZT-1_20170110_230814/b/HK11/trustzone_images/core/securemsm/trustzone/qsapps/libs/applib/qsee/build/fidosui/scorpion/IADAANAA/tzapp_entrylib.lib(stor.o)
                0x00097a78                check_rpmb_handle
                0x00097aa4                qsee_stor_device_init
                0x00097ac0                qsee_stor_open_partition
                0x00097ae8                qsee_stor_device_get_info
                0x00097b0c                qsee_stor_client_get_info
                0x00097b34                qsee_stor_add_partition
                0x00097b54                qsee_stor_read_sectors
                0x00097b8c                qsee_stor_write_sectors
                0x00097bc4                qsee_stor_read_wp_config
                0x00097bd4                qsee_stor_write_wp_config
                0x00097be4                qsee_stor_remove_client
 *fill*         0x00097c0a        0x2 
 .text          0x00097c0c     0x159c /local/mnt/workspace/CRMBuilds/TZ.BF.4.0.3.c1-00005-M8996AAAAANAZT-1_20170110_230814/b/HK11/trustzone_images/core/securemsm/trustzone/qsapps/libs/applib/qsee/build/fidosui/scorpion/IADAANAA/tzapp_entrylib.lib(stor_gpt.o)
                0x00097c0c                add_gpt_device_handle
                0x00097d58                add_gpt_client
                0x00097e5c                gpt_dev_init
                0x00098048                gpt_qsee_read_sectors
                0x000982b4                gpt_qsee_write_sectors
                0x00098518                gpt_add_partitions
                0x00098888                gpt_config_partitions
                0x000989f8                gpt_init
                0x00098c74                gpt_open_partition
                0x00098d5c                gpt_device_get_info
                0x00098e64                gpt_client_get_info
                0x00098f74                gpt_add_partition
                0x00098fd4                gpt_read_sectors
                0x000990b4                gpt_write_sectors
 .text          0x000991a8      0x1da /local/mnt/workspace/CRMBuilds/TZ.BF.4.0.3.c1-00005-M8996AAAAANAZT-1_20170110_230814/b/HK11/trustzone_images/core/securemsm/trustzone/qsapps/libs/applib/qsee/build/fidosui/scorpion/IADAANAA/tzapp_entrylib.lib(stor_rpmbw.o)
                0x000991a8                rpmbw_init
                0x000991d4                rpmbw_open_partition
                0x00099204                rpmbw_device_get_info
                0x00099234                rpmbw_client_get_info
                0x00099264                rpmbw_add_partition
                0x00099290                rpmbw_read_sectors
                0x000992c8                rpmbw_write_sectors
                0x00099300                rpmbw_read_wp_config
                0x0009932c                rpmbw_write_wp_config
                0x00099358                rpmbw_remove_client
 *fill*         0x00099382        0x2 
 .text          0x00099384       0x24 /local/mnt/workspace/CRMBuilds/TZ.BF.4.0.3.c1-00005-M8996AAAAANAZT-1_20170110_230814/b/HK11/trustzone_images/core/securemsm/trustzone/qsapps/libs/applib/qsee/build/fidosui/scorpion/IADAANAA/tzapp_entrylib.lib(qsee_cfg_prop_shim.o)
                0x00099384                qsee_cfg_getpropval
 .text          0x000993a8      0x48c /local/mnt/workspace/CRMBuilds/TZ.BF.4.0.3.c1-00005-M8996AAAAANAZT-1_20170110_230814/b/HK11/trustzone_images/core/securemsm/trustzone/qsapps/libs/applib/qsee/build/fidosui/scorpion/IADAANAA/tzapp_entrylib.lib(qsee_cipher.o)
                0x000993a8                qsee_cipher_init
                0x0009940c                qsee_cipher_free_ctx
                0x00099438                qsee_cipher_set_param
                0x00099578                qsee_cipher_get_param
                0x000996a8                qsee_cipher_encrypt
                0x00099748                qsee_cipher_decrypt
                0x000997e8                qsee_cipher_reset
 .text          0x00099834      0x274 /local/mnt/workspace/CRMBuilds/TZ.BF.4.0.3.c1-00005-M8996AAAAANAZT-1_20170110_230814/b/HK11/trustzone_images/core/securemsm/trustzone/qsapps/libs/applib/qsee/build/fidosui/scorpion/IADAANAA/tzapp_entrylib.lib(qsee_hmac.o)
                0x00099834                qsee_hmac_init
                0x000998a4                qsee_hmac_free_ctx
                0x000998d0                qsee_hmac_update
                0x00099944                qsee_hmac_final
                0x000999b8                qsee_hmac_set_param
                0x00099a40                qsee_hmac
 .text          0x00099aa8        0x8 /local/mnt/workspace/CRMBuilds/TZ.BF.4.0.3.c1-00005-M8996AAAAANAZT-1_20170110_230814/b/HK11/trustzone_images/core/securemsm/trustzone/qsapps/libs/applib/qsee/build/fidosui/scorpion/IADAANAA/tzapp_entrylib.lib(gpPersistObjPanic.o)
                0x00099aa8                TEE_Panic
                0x00099aac                GPMemoryMgmt_verifyHandle
 .text          0x00099ab0       0x10 /afs/localcell/cm/gv2.6/sysname/pkg.@sys/qct/software/llvm/release/arm/3.5.2.4/tools/lib32/lib/libc.a(abort.o)
                0x00099ab0                abort
 .text          0x00099ac0        0x6 /afs/localcell/cm/gv2.6/sysname/pkg.@sys/qct/software/llvm/release/arm/3.5.2.4/tools/lib32/lib/libc.a(fabs.o)
                0x00099ac0                fabs
 *fill*         0x00099ac6        0x2 
 .text          0x00099ac8      0x19e /afs/localcell/cm/gv2.6/sysname/pkg.@sys/qct/software/llvm/release/arm/3.5.2.4/tools/lib32/lib/libc.a(sqrt.o)
                0x00099ac8                sqrt
 *fill*         0x00099c66        0x2 
 .text          0x00099c68       0x3c /afs/localcell/cm/gv2.6/sysname/pkg.@sys/qct/software/llvm/release/arm/3.5.2.4/tools/lib32/lib/libc.a(raise.o)
                0x00099c68                raise
 .text          0x00099ca4       0xee /afs/localcell/cm/gv2.6/sysname/pkg.@sys/qct/software/llvm/release/arm/3.5.2.4/tools/lib32/lib/libc.a(fflush.o)
                0x00099ca4                fflush
                0x00099d48                fflush_unlocked
 *fill*         0x00099d92        0x2 
 .text          0x00099d94       0x22 /afs/localcell/cm/gv2.6/sysname/pkg.@sys/qct/software/llvm/release/arm/3.5.2.4/tools/lib32/lib/libc.a(memcmp.o)
                0x00099d94                memcmp
 *fill*         0x00099db6        0x2 
 .text          0x00099db8       0x2e /afs/localcell/cm/gv2.6/sysname/pkg.@sys/qct/software/llvm/release/arm/3.5.2.4/tools/lib32/lib/libc.a(strlcat.o)
                0x00099db8                strlcat
 *fill*         0x00099de6        0x2 
 .text          0x00099de8       0x18 /afs/localcell/cm/gv2.6/sysname/pkg.@sys/qct/software/llvm/release/arm/3.5.2.4/tools/lib32/lib/libc.a(strnlen.o)
                0x00099de8                strnlen
 .text          0x00099e00       0x1c /afs/localcell/cm/gv2.6/sysname/pkg.@sys/qct/software/llvm/release/arm/3.5.2.4/tools/lib32/lib/libc.a(syscall_ret.o)
                0x00099e00                __syscall_ret
 .text          0x00099e1c       0x58 /afs/localcell/cm/gv2.6/sysname/pkg.@sys/qct/software/llvm/release/arm/3.5.2.4/tools/lib32/lib/libc.a(block.o)
                0x00099e1c                __block_all_sigs
                0x00099e3c                __block_app_sigs
                0x00099e5c                __restore_sigs
 .text          0x00099e74       0x12 /afs/localcell/cm/gv2.6/sysname/pkg.@sys/qct/software/llvm/release/arm/3.5.2.4/tools/lib32/lib/libc.a(__stdio_close.o)
                0x00099e74                __stdio_close
 *fill*         0x00099e86        0x2 
 .text          0x00099e88       0x38 /afs/localcell/cm/gv2.6/sysname/pkg.@sys/qct/software/llvm/release/arm/3.5.2.4/tools/lib32/lib/libc.a(__stdio_seek.o)
                0x00099e88                __stdio_seek
 .text          0x00099ec0       0xe8 /afs/localcell/cm/gv2.6/sysname/pkg.@sys/qct/software/llvm/release/arm/3.5.2.4/tools/lib32/lib/libc.a(__stdio_write.o)
                0x00099ec0                __stdio_write
 .text          0x00099fa8       0x20 /afs/localcell/cm/gv2.6/sysname/pkg.@sys/qct/software/llvm/release/arm/3.5.2.4/tools/lib32/lib/libc.a(__syscall_cp.o)
                0x00099fa8                __syscall_cp_c
                0x00099fc4                __syscall_cp
 .text          0x00099fc8       0x26 /afs/localcell/cm/gv2.6/sysname/pkg.@sys/qct/software/llvm/release/arm/3.5.2.4/tools/lib32/lib/libc.a(pthread_cleanup_push.o)
                0x00099fc8                __do_cleanup_push
                0x00099fc8                __do_cleanup_pop
                0x00099fcc                _pthread_cleanup_push
                0x00099fd4                _pthread_cleanup_pop
 *fill*         0x00099fee        0x2 
 .text          0x00099ff0      0x190 /afs/localcell/cm/gv2.6/sysname/pkg.@sys/qct/software/llvm/release/arm/3.5.2.4/lib/clang/3.5.2/lib/linux/libclang_rt.builtins-arm.a(divsf3.c.o)
                0x00099ff0                __divsf3
                0x00099ff0                __aeabi_fdiv
 .text          0x0009a180       0x7c /afs/localcell/cm/gv2.6/sysname/pkg.@sys/qct/software/llvm/release/arm/3.5.2.4/lib/clang/3.5.2/lib/linux/libclang_rt.builtins-arm.a(extendsfdf2.c.o)
                0x0009a180                __extendsfdf2
                0x0009a180                __aeabi_f2d
 .text          0x0009a1fc       0x5e /afs/localcell/cm/gv2.6/sysname/pkg.@sys/qct/software/llvm/release/arm/3.5.2.4/lib/clang/3.5.2/lib/linux/libclang_rt.builtins-arm.a(fixdfsi.c.o)
                0x0009a1fc                __fixdfsi
                0x0009a1fc                __aeabi_d2iz
 *fill*         0x0009a25a        0x2 
 .text          0x0009a25c       0x5c /afs/localcell/cm/gv2.6/sysname/pkg.@sys/qct/software/llvm/release/arm/3.5.2.4/lib/clang/3.5.2/lib/linux/libclang_rt.builtins-arm.a(floatsidf.c.o)
                0x0009a25c                __floatsidf
                0x0009a25c                __aeabi_i2d
 .text          0x0009a2b8       0x7c /afs/localcell/cm/gv2.6/sysname/pkg.@sys/qct/software/llvm/release/arm/3.5.2.4/lib/clang/3.5.2/lib/linux/libclang_rt.builtins-arm.a(floatsisf.c.o)
                0x0009a2b8                __aeabi_i2f
                0x0009a2b8                __floatsisf
 .text          0x0009a334       0x38 /local/mnt/workspace/CRMBuilds/TZ.BF.4.0.3.c1-00005-M8996AAAAANAZT-1_20170110_230814/b/HK11/trustzone_images/core/kernel/libstd/build/fidosui/scorpion/IADAANAA/libstd.lib(timesafe_memcmp.o)
                0x0009a334                timesafe_memcmp
 .text          0x0009a36c      0xc54 /local/mnt/workspace/CRMBuilds/TZ.BF.4.0.3.c1-00005-M8996AAAAANAZT-1_20170110_230814/b/HK11/trustzone_images/core/securemsm/sse/SecureTouch/controller/build/fidosui/scorpion/IADAANAA/drts_controller_msm8996.lib(atmel_mxt_ts.o)
                0x0009a36c                dumpT9
                0x0009a434                dumpT100
                0x0009a494                dumpT15
                0x0009a5bc                dumpT42
                0x0009a5e8                processT9
                0x0009a678                processT100
                0x0009a760                atmel_drTsOpen
                0x0009ad7c                atmel_drTsClose
                0x0009ae04                atmel_drTsProcessEvents
 .text          0x0009afc0      0xb94 /local/mnt/workspace/CRMBuilds/TZ.BF.4.0.3.c1-00005-M8996AAAAANAZT-1_20170110_230814/b/HK11/trustzone_images/core/securemsm/sse/SecureTouch/controller/build/fidosui/scorpion/IADAANAA/drts_controller_msm8996.lib(synaptics_ts.o)
                0x0009afc0                synReadF12
                0x0009b254                synaptics_drTsOpen
                0x0009b950                synaptics_drTsClose
                0x0009b9d8                synaptics_drTsProcessEvents
 .text          0x0009bb54      0x15c /local/mnt/workspace/CRMBuilds/TZ.BF.4.0.3.c1-00005-M8996AAAAANAZT-1_20170110_230814/b/HK11/trustzone_images/core/securemsm/sse/qsee/SecureTouch/drTs/controller/build/fidosui/scorpion/IADAANAA/touch_controller_i2c_msm8996.lib(atmel_mxt_ts_i2c.o)
                0x0009bb54                atmel_i2cReadReg
                0x0009bbf8                atmel_i2cOpen
                0x0009bc54                atmel_i2cClose
 .text          0x0009bcb0      0x148 /local/mnt/workspace/CRMBuilds/TZ.BF.4.0.3.c1-00005-M8996AAAAANAZT-1_20170110_230814/b/HK11/trustzone_images/core/securemsm/sse/qsee/SecureTouch/drTs/controller/build/fidosui/scorpion/IADAANAA/touch_controller_i2c_msm8996.lib(synaptics_ts_i2c.o)
                0x0009bcb0                synaptics_i2cReadReg
                0x0009bd4c                synaptics_i2cWriteReg
                0x0009bd98                synaptics_i2cOpen
                0x0009bdc8                synaptics_i2cClose
 .text          0x0009bdf8      0x31c /local/mnt/workspace/CRMBuilds/TZ.BF.4.0.3.c1-00005-M8996AAAAANAZT-1_20170110_230814/b/HK11/trustzone_images/core/securemsm/trustzone/qsapps/libs/applib/qsee/build/fidosui/scorpion/IADAANAA/tzapp_entrylib.lib(qsee_i2c.o)
                0x0009bdf8                qsee_i2c_open
                0x0009be94                qsee_i2c_close
                0x0009bf20                qsee_i2c_read
                0x0009c064                qsee_i2c_write
 *(SORT(tzapp_syscall_asm))
 *fill*         0x0009c114       0xec 
 tzapp_syscall_asm
                0x0009c200       0x88 /local/mnt/workspace/CRMBuilds/TZ.BF.4.0.3.c1-00005-M8996AAAAANAZT-1_20170110_230814/b/HK11/trustzone_images/core/securemsm/trustzone/qsapps/libs/applib/qsee/build/fidosui/scorpion/IADAANAA/tzapp_entrylib.lib(tzapp_syscall.o)
                0x0009c200                app_export_init_info_to_qsee
                0x0009c238                qsee_wait_default_signal_syscall
                0x0009c264                qsee_generic_syscall
 tzapp_syscall_asm.__stub
                0x0009c288       0x10 linker stubs
 *(SORT(.rodata))
 *fill*         0x0009c298        0x8 
 .rodata        0x0009c2a0       0x14 /local/mnt/workspace/CRMBuilds/TZ.BF.4.0.3.c1-00005-M8996AAAAANAZT-1_20170110_230814/b/HK11/trustzone_images/core/securemsm/sse/qsee/SecureUI/build/fidosui/scorpion/IADAANAA/secure_ui.lib(SecureUI.o)
 *fill*         0x0009c2b4        0xc 
 .rodata        0x0009c2c0       0x58 /local/mnt/workspace/CRMBuilds/TZ.BF.4.0.3.c1-00005-M8996AAAAANAZT-1_20170110_230814/b/HK11/trustzone_images/core/securemsm/trustzone/qsapps/libs/applib/qsee/build/fidosui/scorpion/IADAANAA/tzapp_entrylib.lib(qsee_appmessage.o)
 *fill*         0x0009c318        0x8 
 .rodata        0x0009c320       0x30 /local/mnt/workspace/CRMBuilds/TZ.BF.4.0.3.c1-00005-M8996AAAAANAZT-1_20170110_230814/b/HK11/trustzone_images/core/securemsm/trustzone/qsapps/libs/applib/qsee/build/fidosui/scorpion/IADAANAA/tzapp_entrylib.lib(qsee_cipher.o)
 .rodata        0x0009c350       0x40 /afs/localcell/cm/gv2.6/sysname/pkg.@sys/qct/software/llvm/release/arm/3.5.2.4/tools/lib32/lib/libc.a(atan2.o)
 .rodata        0x0009c390      0x148 /afs/localcell/cm/gv2.6/sysname/pkg.@sys/qct/software/llvm/release/arm/3.5.2.4/tools/lib32/lib/libc.a(__rem_pio2_large.o)
 .rodata        0x0009c4d8       0x40 /afs/localcell/cm/gv2.6/sysname/pkg.@sys/qct/software/llvm/release/arm/3.5.2.4/tools/lib32/lib/libc.a(atan.o)
 .rodata        0x0009c518        0x4 /local/mnt/workspace/CRMBuilds/TZ.BF.4.0.3.c1-00005-M8996AAAAANAZT-1_20170110_230814/b/HK11/trustzone_images/apps/securemsm/trustzone/qsapps/fidosui/build/fidosui/scorpion/IADAANAA/metadata.o
                0x0009c518                TA_ACCEPT_BUF_SIZE
 .rodata        0x0009c51c        0x4 /local/mnt/workspace/CRMBuilds/TZ.BF.4.0.3.c1-00005-M8996AAAAANAZT-1_20170110_230814/b/HK11/trustzone_images/apps/securemsm/trustzone/qsapps/fidosui/app/build/fidosui/scorpion/IADAANAA/fidosui_app.lib(app_main.o)
                0x0009c51c                commandsLen
 .rodata        0x0009c520        0x4 /local/mnt/workspace/CRMBuilds/TZ.BF.4.0.3.c1-00005-M8996AAAAANAZT-1_20170110_230814/b/HK11/trustzone_images/apps/securemsm/trustzone/qsapps/fidosui/locale/build/fidosui/scorpion/IADAANAA/fidosui_locale.lib(locale.o)
                0x0009c520                layout_data_len
 .rodata        0x0009c524       0x18 /local/mnt/workspace/CRMBuilds/TZ.BF.4.0.3.c1-00005-M8996AAAAANAZT-1_20170110_230814/b/HK11/trustzone_images/core/securemsm/sse/qsee/SecureUI/build/fidosui/scorpion/IADAANAA/secure_ui_tui.lib(font_manager.o)
 .rodata        0x0009c53c        0xc /local/mnt/workspace/CRMBuilds/TZ.BF.4.0.3.c1-00005-M8996AAAAANAZT-1_20170110_230814/b/HK11/trustzone_images/core/securemsm/trustzone/qsapps/libs/applib/qsee/build/fidosui/scorpion/IADAANAA/tzapp_entrylib.lib(qsee_hash.o)
 .rodata        0x0009c548      0xb40 /local/mnt/workspace/CRMBuilds/TZ.BF.4.0.3.c1-00005-M8996AAAAANAZT-1_20170110_230814/b/HK11/trustzone_images/core/securemsm/sse/qsee/SecureDisplay/libgd/build/fidosui/scorpion/IADAANAA/libgd.lib(gdtables.o)
                0x0009c548                gdCosT
                0x0009cae8                gdSinT
 .rodata        0x0009d088     0x2000 /local/mnt/workspace/CRMBuilds/TZ.BF.4.0.3.c1-00005-M8996AAAAANAZT-1_20170110_230814/b/HK11/trustzone_images/core/securemsm/sse/qsee/SecureDisplay/zlib/build/fidosui/scorpion/IADAANAA/zlib.lib(crc32.o)
 .rodata        0x0009f088       0x10 /afs/localcell/cm/gv2.6/sysname/pkg.@sys/qct/software/llvm/release/arm/3.5.2.4/tools/lib32/lib/libc.a(block.o)
 .rodata        0x0009f098        0xc /local/mnt/workspace/CRMBuilds/TZ.BF.4.0.3.c1-00005-M8996AAAAANAZT-1_20170110_230814/b/HK11/trustzone_images/core/securemsm/trustzone/qsapps/libs/applib/qsee/build/fidosui/scorpion/IADAANAA/tzapp_entrylib.lib(qsee_i2c.o)
 .rodata        0x0009f0a4      0x8a6 /local/mnt/workspace/CRMBuilds/TZ.BF.4.0.3.c1-00005-M8996AAAAANAZT-1_20170110_230814/b/HK11/trustzone_images/core/securemsm/sse/qsee/SecureDisplay/zlib/build/fidosui/scorpion/IADAANAA/zlib.lib(inflate.o)
 .rodata        0x0009f94a      0x12c /local/mnt/workspace/CRMBuilds/TZ.BF.4.0.3.c1-00005-M8996AAAAANAZT-1_20170110_230814/b/HK11/trustzone_images/core/securemsm/sse/qsee/SecureDisplay/zlib/build/fidosui/scorpion/IADAANAA/zlib.lib(inftrees.o)
                0x0009f94a                inflate_copyright
 .rodata        0x0009fa76      0x1d0 /afs/localcell/cm/gv2.6/sysname/pkg.@sys/qct/software/llvm/release/arm/3.5.2.4/tools/lib32/lib/libc.a(vfprintf.o)
 .rodata        0x0009fc46      0x70c /afs/localcell/cm/gv2.6/sysname/pkg.@sys/qct/software/llvm/release/arm/3.5.2.4/tools/lib32/lib/libc.a(strerror.o)
 .rodata        0x000a0352       0x1c /local/mnt/workspace/CRMBuilds/TZ.BF.4.0.3.c1-00005-M8996AAAAANAZT-1_20170110_230814/b/HK11/trustzone_images/core/securemsm/sse/qsee/SecureDisplay/libpng/build/fidosui/scorpion/IADAANAA/libpng.lib(pngrutil.o)
 .rodata        0x000a036e      0x140 /local/mnt/workspace/CRMBuilds/TZ.BF.4.0.3.c1-00005-M8996AAAAANAZT-1_20170110_230814/b/HK11/trustzone_images/core/securemsm/sse/qsee/SecureDisplay/zlib/build/fidosui/scorpion/IADAANAA/zlib.lib(zutil.o)
                0x000a036e                z_errmsg
 *(SORT(EXCLUDE_FILE(*metadata.o) .rodata.*))
 *fill*         0x000a04ae        0x2 
 .rodata.cst16  0x000a04b0       0x10 /afs/localcell/cm/gv2.6/sysname/pkg.@sys/qct/software/llvm/release/arm/3.5.2.4/tools/lib32/lib/libc.a(__rem_pio2_large.o)
 .rodata.str1.1
                0x000a04c0       0x5f /local/mnt/workspace/CRMBuilds/TZ.BF.4.0.3.c1-00005-M8996AAAAANAZT-1_20170110_230814/b/HK11/trustzone_images/apps/securemsm/trustzone/qsapps/fidosui/ipc/build/fidosui/scorpion/IADAANAA/src/CFidoSuiToken.o
 .rodata.str1.1
                0x000a051f        0x9 /local/mnt/workspace/CRMBuilds/TZ.BF.4.0.3.c1-00005-M8996AAAAANAZT-1_20170110_230814/b/HK11/trustzone_images/core/securemsm/trustzone/qsapps/libs/applib/common_applib/build/fidosui/scorpion/IADAANAA/tzapp_entrylib.lib(common_applib.o)
 .rodata.str1.1
                0x000a0528       0x36 /afs/localcell/cm/gv2.6/sysname/pkg.@sys/qct/software/llvm/release/arm/3.5.2.4/tools/lib32/lib/libc.a(vfprintf.o)
 .rodata.cst16  0x000a055e       0x10 /afs/localcell/cm/gv2.6/sysname/pkg.@sys/qct/software/llvm/release/arm/3.5.2.4/tools/lib32/lib/libc.a(vfprintf.o)
 .rodata.str1.1
                0x000a056e       0x58 /afs/localcell/cm/gv2.6/sysname/pkg.@sys/qct/software/llvm/release/arm/3.5.2.4/tools/lib32/lib/libc.a(strerror.o)
 .rodata.str1.1
                0x000a05c6      0x288 /local/mnt/workspace/CRMBuilds/TZ.BF.4.0.3.c1-00005-M8996AAAAANAZT-1_20170110_230814/b/HK11/trustzone_images/apps/securemsm/trustzone/qsapps/fidosui/app/build/fidosui/scorpion/IADAANAA/fidosui_app.lib(app_main.o)
                                0x296 (size before relaxing)
 .rodata.str1.1
                0x000a084e       0x15 /local/mnt/workspace/CRMBuilds/TZ.BF.4.0.3.c1-00005-M8996AAAAANAZT-1_20170110_230814/b/HK11/trustzone_images/apps/securemsm/trustzone/qsapps/fidosui/app/build/fidosui/scorpion/IADAANAA/fidosui_app.lib(01_Initialize.o)
                                 0x31 (size before relaxing)
 .rodata.str1.1
                0x000a0863      0x2bb /local/mnt/workspace/CRMBuilds/TZ.BF.4.0.3.c1-00005-M8996AAAAANAZT-1_20170110_230814/b/HK11/trustzone_images/apps/securemsm/trustzone/qsapps/fidosui/app/build/fidosui/scorpion/IADAANAA/fidosui_app.lib(08_ShowMessageSui.o)
                                0x2d7 (size before relaxing)
 .rodata.str1.1
                0x000a0b1e       0xe2 /local/mnt/workspace/CRMBuilds/TZ.BF.4.0.3.c1-00005-M8996AAAAANAZT-1_20170110_230814/b/HK11/trustzone_images/apps/securemsm/trustzone/qsapps/fidosui/app/build/fidosui/scorpion/IADAANAA/fidosui_app.lib(fsSecureUI.o)
                                0x104 (size before relaxing)
 .rodata.str1.1
                0x000a0c00       0x30 /local/mnt/workspace/CRMBuilds/TZ.BF.4.0.3.c1-00005-M8996AAAAANAZT-1_20170110_230814/b/HK11/trustzone_images/apps/securemsm/trustzone/qsapps/fidosui/app/build/fidosui/scorpion/IADAANAA/fidosui_app.lib(fsLocale.o)
 .rodata.str1.1
                0x000a0c30       0x60 /local/mnt/workspace/CRMBuilds/TZ.BF.4.0.3.c1-00005-M8996AAAAANAZT-1_20170110_230814/b/HK11/trustzone_images/apps/securemsm/trustzone/qsapps/fidosui/locale/build/fidosui/scorpion/IADAANAA/fidosui_locale.lib(locale.o)
                                 0x65 (size before relaxing)
 .rodata.str1.1
                0x000a0c90       0x2c /local/mnt/workspace/CRMBuilds/TZ.BF.4.0.3.c1-00005-M8996AAAAANAZT-1_20170110_230814/b/HK11/trustzone_images/core/securemsm/sse/log/build/fidosui/scorpion/IADAANAA/sselog.lib(sselog.o)
 .rodata.str1.1
                0x000a0cbc      0x8cb /local/mnt/workspace/CRMBuilds/TZ.BF.4.0.3.c1-00005-M8996AAAAANAZT-1_20170110_230814/b/HK11/trustzone_images/core/securemsm/sse/qsee/SecureUI/build/fidosui/scorpion/IADAANAA/secure_ui.lib(SecureUI.o)
                                0x906 (size before relaxing)
 .rodata.str1.1
                0x000a1587     0x26e7 /local/mnt/workspace/CRMBuilds/TZ.BF.4.0.3.c1-00005-M8996AAAAANAZT-1_20170110_230814/b/HK11/trustzone_images/core/securemsm/sse/qsee/SecureUI/build/fidosui/scorpion/IADAANAA/secure_ui_tui.lib(qsee_tui_dialogs.o)
                               0x2719 (size before relaxing)
 .rodata.str1.1
                0x000a3c6e     0x174e /local/mnt/workspace/CRMBuilds/TZ.BF.4.0.3.c1-00005-M8996AAAAANAZT-1_20170110_230814/b/HK11/trustzone_images/core/securemsm/sse/qsee/SecureUI/build/fidosui/scorpion/IADAANAA/secure_ui_tui.lib(layout_manager.o)
                               0x179d (size before relaxing)
 .rodata.str1.1
                0x000a53bc     0x13cd /local/mnt/workspace/CRMBuilds/TZ.BF.4.0.3.c1-00005-M8996AAAAANAZT-1_20170110_230814/b/HK11/trustzone_images/core/securemsm/sse/qsee/SecureUI/build/fidosui/scorpion/IADAANAA/secure_ui_tui.lib(secure_display_renderer.o)
                               0x140a (size before relaxing)
 .rodata.str1.1
                0x000a6789      0xb2f /local/mnt/workspace/CRMBuilds/TZ.BF.4.0.3.c1-00005-M8996AAAAANAZT-1_20170110_230814/b/HK11/trustzone_images/core/securemsm/sse/qsee/SecureUI/build/fidosui/scorpion/IADAANAA/secure_ui_tui.lib(font_manager.o)
                                0xb67 (size before relaxing)
 .rodata.str1.1
                0x000a72b8       0x47 /local/mnt/workspace/CRMBuilds/TZ.BF.4.0.3.c1-00005-M8996AAAAANAZT-1_20170110_230814/b/HK11/trustzone_images/core/securemsm/sse/qsee/SecureUILib/lib/build/fidosui/scorpion/IADAANAA/secure_ui_lib.lib(SecureUILib.o)
                                 0x63 (size before relaxing)
 .rodata.str1.1
                0x000a72ff       0x84 /local/mnt/workspace/CRMBuilds/TZ.BF.4.0.3.c1-00005-M8996AAAAANAZT-1_20170110_230814/b/HK11/trustzone_images/core/securemsm/sse/qsee/SecureUILib/lib/build/fidosui/scorpion/IADAANAA/secure_ui_lib.lib(01_startTouch.o)
                                 0xa0 (size before relaxing)
 .rodata.str1.1
                0x000a7383       0xa4 /local/mnt/workspace/CRMBuilds/TZ.BF.4.0.3.c1-00005-M8996AAAAANAZT-1_20170110_230814/b/HK11/trustzone_images/core/securemsm/sse/qsee/SecureUILib/lib/build/fidosui/scorpion/IADAANAA/secure_ui_lib.lib(02_processTouch.o)
                                 0xd6 (size before relaxing)
 .rodata.str1.1
                0x000a7427       0x52 /local/mnt/workspace/CRMBuilds/TZ.BF.4.0.3.c1-00005-M8996AAAAANAZT-1_20170110_230814/b/HK11/trustzone_images/core/securemsm/sse/qsee/SecureUILib/lib/build/fidosui/scorpion/IADAANAA/secure_ui_lib.lib(03_stopTouch.o)
                                 0x99 (size before relaxing)
 .rodata.str1.1
                0x000a7479       0x4f /local/mnt/workspace/CRMBuilds/TZ.BF.4.0.3.c1-00005-M8996AAAAANAZT-1_20170110_230814/b/HK11/trustzone_images/core/securemsm/sse/qsee/SecureUILib/lib/build/fidosui/scorpion/IADAANAA/secure_ui_lib.lib(04_prepareRequest.o)
                                 0x6b (size before relaxing)
 .rodata.str1.1
                0x000a74c8       0x9c /local/mnt/workspace/CRMBuilds/TZ.BF.4.0.3.c1-00005-M8996AAAAANAZT-1_20170110_230814/b/HK11/trustzone_images/core/securemsm/sse/qsee/SecureUILib/lib/build/fidosui/scorpion/IADAANAA/secure_ui_lib.lib(05_storeIndicator.o)
                                 0xc8 (size before relaxing)
 .rodata.str1.1
                0x000a7564       0xe5 /local/mnt/workspace/CRMBuilds/TZ.BF.4.0.3.c1-00005-M8996AAAAANAZT-1_20170110_230814/b/HK11/trustzone_images/core/securemsm/trustzone/qsapps/libs/applib/qsee/build/fidosui/scorpion/IADAANAA/tzapp_entrylib.lib(qsee_shared_buffer.o)
 .rodata.str1.1
                0x000a7649       0xc0 /local/mnt/workspace/CRMBuilds/TZ.BF.4.0.3.c1-00005-M8996AAAAANAZT-1_20170110_230814/b/HK11/trustzone_images/core/securemsm/trustzone/qsapps/libs/applib/qsee/build/fidosui/scorpion/IADAANAA/tzapp_entrylib.lib(sfs_api.o)
 .rodata.str1.1
                0x000a7709      0x4bc /local/mnt/workspace/CRMBuilds/TZ.BF.4.0.3.c1-00005-M8996AAAAANAZT-1_20170110_230814/b/HK11/trustzone_images/apps/securemsm/trustzone/qsapps/fidosui/layouts/build/fidosui/scorpion/IADAANAA/secure_ui_layout.lib(layout_8996_fluid.o)
                                0x5f1 (size before relaxing)
 .rodata.str1.1
                0x000a7bc5      0x8eb /local/mnt/workspace/CRMBuilds/TZ.BF.4.0.3.c1-00005-M8996AAAAANAZT-1_20170110_230814/b/HK11/trustzone_images/core/securemsm/sse/SecureTouch/layout/build/fidosui/scorpion/IADAANAA/sklayout.lib(layoutUtils.o)
                                0x917 (size before relaxing)
 .rodata.str1.1
                0x000a84b0       0x39 /local/mnt/workspace/CRMBuilds/TZ.BF.4.0.3.c1-00005-M8996AAAAANAZT-1_20170110_230814/b/HK11/trustzone_images/core/securemsm/sse/qsee/SecureDisplay/libgd/build/fidosui/scorpion/IADAANAA/libgd.lib(gd.o)
 .rodata.str1.1
                0x000a84e9       0xc7 /local/mnt/workspace/CRMBuilds/TZ.BF.4.0.3.c1-00005-M8996AAAAANAZT-1_20170110_230814/b/HK11/trustzone_images/core/securemsm/sse/qsee/SecureDisplay/libgd/build/fidosui/scorpion/IADAANAA/libgd.lib(gd_security.o)
 .rodata.str1.1
                0x000a85b0      0x1b3 /local/mnt/workspace/CRMBuilds/TZ.BF.4.0.3.c1-00005-M8996AAAAANAZT-1_20170110_230814/b/HK11/trustzone_images/core/securemsm/sse/qsee/SecureDisplay/libpng/build/fidosui/scorpion/IADAANAA/libpng.lib(png.o)
                                0x1ba (size before relaxing)
 .rodata.str1.1
                0x00000000        0x1 /local/mnt/workspace/CRMBuilds/TZ.BF.4.0.3.c1-00005-M8996AAAAANAZT-1_20170110_230814/b/HK11/trustzone_images/core/securemsm/sse/qsee/SecureDisplay/libpng/build/fidosui/scorpion/IADAANAA/libpng.lib(pngerror.o)
 .rodata.str1.1
                0x000a8763       0x15 /local/mnt/workspace/CRMBuilds/TZ.BF.4.0.3.c1-00005-M8996AAAAANAZT-1_20170110_230814/b/HK11/trustzone_images/core/securemsm/sse/qsee/SecureDisplay/libpng/build/fidosui/scorpion/IADAANAA/libpng.lib(pngrutil.o)
 .rodata.str1.1
                0x000a8778      0x1cd /local/mnt/workspace/CRMBuilds/TZ.BF.4.0.3.c1-00005-M8996AAAAANAZT-1_20170110_230814/b/HK11/trustzone_images/core/securemsm/sse/qsee/SecureDisplay/zlib/build/fidosui/scorpion/IADAANAA/zlib.lib(inflate.o)
 .rodata.str1.1
                0x00000000        0x6 /local/mnt/workspace/CRMBuilds/TZ.BF.4.0.3.c1-00005-M8996AAAAANAZT-1_20170110_230814/b/HK11/trustzone_images/core/securemsm/sse/qsee/SecureDisplay/zlib/build/fidosui/scorpion/IADAANAA/zlib.lib(zutil.o)
 .rodata.str1.1
                0x00000000       0x50 /local/mnt/workspace/CRMBuilds/TZ.BF.4.0.3.c1-00005-M8996AAAAANAZT-1_20170110_230814/b/HK11/trustzone_images/core/securemsm/sse/qsee/SecureDisplay/zlib/build/fidosui/scorpion/IADAANAA/zlib.lib(inffast.o)
 .rodata.str1.1
                0x000a8945       0x98 /local/mnt/workspace/CRMBuilds/TZ.BF.4.0.3.c1-00005-M8996AAAAANAZT-1_20170110_230814/b/HK11/trustzone_images/core/securemsm/sse/qsee/SecureTouch/drTs/lib/build/fidosui/scorpion/IADAANAA/touch_lib.lib(01_open.o)
                                 0xb4 (size before relaxing)
 .rodata.str1.1
                0x000a89dd       0xbc /local/mnt/workspace/CRMBuilds/TZ.BF.4.0.3.c1-00005-M8996AAAAANAZT-1_20170110_230814/b/HK11/trustzone_images/core/securemsm/sse/qsee/SecureTouch/drTs/lib/build/fidosui/scorpion/IADAANAA/touch_lib.lib(02_close.o)
                                 0xd8 (size before relaxing)
 .rodata.str1.1
                0x000a8a99      0x116 /local/mnt/workspace/CRMBuilds/TZ.BF.4.0.3.c1-00005-M8996AAAAANAZT-1_20170110_230814/b/HK11/trustzone_images/core/securemsm/sse/qsee/SecureTouch/drTs/lib/build/fidosui/scorpion/IADAANAA/touch_lib.lib(03_getData.o)
                                0x13c (size before relaxing)
 .rodata.str1.1
                0x000a8baf       0xb1 /local/mnt/workspace/CRMBuilds/TZ.BF.4.0.3.c1-00005-M8996AAAAANAZT-1_20170110_230814/b/HK11/trustzone_images/core/securemsm/trustzone/qsapps/libs/applib/common_applib/build/fidosui/scorpion/IADAANAA/tzapp_entrylib.lib(gpPersistObjCommon.o)
                                 0xcb (size before relaxing)
 .rodata.str1.1
                0x000a8c60      0x172 /local/mnt/workspace/CRMBuilds/TZ.BF.4.0.3.c1-00005-M8996AAAAANAZT-1_20170110_230814/b/HK11/trustzone_images/core/securemsm/trustzone/qsapps/libs/applib/common_applib/build/fidosui/scorpion/IADAANAA/tzapp_entrylib.lib(gpPersistentObjects.o)