Archive member included because of file (symbol)

/local/mnt/workspace/CRMBuilds/TZ.BF.4.0.3.c1-00005-M8996AAAAANAZT-1_20170110_230814/b/HK11/trustzone_images/core/securemsm/trustzone/qsapps/libs/applib/common_applib/build/gpsample/scorpion/IADAANAA/gpapp_lib.lib(common_applib.o)
                              /local/mnt/workspace/CRMBuilds/TZ.BF.4.0.3.c1-00005-M8996AAAAANAZT-1_20170110_230814/b/HK11/trustzone_images/apps/securemsm/trustzone/qsapps/gpsample/build/gpsample/scorpion/IADAANAA/gpsample.o (__stack_chk_fail)
/local/mnt/workspace/CRMBuilds/TZ.BF.4.0.3.c1-00005-M8996AAAAANAZT-1_20170110_230814/b/HK11/trustzone_images/core/securemsm/trustzone/qsapps/libs/applib/gp/build/gpsample/scorpion/IADAANAA/gpapp_lib.lib(gpArithmetic.o)
                              /local/mnt/workspace/CRMBuilds/TZ.BF.4.0.3.c1-00005-M8996AAAAANAZT-1_20170110_230814/b/HK11/trustzone_images/apps/securemsm/trustzone/qsapps/gpsample/build/gpsample/scorpion/IADAANAA/gpsample.o (TEE_BigIntCmp)
/local/mnt/workspace/CRMBuilds/TZ.BF.4.0.3.c1-00005-M8996AAAAANAZT-1_20170110_230814/b/HK11/trustzone_images/core/securemsm/trustzone/qsapps/libs/applib/gp/build/gpsample/scorpion/IADAANAA/gpapp_lib.lib(gpCrypto.o)
                              /local/mnt/workspace/CRMBuilds/TZ.BF.4.0.3.c1-00005-M8996AAAAANAZT-1_20170110_230814/b/HK11/trustzone_images/apps/securemsm/trustzone/qsapps/gpsample/build/gpsample/scorpion/IADAANAA/gpsample.o (TEE_AllocateOperation)
/local/mnt/workspace/CRMBuilds/TZ.BF.4.0.3.c1-00005-M8996AAAAANAZT-1_20170110_230814/b/HK11/trustzone_images/core/securemsm/trustzone/qsapps/libs/applib/gp/build/gpsample/scorpion/IADAANAA/gpapp_lib.lib(gpGenericObjects.o)
                              /local/mnt/workspace/CRMBuilds/TZ.BF.4.0.3.c1-00005-M8996AAAAANAZT-1_20170110_230814/b/HK11/trustzone_images/core/securemsm/trustzone/qsapps/libs/applib/gp/build/gpsample/scorpion/IADAANAA/gpapp_lib.lib(gpCrypto.o) (TEE_GetObjectBufferAttribute)
/local/mnt/workspace/CRMBuilds/TZ.BF.4.0.3.c1-00005-M8996AAAAANAZT-1_20170110_230814/b/HK11/trustzone_images/core/securemsm/trustzone/qsapps/libs/applib/gp/build/gpsample/scorpion/IADAANAA/gpapp_lib.lib(gpMemoryMgmt.o)
                              /local/mnt/workspace/CRMBuilds/TZ.BF.4.0.3.c1-00005-M8996AAAAANAZT-1_20170110_230814/b/HK11/trustzone_images/core/securemsm/trustzone/qsapps/libs/applib/gp/build/gpsample/scorpion/IADAANAA/gpapp_lib.lib(gpCrypto.o) (GPMemoryMgmt_verifyHandle)
/local/mnt/workspace/CRMBuilds/TZ.BF.4.0.3.c1-00005-M8996AAAAANAZT-1_20170110_230814/b/HK11/trustzone_images/core/securemsm/trustzone/qsapps/libs/applib/gp/build/gpsample/scorpion/IADAANAA/gpapp_lib.lib(gpPanics.o)
                              /local/mnt/workspace/CRMBuilds/TZ.BF.4.0.3.c1-00005-M8996AAAAANAZT-1_20170110_230814/b/HK11/trustzone_images/core/securemsm/trustzone/qsapps/libs/applib/gp/build/gpsample/scorpion/IADAANAA/gpapp_lib.lib(gpArithmetic.o) (TEE_Panic)
/local/mnt/workspace/CRMBuilds/TZ.BF.4.0.3.c1-00005-M8996AAAAANAZT-1_20170110_230814/b/HK11/trustzone_images/core/securemsm/trustzone/qsapps/libs/applib/gp/build/gpsample/scorpion/IADAANAA/gpapp_lib.lib(gpSessionMgmt.o)
                              /local/mnt/workspace/CRMBuilds/TZ.BF.4.0.3.c1-00005-M8996AAAAANAZT-1_20170110_230814/b/HK11/trustzone_images/core/securemsm/trustzone/qsapps/libs/applib/gp/build/gpsample/scorpion/IADAANAA/gpapp_lib.lib(gpMemoryMgmt.o) (GPSessionMgmt_getCurrentSessionParamTypes)
/local/mnt/workspace/CRMBuilds/TZ.BF.4.0.3.c1-00005-M8996AAAAANAZT-1_20170110_230814/b/HK11/trustzone_images/core/securemsm/trustzone/qsapps/libs/applib/gp/build/gpsample/scorpion/IADAANAA/gpapp_lib.lib(gpTransientObjects.o)
                              /local/mnt/workspace/CRMBuilds/TZ.BF.4.0.3.c1-00005-M8996AAAAANAZT-1_20170110_230814/b/HK11/trustzone_images/core/securemsm/trustzone/qsapps/libs/applib/gp/build/gpsample/scorpion/IADAANAA/gpapp_lib.lib(gpCrypto.o) (TEE_FreeTransientObject)
/local/mnt/workspace/CRMBuilds/TZ.BF.4.0.3.c1-00005-M8996AAAAANAZT-1_20170110_230814/b/HK11/trustzone_images/core/securemsm/trustzone/qsapps/libs/applib/gp/build/gpsample/scorpion/IADAANAA/gpapp_lib.lib(gpAppLibMain.o)
                              /local/mnt/workspace/CRMBuilds/TZ.BF.4.0.3.c1-00005-M8996AAAAANAZT-1_20170110_230814/b/HK11/trustzone_images/core/securemsm/trustzone/qsapps/libs/applib/common_applib/build/gpsample/scorpion/IADAANAA/gpapp_lib.lib(common_applib.o) (CApp_invoke)
/local/mnt/workspace/CRMBuilds/TZ.BF.4.0.3.c1-00005-M8996AAAAANAZT-1_20170110_230814/b/HK11/trustzone_images/core/securemsm/trustzone/qsapps/libs/applib/gp/build/gpsample/scorpion/IADAANAA/gpapp_lib.lib(gpPropertyAccess.o)
                              /local/mnt/workspace/CRMBuilds/TZ.BF.4.0.3.c1-00005-M8996AAAAANAZT-1_20170110_230814/b/HK11/trustzone_images/core/securemsm/trustzone/qsapps/libs/applib/gp/build/gpsample/scorpion/IADAANAA/gpapp_lib.lib(gpAppLibMain.o) (GPProperty_init)
[...]
Memory Configuration

Name             Origin             Length             Attributes
*default*        0x00000000         0xffffffff

Linker script and memory map


.text           0x00000000    0x2eb1b
                0x00000000                Image$$GP_APP_CODE$$Base = .
 *\tzapp_entry.o(SORT(TZAPPENTRYCODE))
 TZAPPENTRYCODE
                0x00000000       0x4c /local/mnt/workspace/CRMBuilds/TZ.BF.4.0.3.c1-00005-M8996AAAAANAZT-1_20170110_230814/b/HK11/trustzone_images/core/securemsm/trustzone/qsapps/libs/applib/qsee/build/gpsample/scorpion/IADAANAA/src/tzapp_entry.o
                0x00000000                __main
                0x00000000                TZAPPENTRY
                0x00000000                _main
                0x0000003c                get_cmnlib_ctx_ptr
 *(SORT(.text) SORT(.text.*) SORT(kthread_shared))
 .text          0x0000004c      0x228 /local/mnt/workspace/CRMBuilds/TZ.BF.4.0.3.c1-00005-M8996AAAAANAZT-1_20170110_230814/b/HK11/trustzone_images/apps/securemsm/trustzone/qsapps/gpsample/build/gpsample/scorpion/IADAANAA/gpsample.o
                0x0000004c                TA_CreateEntryPoint
                0x00000064                TA_DestroyEntryPoint
                0x00000078                TA_OpenSessionEntryPoint
                0x00000090                TA_CloseSessionEntryPoint
                0x000000a4                test_gp_crypto
                0x00000220                test_gp_arithmetic_apis
                0x00000250                TA_InvokeCommandEntryPoint
 .text          0x00000274      0x770 /local/mnt/workspace/CRMBuilds/TZ.BF.4.0.3.c1-00005-M8996AAAAANAZT-1_20170110_230814/b/HK11/trustzone_images/core/securemsm/trustzone/qsapps/libs/applib/common_applib/build/gpsample/scorpion/IADAANAA/gpapp_lib.lib(common_applib.o)
                0x00000274                qsee_err_fatal
                0x00000294                platform_err_fatal
                0x00000298                platform_get_random
                0x0000029c                __stack_chk_fail
                0x000002a0                _sys_command_string
                0x000002ac                get_app_req_resp
                0x000002b8                qsee_read_register
                0x000002d8                qsee_request_service
                0x00000358                qsee_prepare_shared_buf_for_nosecure_read
                0x00000378                qsee_prepare_shared_buf_for_secure_read
                0x00000398                qsee_set_global_flag
                0x000003b8                qsee_get_global_flag
                0x000003d8                qsee_oem_process_cmd
                0x000003fc                qsee_enforce_hdmi_hdcp_encryption
                0x0000041c                qsee_write_hdcp2p2_key_riv_enable
                0x00000440                qsee_read_hdcp2p2_min_encryption_level
                0x00000460                qsee_write_hdcp2p2_min_encryption_level
                0x00000480                qsee_get_hdcp_min_enc_level
                0x000004a0                qsee_set_hdcp_min_enc_level
                0x000004c0                qsee_write_hdcp1_key
                0x000004e0                qsee_set_hdcp_cpi_assert
                0x00000500                qsee_get_secure_state
                0x00000520                qsee_malloc
                0x00000528                qsee_realloc
                0x0000055c                qsee_realloc_common
                0x000005d8                qsee_free
                0x00000608                qsee_cmnlib_malloc
                0x0000063c                qsee_cmnlib_free
                0x0000066c                tzlib_app_entry
                0x000007a4                get_ta_app_name
                0x000007b4                get_app_md
 .text.tz_module_open
                0x000009e4        0xc /local/mnt/workspace/CRMBuilds/TZ.BF.4.0.3.c1-00005-M8996AAAAANAZT-1_20170110_230814/b/HK11/trustzone_images/core/securemsm/trustzone/qsapps/libs/applib/common_applib/build/gpsample/scorpion/IADAANAA/gpapp_lib.lib(common_applib.o)
                0x000009e4                tz_module_open
 .text          0x000009f0     0x1d4c /local/mnt/workspace/CRMBuilds/TZ.BF.4.0.3.c1-00005-M8996AAAAANAZT-1_20170110_230814/b/HK11/trustzone_images/core/securemsm/trustzone/qsapps/libs/applib/gp/build/gpsample/scorpion/IADAANAA/gpapp_lib.lib(gpArithmetic.o)
                0x000009f0                TEE_BigIntFMMContextSizeInU32
                0x00000a00                TEE_BigIntFMMSizeInU32
                0x00000a0c                TEE_BigIntInit
                0x00000a5c                TEE_BigIntInitFMMContext
                0x00000b58                TEE_BigIntInitFMM
                0x00000b5c                TEE_BigIntConvertFromOctetString
                0x00000c40                TEE_BigIntConvertToOctetString
                0x00000d7c                TEE_BigIntConvertFromS32
                0x00000db8                TEE_BigIntConvertToS32
                0x00000df8                TEE_BigIntCmp
                0x00000e98                to32
                0x00000eec                TEE_BigIntCmpS32
                0x00000f44                TEE_BigIntShiftRight
                0x00001034                TEE_BigIntGetBit
                0x000010cc                TEE_BigIntGetBitCount
                0x00001158                TEE_BigIntAdd
                0x0000127c                TEE_BigIntSub
                0x000013a0                TEE_BigIntNeg
                0x00001474                QTEE_BigIntSetnegative
                0x00001500                TEE_BigIntMul
                0x000016dc                TEE_BigIntSquare
                0x000016fc                TEE_BigIntDiv
                0x000018cc                TEE_BigIntMod
                0x00001908                TEE_BigIntAddMod
                0x00001960                TEE_BigIntSubMod
                0x000019b8                TEE_BigIntMulMod
                0x00001a10                TEE_BigIntSquareMod
                0x00001a60                TEE_BigIntInvMod
                0x00001ab8                TEE_BigIntRelativePrime
                0x00001b00                QTEE_BigIntBitLength
                0x00001b48                QTEE_NewBigInt
                0x00001b70                QTEE_BigIntGcd
                0x00001b8c                QTEE_FreeBigInt
                0x00001b98                TEE_BigIntComputeExtendedGcd
                0x00001da8                TEE_BigIntIsProbablePrime
                0x00001e34                TEE_BigIntConvertToFMM
                0x00001f48                TEE_BigIntConvertFromFMM
                0x00002050                TEE_BigIntComputeFMM
                0x000021a0                QTEE_BigIntOutput
                0x00002200                QTEE_NewRandomBigInt
                0x000022f4                QTEE_RandomBigInt
                0x000023f0                QTEE_CopyBigInt
                0x000024d8                QTEE_BigIntSetBit
                0x00002568                QTEE_BigIntAddS32
                0x0000261c                QTEE_GetError
                0x0000262c                QTEE_BigIntShiftLeft
                0x00002724                QTEE_BigIntConvertFromU64
 .text          0x0000273c     0x68d8 /local/mnt/workspace/CRMBuilds/TZ.BF.4.0.3.c1-00005-M8996AAAAANAZT-1_20170110_230814/b/HK11/trustzone_images/core/securemsm/trustzone/qsapps/libs/applib/gp/build/gpsample/scorpion/IADAANAA/gpapp_lib.lib(gpCrypto.o)
                0x0000273c                ce_util_count_bits
                0x000027a0                ce_util_div_2
                0x00002838                ce_util_rshd
                0x000028d4                ce_util_lshd
                0x00002984                ce_util_mul_2d
                0x00002a38                ce_util_div_2d
                0x00002adc                ce_util_read_unsigned_bin
                0x00002ae0                ce_util_cmp
                0x00002ba8                ce_util_unsigned_sub
                0x00002c84                ce_util_unsigned_add
                0x00002d64                ce_util_sub
                0x00002dcc                ce_util_mul_d
                0x00002e94                ce_util_add
                0x00002ef0                ce_util_div
                0x00003388                ce_util_init_s_bigint_t
                0x000033b0                ce_util_free_s_bigint_t
                0x000033bc                ce_util_mod
                0x00003448                ce_util_cmp_d
                0x0000347c                S_BIGINT_ISEVEN
                0x00003498                S_BIGINT_ISODD
                0x000034ac                ce_util_invmod_slow
                0x00003784                ce_util_mul
                0x00003950                read_unsigned_bin
                0x000039e0                TEE_AllocateOperation
                0x00004b40                TEE_FreeOperation
                0x00004c80                TEE_GetOperationInfo
                0x00004ce4                TEE_ResetOperation
                0x00004fc8                TEE_GenerateKey
                0x00005444                TEE_GenerateRandom
                0x0000546c                TEE_SetOperationKey
                0x00005b80                TEE_SetOperationKey2
                0x00005f40                TEE_DigestUpdate
                0x00006000                TEE_DigestDoFinal
                0x0000610c                TEE_MACInit
                0x00006514                TEE_MACUpdate
                0x00006b68                TEE_MACComputeFinal
                0x00007090                TEE_MACCompareFinal
                0x00007234                TEE_CipherXTS_DUsize
                0x00007290                TEE_CipherInit
                0x00007398                TEE_CipherUpdate
                0x0000753c                TEE_CipherDoFinal
                0x000075b0                TEE_AEInit
                0x0000774c                TEE_AEUpdateAAD
                0x000077d8                TEE_AEUpdate
                0x000078f8                TEE_AEEncryptFinal
                0x00007a00                TEE_AEDecryptFinal
                0x00007b18                TEE_AsymmetricEncrypt
                0x00007ce4                TEE_AsymmetricDecrypt
                0x00007ed0                TEE_AsymmetricSignDigest
                0x00008034                TEE_AsymmetricVerifyDigest
                0x00008180                TEE_CopyOperation
                0x0000824c                TEE_DeriveKey
                0x000083c0                TEE_DsaSignDigest
                0x00008aa8                TEE_DsaVerifyDigest
 .text          0x00009014      0x400 /local/mnt/workspace/CRMBuilds/TZ.BF.4.0.3.c1-00005-M8996AAAAANAZT-1_20170110_230814/b/HK11/trustzone_images/core/securemsm/trustzone/qsapps/libs/applib/gp/build/gpsample/scorpion/IADAANAA/gpapp_lib.lib(gpGenericObjects.o)
                0x00009014                TEE_GetObjectInfo1
                0x000090c0                TEE_GetObjectInfo
                0x000090c4                TEE_RestrictObjectUsage
                0x000090c8                TEE_RestrictObjectUsage1
                0x00009120                TEE_GetObjectBufferAttribute
                0x000092c4                TEE_GetObjectValueAttribute
                0x000093b0                TEE_CloseObject
 .text          0x00009414      0x370 /local/mnt/workspace/CRMBuilds/TZ.BF.4.0.3.c1-00005-M8996AAAAANAZT-1_20170110_230814/b/HK11/trustzone_images/core/securemsm/trustzone/qsapps/libs/applib/gp/build/gpsample/scorpion/IADAANAA/gpapp_lib.lib(gpMemoryMgmt.o)
                0x00009414                TEE_SetInstanceData
                0x00009424                TEE_GetInstanceData
                0x00009434                TEE_Malloc
                0x0000943c                TEE_Realloc
                0x00009474                GPMemoryMgmt_verifyHandle
                0x0000948c                TEE_Free
                0x00009498                TEE_MemMove
                0x000094a4                GPMemoryMgmt_secureMemCompare
                0x00009528                TEE_MemCompare
                0x0000952c                TEE_MemFill
                0x00009530                GPMemoryMgmt_verifyBufferWithinBounds
                0x000095c8                TEE_CheckMemoryAccessRights
 .text          0x00009784       0xc0 /local/mnt/workspace/CRMBuilds/TZ.BF.4.0.3.c1-00005-M8996AAAAANAZT-1_20170110_230814/b/HK11/trustzone_images/core/securemsm/trustzone/qsapps/libs/applib/gp/build/gpsample/scorpion/IADAANAA/gpapp_lib.lib(gpPanics.o)
                0x00009784                GPPanics_init
                0x000097ac                GPPanics_deinit
                0x000097b0                GPPanics_setPanicFlag
                0x000097cc                GPPanics_isTAPanicked
                0x000097e0                GPPanics_getPanicCode
                0x000097f0                TEE_Panic
 .text          0x00009844     0x186c /local/mnt/workspace/CRMBuilds/TZ.BF.4.0.3.c1-00005-M8996AAAAANAZT-1_20170110_230814/b/HK11/trustzone_images/core/securemsm/trustzone/qsapps/libs/applib/gp/build/gpsample/scorpion/IADAANAA/gpapp_lib.lib(gpSessionMgmt.o)
                0x00009844                GPSessionMgmt_getGPCommand
                0x00009854                GPSessionMgmt_getCancellationRequestTimeout
                0x00009864                GPSessionMgmt_reset_TA_TA_ParamOut
                0x0000987c                GPSessionMgmt_reset_TA_TA_ParamIn
                0x00009894                GPSessionMgmt_resetCurrentSessionCtxt
                0x000098f4                GPSessionMgmt_generateSessionID
                0x00009984                GPSessionMgmt_setCurrentSessionTAContext
                0x0000999c                GPSessionMgmt_isCurrentSessionCtxtValid
                0x000099b4                GPSessionMgmt_getCurrentSessionTAContext
                0x000099d0                GPSessionMgmt_openExistingSession
                0x000099f8                GPSessionMgmt_setCurrentSessionSubCtxt
                0x00009a4c                GPSessionMgmt_openNewSession
                0x00009afc                GPSessionMgmt_closeSession
                0x00009b40                GPSessionMgmt_getSessionList
                0x00009b70                GPSessionMgmt_getSessionInfo
                0x00009b88                GPSessionMgmt_getClientProperty
                0x00009ba8                GPSessionMgmt_getCurrentSessionID
                0x00009bc0                GPSessionMgmt_getCurrentSessionParams
                0x00009bd8                GPSessionMgmt_getCurrentSessionParamTypes
                0x00009bf0                GPSessionMgmt_isCancellationReqFlagSet
                0x00009c08                GPSessionMgmt_setCancellationReqFlag
                0x00009c1c                GPSessionMgmt_isCancellationMasked
                0x00009c34                GPSessionMgmt_unmaskCancellationFlag
                0x00009c48                GPSessionMgmt_maskCancellationFlag
                0x00009c5c                GPSessionMgmt_marshallParamsTA2GPApplibReturnToKernel
                0x00009dc4                GPSessionMgmt_reset_TA_TA_OutputBuffersLength
                0x00009df0                GPSessionMgmt_marshallParamsTA2GPApplibToTA2
                0x00009f18                GPSessionMgmt_marshallParamsTA1GPApplibReturnToTA1
                0x00009f1c                GPSessionMgmt_marshallParamsTA1GPApplibToKernel
                0x0000a088                GPSessionMgmt_totalTEEParamsSize
                0x0000a0f0                GPApp_ta_ta_closeSession
                0x0000a1b4                GPApp_ta_ta_invokeCommand
                0x0000a39c                GPApp_ta_ta_cmd_handler
                0x0000a528                CApp_openSession
                0x0000a83c                TEE_OpenTASession
                0x0000ab58                TEE_CloseTASession
                0x0000ac24                TEE_InvokeTACommand
                0x0000aefc                GPSessionMgmt_setGPResponse
                0x0000afac                GPSessionMgmt_init
                0x0000b040                GPSessionMgmt_deinit
 .text          0x0000b0b0     0x1918 /local/mnt/workspace/CRMBuilds/TZ.BF.4.0.3.c1-00005-M8996AAAAANAZT-1_20170110_230814/b/HK11/trustzone_images/core/securemsm/trustzone/qsapps/libs/applib/gp/build/gpsample/scorpion/IADAANAA/gpapp_lib.lib(gpTransientObjects.o)
                0x0000b0b0                secmath_bin_to_hex_str
                0x0000b138                TEE_AllocateTransientObject
                0x0000bbd8                TEE_FreeTransientObject
                0x0000bcf4                TEE_ResetTransientObject
                0x0000bd90                TEE_PopulateTransientObject
                0x0000c754                TEE_InitRefAttribute
                0x0000c7b0                TEE_InitValueAttribute
                0x0000c7c8                TEE_CopyObjectAttributes
                0x0000c7cc                TEE_CopyObjectAttributes1
 .text          0x0000c9c8      0x994 /local/mnt/workspace/CRMBuilds/TZ.BF.4.0.3.c1-00005-M8996AAAAANAZT-1_20170110_230814/b/HK11/trustzone_images/core/securemsm/trustzone/qsapps/libs/applib/gp/build/gpsample/scorpion/IADAANAA/gpapp_lib.lib(gpAppLibMain.o)
                0x0000c9c8                get_app_stack_base
                0x0000c9d4                get_app_stack_size
                0x0000c9ec                get_app_heap_base
                0x0000c9f8                get_app_heap_size
                0x0000ca10                CApp_handleRequest
                0x0000cbb0                GPAppLib_openSession
                0x0000cd08                GPAppLib_closeSession
                0x0000cde4                GPAppLib_invokeCommand
                0x0000cee8                CApp_invoke
                0x0000d118                GPAppLib_verifyLoginMethodHLOSClient
                0x0000d138                GPAppLib_appInit
                0x0000d16c                GPAppLib_appShutdown
                0x0000d2e4                secure_app_init
                0x0000d2e8                secure_app_shutdown
                0x0000d2f4                get_ta_uuid
                0x0000d30c                get_ta_identity
 .text          0x0000d35c      0xd18 /local/mnt/workspace/CRMBuilds/TZ.BF.4.0.3.c1-00005-M8996AAAAANAZT-1_20170110_230814/b/HK11/trustzone_images/core/securemsm/trustzone/qsapps/libs/applib/gp/build/gpsample/scorpion/IADAANAA/gpapp_lib.lib(gpPropertyAccess.o)
                0x0000d35c                GPProperty_init
                0x0000d378                GPProperty_getPropertyID
                0x0000d550                GPProperty_getPropertyName
                0x0000d720                GPProperty_isPropertySupported
                0x0000d760                GPProperty_getPropertyAsXXX
                0x0000ddb4                TEE_GetPropertyAsString
                0x0000ddd8                TEE_GetPropertyAsBool
                0x0000ddfc                TEE_GetPropertyAsU32
                0x0000de20                TEE_GetPropertyAsBinaryBlock
                0x0000de44                TEE_GetPropertyAsUUID
                0x0000de68                TEE_GetPropertyAsIdentity
                0x0000de8c                TEE_AllocatePropertyEnumerator
                0x0000debc                TEE_FreePropertyEnumerator
                0x0000dec8                TEE_StartPropertyEnumerator
                0x0000def8                TEE_ResetPropertyEnumerator
                0x0000df08                TEE_GetPropertyName
                0x0000dfec                TEE_GetNextProperty
 .text          0x0000e074      0x988 /local/mnt/workspace/CRMBuilds/TZ.BF.4.0.3.c1-00005-M8996AAAAANAZT-1_20170110_230814/b/HK11/trustzone_images/core/securemsm/trustzone/qsapps/libs/applib/gp/build/gpsample/scorpion/IADAANAA/gpapp_lib.lib(gpTime.o)
                0x0000e074                GPTime_logTime
                0x0000e0b4                GPTime_initTime
                0x0000e15c                GPTime_createPersistentTimeObject
                0x0000e1ec                GPTime_openPersistentTimeObject
                0x0000e288                GPTime_closePersistentTimeObject
                0x0000e2ac                TEE_GetTAPersistentTime
                0x0000e51c                TEE_GetSystemTime
                0x0000e520                TEE_SetTAPersistentTime
                0x0000e684                TEE_GetREETime
                0x0000e750                TEE_Wait
                0x0000e954                TEE_Wait2
 .text          0x0000e9fc      0x8fc /local/mnt/workspace/CRMBuilds/TZ.BF.4.0.3.c1-00005-M8996AAAAANAZT-1_20170110_230814/b/HK11/trustzone_images/core/securemsm/trustzone/qsapps/libs/applib/gp/build/gpsample/scorpion/IADAANAA/gpapp_lib.lib(gpUtils.o)
                0x0000e9fc                GPUtils_uuidToCharArray
                0x0000eac0                GPUtils_deinit
                0x0000eac4                GPUtils_init
                0x0000ebb4                GPUtils_registerSharedBuffer
                0x0000ebc8                GPUtils_deregisterSharedBuffer
                0x0000ebdc                GPUtils_prepareSharedBufForSecureRead
                0x0000ebf0                GPUtils_prepareSharedBufForNonSecureRead
                0x0000ec04                GPUtils_registerAndPrepareSharedBufferForNS
                0x0000ec6c                GPUtils_registerAndPrepareSharedBufferForTA
                0x0000ed40                GPUtils_get_gpd_tee_device_id
                0x0000ed90                GPUtils_get_gpd_tee_system_time_protection_level
                0x0000ed94                GPUtils_get_gpd_tee_ta_persistent_time_protection_level
                0x0000ed98                GPUtils_get_gpd_tee_arith_max_big_int_size
                0x0000eda0                GPUtils_get_gpd_ta_app_id
                0x0000edac                GPUtils_get_gpd_ta_single_instance
                0x0000edb0                GPUtils_get_gpd_ta_multi_session
                0x0000edb4                GPUtils_get_gpd_ta_instance_keep_alive
                0x0000edb8                GPUtils_boolToCharString
                0x0000ee18                GPUtils_identityToCharString
                0x0000eea8                GPUtils_uuidToCharString
                0x0000ef38                GPUtils_u32ToCharString
                0x0000ef78                GPUtils_getBase64Char
                0x0000ef90                GPUtils_byteStringToBase64Encode
                0x0000f16c                GPUtils_copyCharString
                0x0000f1a0                GPUtils_get_gpd_ta_version
                0x0000f1b0                GPUtils_get_gpd_ta_description
                0x0000f1c0                GPUtils_get_gpd_tee_api_version
                0x0000f1d0                GPUtils_get_gpd_tee_description
                0x0000f1e0                GPUtils_get_smc_ta_testbinaryblock
                0x0000f1f0                GPUtils_get_smc_ta_testbooltrue
                0x0000f200                GPUtils_get_smc_ta_testidentity
                0x0000f21c                GPUtils_get_smc_ta_teststring
                0x0000f22c                GPUtils_get_smc_ta_testu32
                0x0000f23c                GPUtils_get_smc_ta_testuuid
                0x0000f248                gp_print_uuid
 .text          0x0000f2f8       0x50 /local/mnt/workspace/CRMBuilds/TZ.BF.4.0.3.c1-00005-M8996AAAAANAZT-1_20170110_230814/b/HK11/trustzone_images/core/securemsm/trustzone/qsapps/libs/applib/proxy/build/gpsample/scorpion/IADAANAA/tzlib_proxy.lib(prxy_secmath.o)
                0x0000f2f8                secmath_BIGINT_read_unsigned_bin
                0x0000f320                secmath_BIGINT_read_radix
 .text          0x0000f348      0x580 /local/mnt/workspace/CRMBuilds/TZ.BF.4.0.3.c1-00005-M8996AAAAANAZT-1_20170110_230814/b/HK11/trustzone_images/core/securemsm/trustzone/qsapps/libs/applib/proxy/build/gpsample/scorpion/IADAANAA/tzlib_proxy.lib(prxy_services.o)
                0x0000f348                qsee_kdf
                0x0000f37c                qsee_log
                0x0000f408                qsee_log_set_mask
                0x0000f42c                qsee_log_get_mask
                0x0000f454                open
                0x0000f494                read
                0x0000f4c0                write
                0x0000f4ec                close
                0x0000f510                lstat
                0x0000f534                mkdir
                0x0000f558                frename
                0x0000f57c                opendir
                0x0000f5a0                readdir
                0x0000f5c4                rmdir
                0x0000f5e8                testdir
                0x0000f60c                file_get_partition_free_size
                0x0000f630                fstat
                0x0000f654                lseek
                0x0000f680                time_getsystime
                0x0000f6a4                time_getutcsec
                0x0000f6c8                time_is_leap_year
                0x0000f6ec                remove
                0x0000f710                unlink
                0x0000f734                link
                0x0000f758                telldir
                0x0000f77c                fsync
                0x0000f7a0                openat
                0x0000f7dc                unlinkat
                0x0000f808                fcntl
                0x0000f848                creat
                0x0000f86c                file_dir_chown_chmod
                0x0000f8a0                get_error_number
 .text          0x0000f8c8      0x2c4 /local/mnt/workspace/CRMBuilds/TZ.BF.4.0.3.c1-00005-M8996AAAAANAZT-1_20170110_230814/b/HK11/trustzone_images/core/securemsm/trustzone/qsapps/libs/applib/proxy/build/gpsample/scorpion/IADAANAA/tzlib_proxy.lib(prxy_qsee_shim.o)
                0x0000f8c8                qsee_rsa_key_gen
                0x0000f8d8                qsee_secpkcs8_parse
                0x0000f8e8                qsee_rsa_sign_hash
                0x0000f91c                qsee_rsa_verify_signature
                0x0000f950                qsee_rsa_encrypt
                0x0000f97c                qsee_rsa_decrypt
                0x0000f9a8                qsee_BIGINT_read_unsigned_bin
                0x0000f9b8                qsee_util_init_s_bigint
                0x0000f9c8                qsee_util_free_s_bigint
                0x0000f9cc                qsee_BIGINT_read_radix
                0x0000f9e0                qsee_rsa_exptmod
                0x0000fa04                qsee_util_count_bytes
                0x0000fa08                qsee_SW_ECC_PubPrivate_Key_generate
                0x0000fa1c                qsee_SW_ECDH_Shared_Key_Derive
                0x0000fa30                qsee_SW_ECDSA_Sign
                0x0000fa44                qsee_SW_ECDSA_Verify
                0x0000fa58                qsee_ECC_hash_to_bigval
                0x0000fa5c                qsee_toggle_random_bit
                0x0000fa60                qsee_get_random_bytes
                0x0000fa64                qsee_in_curveP
                0x0000fa74                qsee_SW_GENERIC_ECC_init
                0x0000faac                qsee_SW_GENERIC_ECDSA_sign
                0x0000facc                qsee_SW_GENERIC_ECDSA_verify
                0x0000faec                qsee_SW_GENERIC_ECDH_shared_key_derive
                0x0000fb00                qsee_SW_GENERIC_ECC_keypair_generate
                0x0000fb14                qsee_SW_GENERIC_ECC_binary_to_bigval
                0x0000fb34                qsee_SW_GENERIC_ECC_bigval_to_binary
                0x0000fb54                qsee_SW_GENERIC_ECC_compare
                0x0000fb68                qsee_SW_GENERIC_ECC_convert_input_to_bigval
                0x0000fb7c                qsee_SW_Cipher_DES_Init
                0x0000fb80                qsee_SW_Cipher_DES_DeInit
                0x0000fb84                qsee_SW_CipherDESData
                0x0000fb88                qsee_SW_Cipher_DES_SetParam
 .text          0x0000fb8c      0x198 /local/mnt/workspace/CRMBuilds/TZ.BF.4.0.3.c1-00005-M8996AAAAANAZT-1_20170110_230814/b/HK11/trustzone_images/core/securemsm/trustzone/qsapps/libs/applib/proxy/build/gpsample/scorpion/IADAANAA/tzlib_proxy.lib(prxy_ufaes.o)
                0x0000fb8c                qsee_SW_Cipher_Init
                0x0000fbb0                qsee_SW_Cipher_DeInit
                0x0000fbd4                qsee_SW_Cipher_Reset
                0x0000fbf8                qsee_SW_CipherData
                0x0000fc2c                qsee_SW_Cipher_SetParam
                0x0000fc60                qsee_SW_Cipher_GetParam
                0x0000fc94                qsee_SW_AE_UpdateData
                0x0000fcc8                qsee_SW_AE_FinalData
                0x0000fcfc                qsee_SW_AE_UpdateAAD
 .text          0x0000fd24       0xb0 /local/mnt/workspace/CRMBuilds/TZ.BF.4.0.3.c1-00005-M8996AAAAANAZT-1_20170110_230814/b/HK11/trustzone_images/core/securemsm/trustzone/qsapps/libs/applib/proxy/build/gpsample/scorpion/IADAANAA/tzlib_proxy.lib(prxy_ufdes.o)
                0x0000fd24                SW_Cipher_DES_Init
                0x0000fd48                SW_Cipher_DES_DeInit
                0x0000fd6c                SW_CipherDESData
                0x0000fda0                SW_Cipher_DES_SetParam
 .text          0x0000fdd4       0xc8 /local/mnt/workspace/CRMBuilds/TZ.BF.4.0.3.c1-00005-M8996AAAAANAZT-1_20170110_230814/b/HK11/trustzone_images/core/securemsm/trustzone/qsapps/libs/applib/proxy/build/gpsample/scorpion/IADAANAA/tzlib_proxy.lib(prxy_ufsha.o)
                0x0000fdd4                qsee_SW_Hash_Init
                0x0000fdf8                qsee_SW_Hash_Update
                0x0000fe20                qsee_SW_Hash_Final
                0x0000fe44                qsee_SW_Hmac
                0x0000fe78                qsee_SW_Hash_Reset
 .text          0x0000fe9c      0x1c8 /local/mnt/workspace/CRMBuilds/TZ.BF.4.0.3.c1-00005-M8996AAAAANAZT-1_20170110_230814/b/HK11/trustzone_images/core/securemsm/trustzone/qsapps/libs/applib/proxy/build/gpsample/scorpion/IADAANAA/tzlib_proxy.lib(prxy_secrsa.o)
                0x0000fe9c                secpkcs8_parse
                0x0000fec4                ce_rsa_key_gen
                0x0000fef8                ce_rsa_encrypt
                0x0000ff2c                ce_rsa_decrypt
                0x0000ff60                ce_rsa_sign_hash
                0x0000ff94                ce_rsa_verify_signature
                0x0000ffc8                ce_util_init_s_bigint
                0x0000ffec                ce_util_free_s_bigint
                0x0001000c                ce_util_count_bytes
                0x00010030                ce_rsa_exptmod
 .text          0x00010064      0x2ec /local/mnt/workspace/CRMBuilds/TZ.BF.4.0.3.c1-00005-M8996AAAAANAZT-1_20170110_230814/b/HK11/trustzone_images/core/securemsm/trustzone/qsapps/libs/applib/proxy/build/gpsample/scorpion/IADAANAA/tzlib_proxy.lib(prxy_ecc.o)
                0x00010064                SW_ECC_PubPrivate_Key_generate
                0x00010088                SW_ECDH_Shared_Key_Derive
                0x000100b0                SW_ECDSA_Sign
                0x000100d8                SW_ECDSA_Verify
                0x00010100                ECC_hash_to_bigval
                0x00010128                toggle_random_bit
                0x0001014c                in_curveP
                0x00010170                get_random_bytes
                0x00010194                SW_GENERIC_ECC_init
                0x000101c8                SW_GENERIC_ECDSA_sign
                0x000101fc                SW_GENERIC_ECDSA_verify
                0x00010230                SW_GENERIC_ECDH_shared_key_derive
                0x00010264                SW_GENERIC_ECC_keypair_generate
                0x0001028c                SW_GENERIC_ECC_binary_to_bigval
                0x000102c0                SW_GENERIC_ECC_bigval_to_binary
                0x000102f4                SW_GENERIC_ECC_compare
                0x0001031c                SW_GENERIC_ECC_convert_input_to_bigval
 .text          0x00010350      0x2a0 /local/mnt/workspace/CRMBuilds/TZ.BF.4.0.3.c1-00005-M8996AAAAANAZT-1_20170110_230814/b/HK11/trustzone_images/core/securemsm/trustzone/qsapps/libs/applib/qsee/build/gpsample/scorpion/IADAANAA/gpapp_lib.lib(mink_shared_code.o)
                0x00010350                UThread_syscall
                0x00010370                minkIPC
                0x0001049c                minkServerLoop
                0x000105b0                minkServerEntry
 .text          0x000105f0      0x230 /local/mnt/workspace/CRMBuilds/TZ.BF.4.0.3.c1-00005-M8996AAAAANAZT-1_20170110_230814/b/HK11/trustzone_images/core/securemsm/trustzone/qsapps/libs/applib/qsee/build/gpsample/scorpion/IADAANAA/gpapp_lib.lib(qsee_env.o)
                0x000105f0                qsee_set_env
                0x0001060c                qsee_open
                0x00010674                qsee_open_singleton
                0x00010774                qsee_printf_ap
                0x000107dc                qsee_printf
 .text          0x00010820      0x100 /local/mnt/workspace/CRMBuilds/TZ.BF.4.0.3.c1-00005-M8996AAAAANAZT-1_20170110_230814/b/HK11/trustzone_images/core/securemsm/trustzone/qsapps/libs/applib/qsee/build/gpsample/scorpion/IADAANAA/gpapp_lib.lib(qsee_deviceid.o)
                0x00010820                qsee_read_jtag_id
                0x00010874                qsee_read_serial_num
                0x000108c8                qsee_get_device_uuid
 .text          0x00010920       0x54 /local/mnt/workspace/CRMBuilds/TZ.BF.4.0.3.c1-00005-M8996AAAAANAZT-1_20170110_230814/b/HK11/trustzone_images/core/securemsm/trustzone/qsapps/libs/applib/qsee/build/gpsample/scorpion/IADAANAA/gpapp_lib.lib(qsee_prng.o)
                0x00010920                qsee_prng_getdata
 .text          0x00010974       0x94 /local/mnt/workspace/CRMBuilds/TZ.BF.4.0.3.c1-00005-M8996AAAAANAZT-1_20170110_230814/b/HK11/trustzone_images/core/securemsm/trustzone/qsapps/libs/applib/qsee/build/gpsample/scorpion/IADAANAA/gpapp_lib.lib(qsee_cmac.o)
                0x00010974                qsee_cmac
 .text          0x00010a08       0x64 /local/mnt/workspace/CRMBuilds/TZ.BF.4.0.3.c1-00005-M8996AAAAANAZT-1_20170110_230814/b/HK11/trustzone_images/core/securemsm/trustzone/qsapps/libs/applib/qsee/build/gpsample/scorpion/IADAANAA/gpapp_lib.lib(qsee_timer_shim.o)
                0x00010a08                qsee_get_uptime
                0x00010a2c                qsee_wdog_stop
                0x00010a4c                qsee_wdog_pet
 .text          0x00010a6c      0x292 /local/mnt/workspace/CRMBuilds/TZ.BF.4.0.3.c1-00005-M8996AAAAANAZT-1_20170110_230814/b/HK11/trustzone_images/core/securemsm/trustzone/qsapps/libs/applib/qsee/build/gpsample/scorpion/IADAANAA/gpapp_lib.lib(qsee_comstr.o)
                0x00010a6c                cmp_char_i
                0x00010a90                qsee_strnicmp
                0x00010ac0                qsee_strlcpy
                0x00010af4                qsee_strlcat
                0x00010b58                qsee_wstrlen
                0x00010b74                qsee_wstrlcpy
                0x00010bb8                qsee_wstrlcat
                0x00010bec                qsee_strtowstr
                0x00010c5c                qsee_wstrtostr
                0x00010ca4                qsee_wstrchr
                0x00010cd4                qsee_wstrcmp
 *fill*         0x00010cfe        0x2 
 .text          0x00010d00      0x48c /local/mnt/workspace/CRMBuilds/TZ.BF.4.0.3.c1-00005-M8996AAAAANAZT-1_20170110_230814/b/HK11/trustzone_images/core/securemsm/trustzone/qsapps/libs/applib/qsee/build/gpsample/scorpion/IADAANAA/gpapp_lib.lib(qsee_cipher.o)
                0x00010d00                qsee_cipher_init
                0x00010d64                qsee_cipher_free_ctx
                0x00010d90                qsee_cipher_set_param
                0x00010ed0                qsee_cipher_get_param
                0x00011000                qsee_cipher_encrypt
                0x000110a0                qsee_cipher_decrypt
                0x00011140                qsee_cipher_reset
 .text          0x0001118c      0x54c /local/mnt/workspace/CRMBuilds/TZ.BF.4.0.3.c1-00005-M8996AAAAANAZT-1_20170110_230814/b/HK11/trustzone_images/core/securemsm/trustzone/qsapps/libs/applib/qsee/build/gpsample/scorpion/IADAANAA/gpapp_lib.lib(qsee_hash.o)
                0x0001118c                qsee_hash_init
                0x000111ec                qsee_hash_free_ctx
                0x00011218                qsee_hash_update
                0x0001128c                qsee_hash_final
                0x00011300                qsee_hash_set_param
                0x00011410                qsee_hash
                0x00011484                qsee_hashcipher_encrypt
                0x00011588                qsee_hashcipher_decrypt
                0x0001168c                qsee_hash_reset
 .text          0x000116d8      0x274 /local/mnt/workspace/CRMBuilds/TZ.BF.4.0.3.c1-00005-M8996AAAAANAZT-1_20170110_230814/b/HK11/trustzone_images/core/securemsm/trustzone/qsapps/libs/applib/qsee/build/gpsample/scorpion/IADAANAA/gpapp_lib.lib(qsee_hmac.o)
                0x000116d8                qsee_hmac_init
                0x00011748                qsee_hmac_free_ctx
                0x00011774                qsee_hmac_update
                0x000117e8                qsee_hmac_final
                0x0001185c                qsee_hmac_set_param
                0x000118e4                qsee_hmac
 .text          0x0001194c      0x104 /local/mnt/workspace/CRMBuilds/TZ.BF.4.0.3.c1-00005-M8996AAAAANAZT-1_20170110_230814/b/HK11/trustzone_images/core/securemsm/trustzone/qsapps/libs/applib/qsee/build/gpsample/scorpion/IADAANAA/gpapp_lib.lib(qsee_shared_buffer.o)
                0x0001194c                qsee_register_shared_buffer
                0x000119d8                qsee_deregister_shared_buffer
 kthread_shared
                0x00011a50       0x2c /local/mnt/workspace/CRMBuilds/TZ.BF.4.0.3.c1-00005-M8996AAAAANAZT-1_20170110_230814/b/HK11/trustzone_images/core/securemsm/trustzone/qsapps/libs/applib/qsee/build/gpsample/scorpion/IADAANAA/gpapp_lib.lib(kthread_shared.o)
                0x00011a50                mink_generic_syscall
 .text          0x00011a7c       0x18 /local/mnt/workspace/CRMBuilds/TZ.BF.4.0.3.c1-00005-M8996AAAAANAZT-1_20170110_230814/b/HK11/trustzone_images/core/securemsm/trustzone/qsee/mink/libstd/build/gpsample/scorpion/IADAANAA/libstd.lib(memscpy.o)
                0x00011a7c                memscpy
 .text          0x00011a94       0x18 /local/mnt/workspace/CRMBuilds/TZ.BF.4.0.3.c1-00005-M8996AAAAANAZT-1_20170110_230814/b/HK11/trustzone_images/core/securemsm/trustzone/qsee/mink/libstd/build/gpsample/scorpion/IADAANAA/libstd.lib(secure_memset.o)
                0x00011a94                secure_memset
 .text          0x00011aac       0x38 /local/mnt/workspace/CRMBuilds/TZ.BF.4.0.3.c1-00005-M8996AAAAANAZT-1_20170110_230814/b/HK11/trustzone_images/core/securemsm/trustzone/qsee/mink/libstd/build/gpsample/scorpion/IADAANAA/libstd.lib(timesafe_memcmp.o)
                0x00011aac                timesafe_memcmp
 .text          0x00011ae4       0x16 /local/mnt/workspace/CRMBuilds/TZ.BF.4.0.3.c1-00005-M8996AAAAANAZT-1_20170110_230814/b/HK11/trustzone_images/core/securemsm/trustzone/qsee/mink/libstd/build/gpsample/scorpion/IADAANAA/libstd.lib(strnlen.o)
                0x00011ae4                strnlen
 *fill*         0x00011afa        0x2 
 .text          0x00011afc       0x44 /local/mnt/workspace/CRMBuilds/TZ.BF.4.0.3.c1-00005-M8996AAAAANAZT-1_20170110_230814/b/HK11/trustzone_images/core/securemsm/trustzone/qsee/mink/libstd/build/gpsample/scorpion/IADAANAA/libstd.lib(strlen.o)
                0x00011afc                strlen
 .text          0x00011b40      0xc40 /local/mnt/workspace/CRMBuilds/TZ.BF.4.0.3.c1-00005-M8996AAAAANAZT-1_20170110_230814/b/HK11/trustzone_images/core/securemsm/trustzone/qsee/mink/libstd/build/gpsample/scorpion/IADAANAA/libstd.lib(printf.o)
                0x00011b40                __towrite
                0x00011b7c                __fwritex
                0x00011c20                vfprintf
                0x00012510                vsnprintf
                0x000125dc                snprintf
 .text          0x00012780       0xa8 /local/mnt/workspace/CRMBuilds/TZ.BF.4.0.3.c1-00005-M8996AAAAANAZT-1_20170110_230814/b/HK11/trustzone_images/core/securemsm/trustzone/qsee/mink/libstd/build/gpsample/scorpion/IADAANAA/libstd.lib(memchr.o)
                0x00012780                memchr
 .text          0x00012828       0x9c /afs/localcell/cm/gv2.6/sysname/pkg.@sys/qct/software/llvm/release/arm/3.5.2.4/tools/lib32/lib/libc.a(lite_malloc.o)
                0x00012828                __simple_malloc
 .text          0x000128c4      0xfe0 /afs/localcell/cm/gv2.6/sysname/pkg.@sys/qct/software/llvm/release/arm/3.5.2.4/tools/lib32/lib/libc.a(malloc.o)
                0x000128c4                malloc
                0x000131d4                realloc
                0x00013304                free
 .text          0x000138a4       0x16 /afs/localcell/cm/gv2.6/sysname/pkg.@sys/qct/software/llvm/release/arm/3.5.2.4/tools/lib32/lib/libc.a(madvise.o)
                0x000138a4                madvise
                0x000138a4                __madvise
 *fill*         0x000138ba        0x2 
 .text          0x000138bc       0x8e /afs/localcell/cm/gv2.6/sysname/pkg.@sys/qct/software/llvm/release/arm/3.5.2.4/tools/lib32/lib/libc.a(mmap.o)
                0x000138bc                __vm_lock
                0x000138c0                __vm_unlock
                0x000138c4                __mmap
                0x000138c4                mmap
                0x000138c4                mmap64
 *fill*         0x0001394a        0x2 
 .text          0x0001394c       0x2a /afs/localcell/cm/gv2.6/sysname/pkg.@sys/qct/software/llvm/release/arm/3.5.2.4/tools/lib32/lib/libc.a(mremap.o)
                0x0001394c                mremap
                0x0001394c                __mremap
 *fill*         0x00013976        0x2 
 .text          0x00013978       0x2c /afs/localcell/cm/gv2.6/sysname/pkg.@sys/qct/software/llvm/release/arm/3.5.2.4/tools/lib32/lib/libc.a(munmap.o)
                0x00013980                munmap
                0x00013980                __munmap
 .text          0x000139a4      0x30c /afs/localcell/cm/gv2.6/sysname/pkg.@sys/qct/software/llvm/release/arm/3.5.2.4/tools/lib32/lib/libc.a(memcpy.o)
                0x000139a4                memcpy
 .text          0x00013cb0       0x96 /afs/localcell/cm/gv2.6/sysname/pkg.@sys/qct/software/llvm/release/arm/3.5.2.4/tools/lib32/lib/libc.a(__lock.o)
                0x00013cb0                __lock
                0x00013cf8                __unlock
 *fill*         0x00013d46        0x2 
 .text          0x00013d48       0xb8 /afs/localcell/cm/gv2.6/sysname/pkg.@sys/qct/software/llvm/release/arm/3.5.2.4/tools/lib32/lib/libc.a(__wait.o)
                0x00013d48                __wait
 .text          0x00013e00       0x24 /afs/localcell/cm/gv2.6/sysname/pkg.@sys/qct/software/llvm/release/arm/3.5.2.4/tools/lib32/lib/libc.a(__errno_location.o)
                0x00013e00                __errno_location
 .text          0x00013e24       0x30 /afs/localcell/cm/gv2.6/sysname/pkg.@sys/qct/software/llvm/release/arm/3.5.2.4/tools/lib32/lib/libc.a(syscall.o)
                0x00013e24                __syscall
 .text          0x00013e54       0x1c /afs/localcell/cm/gv2.6/sysname/pkg.@sys/qct/software/llvm/release/arm/3.5.2.4/tools/lib32/lib/libc.a(syscall_ret.o)
                0x00013e54                __syscall_ret
 .text          0x00013e70        0xc /afs/localcell/cm/gv2.6/sysname/pkg.@sys/qct/software/llvm/release/arm/3.5.2.4/tools/lib32/lib/libc.a(__brk.o)
                0x00013e70                __brk
 .text          0x00013e7c        0x4 /afs/localcell/cm/gv2.6/sysname/pkg.@sys/qct/software/llvm/release/arm/3.5.2.4/lib/clang/3.5.2/lib/linux/libclang_rt.builtins-arm.a(aeabi_memcpy.S.o)
                0x00013e7c                __aeabi_memcpy
                0x00013e7c                __aeabi_memcpy4
                0x00013e7c                __aeabi_memcpy8
 .text          0x00013e80        0x4 /afs/localcell/cm/gv2.6/sysname/pkg.@sys/qct/software/llvm/release/arm/3.5.2.4/lib/clang/3.5.2/lib/linux/libclang_rt.builtins-arm.a(aeabi_memmove.S.o)
                0x00013e80                __aeabi_memmove8
                0x00013e80                __aeabi_memmove
                0x00013e80                __aeabi_memmove4
 .text          0x00013e84       0x1c /afs/localcell/cm/gv2.6/sysname/pkg.@sys/qct/software/llvm/release/arm/3.5.2.4/lib/clang/3.5.2/lib/linux/libclang_rt.builtins-arm.a(aeabi_memset.S.o)
                0x00013e84                __aeabi_memset
                0x00013e84                __aeabi_memset8
                0x00013e84                __aeabi_memset4
                0x00013e94                __aeabi_memclr8
                0x00013e94                __aeabi_memclr
                0x00013e94                __aeabi_memclr4
 .text          0x00013ea0       0x24 /afs/localcell/cm/gv2.6/sysname/pkg.@sys/qct/software/llvm/release/arm/3.5.2.4/lib/clang/3.5.2/lib/linux/libclang_rt.builtins-arm.a(aeabi_uldivmod.S.o)
                0x00013ea0                __aeabi_uldivmod
 .text          0x00013ec4      0x416 /afs/localcell/cm/gv2.6/sysname/pkg.@sys/qct/software/llvm/release/arm/3.5.2.4/lib/clang/3.5.2/lib/linux/libclang_rt.builtins-arm.a(udivmoddi4.c.o)
                0x00013ec4                __udivmoddi4
 *fill*         0x000142da        0x2 
 .text          0x000142dc      0x154 /afs/localcell/cm/gv2.6/sysname/pkg.@sys/qct/software/llvm/release/arm/3.5.2.4/lib/clang/3.5.2/lib/linux/libclang_rt.builtins-arm.a(udivsi3.c.o)
                0x000142dc                __udivsi3
                0x000142dc                __aeabi_uidiv
 .text          0x00014430       0x18 /afs/localcell/cm/gv2.6/sysname/pkg.@sys/qct/software/llvm/release/arm/3.5.2.4/lib/clang/3.5.2/lib/linux/libclang_rt.builtins-arm.a(umoddi3.c.o)
                0x00014430                __umoddi3
 .text          0x00014448       0x10 /afs/localcell/cm/gv2.6/sysname/pkg.@sys/qct/software/llvm/release/arm/3.5.2.4/lib/clang/3.5.2/lib/linux/libclang_rt.builtins-arm.a(umodsi3.c.o)
                0x00014448                __umodsi3
 .text          0x00014458      0x7a4 /local/mnt/workspace/CRMBuilds/TZ.BF.4.0.3.c1-00005-M8996AAAAANAZT-1_20170110_230814/b/HK11/trustzone_images/core/securemsm/secarith/build/gpsample/scorpion/IADAANAA/secarith.lib(bn_add.o)
                0x00014458                BN_add
                0x000144c4                BN_usub
                0x000148d8                BN_uadd
                0x00014b70                BN_sub
 .text          0x00014bfc      0xbf8 /local/mnt/workspace/CRMBuilds/TZ.BF.4.0.3.c1-00005-M8996AAAAANAZT-1_20170110_230814/b/HK11/trustzone_images/core/securemsm/secarith/build/gpsample/scorpion/IADAANAA/secarith.lib(bn_asm.o)
                0x00014bfc                bn_mul_add_words
                0x00014cfc                bn_mul_words
                0x00014dd8                bn_sqr_words
                0x00014f44                bn_div_words
                0x00015040                bn_add_words
                0x00015184                bn_sub_words
                0x000153ec                bn_sqr_comba4
                0x00015420                bn_sqr_comba8
                0x00015454                bn_mul_comba4
                0x00015588                bn_mul_comba8
                0x000157f0                bn_mul_mont
 .text          0x000157f4      0x4f0 /local/mnt/workspace/CRMBuilds/TZ.BF.4.0.3.c1-00005-M8996AAAAANAZT-1_20170110_230814/b/HK11/trustzone_images/core/securemsm/secarith/build/gpsample/scorpion/IADAANAA/secarith.lib(bn_ctx2.o)
                0x000157f4                BN_CTX_new2
                0x00015818                BN_CTX_new
                0x00015838                BN_CTX_done
                0x00015968                BN_CTX_free
                0x00015990                BN_CTX_start
                0x00015a14                BN_CTX_end
                0x00015bb4                BN_CTX_get
 .text          0x00015ce4      0x498 /local/mnt/workspace/CRMBuilds/TZ.BF.4.0.3.c1-00005-M8996AAAAANAZT-1_20170110_230814/b/HK11/trustzone_images/core/securemsm/secarith/build/gpsample/scorpion/IADAANAA/secarith.lib(bn_div.o)
                0x00015ce4                BN_div
 .text          0x0001617c      0x9a4 /local/mnt/workspace/CRMBuilds/TZ.BF.4.0.3.c1-00005-M8996AAAAANAZT-1_20170110_230814/b/HK11/trustzone_images/core/securemsm/secarith/build/gpsample/scorpion/IADAANAA/secarith.lib(bn_gcd.o)
                0x0001617c                BN_gcd
                0x00016308                BN_mod_inverse
 .text          0x00016b20     0x12d8 /local/mnt/workspace/CRMBuilds/TZ.BF.4.0.3.c1-00005-M8996AAAAANAZT-1_20170110_230814/b/HK11/trustzone_images/core/securemsm/secarith/build/gpsample/scorpion/IADAANAA/secarith.lib(bn_lib.o)
                0x00016b20                BN_set_params
                0x00016b78                BN_get_params
                0x00016bbc                BN_value_one
                0x00016bc8                BN_num_bits_word
                0x00016c20                BN_num_bits
                0x00016c90                BN_clear_free
                0x00016cdc                BN_free
                0x00016d0c                BN_init
                0x00016d1c                BN_new
                0x00016d40                bn_wexpand
                0x00016d4c                bn_expand2
                0x0001702c                bn_correct_top
                0x00017050                BN_dup
                0x000170e4                BN_copy
                0x00017120                BN_swap
                0x00017160                BN_clear
                0x0001717c                BN_get_word
                0x00017194                BN_set_word
                0x000171c8                BN_bin2bn
                0x000172d4                BN_bn2bin
                0x00017640                BN_ucmp
                0x00017690                BN_cmp
                0x00017720                BN_set_bit
                0x00017794                BN_clear_bit
                0x000177f4                BN_is_bit_set
                0x00017824                BN_mask_bits
                0x0001789c                BN_set_negative
                0x000178b4                bn_cmp_words
                0x00017904                bn_cmp_part_words
                0x000179ac                BN_consttime_swap
 .text          0x00017df8      0x19c /local/mnt/workspace/CRMBuilds/TZ.BF.4.0.3.c1-00005-M8996AAAAANAZT-1_20170110_230814/b/HK11/trustzone_images/core/securemsm/secarith/build/gpsample/scorpion/IADAANAA/secarith.lib(bn_malloc2.o)
                0x00017df8                OPENSSL_malloc
                0x00017dfc                OPENSSL_free
                0x00017e00                OPENSSL_cleanse
 .text          0x00017f94      0x464 /local/mnt/workspace/CRMBuilds/TZ.BF.4.0.3.c1-00005-M8996AAAAANAZT-1_20170110_230814/b/HK11/trustzone_images/core/securemsm/secarith/build/gpsample/scorpion/IADAANAA/secarith.lib(bn_mod2.o)
                0x00017f94                BN_nnmod
                0x00017fec                BN_mod_add
                0x00018050                BN_mod_add_quick
                0x00018084                BN_mod_sub
                0x000180e8                BN_mod_sub_quick
                0x00018114                BN_mod_mul
                0x000181ac                BN_mod_sqr
                0x000181e0                BN_mod_sqr2
                0x00018238                BN_mod_lshift1
                0x0001829c                BN_mod_lshift1_quick
                0x000182d0                BN_mod_lshift
                0x00018364                BN_mod_lshift_quick
 .text          0x000183f8      0x85e /local/mnt/workspace/CRMBuilds/TZ.BF.4.0.3.c1-00005-M8996AAAAANAZT-1_20170110_230814/b/HK11/trustzone_images/core/securemsm/secarith/build/gpsample/scorpion/IADAANAA/secarith.lib(bn_mont.o)
                0x000183f8                BN_mod_mul_montgomery
                0x000189d4                BN_from_montgomery
                0x00018a1c                BN_MONT_CTX_new
                0x00018a54                BN_MONT_CTX_init
                0x00018a7c                BN_MONT_CTX_free
                0x00018ab0                BN_MONT_CTX_set
                0x00018c0c                BN_MONT_CTX_copy
 *fill*         0x00018c56        0x2 
 .text          0x00018c58      0x648 /local/mnt/workspace/CRMBuilds/TZ.BF.4.0.3.c1-00005-M8996AAAAANAZT-1_20170110_230814/b/HK11/trustzone_images/core/securemsm/secarith/build/gpsample/scorpion/IADAANAA/secarith.lib(bn_mul.o)
                0x00018c58                bn_sub_part_words
                0x00018e48                bn_add_part_words
                0x00019068                BN_mul
                0x00019118                bn_mul_normal
                0x00019204                bn_mul_low_normal
 .text          0x000192a0      0x99e /local/mnt/workspace/CRMBuilds/TZ.BF.4.0.3.c1-00005-M8996AAAAANAZT-1_20170110_230814/b/HK11/trustzone_images/core/securemsm/secarith/build/gpsample/scorpion/IADAANAA/secarith.lib(bn_prime.o)
                0x000192a0                BN_GENCB_call
                0x000192e4                BN_generate_prime_ex
                0x00019798                BN_is_prime_fasttest_ex
                0x00019c2c                BN_is_prime_ex
 *fill*         0x00019c3e        0x2 
 .text          0x00019c40      0x798 /local/mnt/workspace/CRMBuilds/TZ.BF.4.0.3.c1-00005-M8996AAAAANAZT-1_20170110_230814/b/HK11/trustzone_images/core/securemsm/secarith/build/gpsample/scorpion/IADAANAA/secarith.lib(bn_print.o)
                0x00019c40                BN_bn2hex
                0x00019d54                BN_bn2dec
                0x00019e8c                BN_hex2bn
                0x0001a1bc                BN_dec2bn
                0x0001a2e0                BN_asc2bn
                0x0001a338                BN_print_fp
                0x0001a37c                BN_print
                0x0001a3c0                BN_options
 .text          0x0001a3d8      0x38a /local/mnt/workspace/CRMBuilds/TZ.BF.4.0.3.c1-00005-M8996AAAAANAZT-1_20170110_230814/b/HK11/trustzone_images/core/securemsm/secarith/build/gpsample/scorpion/IADAANAA/secarith.lib(bn_rand.o)
                0x0001a3d8                BN_rand
                0x0001a600                BN_pseudo_rand
                0x0001a61c                BN_bntest_rand
                0x0001a638                BN_rand_range
                0x0001a758                BN_pseudo_rand_range
 *fill*         0x0001a762        0x2 
 .text          0x0001a764      0xc5c /local/mnt/workspace/CRMBuilds/TZ.BF.4.0.3.c1-00005-M8996AAAAANAZT-1_20170110_230814/b/HK11/trustzone_images/core/securemsm/secarith/build/gpsample/scorpion/IADAANAA/secarith.lib(bn_shift.o)
                0x0001a764                BN_lshift1
                0x0001a7e8                BN_rshift1
                0x0001a9dc                BN_lshift
                0x0001ad8c                BN_rshift
 .text          0x0001b3c0      0x476 /local/mnt/workspace/CRMBuilds/TZ.BF.4.0.3.c1-00005-M8996AAAAANAZT-1_20170110_230814/b/HK11/trustzone_images/core/securemsm/secarith/build/gpsample/scorpion/IADAANAA/secarith.lib(bn_sqr.o)
                0x0001b3c0                BN_sqr
                0x0001b544                bn_sqr_normal
 *fill*         0x0001b836        0x2 
 .text          0x0001b838      0x654 /local/mnt/workspace/CRMBuilds/TZ.BF.4.0.3.c1-00005-M8996AAAAANAZT-1_20170110_230814/b/HK11/trustzone_images/core/securemsm/secarith/build/gpsample/scorpion/IADAANAA/secarith.lib(bn_word.o)
                0x0001b838                BN_mod_word
                0x0001baa0                BN_div_word
                0x0001bcfc                BN_add_word
                0x0001bd98                BN_sub_word
                0x0001be3c                BN_mul_word
 .text          0x0001be8c      0x394 /local/mnt/workspace/CRMBuilds/TZ.BF.4.0.3.c1-00005-M8996AAAAANAZT-1_20170110_230814/b/HK11/trustzone_images/core/securemsm/secarith/build/gpsample/scorpion/IADAANAA/secarith.lib(qbn_xbgcd.o)
                0x0001be8c                BN_xgcd
                0x0001c018                BN_exact_div
 .text          0x0001c220       0x18 /local/mnt/workspace/CRMBuilds/TZ.BF.4.0.3.c1-00005-M8996AAAAANAZT-1_20170110_230814/b/HK11/trustzone_images/core/securemsm/secarith/build/gpsample/scorpion/IADAANAA/secarith.lib(rand_lib2.o)
                0x0001c220                RAND_pseudo_bytes
 .text          0x0001c238     0x1eb0 /local/mnt/workspace/CRMBuilds/TZ.BF.4.0.3.c1-00005-M8996AAAAANAZT-1_20170110_230814/b/HK11/trustzone_images/core/securemsm/secarith/build/gpsample/scorpion/IADAANAA/secarith.lib(bn_exp.o)
                0x0001c238                BN_exp
                0x0001c32c                BN_mod_exp
                0x0001c39c                BN_mod_exp_mont_word
                0x0001c648                BN_mod_exp_mont
                0x0001cd10                BN_mod_exp_recp
                0x0001d2c8                BN_mod_exp_mont_consttime
                0x0001db98                BN_mod_exp_simple
 .text          0x0001e0e8      0x350 /local/mnt/workspace/CRMBuilds/TZ.BF.4.0.3.c1-00005-M8996AAAAANAZT-1_20170110_230814/b/HK11/trustzone_images/core/securemsm/secarith/build/gpsample/scorpion/IADAANAA/secarith.lib(bn_recp.o)
                0x0001e0e8                BN_RECP_CTX_init
                0x0001e104                BN_RECP_CTX_new
                0x0001e130                BN_RECP_CTX_free
                0x0001e15c                BN_RECP_CTX_set
                0x0001e18c                BN_mod_mul_reciprocal
                0x0001e1fc                BN_div_recp
                0x0001e3e4                BN_reciprocal
 .text          0x0001e438      0x478 /local/mnt/workspace/CRMBuilds/TZ.BF.4.0.3.c1-00005-M8996AAAAANAZT-1_20170110_230814/b/HK11/trustzone_images/core/securemsm/secmath/build/gpsample/scorpion/IADAANAA/secmath.lib(secmath_mod_exp.o)
                0x0001e438                mod_exp
                0x0001e7fc                secmath_BIGINT_modexp
 .text          0x0001e8b0      0x36a /local/mnt/workspace/CRMBuilds/TZ.BF.4.0.3.c1-00005-M8996AAAAANAZT-1_20170110_230814/b/HK11/trustzone_images/core/securemsm/secmath/build/gpsample/scorpion/IADAANAA/secmath.lib(secmath_montmul_ref.o)
                0x0001e8b0                montmul_ref
                0x0001ea80                montmul_one_ref
 *fill*         0x0001ec1a        0x2 
 .text          0x0001ec1c      0xf8e /local/mnt/workspace/CRMBuilds/TZ.BF.4.0.3.c1-00005-M8996AAAAANAZT-1_20170110_230814/b/HK11/trustzone_images/core/securemsm/secmath/build/gpsample/scorpion/IADAANAA/secmath.lib(secmath_montmul_utils.o)
                0x0001ec1c                compare
                0x0001ec54                increment
                0x0001ec9c                decrement
                0x0001ece0                negate
                0x0001ef0c                sub
                0x0001f180                add
                0x0001f3d4                addition
                0x0001f644                find_MSB32
                0x0001f680                find_bn_MSB
                0x0001f700                inverse32
                0x0001f90c                right_shift
 *fill*         0x0001fbaa        0x2 
 .text          0x0001fbac      0x63e /local/mnt/workspace/CRMBuilds/TZ.BF.4.0.3.c1-00005-M8996AAAAANAZT-1_20170110_230814/b/HK11/trustzone_images/core/securemsm/secmath/build/gpsample/scorpion/IADAANAA/secmath.lib(secmath_barrett_reduce.o)
                0x0001fbac                mult_base_mod_m
                0x0001fe10                mult_R_mod_m
 *fill*         0x000201ea        0x2 
 .text          0x000201ec       0x70 /local/mnt/workspace/CRMBuilds/TZ.BF.4.0.3.c1-00005-M8996AAAAANAZT-1_20170110_230814/b/HK11/trustzone_images/core/securemsm/secmath/build/gpsample/scorpion/IADAANAA/secmath.lib(secmath_BIGINT_to_unsigned_bin.o)
                0x000201ec                secmath_BIGINT_to_unsigned_bin
 .text          0x0002025c      0x5e4 /local/mnt/workspace/CRMBuilds/TZ.BF.4.0.3.c1-00005-M8996AAAAANAZT-1_20170110_230814/b/HK11/trustzone_images/core/securemsm/trustzone/qsapps/libs/applib/common_applib/build/gpsample/scorpion/IADAANAA/gpapp_lib.lib(gpPersistObjCommon.o)
                0x0002025c                gpCommon_Copy_Attributes
                0x000203b8                gpCommon_Init_Handles
                0x00020498                gpCommon_Init_App_Info
                0x000204f4                gpCommon_Clean_Attributes
                0x0002053c                gpCommon_Clean_Object_Handle
                0x0002057c                gpCommon_Get_Object_Info
                0x000205d8                gpCommon_Close_Object
                0x00020684                gpCommon_Get_File_Path
 .text          0x00020840      0xef4 /local/mnt/workspace/CRMBuilds/TZ.BF.4.0.3.c1-00005-M8996AAAAANAZT-1_20170110_230814/b/HK11/trustzone_images/core/securemsm/trustzone/qsapps/libs/applib/common_applib/build/gpsample/scorpion/IADAANAA/gpapp_lib.lib(gpPersistentObjects.o)
                0x00020840                TEE_OpenPersistentObject
                0x00020a3c                TEE_CreatePersistentObject
                0x00020ca8                TEE_CloseAndDeletePersistentObject1
                0x00020da0                TEE_CloseAndDeletePersistentObject
                0x00020da4                TEE_ReadObjectData
                0x00020eb8                TEE_WriteObjectData
                0x0002103c                TEE_TruncateObjectData
                0x00021184                TEE_SeekObjectData
                0x00021260                TEE_RenamePersistentObject
                0x00021368                TEE_AllocatePersistentObjectEnumerator
                0x00021464                TEE_FreePersistentObjectEnumerator
                0x000214dc                TEE_ResetPersistentObjectEnumerator
                0x0002155c                TEE_StartPersistentObjectEnumerator
                0x00021650                TEE_GetNextPersistentObject
 .text          0x00021734     0x26b4 /local/mnt/workspace/CRMBuilds/TZ.BF.4.0.3.c1-00005-M8996AAAAANAZT-1_20170110_230814/b/HK11/trustzone_images/core/securemsm/trustzone/qsapps/libs/applib/common_applib/build/gpsample/scorpion/IADAANAA/gpapp_lib.lib(gpPersistObjData.o)
                0x00021734                gpData_Create_Object
                0x00021f10                gpData_Delete_Object
                0x00022028                gpData_Open_Object
                0x00022184                gpData_Close_Object
                0x000221bc                gpData_Write_Data
                0x0002269c                gpData_Read_Data
                0x000228ac                gpData_Trunc_Data
                0x00022b24                gpData_Seek_Data
 .text          0x00023de8      0x6ec /local/mnt/workspace/CRMBuilds/TZ.BF.4.0.3.c1-00005-M8996AAAAANAZT-1_20170110_230814/b/HK11/trustzone_images/core/securemsm/trustzone/qsapps/libs/applib/common_applib/build/gpsample/scorpion/IADAANAA/gpapp_lib.lib(gpPersistObjHandler.o)
                0x00023de8                gpHandler_Create_Handle
                0x000240f0                gpHandler_Delete_Handle
                0x00024188                gpHandler_Close_Handle
                0x000242bc                gpHandler_Open_Handle
                0x00024354                gpHandler_Update_Handle
                0x000243b4                gpHandler_Rename_Handle
 .text          0x000244d4     0x13cc /local/mnt/workspace/CRMBuilds/TZ.BF.4.0.3.c1-00005-M8996AAAAANAZT-1_20170110_230814/b/HK11/trustzone_images/core/securemsm/trustzone/qsapps/libs/applib/common_applib/build/gpsample/scorpion/IADAANAA/gpapp_lib.lib(gpPersistObjIndex.o)
                0x000244d4                index_Get_Index_Info
                0x00024710                gpIndex_Create_Entry
                0x000248f0                gpIndex_Delete_Entry
                0x00024a20                gpIndex_Get_Entry
                0x00024c94                gpIndex_Set_Entry
                0x00024dd0                gpIndex_Rename_Entry
                0x00024fe4                gpIndex_Get_Enum_Entry
                0x0002520c                gpIndex_Get_Index_Info
 .text          0x000258a0      0xe08 /local/mnt/workspace/CRMBuilds/TZ.BF.4.0.3.c1-00005-M8996AAAAANAZT-1_20170110_230814/b/HK11/trustzone_images/core/securemsm/trustzone/qsapps/libs/applib/common_applib/build/gpsample/scorpion/IADAANAA/gpapp_lib.lib(gpPersistObjVersion.o)
                0x000258a0                version_Is_Rpmb_Usage_Enabled
                0x00025954                gpVersion_Get_Version
                0x00025f50                gpVersion_Set_Version
                0x00026170                gpVersion_Inc_Version
                0x000261ac                gpVersion_Delete_Version
 .text          0x000266a8      0x36e /local/mnt/workspace/CRMBuilds/TZ.BF.4.0.3.c1-00005-M8996AAAAANAZT-1_20170110_230814/b/HK11/trustzone_images/core/securemsm/trustzone/qsapps/libs/applib/common_applib/build/gpsample/scorpion/IADAANAA/gpapp_lib.lib(gpList.o)
                0x000266a8                List_init
                0x00026738                List_clear
                0x00026790                List_deinit
                0x000267ac                List_add
                0x00026854                List_delete
                0x000268b8                List_getHead
                0x00026914                List_lookup
                0x00026960                List_isEmpty
                0x00026974                List_size
                0x00026980                List_deleteHead
                0x000269cc                List_enumeratorStart
                0x000269e0                List_enumeratorGetNext
 *fill*         0x00026a16        0x2 
 .text          0x00026a18      0x990 /local/mnt/workspace/CRMBuilds/TZ.BF.4.0.3.c1-00005-M8996AAAAANAZT-1_20170110_230814/b/HK11/trustzone_images/core/securemsm/trustzone/qsapps/libs/applib/common_applib/build/gpsample/scorpion/IADAANAA/gpapp_lib.lib(gpPersistObjCrypto.o)
                0x00026a18                gpCrypto_Encrypt
                0x00026d94                gpCrypto_Integrity_Protect
                0x00026f68                gpCrypto_Decrypt
                0x00027154                gpCrypto_Integrity_Verify
 .text          0x000273a8      0x39c /local/mnt/workspace/CRMBuilds/TZ.BF.4.0.3.c1-00005-M8996AAAAANAZT-1_20170110_230814/b/HK11/trustzone_images/core/securemsm/trustzone/qsapps/libs/applib/common_applib/build/gpsample/scorpion/IADAANAA/gpapp_lib.lib(gpPersistObjFileIO.o)
                0x000273a8                fileIO_Read_Data
                0x0002740c                fileIO_Write_Data
                0x00027478                fileIO_Remove_Data
                0x000274d4                fileIO_Rename_Data
                0x00027530                gpFileIO_Read_File
                0x000275bc                gpFileIO_Write_File
                0x00027664                gpFileIO_Remove_File
                0x000276c8                gpFileIO_Rename_File
 .text          0x00027744      0x774 /local/mnt/workspace/CRMBuilds/TZ.BF.4.0.3.c1-00005-M8996AAAAANAZT-1_20170110_230814/b/HK11/trustzone_images/core/securemsm/trustzone/qsapps/libs/applib/common_applib/build/gpsample/scorpion/IADAANAA/gpapp_lib.lib(gpFileService.o)
                0x00027744                gpFileRead
                0x000279c0                gpFileWrite
                0x00027c40                gpFileRemove
                0x00027d70                gpFileRename
 .text          0x00027eb8      0x204 /local/mnt/workspace/CRMBuilds/TZ.BF.4.0.3.c1-00005-M8996AAAAANAZT-1_20170110_230814/b/HK11/trustzone_images/core/securemsm/trustzone/qsapps/libs/applib/qsee/build/gpsample/scorpion/IADAANAA/gpapp_lib.lib(qsee_core_shim.o)
                0x00027eb8                qsee_exec_protect_memory
                0x00027edc                qsee_is_sw_fuse_blown
                0x00027efc                qsee_blow_sw_fuse
                0x00027f1c                qsee_ks_decrypt
                0x00027f6c                qsee_ks_get_key
                0x00027fd4                qsee_ks_delete_key
                0x00027ff4                qsee_ce_pipe_key_select
                0x00028018                qsee_ce_disable_sequence
                0x00028038                qsee_ice_set_context_config
                0x0002805c                qsee_hdmi_status_read
                0x0002807c                qsee_get_tz_app_id
                0x0002809c                qsee_blsp_modify_ownership
 .text          0x000280bc      0x192 /local/mnt/workspace/CRMBuilds/TZ.BF.4.0.3.c1-00005-M8996AAAAANAZT-1_20170110_230814/b/HK11/trustzone_images/core/securemsm/trustzone/qsapps/libs/applib/qsee/build/gpsample/scorpion/IADAANAA/gpapp_lib.lib(stor.o)
                0x000280bc                check_rpmb_handle
                0x000280e8                qsee_stor_device_init
                0x00028104                qsee_stor_open_partition
                0x0002812c                qsee_stor_device_get_info
                0x00028150                qsee_stor_client_get_info
                0x00028178                qsee_stor_add_partition
                0x00028198                qsee_stor_read_sectors
                0x000281d0                qsee_stor_write_sectors
                0x00028208                qsee_stor_read_wp_config
                0x00028218                qsee_stor_write_wp_config
                0x00028228                qsee_stor_remove_client
 *fill*         0x0002824e        0x2 
 .text          0x00028250     0x159c /local/mnt/workspace/CRMBuilds/TZ.BF.4.0.3.c1-00005-M8996AAAAANAZT-1_20170110_230814/b/HK11/trustzone_images/core/securemsm/trustzone/qsapps/libs/applib/qsee/build/gpsample/scorpion/IADAANAA/gpapp_lib.lib(stor_gpt.o)
                0x00028250                add_gpt_device_handle
                0x0002839c                add_gpt_client
                0x000284a0                gpt_dev_init
                0x0002868c                gpt_qsee_read_sectors
                0x000288f8                gpt_qsee_write_sectors
                0x00028b5c                gpt_add_partitions
                0x00028ecc                gpt_config_partitions
                0x0002903c                gpt_init
                0x000292b8                gpt_open_partition
                0x000293a0                gpt_device_get_info
                0x000294a8                gpt_client_get_info
                0x000295b8                gpt_add_partition
                0x00029618                gpt_read_sectors
                0x000296f8                gpt_write_sectors
 .text          0x000297ec      0x1da /local/mnt/workspace/CRMBuilds/TZ.BF.4.0.3.c1-00005-M8996AAAAANAZT-1_20170110_230814/b/HK11/trustzone_images/core/securemsm/trustzone/qsapps/libs/applib/qsee/build/gpsample/scorpion/IADAANAA/gpapp_lib.lib(stor_rpmbw.o)
                0x000297ec                rpmbw_init
                0x00029818                rpmbw_open_partition
                0x00029848                rpmbw_device_get_info
                0x00029878                rpmbw_client_get_info
                0x000298a8                rpmbw_add_partition
                0x000298d4                rpmbw_read_sectors
                0x0002990c                rpmbw_write_sectors
                0x00029944                rpmbw_read_wp_config
                0x00029970                rpmbw_write_wp_config
                0x0002999c                rpmbw_remove_client
 *fill*         0x000299c6        0x2 
 .text          0x000299c8       0x24 /local/mnt/workspace/CRMBuilds/TZ.BF.4.0.3.c1-00005-M8996AAAAANAZT-1_20170110_230814/b/HK11/trustzone_images/core/securemsm/trustzone/qsapps/libs/applib/qsee/build/gpsample/scorpion/IADAANAA/gpapp_lib.lib(qsee_cfg_prop_shim.o)
                0x000299c8                qsee_cfg_getpropval
 .text          0x000299ec       0x64 /local/mnt/workspace/CRMBuilds/TZ.BF.4.0.3.c1-00005-M8996AAAAANAZT-1_20170110_230814/b/HK11/trustzone_images/core/securemsm/trustzone/qsee/mink/libstd/build/gpsample/scorpion/IADAANAA/libstd.lib(strlcat.o)
                0x000299ec                strlcat
 .text          0x00029a50       0x32 /local/mnt/workspace/CRMBuilds/TZ.BF.4.0.3.c1-00005-M8996AAAAANAZT-1_20170110_230814/b/HK11/trustzone_images/core/securemsm/trustzone/qsee/mink/libstd/build/gpsample/scorpion/IADAANAA/libstd.lib(strlcpy.o)
                0x00029a50                strlcpy
 *fill*         0x00029a82        0x2 
 .text          0x00029a84       0x46 /local/mnt/workspace/CRMBuilds/TZ.BF.4.0.3.c1-00005-M8996AAAAANAZT-1_20170110_230814/b/HK11/trustzone_images/core/securemsm/trustzone/qsee/mink/libstd/build/gpsample/scorpion/IADAANAA/libstd.lib(memset.o)
                0x00029a84                memset
 *fill*         0x00029aca        0x2 
 .text          0x00029acc       0x22 /local/mnt/workspace/CRMBuilds/TZ.BF.4.0.3.c1-00005-M8996AAAAANAZT-1_20170110_230814/b/HK11/trustzone_images/core/securemsm/trustzone/qsee/mink/libstd/build/gpsample/scorpion/IADAANAA/libstd.lib(memcmp.o)
                0x00029acc                memcmp
 *fill*         0x00029aee        0x2 
 .text          0x00029af0       0xf6 /local/mnt/workspace/CRMBuilds/TZ.BF.4.0.3.c1-00005-M8996AAAAANAZT-1_20170110_230814/b/HK11/trustzone_images/core/securemsm/trustzone/qsee/mink/libstd/build/gpsample/scorpion/IADAANAA/libstd.lib(memmove.o)
                0x00029af0                memmove
 *fill*         0x00029be6        0x2 
 .text          0x00029be8       0x46 /local/mnt/workspace/CRMBuilds/TZ.BF.4.0.3.c1-00005-M8996AAAAANAZT-1_20170110_230814/b/HK11/trustzone_images/core/securemsm/trustzone/qsee/mink/libstd/build/gpsample/scorpion/IADAANAA/libstd.lib(strncmp.o)
                0x00029be8                strncmp
 *fill*         0x00029c2e        0x2 
 .text          0x00029c30       0x2c /afs/localcell/cm/gv2.6/sysname/pkg.@sys/qct/software/llvm/release/arm/3.5.2.4/tools/lib32/lib/libc.a(isxdigit.o)
                0x00029c30                isxdigit
                0x00029c58                __isxdigit_l
                0x00029c58                isxdigit_l
 .text          0x00029c5c       0x30 /afs/localcell/cm/gv2.6/sysname/pkg.@sys/qct/software/llvm/release/arm/3.5.2.4/tools/lib32/lib/libc.a(printf.o)
                0x00029c5c                printf
 .text          0x00029c8c       0x12 /afs/localcell/cm/gv2.6/sysname/pkg.@sys/qct/software/llvm/release/arm/3.5.2.4/tools/lib32/lib/libc.a(__stdio_close.o)
                0x00029c8c                __stdio_close
 *fill*         0x00029c9e        0x2 
 .text          0x00029ca0       0x38 /afs/localcell/cm/gv2.6/sysname/pkg.@sys/qct/software/llvm/release/arm/3.5.2.4/tools/lib32/lib/libc.a(__stdio_seek.o)
                0x00029ca0                __stdio_seek
 .text          0x00029cd8       0x44 /afs/localcell/cm/gv2.6/sysname/pkg.@sys/qct/software/llvm/release/arm/3.5.2.4/tools/lib32/lib/libc.a(__stdout_write.o)
                0x00029cd8                __stdout_write
 .text          0x00029d1c       0xe8 /afs/localcell/cm/gv2.6/sysname/pkg.@sys/qct/software/llvm/release/arm/3.5.2.4/tools/lib32/lib/libc.a(__stdio_write.o)
                0x00029d1c                __stdio_write
 .text          0x00029e04       0x20 /afs/localcell/cm/gv2.6/sysname/pkg.@sys/qct/software/llvm/release/arm/3.5.2.4/tools/lib32/lib/libc.a(__syscall_cp.o)
                0x00029e04                __syscall_cp_c
                0x00029e20                __syscall_cp
 .text          0x00029e24       0x26 /afs/localcell/cm/gv2.6/sysname/pkg.@sys/qct/software/llvm/release/arm/3.5.2.4/tools/lib32/lib/libc.a(pthread_cleanup_push.o)
                0x00029e24                __do_cleanup_push
                0x00029e24                __do_cleanup_pop
                0x00029e28                _pthread_cleanup_push
                0x00029e30                _pthread_cleanup_pop
 *fill*         0x00029e4a        0x2 
 .text          0x00029e4c       0xc8 /afs/localcell/cm/gv2.6/sysname/pkg.@sys/qct/software/llvm/release/arm/3.5.2.4/tools/lib32/lib/libc.a(__lockfile.o)
                0x00029e4c                __lockfile
                0x00029ec8                __unlockfile
 *(SORT(tzapp_syscall_asm))
 *fill*         0x00029f14       0xec 
 tzapp_syscall_asm
                0x0002a000       0x88 /local/mnt/workspace/CRMBuilds/TZ.BF.4.0.3.c1-00005-M8996AAAAANAZT-1_20170110_230814/b/HK11/trustzone_images/core/securemsm/trustzone/qsapps/libs/applib/qsee/build/gpsample/scorpion/IADAANAA/gpapp_lib.lib(tzapp_syscall.o)
                0x0002a000                app_export_init_info_to_qsee
                0x0002a038                qsee_wait_default_signal_syscall
                0x0002a064                qsee_generic_syscall
 tzapp_syscall_asm.__stub
                0x0002a088       0x20 linker stubs
 *(SORT(.rodata))
 *fill*         0x0002a0a8        0x8 
 .rodata        0x0002a0b0       0x3c /local/mnt/workspace/CRMBuilds/TZ.BF.4.0.3.c1-00005-M8996AAAAANAZT-1_20170110_230814/b/HK11/trustzone_images/core/securemsm/trustzone/qsapps/libs/applib/gp/build/gpsample/scorpion/IADAANAA/gpapp_lib.lib(gpAppLibMain.o)
 *fill*         0x0002a0ec        0x4 
 .rodata        0x0002a0f0       0x30 /local/mnt/workspace/CRMBuilds/TZ.BF.4.0.3.c1-00005-M8996AAAAANAZT-1_20170110_230814/b/HK11/trustzone_images/core/securemsm/trustzone/qsapps/libs/applib/qsee/build/gpsample/scorpion/IADAANAA/gpapp_lib.lib(qsee_cipher.o)
 .rodata        0x0002a120       0x14 /local/mnt/workspace/CRMBuilds/TZ.BF.4.0.3.c1-00005-M8996AAAAANAZT-1_20170110_230814/b/HK11/trustzone_images/apps/securemsm/trustzone/qsapps/gpsample/build/gpsample/scorpion/IADAANAA/metadata.o
                0x0002a120                TA_UUID
                0x0002a130                TA_ACCEPT_BUF_SIZE
 .rodata        0x0002a134       0x14 /local/mnt/workspace/CRMBuilds/TZ.BF.4.0.3.c1-00005-M8996AAAAANAZT-1_20170110_230814/b/HK11/trustzone_images/core/securemsm/trustzone/qsapps/libs/applib/gp/build/gpsample/scorpion/IADAANAA/gpapp_lib.lib(gpSessionMgmt.o)
 .rodata        0x0002a148        0x4 /local/mnt/workspace/CRMBuilds/TZ.BF.4.0.3.c1-00005-M8996AAAAANAZT-1_20170110_230814/b/HK11/trustzone_images/core/securemsm/trustzone/qsapps/libs/applib/gp/build/gpsample/scorpion/IADAANAA/gpapp_lib.lib(gpTime.o)
                0x0002a148                timeMagicNum
 .rodata        0x0002a14c        0xc /local/mnt/workspace/CRMBuilds/TZ.BF.4.0.3.c1-00005-M8996AAAAANAZT-1_20170110_230814/b/HK11/trustzone_images/core/securemsm/trustzone/qsapps/libs/applib/qsee/build/gpsample/scorpion/IADAANAA/gpapp_lib.lib(qsee_hash.o)
 .rodata        0x0002a158      0x114 /local/mnt/workspace/CRMBuilds/TZ.BF.4.0.3.c1-00005-M8996AAAAANAZT-1_20170110_230814/b/HK11/trustzone_images/core/securemsm/secarith/build/gpsample/scorpion/IADAANAA/secarith.lib(bn_lib.o)
                0x0002a158                BN_version
 .rodata        0x0002a26c     0x1000 /local/mnt/workspace/CRMBuilds/TZ.BF.4.0.3.c1-00005-M8996AAAAANAZT-1_20170110_230814/b/HK11/trustzone_images/core/securemsm/secarith/build/gpsample/scorpion/IADAANAA/secarith.lib(bn_prime.o)
 .rodata        0x0002b26c       0x41 /local/mnt/workspace/CRMBuilds/TZ.BF.4.0.3.c1-00005-M8996AAAAANAZT-1_20170110_230814/b/HK11/trustzone_images/core/securemsm/trustzone/qsapps/libs/applib/gp/build/gpsample/scorpion/IADAANAA/gpapp_lib.lib(gpUtils.o)
                0x0002b26c                base64CharSet
 .rodata        0x0002b2ad      0x1d0 /local/mnt/workspace/CRMBuilds/TZ.BF.4.0.3.c1-00005-M8996AAAAANAZT-1_20170110_230814/b/HK11/trustzone_images/core/securemsm/trustzone/qsee/mink/libstd/build/gpsample/scorpion/IADAANAA/libstd.lib(printf.o)
 .rodata        0x0002b47d       0x20 /afs/localcell/cm/gv2.6/sysname/pkg.@sys/qct/software/llvm/release/arm/3.5.2.4/tools/lib32/lib/libc.a(malloc.o)
 .rodata        0x0002b49d       0x80 /local/mnt/workspace/CRMBuilds/TZ.BF.4.0.3.c1-00005-M8996AAAAANAZT-1_20170110_230814/b/HK11/trustzone_images/core/securemsm/secarith/build/gpsample/scorpion/IADAANAA/secarith.lib(qbn_xbgcd.o)
 *(SORT(EXCLUDE_FILE(*metadata.o) .rodata.*))
 .rodata.str1.1
                0x0002b51d      0x25b /local/mnt/workspace/CRMBuilds/TZ.BF.4.0.3.c1-00005-M8996AAAAANAZT-1_20170110_230814/b/HK11/trustzone_images/apps/securemsm/trustzone/qsapps/gpsample/build/gpsample/scorpion/IADAANAA/gpsample.o
 .rodata.str1.1
                0x0002b778        0x7 /local/mnt/workspace/CRMBuilds/TZ.BF.4.0.3.c1-00005-M8996AAAAANAZT-1_20170110_230814/b/HK11/trustzone_images/core/securemsm/trustzone/qsapps/libs/applib/common_applib/build/gpsample/scorpion/IADAANAA/gpapp_lib.lib(common_applib.o)
                                  0x9 (size before relaxing)
 .rodata.str1.1
                0x0002b77f      0xb09 /local/mnt/workspace/CRMBuilds/TZ.BF.4.0.3.c1-00005-M8996AAAAANAZT-1_20170110_230814/b/HK11/trustzone_images/core/securemsm/trustzone/qsapps/libs/applib/gp/build/gpsample/scorpion/IADAANAA/gpapp_lib.lib(gpCrypto.o)
                                0xb64 (size before relaxing)
 .rodata.str1.1
                0x0002c288      0x116 /local/mnt/workspace/CRMBuilds/TZ.BF.4.0.3.c1-00005-M8996AAAAANAZT-1_20170110_230814/b/HK11/trustzone_images/core/securemsm/trustzone/qsapps/libs/applib/gp/build/gpsample/scorpion/IADAANAA/gpapp_lib.lib(gpGenericObjects.o)
                                0x149 (size before relaxing)
 .rodata.str1.1
                0x0002c39e      0x246 /local/mnt/workspace/CRMBuilds/TZ.BF.4.0.3.c1-00005-M8996AAAAANAZT-1_20170110_230814/b/HK11/trustzone_images/core/securemsm/trustzone/qsapps/libs/applib/gp/build/gpsample/scorpion/IADAANAA/gpapp_lib.lib(gpMemoryMgmt.o)
                                0x25e (size before relaxing)
 .rodata.str1.1
                0x0002c5e4       0x2b /local/mnt/workspace/CRMBuilds/TZ.BF.4.0.3.c1-00005-M8996AAAAANAZT-1_20170110_230814/b/HK11/trustzone_images/core/securemsm/trustzone/qsapps/libs/applib/gp/build/gpsample/scorpion/IADAANAA/gpapp_lib.lib(gpPanics.o)
 .rodata.str1.1
                0x0002c60f      0x51a /local/mnt/workspace/CRMBuilds/TZ.BF.4.0.3.c1-00005-M8996AAAAANAZT-1_20170110_230814/b/HK11/trustzone_images/core/securemsm/trustzone/qsapps/libs/applib/gp/build/gpsample/scorpion/IADAANAA/gpapp_lib.lib(gpSessionMgmt.o)
                                0x54f (size before relaxing)
 .rodata.str1.1
                0x0002cb29      0x332 /local/mnt/workspace/CRMBuilds/TZ.BF.4.0.3.c1-00005-M8996AAAAANAZT-1_20170110_230814/b/HK11/trustzone_images/core/securemsm/trustzone/qsapps/libs/applib/gp/build/gpsample/scorpion/IADAANAA/gpapp_lib.lib(gpTransientObjects.o)
                                0x3bd (size before relaxing)
 .rodata.str1.1
                0x0002ce5b      0x2a6 /local/mnt/workspace/CRMBuilds/TZ.BF.4.0.3.c1-00005-M8996AAAAANAZT-1_20170110_230814/b/HK11/trustzone_images/core/securemsm/trustzone/qsapps/libs/applib/gp/build/gpsample/scorpion/IADAANAA/gpapp_lib.lib(gpAppLibMain.o)
                                0x2c1 (size before relaxing)
 .rodata.str1.1
                0x0002d101      0x789 /local/mnt/workspace/CRMBuilds/TZ.BF.4.0.3.c1-00005-M8996AAAAANAZT-1_20170110_230814/b/HK11/trustzone_images/core/securemsm/trustzone/qsapps/libs/applib/gp/build/gpsample/scorpion/IADAANAA/gpapp_lib.lib(gpPropertyAccess.o)
 .rodata.str1.1
                0x0002d88a      0x33c /local/mnt/workspace/CRMBuilds/TZ.BF.4.0.3.c1-00005-M8996AAAAANAZT-1_20170110_230814/b/HK11/trustzone_images/core/securemsm/trustzone/qsapps/libs/applib/gp/build/gpsample/scorpion/IADAANAA/gpapp_lib.lib(gpTime.o)
                                0x36f (size before relaxing)
 .rodata.str1.1
                0x0002dbc6      0x21c /local/mnt/workspace/CRMBuilds/TZ.BF.4.0.3.c1-00005-M8996AAAAANAZT-1_20170110_230814/b/HK11/trustzone_images/core/securemsm/trustzone/qsapps/libs/applib/gp/build/gpsample/scorpion/IADAANAA/gpapp_lib.lib(gpUtils.o)
                                0x25c (size before relaxing)
 .rodata.str1.1
                0x0002dde2       0xe5 /local/mnt/workspace/CRMBuilds/TZ.BF.4.0.3.c1-00005-M8996AAAAANAZT-1_20170110_230814/b/HK11/trustzone_images/core/securemsm/trustzone/qsapps/libs/applib/qsee/build/gpsample/scorpion/IADAANAA/gpapp_lib.lib(qsee_shared_buffer.o)
 .rodata.str1.1
                0x0002dec7       0x11 /local/mnt/workspace/CRMBuilds/TZ.BF.4.0.3.c1-00005-M8996AAAAANAZT-1_20170110_230814/b/HK11/trustzone_images/core/securemsm/trustzone/qsee/mink/libstd/build/gpsample/scorpion/IADAANAA/libstd.lib(printf.o)
 .rodata.cst16  0x0002ded8       0x10 /local/mnt/workspace/CRMBuilds/TZ.BF.4.0.3.c1-00005-M8996AAAAANAZT-1_20170110_230814/b/HK11/trustzone_images/core/securemsm/trustzone/qsee/mink/libstd/build/gpsample/scorpion/IADAANAA/libstd.lib(printf.o)
 .rodata.str1.1
                0x0002dee8       0x10 /local/mnt/workspace/CRMBuilds/TZ.BF.4.0.3.c1-00005-M8996AAAAANAZT-1_20170110_230814/b/HK11/trustzone_images/core/securemsm/secarith/build/gpsample/scorpion/IADAANAA/secarith.lib(bn_lib.o)
 .rodata.str1.1
                0x0002def8       0x11 /local/mnt/workspace/CRMBuilds/TZ.BF.4.0.3.c1-00005-M8996AAAAANAZT-1_20170110_230814/b/HK11/trustzone_images/core/securemsm/secarith/build/gpsample/scorpion/IADAANAA/secarith.lib(bn_print.o)
 .rodata.str1.1
                0x0002df09       0xb1 /local/mnt/workspace/CRMBuilds/TZ.BF.4.0.3.c1-00005-M8996AAAAANAZT-1_20170110_230814/b/HK11/trustzone_images/core/securemsm/trustzone/qsapps/libs/applib/common_applib/build/gpsample/scorpion/IADAANAA/gpapp_lib.lib(gpPersistObjCommon.o)
                                 0xcb (size before relaxing)
 .rodata.str1.1
                0x0002dfba      0x172 /local/mnt/workspace/CRMBuilds/TZ.BF.4.0.3.c1-00005-M8996AAAAANAZT-1_20170110_230814/b/HK11/trustzone_images/core/securemsm/trustzone/qsapps/libs/applib/common_applib/build/gpsample/scorpion/IADAANAA/gpapp_lib.lib(gpPersistentObjects.o)
                                0x18a (size before relaxing)
 .rodata.str1.1
                0x0002e12c      0x31c /local/mnt/workspace/CRMBuilds/TZ.BF.4.0.3.c1-00005-M8996AAAAANAZT-1_20170110_230814/b/HK11/trustzone_images/core/securemsm/trustzone/qsapps/libs/applib/common_applib/build/gpsample/scorpion/IADAANAA/gpapp_lib.lib(gpPersistObjData.o)
                                0x334 (size before relaxing)
 .rodata.str1.1
                0x0002e448       0xcc /local/mnt/workspace/CRMBuilds/TZ.BF.4.0.3.c1-00005-M8996AAAAANAZT-1_20170110_230814/b/HK11/trustzone_images/core/securemsm/trustzone/qsapps/libs/applib/common_applib/build/gpsample/scorpion/IADAANAA/gpapp_lib.lib(gpPersistObjHandler.o)
                                 0xe4 (size before relaxing)
 .rodata.str1.1
                0x0002e514      0x182 /local/mnt/workspace/CRMBuilds/TZ.BF.4.0.3.c1-00005-M8996AAAAANAZT-1_20170110_230814/b/HK11/trustzone_images/core/securemsm/trustzone/qsapps/libs/applib/common_applib/build/gpsample/scorpion/IADAANAA/gpapp_lib.lib(gpPersistObjIndex.o)
                                0x19f (size before relaxing)
 .rodata.str1.1
                0x0002e696      0x1e5 /local/mnt/workspace/CRMBuilds/TZ.BF.4.0.3.c1-00005-M8996AAAAANAZT-1_20170110_230814/b/HK11/trustzone_images/core/securemsm/trustzone/qsapps/libs/applib/common_applib/build/gpsample/scorpion/IADAANAA/gpapp_lib.lib(gpPersistObjVersion.o)
                                0x202 (size before relaxing)
 .rodata.str1.1
                0x0002e87b       0x69 /local/mnt/workspace/CRMBuilds/TZ.BF.4.0.3.c1-00005-M8996AAAAANAZT-1_20170110_230814/b/HK11/trustzone_images/core/securemsm/trustzone/qsapps/libs/applib/common_applib/build/gpsample/scorpion/IADAANAA/gpapp_lib.lib(gpList.o)
                                 0x91 (size before relaxing)
 .rodata.str1.1
                0x0002e8e4      0x163 /local/mnt/workspace/CRMBuilds/TZ.BF.4.0.3.c1-00005-M8996AAAAANAZT-1_20170110_230814/b/HK11/trustzone_images/core/securemsm/trustzone/qsapps/libs/applib/common_applib/build/gpsample/scorpion/IADAANAA/gpapp_lib.lib(gpPersistObjCrypto.o)
                                0x17b (size before relaxing)
 .rodata.str1.1
                0x0002ea47       0x9a /local/mnt/workspace/CRMBuilds/TZ.BF.4.0.3.c1-00005-M8996AAAAANAZT-1_20170110_230814/b/HK11/trustzone_images/core/securemsm/trustzone/qsapps/libs/applib/common_applib/build/gpsample/scorpion/IADAANAA/gpapp_lib.lib(gpPersistObjFileIO.o)
                                 0xb2 (size before relaxing)
 .rodata.str1.1
                0x0002eae1       0x31 /local/mnt/workspace/CRMBuilds/TZ.BF.4.0.3.c1-00005-M8996AAAAANAZT-1_20170110_230814/b/HK11/trustzone_images/core/securemsm/trustzone/qsapps/libs/applib/common_applib/build/gpsample/scorpion/IADAANAA/gpapp_lib.lib(gpFileService.o)
                                 0x49 (size before relaxing)
 .rodata.str1.1
                0x00000000       0x31 /local/mnt/workspace/CRMBuilds/TZ.BF.4.0.3.c1-00005-M8996AAAAANAZT-1_20170110_230814/b/HK11/trustzone_images/core/securemsm/trustzone/qsapps/libs/applib/qsee/build/gpsample/scorpion/IADAANAA/gpapp_lib.lib(qsee_core_shim.o)
                                  0x1 (size before relaxing)
 *metadata.o(SORT(.rodata.str1.1))
 .rodata.str1.1
                0x0002eb12        0x9 /local/mnt/workspace/CRMBuilds/TZ.BF.4.0.3.c1-00005-M8996AAAAANAZT-1_20170110_230814/b/HK11/trustzone_images/apps/securemsm/trustzone/qsapps/gpsample/build/gpsample/scorpion/IADAANAA/metadata.o

.glue_7         0x0002eb1c        0x0
 .glue_7        0x00000000        0x0 linker stubs

.glue_7t        0x0002eb1c        0x0
 .glue_7t       0x00000000        0x0 linker stubs

.vfp11_veneer   0x0002eb1c        0x0
 .vfp11_veneer  0x00000000        0x0 linker stubs

.v4_bx          0x0002eb1c        0x0
 .v4_bx         0x00000000        0x0 linker stubs

.dynbss         0x0002eb1b        0x0
 .dynbss        0x00000000        0x0 /local/mnt/workspace/CRMBuilds/TZ.BF.4.0.3.c1-00005-M8996AAAAANAZT-1_20170110_230814/b/HK11/trustzone_images/core/securemsm/trustzone/qsapps/libs/applib/qsee/build/gpsample/scorpion/IADAANAA/src/tzapp_entry.o

.plt            0x0002eb1c        0x0
 .plt           0x00000000        0x0 /local/mnt/workspace/CRMBuilds/TZ.BF.4.0.3.c1-00005-M8996AAAAANAZT-1_20170110_230814/b/HK11/trustzone_images/core/securemsm/trustzone/qsapps/libs/applib/qsee/build/gpsample/scorpion/IADAANAA/src/tzapp_entry.o

.iplt           0x0002eb1c        0x0
 .iplt          0x00000000        0x0 /local/mnt/workspace/CRMBuilds/TZ.BF.4.0.3.c1-00005-M8996AAAAANAZT-1_20170110_230814/b/HK11/trustzone_images/core/securemsm/trustzone/qsapps/libs/applib/qsee/build/gpsample/scorpion/IADAANAA/src/tzapp_entry.o

.sentinel       0x0002eb1b       0x4d
 *(SORT(.rodata.sentinel))
 .rodata.sentinel
                0x0002eb1b       0x4d /local/mnt/workspace/CRMBuilds/TZ.BF.4.0.3.c1-00005-M8996AAAAANAZT-1_20170110_230814/b/HK11/trustzone_images/apps/securemsm/trustzone/qsapps/gpsample/build/gpsample/scorpion/IADAANAA/metadata.o
                0x0002eb1b                TA_METADATA
                0x0002eb68                Image$$GP_APP_CODE$$Limit = .
                0x00000001                ASSERT ((SIZEOF (.sentinel) != 0x0), No sentinel section defined.)
                0x0002eb68                Image$$GP_APP_CODE$$Length = (Image$$GP_APP_CODE$$Limit - Image$$GP_APP_CODE$$Base)

.metadata_check
                0x0002eb68        0x0
 *metadata.o(SORT(.rodata.*))
                0x00000001                ASSERT ((SIZEOF (.metadata_check) == 0x0), New metadata not accounted for here)

.data           0x0002f000     0x919c
                0x0002f000                Image$$GP_APP_RW$$Base = .
 *(SORT(.data) SORT(TZAPPENTRYSTACK) SORT(.bss) SORT(COMMON))
 TZAPPENTRYSTACK
                0x0002f000       0x80 /local/mnt/workspace/CRMBuilds/TZ.BF.4.0.3.c1-00005-M8996AAAAANAZT-1_20170110_230814/b/HK11/trustzone_images/core/securemsm/trustzone/qsapps/libs/applib/qsee/build/gpsample/scorpion/IADAANAA/src/tzapp_entry.o
 .data          0x0002f080      0x240 /local/mnt/workspace/CRMBuilds/TZ.BF.4.0.3.c1-00005-M8996AAAAANAZT-1_20170110_230814/b/HK11/trustzone_images/core/securemsm/trustzone/qsapps/libs/applib/common_applib/build/gpsample/scorpion/IADAANAA/gpapp_lib.lib(common_applib.o)
                0x0002f080                magic_num
                0x0002f094                magic_num_index_array
                0x0002f0a0                mem_magic_number
                0x0002f0ac                __stack_chk_guard
 .bss           0x0002f2c0       0x88 /local/mnt/workspace/CRMBuilds/TZ.BF.4.0.3.c1-00005-M8996AAAAANAZT-1_20170110_230814/b/HK11/trustzone_images/core/securemsm/trustzone/qsapps/libs/applib/common_applib/build/gpsample/scorpion/IADAANAA/gpapp_lib.lib(common_applib.o)
                0x0002f2c0                pgCmnlib
 *fill*         0x0002f348        0x8 
 .bss           0x0002f350      0x140 /local/mnt/workspace/CRMBuilds/TZ.BF.4.0.3.c1-00005-M8996AAAAANAZT-1_20170110_230814/b/HK11/trustzone_images/core/securemsm/trustzone/qsapps/libs/applib/qsee/build/gpsample/scorpion/IADAANAA/gpapp_lib.lib(qsee_env.o)
 .bss           0x0002f490      0x430 /afs/localcell/cm/gv2.6/sysname/pkg.@sys/qct/software/llvm/release/arm/3.5.2.4/tools/lib32/lib/libc.a(malloc.o)
 .bss           0x0002f8c0       0x14 /local/mnt/workspace/CRMBuilds/TZ.BF.4.0.3.c1-00005-M8996AAAAANAZT-1_20170110_230814/b/HK11/trustzone_images/core/securemsm/secarith/build/gpsample/scorpion/IADAANAA/secarith.lib(bn_print.o)
 *fill*         0x0002f8d4        0xc 
 .bss           0x0002f8e0     0x1044 /local/mnt/workspace/CRMBuilds/TZ.BF.4.0.3.c1-00005-M8996AAAAANAZT-1_20170110_230814/b/HK11/trustzone_images/core/securemsm/trustzone/qsapps/libs/applib/common_applib/build/gpsample/scorpion/IADAANAA/gpapp_lib.lib(gpPersistObjData.o)
 *fill*         0x00030924        0xc 