Archive member included because of file (symbol)

/local/mnt/workspace/CRMBuilds/TZ.BF.4.0.3.c1-00005-M8996AAAAANAZT-1_20170110_230814/b/HK11/trustzone_images/core/securemsm/trustzone/qsapps/libs/applib/common_applib/build/qpay/scorpion/IADAANAA/tzapp_entrylib.lib(common_applib.o)
                              /local/mnt/workspace/CRMBuilds/TZ.BF.4.0.3.c1-00005-M8996AAAAANAZT-1_20170110_230814/b/HK11/trustzone_images/core/securemsm/trustzone/qsapps/libs/applib/qsee/build/qpay/scorpion/IADAANAA/src/tzapp_entry.o (get_app_md)
/local/mnt/workspace/CRMBuilds/TZ.BF.4.0.3.c1-00005-M8996AAAAANAZT-1_20170110_230814/b/HK11/trustzone_images/core/securemsm/trustzone/qsapps/libs/applib/qsee/build/qpay/scorpion/IADAANAA/tzapp_entrylib.lib(mink_shared_code.o)
                              /local/mnt/workspace/CRMBuilds/TZ.BF.4.0.3.c1-00005-M8996AAAAANAZT-1_20170110_230814/b/HK11/trustzone_images/core/securemsm/trustzone/qsapps/libs/applib/common_applib/build/qpay/scorpion/IADAANAA/tzapp_entrylib.lib(common_applib.o) (minkIPC)
/local/mnt/workspace/CRMBuilds/TZ.BF.4.0.3.c1-00005-M8996AAAAANAZT-1_20170110_230814/b/HK11/trustzone_images/core/securemsm/trustzone/qsapps/libs/applib/qsee/build/qpay/scorpion/IADAANAA/tzapp_entrylib.lib(qsee_env.o)
                              /local/mnt/workspace/CRMBuilds/TZ.BF.4.0.3.c1-00005-M8996AAAAANAZT-1_20170110_230814/b/HK11/trustzone_images/core/securemsm/trustzone/qsapps/libs/applib/common_applib/build/qpay/scorpion/IADAANAA/tzapp_entrylib.lib(common_applib.o) (qsee_open)
/local/mnt/workspace/CRMBuilds/TZ.BF.4.0.3.c1-00005-M8996AAAAANAZT-1_20170110_230814/b/HK11/trustzone_images/core/securemsm/trustzone/qsapps/libs/applib/qsee/build/qpay/scorpion/IADAANAA/tzapp_entrylib.lib(qsee_prng.o)
                              /local/mnt/workspace/CRMBuilds/TZ.BF.4.0.3.c1-00005-M8996AAAAANAZT-1_20170110_230814/b/HK11/trustzone_images/core/securemsm/trustzone/qsapps/libs/applib/common_applib/build/qpay/scorpion/IADAANAA/tzapp_entrylib.lib(common_applib.o) (qsee_prng_getdata)
/local/mnt/workspace/CRMBuilds/TZ.BF.4.0.3.c1-00005-M8996AAAAANAZT-1_20170110_230814/b/HK11/trustzone_images/core/securemsm/trustzone/qsapps/libs/applib/qsee/build/qpay/scorpion/IADAANAA/tzapp_entrylib.lib(tzapp_syscall.o)
                              /local/mnt/workspace/CRMBuilds/TZ.BF.4.0.3.c1-00005-M8996AAAAANAZT-1_20170110_230814/b/HK11/trustzone_images/core/securemsm/trustzone/qsapps/libs/applib/qsee/build/qpay/scorpion/IADAANAA/src/tzapp_entry.o (app_export_init_info_to_qsee)
/local/mnt/workspace/CRMBuilds/TZ.BF.4.0.3.c1-00005-M8996AAAAANAZT-1_20170110_230814/b/HK11/trustzone_images/core/securemsm/trustzone/qsapps/libs/applib/qsee/build/qpay/scorpion/IADAANAA/tzapp_entrylib.lib(tzapp_lib_main.o)
                              /local/mnt/workspace/CRMBuilds/TZ.BF.4.0.3.c1-00005-M8996AAAAANAZT-1_20170110_230814/b/HK11/trustzone_images/core/securemsm/trustzone/qsapps/libs/applib/common_applib/build/qpay/scorpion/IADAANAA/tzapp_entrylib.lib(common_applib.o) (CApp_invoke)
/local/mnt/workspace/CRMBuilds/TZ.BF.4.0.3.c1-00005-M8996AAAAANAZT-1_20170110_230814/b/HK11/trustzone_images/core/securemsm/trustzone/qsapps/libs/applib/qsee/build/qpay/scorpion/IADAANAA/tzapp_entrylib.lib(kthread_shared.o)
                              /local/mnt/workspace/CRMBuilds/TZ.BF.4.0.3.c1-00005-M8996AAAAANAZT-1_20170110_230814/b/HK11/trustzone_images/core/securemsm/trustzone/qsapps/libs/applib/qsee/build/qpay/scorpion/IADAANAA/tzapp_entrylib.lib(mink_shared_code.o) (mink_generic_syscall)
/local/mnt/workspace/CRMBuilds/TZ.BF.4.0.3.c1-00005-M8996AAAAANAZT-1_20170110_230814/b/HK11/trustzone_images/core/securemsm/trustzone/qsee/mink/libstd/build/qpay/scorpion/IADAANAA/libstd.lib(secure_memset.o)
                              /local/mnt/workspace/CRMBuilds/TZ.BF.4.0.3.c1-00005-M8996AAAAANAZT-1_20170110_230814/b/HK11/trustzone_images/core/securemsm/trustzone/qsapps/libs/applib/common_applib/build/qpay/scorpion/IADAANAA/tzapp_entrylib.lib(common_applib.o) (secure_memset)
/local/mnt/workspace/CRMBuilds/TZ.BF.4.0.3.c1-00005-M8996AAAAANAZT-1_20170110_230814/b/HK11/trustzone_images/core/securemsm/trustzone/qsee/mink/libstd/build/qpay/scorpion/IADAANAA/libstd.lib(strlen.o)
                              /local/mnt/workspace/CRMBuilds/TZ.BF.4.0.3.c1-00005-M8996AAAAANAZT-1_20170110_230814/b/HK11/trustzone_images/core/securemsm/trustzone/qsapps/libs/applib/common_applib/build/qpay/scorpion/IADAANAA/tzapp_entrylib.lib(common_applib.o) (strlen)
/local/mnt/workspace/CRMBuilds/TZ.BF.4.0.3.c1-00005-M8996AAAAANAZT-1_20170110_230814/b/HK11/trustzone_images/core/securemsm/trustzone/qsee/mink/libstd/build/qpay/scorpion/IADAANAA/libstd.lib(printf.o)
                              /local/mnt/workspace/CRMBuilds/TZ.BF.4.0.3.c1-00005-M8996AAAAANAZT-1_20170110_230814/b/HK11/trustzone_images/core/securemsm/trustzone/qsapps/libs/applib/qsee/build/qpay/scorpion/IADAANAA/tzapp_entrylib.lib(qsee_env.o) (vsnprintf)
[...]
Memory Configuration

Name             Origin             Length             Attributes
*default*        0x00000000         0xffffffff

Linker script and memory map


.text           0x00000000     0xbe00
 *\tzapp_entry.o(SORT(TZAPPENTRYCODE))
 TZAPPENTRYCODE
                0x00000000       0x4c /local/mnt/workspace/CRMBuilds/TZ.BF.4.0.3.c1-00005-M8996AAAAANAZT-1_20170110_230814/b/HK11/trustzone_images/core/securemsm/trustzone/qsapps/libs/applib/qsee/build/qpay/scorpion/IADAANAA/src/tzapp_entry.o
                0x00000000                __main
                0x00000000                TZAPPENTRY
                0x00000000                _main
                0x0000003c                get_cmnlib_ctx_ptr
 *(SORT(.text) SORT(.text.*) SORT(kthread_shared))
 .text          0x0000004c      0x704 /local/mnt/workspace/CRMBuilds/TZ.BF.4.0.3.c1-00005-M8996AAAAANAZT-1_20170110_230814/b/HK11/trustzone_images/core/securemsm/trustzone/qsapps/libs/applib/common_applib/build/qpay/scorpion/IADAANAA/tzapp_entrylib.lib(common_applib.o)
                0x0000004c                qsee_err_fatal
                0x0000006c                platform_err_fatal
                0x00000070                platform_get_random
                0x00000074                __stack_chk_fail
                0x00000078                _sys_command_string
                0x00000084                get_app_req_resp
                0x00000090                qsee_read_register
                0x000000b0                qsee_request_service
                0x0000010c                qsee_prepare_shared_buf_for_nosecure_read
                0x0000012c                qsee_prepare_shared_buf_for_secure_read
                0x0000014c                qsee_set_global_flag
                0x0000016c                qsee_get_global_flag
                0x0000018c                qsee_oem_process_cmd
                0x000001b0                qsee_enforce_hdmi_hdcp_encryption
                0x000001d0                qsee_write_hdcp2p2_key_riv_enable
                0x000001f4                qsee_read_hdcp2p2_min_encryption_level
                0x00000214                qsee_write_hdcp2p2_min_encryption_level
                0x00000234                qsee_get_hdcp_min_enc_level
                0x00000254                qsee_set_hdcp_min_enc_level
                0x00000274                qsee_write_hdcp1_key
                0x00000294                qsee_set_hdcp_cpi_assert
                0x000002b4                qsee_get_secure_state
                0x000002d4                qsee_malloc
                0x000002dc                qsee_realloc
                0x000002f0                qsee_realloc_common
                0x0000036c                qsee_free
                0x0000039c                qsee_cmnlib_malloc
                0x000003d0                qsee_cmnlib_free
                0x00000400                tzlib_app_entry
                0x00000510                get_ta_app_name
                0x00000520                get_app_md
 .text.tz_module_open
                0x00000750        0xc /local/mnt/workspace/CRMBuilds/TZ.BF.4.0.3.c1-00005-M8996AAAAANAZT-1_20170110_230814/b/HK11/trustzone_images/core/securemsm/trustzone/qsapps/libs/applib/common_applib/build/qpay/scorpion/IADAANAA/tzapp_entrylib.lib(common_applib.o)
                0x00000750                tz_module_open
 .text          0x0000075c      0x256 /local/mnt/workspace/CRMBuilds/TZ.BF.4.0.3.c1-00005-M8996AAAAANAZT-1_20170110_230814/b/HK11/trustzone_images/core/securemsm/trustzone/qsapps/libs/applib/qsee/build/qpay/scorpion/IADAANAA/tzapp_entrylib.lib(mink_shared_code.o)
                0x0000075c                UThread_syscall
                0x0000077c                minkIPC
                0x0000087c                minkServerLoop
                0x00000990                minkServerEntry
 *fill*         0x000009b2        0x2 
 .text          0x000009b4      0x1cc /local/mnt/workspace/CRMBuilds/TZ.BF.4.0.3.c1-00005-M8996AAAAANAZT-1_20170110_230814/b/HK11/trustzone_images/core/securemsm/trustzone/qsapps/libs/applib/qsee/build/qpay/scorpion/IADAANAA/tzapp_entrylib.lib(qsee_env.o)
                0x000009b4                qsee_set_env
                0x000009d0                qsee_open
                0x00000a18                qsee_open_singleton
                0x00000b18                qsee_printf_ap
                0x00000b5c                qsee_printf
 .text          0x00000b80       0x32 /local/mnt/workspace/CRMBuilds/TZ.BF.4.0.3.c1-00005-M8996AAAAANAZT-1_20170110_230814/b/HK11/trustzone_images/core/securemsm/trustzone/qsapps/libs/applib/qsee/build/qpay/scorpion/IADAANAA/tzapp_entrylib.lib(qsee_prng.o)
                0x00000b80                qsee_prng_getdata
 *fill*         0x00000bb2        0x2 
 .text          0x00000bb4       0xdc /local/mnt/workspace/CRMBuilds/TZ.BF.4.0.3.c1-00005-M8996AAAAANAZT-1_20170110_230814/b/HK11/trustzone_images/core/securemsm/trustzone/qsapps/libs/applib/qsee/build/qpay/scorpion/IADAANAA/tzapp_entrylib.lib(tzapp_lib_main.o)
                0x00000bb4                get_app_stack_base
                0x00000bc0                get_app_stack_size
                0x00000bd8                get_app_heap_base
                0x00000be4                get_app_heap_size
                0x00000bfc                CApp_handleRequest
                0x00000c18                CApp_invoke
                0x00000c78                secure_app_init
                0x00000c84                secure_app_shutdown
 kthread_shared
                0x00000c90       0x2c /local/mnt/workspace/CRMBuilds/TZ.BF.4.0.3.c1-00005-M8996AAAAANAZT-1_20170110_230814/b/HK11/trustzone_images/core/securemsm/trustzone/qsapps/libs/applib/qsee/build/qpay/scorpion/IADAANAA/tzapp_entrylib.lib(kthread_shared.o)
                0x00000c90                mink_generic_syscall
 .text          0x00000cbc       0x18 /local/mnt/workspace/CRMBuilds/TZ.BF.4.0.3.c1-00005-M8996AAAAANAZT-1_20170110_230814/b/HK11/trustzone_images/core/securemsm/trustzone/qsee/mink/libstd/build/qpay/scorpion/IADAANAA/libstd.lib(secure_memset.o)
                0x00000cbc                secure_memset
 .text          0x00000cd4       0x44 /local/mnt/workspace/CRMBuilds/TZ.BF.4.0.3.c1-00005-M8996AAAAANAZT-1_20170110_230814/b/HK11/trustzone_images/core/securemsm/trustzone/qsee/mink/libstd/build/qpay/scorpion/IADAANAA/libstd.lib(strlen.o)
                0x00000cd4                strlen
 .text          0x00000d18      0xbf8 /local/mnt/workspace/CRMBuilds/TZ.BF.4.0.3.c1-00005-M8996AAAAANAZT-1_20170110_230814/b/HK11/trustzone_images/core/securemsm/trustzone/qsee/mink/libstd/build/qpay/scorpion/IADAANAA/libstd.lib(printf.o)
                0x00000d18                __towrite
                0x00000d54                __fwritex
                0x00000df8                vfprintf
                0x000016e8                vsnprintf
                0x0000178c                snprintf
 .text          0x00001910       0xa8 /local/mnt/workspace/CRMBuilds/TZ.BF.4.0.3.c1-00005-M8996AAAAANAZT-1_20170110_230814/b/HK11/trustzone_images/core/securemsm/trustzone/qsee/mink/libstd/build/qpay/scorpion/IADAANAA/libstd.lib(memchr.o)
                0x00001910                memchr
 .text          0x000019b8        0x4 /afs/localcell/cm/gv2.6/sysname/pkg.@sys/qct/software/llvm/release/arm/3.5.2.4/lib/clang/3.5.2/lib/linux/libclang_rt.builtins-arm.a(aeabi_memcpy.S.o)
                0x000019b8                __aeabi_memcpy
                0x000019b8                __aeabi_memcpy4
                0x000019b8                __aeabi_memcpy8
 .text          0x000019bc       0x1c /afs/localcell/cm/gv2.6/sysname/pkg.@sys/qct/software/llvm/release/arm/3.5.2.4/lib/clang/3.5.2/lib/linux/libclang_rt.builtins-arm.a(aeabi_memset.S.o)
                0x000019bc                __aeabi_memset
                0x000019bc                __aeabi_memset8
                0x000019bc                __aeabi_memset4
                0x000019cc                __aeabi_memclr8
                0x000019cc                __aeabi_memclr
                0x000019cc                __aeabi_memclr4
 .text          0x000019d8       0x24 /afs/localcell/cm/gv2.6/sysname/pkg.@sys/qct/software/llvm/release/arm/3.5.2.4/lib/clang/3.5.2/lib/linux/libclang_rt.builtins-arm.a(aeabi_uldivmod.S.o)
                0x000019d8                __aeabi_uldivmod
 .text          0x000019fc      0x416 /afs/localcell/cm/gv2.6/sysname/pkg.@sys/qct/software/llvm/release/arm/3.5.2.4/lib/clang/3.5.2/lib/linux/libclang_rt.builtins-arm.a(udivmoddi4.c.o)
                0x000019fc                __udivmoddi4
 *fill*         0x00001e12        0x2 
 .text          0x00001e14      0x154 /afs/localcell/cm/gv2.6/sysname/pkg.@sys/qct/software/llvm/release/arm/3.5.2.4/lib/clang/3.5.2/lib/linux/libclang_rt.builtins-arm.a(udivsi3.c.o)
                0x00001e14                __udivsi3
                0x00001e14                __aeabi_uidiv
 .text          0x00001f68       0x18 /afs/localcell/cm/gv2.6/sysname/pkg.@sys/qct/software/llvm/release/arm/3.5.2.4/lib/clang/3.5.2/lib/linux/libclang_rt.builtins-arm.a(umoddi3.c.o)
                0x00001f68                __umoddi3
 .text          0x00001f80       0x10 /afs/localcell/cm/gv2.6/sysname/pkg.@sys/qct/software/llvm/release/arm/3.5.2.4/lib/clang/3.5.2/lib/linux/libclang_rt.builtins-arm.a(umodsi3.c.o)
                0x00001f80                __umodsi3
 .text          0x00001f90     0x12cc /local/mnt/workspace/CRMBuilds/TZ.BF.4.0.3.c1-00005-M8996AAAAANAZT-1_20170110_230814/b/HK11/trustzone_images/apps/securemsm/trustzone/qsapps/qpay/build/qpay/scorpion/IADAANAA/qpay_app.lib(app_main.o)
                0x00001f90                tz_app_init
                0x00001fc0                tz_app_cmd_handler
                0x00003140                tz_app_shutdown
 .text          0x0000325c       0x18 /local/mnt/workspace/CRMBuilds/TZ.BF.4.0.3.c1-00005-M8996AAAAANAZT-1_20170110_230814/b/HK11/trustzone_images/core/kernel/libstd/build/qpay/scorpion/IADAANAA/libstd.lib(memscpy.o)
                0x0000325c                memscpy
 .text          0x00003274      0x580 /local/mnt/workspace/CRMBuilds/TZ.BF.4.0.3.c1-00005-M8996AAAAANAZT-1_20170110_230814/b/HK11/trustzone_images/core/securemsm/trustzone/qsapps/libs/applib/proxy/build/qpay/scorpion/IADAANAA/tzlib_proxy.lib(prxy_services.o)
                0x00003274                qsee_kdf
                0x000032a8                qsee_log
                0x00003334                qsee_log_set_mask
                0x00003358                qsee_log_get_mask
                0x00003380                open
                0x000033c0                read
                0x000033ec                write
                0x00003418                close
                0x0000343c                lstat
                0x00003460                mkdir
                0x00003484                frename
                0x000034a8                opendir
                0x000034cc                readdir
                0x000034f0                rmdir
                0x00003514                testdir
                0x00003538                file_get_partition_free_size
                0x0000355c                fstat
                0x00003580                lseek
                0x000035ac                time_getsystime
                0x000035d0                time_getutcsec
                0x000035f4                time_is_leap_year
                0x00003618                remove
                0x0000363c                unlink
                0x00003660                link
                0x00003684                telldir
                0x000036a8                fsync
                0x000036cc                openat
                0x00003708                unlinkat
                0x00003734                fcntl
                0x00003774                creat
                0x00003798                file_dir_chown_chmod
                0x000037cc                get_error_number
 .text          0x000037f4     0x14d4 /local/mnt/workspace/CRMBuilds/TZ.BF.4.0.3.c1-00005-M8996AAAAANAZT-1_20170110_230814/b/HK11/trustzone_images/core/securemsm/trustzone/qsapps/libs/tee_se_api/build/qpay/scorpion/IADAANAA/lib_tee_se_api.lib(gp_tee_se_api.o)
                0x000037f4                TEE_SEServiceOpen
                0x00003838                TEE_SEServiceOpen_cc
                0x00003928                TEE_SEServiceClose
                0x00003a34                TEE_SESessionClose
                0x00003b50                TEE_SEServiceGetReaders
                0x00003c78                TEE_SEReaderGetProperties
                0x00003cc4                TEE_SEReaderGetName
                0x00003d70                TEE_SEReaderOpenSession
                0x00003e74                TEE_SEReaderCloseSessions
                0x00003ee8                TEE_SESessionCloseChannels
                0x00003f78                TEE_SESessionGetATR
                0x00003fe0                TEE_SESessionIsClosed
                0x0000403c                TEE_SESecureChannelClose
                0x00004094                TEE_SEChannelClose
                0x000040e0                TEE_SEChannelClose_cc
                0x000041e8                TEE_SESessionOpenBasicChannel
                0x00004278                TEE_SESessionOpenBasicChannel_cc
                0x000043a4                TEE_SESessionOpenLogicalChannel
                0x0000442c                TEE_SESessionOpenLogicalChannel_cc
                0x0000453c                TEE_SEChannelSelectNext
                0x00004598                TEE_SEChannelSelectNext_cc
                0x0000468c                TEE_SEChannelGetSelectResponse
                0x0000477c                TEE_SEChannelTransmit
                0x00004824                TEE_SEChannelTransmit_cc
                0x00004a58                TEE_SEChannelGetResponseLength
                0x00004af4                TEE_SESecureChannelOpen
                0x00004ba8                TEE_SESecureChannelOpen_cc
                0x00004c14                TEE_SESecureChannelGetSecurityLevel
                0x00004c64                TEE_SESecureChannelClose_cc
 .text          0x00004cc8     0x19ac /local/mnt/workspace/CRMBuilds/TZ.BF.4.0.3.c1-00005-M8996AAAAANAZT-1_20170110_230814/b/HK11/trustzone_images/core/securemsm/trustzone/qsapps/libs/tee_se_api/build/qpay/scorpion/IADAANAA/lib_tee_se_api.lib(tee_internal_se_api_helper.o)
                0x00004cc8                OpenBasicChannel
                0x00004da4                eSEServiceSpiOpen
                0x00004ee0                eseServiceWrite
                0x00005084                OpenLogicalChannel
                0x000052d8                encodeApdu
                0x000053ac                eseServiceTransceive
                0x0000552c                eseSetChannelNumber
                0x00005538                eseGetChannelNumber
                0x00005544                CloseChannel
                0x0000568c                selectNextApplet
                0x00005778                checkCmdApdu
                0x000058a8                setChannelToClassByte
                0x00005918                transmitCmdApdu
                0x00005aa4                debugPrint
                0x00005b24                isChannelSecured
                0x00005b58                translateToTeeError
                0x00005bb8                eSEServiceSpiClose
                0x00005c1c                eSEService_getATR
                0x00005c20                eSEService_getReaders
                0x00005c24                translateFromTeeError
                0x00005c84                VerifyReaderHandle
                0x00005ca4                VerifySessionHandle
                0x00005ce4                VerifySEAID
                0x00005d00                sendAcknowledge
                0x00005dbc                sendWtxResponse
                0x00005e8c                checkRapdu
                0x00006088                eseServiceRead
                0x000061b8                findChannelHandle
                0x000061e0                storeChannelInformation
                0x00006348                readFurtherResponse
                0x00006424                findReaderHandle
                0x000064d0                removeChannelFromSession
                0x0000652c                eseCreateChannelHandle
 .text          0x00006674      0x1d0 /local/mnt/workspace/CRMBuilds/TZ.BF.4.0.3.c1-00005-M8996AAAAANAZT-1_20170110_230814/b/HK11/trustzone_images/core/securemsm/trustzone/qsapps/libs/tee_se_api/build/qpay/scorpion/IADAANAA/lib_tee_se_api.lib(SCP.o)
                0x00006674                SCPCreate
                0x00006784                SCPDestroy
                0x000067a8                SCPStart
                0x000067e0                SCPProcessRAPDU
                0x00006810                SCPProcessCAPDU
 .text          0x00006844      0x6d8 /local/mnt/workspace/CRMBuilds/TZ.BF.4.0.3.c1-00005-M8996AAAAANAZT-1_20170110_230814/b/HK11/trustzone_images/core/securemsm/trustzone/qsapps/libs/tee_se_api/build/qpay/scorpion/IADAANAA/lib_tee_se_api.lib(SCP03.o)
                0x00006844                SCP03KDF
                0x000069a4                SCP03ApplyCAPDUENCMAC
                0x00006c08                SCP03CheckRAPDUDECMAC
                0x00006de4                SCP03Create
                0x00006e50                SCP03Destroy
                0x00006e80                SCP03Start
                0x00006eb4                SCP03ProcessRAPDU
                0x00006ee8                SCP03ProcessCAPDU
 .text          0x00006f1c      0x148 /local/mnt/workspace/CRMBuilds/TZ.BF.4.0.3.c1-00005-M8996AAAAANAZT-1_20170110_230814/b/HK11/trustzone_images/core/securemsm/trustzone/qsapps/libs/tee_se_api/build/qpay/scorpion/IADAANAA/lib_tee_se_api.lib(SCP11.o)
                0x00006f1c                SCP11Create
                0x00006f98                SCP11Destroy
                0x00006fc8                SCP11Start
                0x00006ffc                SCP11ProcessRAPDU
                0x00007030                SCP11ProcessCAPDU
 .text          0x00007064      0x5c8 /local/mnt/workspace/CRMBuilds/TZ.BF.4.0.3.c1-00005-M8996AAAAANAZT-1_20170110_230814/b/HK11/trustzone_images/core/securemsm/trustzone/qsapps/libs/tee_se_api/build/qpay/scorpion/IADAANAA/lib_tee_se_api.lib(SCPX.o)
                0x00007064                SCPXCreate
                0x0000711c                SCPXDestroy
                0x0000715c                SCPXStart
                0x00007290                SCPXProcessRAPDU
                0x0000730c                SCPXProcessCAPDU
                0x00007398                SCPXDeriveMasterKey
                0x00007444                SCPXProcessRAPDU_GenerateKey
                0x000074ec                SCPXProcessRAPDU_Authenticate
 .text          0x0000762c      0x13e /local/mnt/workspace/CRMBuilds/TZ.BF.4.0.3.c1-00005-M8996AAAAANAZT-1_20170110_230814/b/HK11/trustzone_images/core/securemsm/trustzone/qsapps/libs/tee_se_api/build/qpay/scorpion/IADAANAA/lib_tee_se_api.lib(ECC.o)
                0x0000762c                ECCInit
                0x00007678                ECCKeyPairGen
                0x00007694                ECDSASign
                0x000076bc                ECDSAVerify
                0x000076e4                ECDHDerive
                0x00007704                ECCBIGNUM2Bin
                0x0000772c                ECCBin2BIGNUM
                0x0000774c                ECCGetRandomBytes
 *fill*         0x0000776a        0x2 
 .text          0x0000776c      0x1c0 /local/mnt/workspace/CRMBuilds/TZ.BF.4.0.3.c1-00005-M8996AAAAANAZT-1_20170110_230814/b/HK11/trustzone_images/core/securemsm/trustzone/qsapps/libs/tee_se_api/build/qpay/scorpion/IADAANAA/lib_tee_se_api.lib(APDU.o)
                0x0000776c                APDUGetInfo
                0x000077e8                APDUGenerateKey
                0x00007810                APDUAuthenticate
                0x0000785c                APDUSetStatus
                0x000078e8                APDUGetData
 .text          0x0000792c      0x6a4 /local/mnt/workspace/CRMBuilds/TZ.BF.4.0.3.c1-00005-M8996AAAAANAZT-1_20170110_230814/b/HK11/trustzone_images/core/securemsm/trustzone/qsapps/libs/tee_se_api/build/qpay/scorpion/IADAANAA/lib_tee_se_api.lib(SCPUtils.o)
                0x0000792c                SCPMemCompare
                0x00007968                SCPAllocSession
                0x0000798c                SCPFreeSession
                0x000079b0                SCPExtractECCPrivateKey
                0x000079b8                SCPSHA256Digest
                0x000079dc                SCPAESStart
                0x00007a58                SCPAESEnd
                0x00007a64                SCPAESSetKey
                0x00007a80                SCPAESSetICV
                0x00007aa4                SCPAESEncrypt
                0x00007ae0                SCPAESDecrypt
                0x00007b1c                SCPSHL
                0x00007b48                SCPXOR
                0x00007b90                SCPCMACSubkeys
                0x00007c88                SCPCMACKey
                0x00007ce8                SCPCMACAES
                0x00007e4c                SCPSend
                0x00007ec8                SCPTransceive
 .text          0x00007fd0      0x1be /local/mnt/workspace/CRMBuilds/TZ.BF.4.0.3.c1-00005-M8996AAAAANAZT-1_20170110_230814/b/HK11/trustzone_images/core/securemsm/trustzone/qsapps/libs/tee_se_api/build/qpay/scorpion/IADAANAA/lib_tee_se_api.lib(AES.o)
                0x00007fd0                AESStartSession
                0x00008010                AESEndSession
                0x00008014                AESSetOption
                0x000080d8                AESKeySet
                0x000080e8                AESEncrypt
                0x0000813c                AESDecrypt
 *fill*         0x0000818e        0x2 
 .text          0x00008190       0x32 /local/mnt/workspace/CRMBuilds/TZ.BF.4.0.3.c1-00005-M8996AAAAANAZT-1_20170110_230814/b/HK11/trustzone_images/core/securemsm/trustzone/qsee/mink/libstd/build/qpay/scorpion/IADAANAA/libstd.lib(strlcpy.o)
                0x00008190                strlcpy
 *fill*         0x000081c2        0x2 
 .text          0x000081c4       0x46 /local/mnt/workspace/CRMBuilds/TZ.BF.4.0.3.c1-00005-M8996AAAAANAZT-1_20170110_230814/b/HK11/trustzone_images/core/securemsm/trustzone/qsee/mink/libstd/build/qpay/scorpion/IADAANAA/libstd.lib(memset.o)
                0x000081c4                memset
 *fill*         0x0000820a        0x2 
 .text          0x0000820c      0x372 /local/mnt/workspace/CRMBuilds/TZ.BF.4.0.3.c1-00005-M8996AAAAANAZT-1_20170110_230814/b/HK11/trustzone_images/core/securemsm/trustzone/qsee/mink/libstd/build/qpay/scorpion/IADAANAA/libstd.lib(memcpy.o)
                0x0000820c                memcpy
 *fill*         0x0000857e        0x2 
 .text          0x00008580      0x2c4 /local/mnt/workspace/CRMBuilds/TZ.BF.4.0.3.c1-00005-M8996AAAAANAZT-1_20170110_230814/b/HK11/trustzone_images/core/securemsm/trustzone/qsapps/libs/applib/proxy/build/qpay/scorpion/IADAANAA/tzlib_proxy.lib(prxy_qsee_shim.o)
                0x00008580                qsee_rsa_key_gen
                0x00008590                qsee_secpkcs8_parse
                0x000085a0                qsee_rsa_sign_hash
                0x000085d4                qsee_rsa_verify_signature
                0x00008608                qsee_rsa_encrypt
                0x00008634                qsee_rsa_decrypt
                0x00008660                qsee_BIGINT_read_unsigned_bin
                0x00008670                qsee_util_init_s_bigint
                0x00008680                qsee_util_free_s_bigint
                0x00008684                qsee_BIGINT_read_radix
                0x00008698                qsee_rsa_exptmod
                0x000086bc                qsee_util_count_bytes
                0x000086c0                qsee_SW_ECC_PubPrivate_Key_generate
                0x000086d4                qsee_SW_ECDH_Shared_Key_Derive
                0x000086e8                qsee_SW_ECDSA_Sign
                0x000086fc                qsee_SW_ECDSA_Verify
                0x00008710                qsee_ECC_hash_to_bigval
                0x00008714                qsee_toggle_random_bit
                0x00008718                qsee_get_random_bytes
                0x0000871c                qsee_in_curveP
                0x0000872c                qsee_SW_GENERIC_ECC_init
                0x00008764                qsee_SW_GENERIC_ECDSA_sign
                0x00008784                qsee_SW_GENERIC_ECDSA_verify
                0x000087a4                qsee_SW_GENERIC_ECDH_shared_key_derive
                0x000087b8                qsee_SW_GENERIC_ECC_keypair_generate
                0x000087cc                qsee_SW_GENERIC_ECC_binary_to_bigval
                0x000087ec                qsee_SW_GENERIC_ECC_bigval_to_binary
                0x0000880c                qsee_SW_GENERIC_ECC_compare
                0x00008820                qsee_SW_GENERIC_ECC_convert_input_to_bigval
                0x00008834                qsee_SW_Cipher_DES_Init
                0x00008838                qsee_SW_Cipher_DES_DeInit
                0x0000883c                qsee_SW_CipherDESData
                0x00008840                qsee_SW_Cipher_DES_SetParam
 .text          0x00008844       0xb0 /local/mnt/workspace/CRMBuilds/TZ.BF.4.0.3.c1-00005-M8996AAAAANAZT-1_20170110_230814/b/HK11/trustzone_images/core/securemsm/trustzone/qsapps/libs/applib/proxy/build/qpay/scorpion/IADAANAA/tzlib_proxy.lib(prxy_ufdes.o)
                0x00008844                SW_Cipher_DES_Init
                0x00008868                SW_Cipher_DES_DeInit
                0x0000888c                SW_CipherDESData
                0x000088c0                SW_Cipher_DES_SetParam
 .text          0x000088f4       0x50 /local/mnt/workspace/CRMBuilds/TZ.BF.4.0.3.c1-00005-M8996AAAAANAZT-1_20170110_230814/b/HK11/trustzone_images/core/securemsm/trustzone/qsapps/libs/applib/proxy/build/qpay/scorpion/IADAANAA/tzlib_proxy.lib(prxy_secmath.o)
                0x000088f4                secmath_BIGINT_read_unsigned_bin
                0x0000891c                secmath_BIGINT_read_radix
 .text          0x00008944      0x1c8 /local/mnt/workspace/CRMBuilds/TZ.BF.4.0.3.c1-00005-M8996AAAAANAZT-1_20170110_230814/b/HK11/trustzone_images/core/securemsm/trustzone/qsapps/libs/applib/proxy/build/qpay/scorpion/IADAANAA/tzlib_proxy.lib(prxy_secrsa.o)
                0x00008944                secpkcs8_parse
                0x0000896c                ce_rsa_key_gen
                0x000089a0                ce_rsa_encrypt
                0x000089d4                ce_rsa_decrypt
                0x00008a08                ce_rsa_sign_hash
                0x00008a3c                ce_rsa_verify_signature
                0x00008a70                ce_util_init_s_bigint
                0x00008a94                ce_util_free_s_bigint
                0x00008ab4                ce_util_count_bytes
                0x00008ad8                ce_rsa_exptmod
 .text          0x00008b0c      0x2ec /local/mnt/workspace/CRMBuilds/TZ.BF.4.0.3.c1-00005-M8996AAAAANAZT-1_20170110_230814/b/HK11/trustzone_images/core/securemsm/trustzone/qsapps/libs/applib/proxy/build/qpay/scorpion/IADAANAA/tzlib_proxy.lib(prxy_ecc.o)
                0x00008b0c                SW_ECC_PubPrivate_Key_generate
                0x00008b30                SW_ECDH_Shared_Key_Derive
                0x00008b58                SW_ECDSA_Sign
                0x00008b80                SW_ECDSA_Verify
                0x00008ba8                ECC_hash_to_bigval
                0x00008bd0                toggle_random_bit
                0x00008bf4                in_curveP
                0x00008c18                get_random_bytes
                0x00008c3c                SW_GENERIC_ECC_init
                0x00008c70                SW_GENERIC_ECDSA_sign
                0x00008ca4                SW_GENERIC_ECDSA_verify
                0x00008cd8                SW_GENERIC_ECDH_shared_key_derive
                0x00008d0c                SW_GENERIC_ECC_keypair_generate
                0x00008d34                SW_GENERIC_ECC_binary_to_bigval
                0x00008d68                SW_GENERIC_ECC_bigval_to_binary
                0x00008d9c                SW_GENERIC_ECC_compare
                0x00008dc4                SW_GENERIC_ECC_convert_input_to_bigval
 .text          0x00008df8      0x2b0 /local/mnt/workspace/CRMBuilds/TZ.BF.4.0.3.c1-00005-M8996AAAAANAZT-1_20170110_230814/b/HK11/trustzone_images/core/securemsm/trustzone/qsapps/libs/applib/qsee/build/qpay/scorpion/IADAANAA/tzapp_entrylib.lib(qsee_ese_service.o)
                0x00008df8                qsee_ese_service_start
                0x00008e50                qsee_ese_service_stop
                0x00008e7c                qsee_ese_service_spi_open
                0x00008ebc                qsee_ese_service_spi_close
                0x00008ef4                qsee_ese_service_handle_open
                0x00008f2c                qsee_ese_service_handle_close
                0x00008f64                qsee_ese_service_transceive
                0x00008fd8                qsee_ese_service_write
                0x00009020                qsee_ese_service_read
 .text          0x000090a8      0x3dc /local/mnt/workspace/CRMBuilds/TZ.BF.4.0.3.c1-00005-M8996AAAAANAZT-1_20170110_230814/b/HK11/trustzone_images/core/securemsm/trustzone/qsapps/libs/applib/qsee/build/qpay/scorpion/IADAANAA/tzapp_entrylib.lib(qsee_cipher.o)
                0x000090a8                qsee_cipher_init
                0x0000910c                qsee_cipher_free_ctx
                0x00009138                qsee_cipher_set_param
                0x00009250                qsee_cipher_get_param
                0x00009360                qsee_cipher_encrypt
                0x000093cc                qsee_cipher_decrypt
                0x00009438                qsee_cipher_reset
 .text          0x00009484      0x44c /local/mnt/workspace/CRMBuilds/TZ.BF.4.0.3.c1-00005-M8996AAAAANAZT-1_20170110_230814/b/HK11/trustzone_images/core/securemsm/trustzone/qsapps/libs/applib/qsee/build/qpay/scorpion/IADAANAA/tzapp_entrylib.lib(qsee_hash.o)
                0x00009484                qsee_hash_init
                0x000094e4                qsee_hash_free_ctx
                0x00009510                qsee_hash_update
                0x00009560                qsee_hash_final
                0x000095b0                qsee_hash_set_param
                0x00009694                qsee_hash
                0x000096e4                qsee_hashcipher_encrypt
                0x000097b4                qsee_hashcipher_decrypt
                0x00009884                qsee_hash_reset
 *(SORT(tzapp_syscall_asm))
 *fill*         0x000098d0       0x30 
 tzapp_syscall_asm
                0x00009900       0x88 /local/mnt/workspace/CRMBuilds/TZ.BF.4.0.3.c1-00005-M8996AAAAANAZT-1_20170110_230814/b/HK11/trustzone_images/core/securemsm/trustzone/qsapps/libs/applib/qsee/build/qpay/scorpion/IADAANAA/tzapp_entrylib.lib(tzapp_syscall.o)
                0x00009900                app_export_init_info_to_qsee
                0x00009938                qsee_wait_default_signal_syscall
                0x00009964                qsee_generic_syscall
 tzapp_syscall_asm.__stub
                0x00009988       0x20 linker stubs
 *(SORT(.rodata))
 *fill*         0x000099a8        0x8 
 .rodata        0x000099b0       0x30 /local/mnt/workspace/CRMBuilds/TZ.BF.4.0.3.c1-00005-M8996AAAAANAZT-1_20170110_230814/b/HK11/trustzone_images/core/securemsm/trustzone/qsapps/libs/applib/qsee/build/qpay/scorpion/IADAANAA/tzapp_entrylib.lib(qsee_cipher.o)
 .rodata        0x000099e0        0x4 /local/mnt/workspace/CRMBuilds/TZ.BF.4.0.3.c1-00005-M8996AAAAANAZT-1_20170110_230814/b/HK11/trustzone_images/apps/securemsm/trustzone/qsapps/qpay/build/qpay/scorpion/IADAANAA/metadata.o
                0x000099e0                TA_ACCEPT_BUF_SIZE
 .rodata        0x000099e4       0x58 /local/mnt/workspace/CRMBuilds/TZ.BF.4.0.3.c1-00005-M8996AAAAANAZT-1_20170110_230814/b/HK11/trustzone_images/core/securemsm/trustzone/qsapps/libs/tee_se_api/build/qpay/scorpion/IADAANAA/lib_tee_se_api.lib(tee_internal_se_api_helper.o)
 .rodata        0x00009a3c       0x50 /local/mnt/workspace/CRMBuilds/TZ.BF.4.0.3.c1-00005-M8996AAAAANAZT-1_20170110_230814/b/HK11/trustzone_images/core/securemsm/trustzone/qsapps/libs/applib/qsee/build/qpay/scorpion/IADAANAA/tzapp_entrylib.lib(qsee_ese_service.o)
 .rodata        0x00009a8c        0xc /local/mnt/workspace/CRMBuilds/TZ.BF.4.0.3.c1-00005-M8996AAAAANAZT-1_20170110_230814/b/HK11/trustzone_images/core/securemsm/trustzone/qsapps/libs/applib/qsee/build/qpay/scorpion/IADAANAA/tzapp_entrylib.lib(qsee_hash.o)
 .rodata        0x00009a98      0x1d0 /local/mnt/workspace/CRMBuilds/TZ.BF.4.0.3.c1-00005-M8996AAAAANAZT-1_20170110_230814/b/HK11/trustzone_images/core/securemsm/trustzone/qsee/mink/libstd/build/qpay/scorpion/IADAANAA/libstd.lib(printf.o)
 .rodata        0x00009c68       0x2a /local/mnt/workspace/CRMBuilds/TZ.BF.4.0.3.c1-00005-M8996AAAAANAZT-1_20170110_230814/b/HK11/trustzone_images/core/securemsm/trustzone/qsapps/libs/tee_se_api/build/qpay/scorpion/IADAANAA/lib_tee_se_api.lib(SCP.o)
 .rodata        0x00009c92       0x20 /local/mnt/workspace/CRMBuilds/TZ.BF.4.0.3.c1-00005-M8996AAAAANAZT-1_20170110_230814/b/HK11/trustzone_images/core/securemsm/trustzone/qsapps/libs/tee_se_api/build/qpay/scorpion/IADAANAA/lib_tee_se_api.lib(SCPUtils.o)
 *(SORT(EXCLUDE_FILE(*metadata.o) .rodata.*))
 .rodata.str1.1
                0x00009cb2        0x9 /local/mnt/workspace/CRMBuilds/TZ.BF.4.0.3.c1-00005-M8996AAAAANAZT-1_20170110_230814/b/HK11/trustzone_images/core/securemsm/trustzone/qsapps/libs/applib/common_applib/build/qpay/scorpion/IADAANAA/tzapp_entrylib.lib(common_applib.o)
 .rodata.str1.1
                0x00009cbb       0x11 /local/mnt/workspace/CRMBuilds/TZ.BF.4.0.3.c1-00005-M8996AAAAANAZT-1_20170110_230814/b/HK11/trustzone_images/core/securemsm/trustzone/qsee/mink/libstd/build/qpay/scorpion/IADAANAA/libstd.lib(printf.o)
 .rodata.cst16  0x00009ccc       0x10 /local/mnt/workspace/CRMBuilds/TZ.BF.4.0.3.c1-00005-M8996AAAAANAZT-1_20170110_230814/b/HK11/trustzone_images/core/securemsm/trustzone/qsee/mink/libstd/build/qpay/scorpion/IADAANAA/libstd.lib(printf.o)
 .rodata.str1.1
                0x00009cdc      0x8bf /local/mnt/workspace/CRMBuilds/TZ.BF.4.0.3.c1-00005-M8996AAAAANAZT-1_20170110_230814/b/HK11/trustzone_images/apps/securemsm/trustzone/qsapps/qpay/build/qpay/scorpion/IADAANAA/qpay_app.lib(app_main.o)
 .rodata.str1.1
                0x0000a59b      0x9fc /local/mnt/workspace/CRMBuilds/TZ.BF.4.0.3.c1-00005-M8996AAAAANAZT-1_20170110_230814/b/HK11/trustzone_images/core/securemsm/trustzone/qsapps/libs/tee_se_api/build/qpay/scorpion/IADAANAA/lib_tee_se_api.lib(gp_tee_se_api.o)
 .rodata.str1.1
                0x0000af97      0x9cc /local/mnt/workspace/CRMBuilds/TZ.BF.4.0.3.c1-00005-M8996AAAAANAZT-1_20170110_230814/b/HK11/trustzone_images/core/securemsm/trustzone/qsapps/libs/tee_se_api/build/qpay/scorpion/IADAANAA/lib_tee_se_api.lib(tee_internal_se_api_helper.o)
                                0xa8b (size before relaxing)
 .rodata.str1.1
                0x0000b963       0xa6 /local/mnt/workspace/CRMBuilds/TZ.BF.4.0.3.c1-00005-M8996AAAAANAZT-1_20170110_230814/b/HK11/trustzone_images/core/securemsm/trustzone/qsapps/libs/tee_se_api/build/qpay/scorpion/IADAANAA/lib_tee_se_api.lib(SCP03.o)
 .rodata.str1.1
                0x0000ba09       0x48 /local/mnt/workspace/CRMBuilds/TZ.BF.4.0.3.c1-00005-M8996AAAAANAZT-1_20170110_230814/b/HK11/trustzone_images/core/securemsm/trustzone/qsapps/libs/tee_se_api/build/qpay/scorpion/IADAANAA/lib_tee_se_api.lib(SCP11.o)
                                 0x71 (size before relaxing)
 .rodata.str1.1
                0x0000ba51       0x92 /local/mnt/workspace/CRMBuilds/TZ.BF.4.0.3.c1-00005-M8996AAAAANAZT-1_20170110_230814/b/HK11/trustzone_images/core/securemsm/trustzone/qsapps/libs/tee_se_api/build/qpay/scorpion/IADAANAA/lib_tee_se_api.lib(SCPX.o)
                                 0xbb (size before relaxing)
 .rodata.str1.1
                0x0000bae3      0x30c /local/mnt/workspace/CRMBuilds/TZ.BF.4.0.3.c1-00005-M8996AAAAANAZT-1_20170110_230814/b/HK11/trustzone_images/core/securemsm/trustzone/qsapps/libs/tee_se_api/build/qpay/scorpion/IADAANAA/lib_tee_se_api.lib(ECC.o)
 .rodata.str1.1
                0x0000bdef        0xc /local/mnt/workspace/CRMBuilds/TZ.BF.4.0.3.c1-00005-M8996AAAAANAZT-1_20170110_230814/b/HK11/trustzone_images/core/securemsm/trustzone/qsapps/libs/tee_se_api/build/qpay/scorpion/IADAANAA/lib_tee_se_api.lib(SCPUtils.o)
 *metadata.o(SORT(.rodata.str1.1))
 .rodata.str1.1
                0x0000bdfb        0x5 /local/mnt/workspace/CRMBuilds/TZ.BF.4.0.3.c1-00005-M8996AAAAANAZT-1_20170110_230814/b/HK11/trustzone_images/apps/securemsm/trustzone/qsapps/qpay/build/qpay/scorpion/IADAANAA/metadata.o

.glue_7         0x0000be00        0x0
 .glue_7        0x00000000        0x0 linker stubs

.glue_7t        0x0000be00        0x0
 .glue_7t       0x00000000        0x0 linker stubs

.vfp11_veneer   0x0000be00        0x0
 .vfp11_veneer  0x00000000        0x0 linker stubs

.v4_bx          0x0000be00        0x0
 .v4_bx         0x00000000        0x0 linker stubs

.dynbss         0x0000be00        0x0
 .dynbss        0x00000000        0x0 /local/mnt/workspace/CRMBuilds/TZ.BF.4.0.3.c1-00005-M8996AAAAANAZT-1_20170110_230814/b/HK11/trustzone_images/core/securemsm/trustzone/qsapps/libs/applib/qsee/build/qpay/scorpion/IADAANAA/src/tzapp_entry.o

.plt            0x0000be00        0x0
 .plt           0x00000000        0x0 /local/mnt/workspace/CRMBuilds/TZ.BF.4.0.3.c1-00005-M8996AAAAANAZT-1_20170110_230814/b/HK11/trustzone_images/core/securemsm/trustzone/qsapps/libs/applib/qsee/build/qpay/scorpion/IADAANAA/src/tzapp_entry.o

.iplt           0x0000be00        0x0
 .iplt          0x00000000        0x0 /local/mnt/workspace/CRMBuilds/TZ.BF.4.0.3.c1-00005-M8996AAAAANAZT-1_20170110_230814/b/HK11/trustzone_images/core/securemsm/trustzone/qsapps/libs/applib/qsee/build/qpay/scorpion/IADAANAA/src/tzapp_entry.o

.sentinel       0x0000be00       0x29
 *(SORT(.rodata.sentinel))
 .rodata.sentinel
                0x0000be00       0x29 /local/mnt/workspace/CRMBuilds/TZ.BF.4.0.3.c1-00005-M8996AAAAANAZT-1_20170110_230814/b/HK11/trustzone_images/apps/securemsm/trustzone/qsapps/qpay/build/qpay/scorpion/IADAANAA/metadata.o
                0x0000be00                TA_METADATA
                0x00000001                ASSERT ((SIZEOF (.sentinel) != 0x0), No sentinel section defined.)

.metadata_check
                0x0000be29        0x0
 *metadata.o(SORT(.rodata.*))
                0x00000001                ASSERT ((SIZEOF (.metadata_check) == 0x0), New metadata not accounted for here)

.data           0x0000c000     0x1944
 *(SORT(.data) SORT(TZAPPENTRYSTACK) SORT(.bss) SORT(COMMON))
 TZAPPENTRYSTACK
                0x0000c000       0x80 /local/mnt/workspace/CRMBuilds/TZ.BF.4.0.3.c1-00005-M8996AAAAANAZT-1_20170110_230814/b/HK11/trustzone_images/core/securemsm/trustzone/qsapps/libs/applib/qsee/build/qpay/scorpion/IADAANAA/src/tzapp_entry.o
 .data          0x0000c080      0x240 /local/mnt/workspace/CRMBuilds/TZ.BF.4.0.3.c1-00005-M8996AAAAANAZT-1_20170110_230814/b/HK11/trustzone_images/core/securemsm/trustzone/qsapps/libs/applib/common_applib/build/qpay/scorpion/IADAANAA/tzapp_entrylib.lib(common_applib.o)
                0x0000c080                magic_num
                0x0000c094                magic_num_index_array
                0x0000c0a0                mem_magic_number
                0x0000c0ac                __stack_chk_guard
 .bss           0x0000c2c0       0x88 /local/mnt/workspace/CRMBuilds/TZ.BF.4.0.3.c1-00005-M8996AAAAANAZT-1_20170110_230814/b/HK11/trustzone_images/core/securemsm/trustzone/qsapps/libs/applib/common_applib/build/qpay/scorpion/IADAANAA/tzapp_entrylib.lib(common_applib.o)
                0x0000c2c0                pgCmnlib
 *fill*         0x0000c348        0x8 
 .bss           0x0000c350      0x140 /local/mnt/workspace/CRMBuilds/TZ.BF.4.0.3.c1-00005-M8996AAAAANAZT-1_20170110_230814/b/HK11/trustzone_images/core/securemsm/trustzone/qsapps/libs/applib/qsee/build/qpay/scorpion/IADAANAA/tzapp_entrylib.lib(qsee_env.o)
 .bss           0x0000c490       0x48 /local/mnt/workspace/CRMBuilds/TZ.BF.4.0.3.c1-00005-M8996AAAAANAZT-1_20170110_230814/b/HK11/trustzone_images/apps/securemsm/trustzone/qsapps/qpay/build/qpay/scorpion/IADAANAA/qpay_app.lib(app_main.o)
 *fill*         0x0000c4d8        0x8 
 .data          0x0000c4e0      0x220 /local/mnt/workspace/CRMBuilds/TZ.BF.4.0.3.c1-00005-M8996AAAAANAZT-1_20170110_230814/b/HK11/trustzone_images/core/securemsm/trustzone/qsapps/libs/tee_se_api/build/qpay/scorpion/IADAANAA/lib_tee_se_api.lib(tee_internal_se_api_helper.o)
 .bss           0x0000c700      0x22c /local/mnt/workspace/CRMBuilds/TZ.BF.4.0.3.c1-00005-M8996AAAAANAZT-1_20170110_230814/b/HK11/trustzone_images/core/securemsm/trustzone/qsapps/libs/tee_se_api/build/qpay/scorpion/IADAANAA/lib_tee_se_api.lib(tee_internal_se_api_helper.o)
                0x0000c700                copyOfReaderHandle
                0x0000c704                copyOfseServiceHandle
                0x0000c708                manageChannelRsp
 .bss           0x0000c92c     0x1000 /local/mnt/workspace/CRMBuilds/TZ.BF.4.0.3.c1-00005-M8996AAAAANAZT-1_20170110_230814/b/HK11/trustzone_images/apps/securemsm/trustzone/qsapps/qpay/build/qpay/scorpion/IADAANAA/metadata.o
                0x0000c92c                ta_acceptBuf
 COMMON         0x0000d92c       0x14 /local/mnt/workspace/CRMBuilds/TZ.BF.4.0.3.c1-00005-M8996AAAAANAZT-1_20170110_230814/b/HK11/trustzone_images/core/securemsm/trustzone/qsapps/libs/applib/common_applib/build/qpay/scorpion/IADAANAA/tzapp_entrylib.lib(common_applib.o)
                0x0000d92c                apps_request_resp
 .bss           0x0000d940        0x4 /local/mnt/workspace/CRMBuilds/TZ.BF.4.0.3.c1-00005-M8996AAAAANAZT-1_20170110_230814/b/HK11/trustzone_images/core/securemsm/trustzone/qsapps/libs/tee_se_api/build/qpay/scorpion/IADAANAA/lib_tee_se_api.lib(gp_tee_se_api.o)

.rel.text
 *(SORT(.rel.text))

.rel.rodata
 *(SORT(.rel.rodata))

.data.rel.ro.local
                0x0000d948       0xf0
 *(SORT(.data.rel.ro.local))
 .data.rel.ro.local
                0x0000d948       0x88 /local/mnt/workspace/CRMBuilds/TZ.BF.4.0.3.c1-00005-M8996AAAAANAZT-1_20170110_230814/b/HK11/trustzone_images/core/securemsm/trustzone/qsee/mink/libstd/build/qpay/scorpion/IADAANAA/libstd.lib(printf.o)
 .data.rel.ro.local
                0x0000d9d0       0x30 /local/mnt/workspace/CRMBuilds/TZ.BF.4.0.3.c1-00005-M8996AAAAANAZT-1_20170110_230814/b/HK11/trustzone_images/core/securemsm/trustzone/qsapps/libs/tee_se_api/build/qpay/scorpion/IADAANAA/lib_tee_se_api.lib(SCP.o)
 .data.rel.ro.local
                0x0000da00       0x38 /local/mnt/workspace/CRMBuilds/TZ.BF.4.0.3.c1-00005-M8996AAAAANAZT-1_20170110_230814/b/HK11/trustzone_images/core/securemsm/trustzone/qsapps/libs/tee_se_api/build/qpay/scorpion/IADAANAA/lib_tee_se_api.lib(ECC.o)

.data.rel.ro
 *(SORT(.data.rel.ro))

.rel.data
 *(SORT(.rel.data))

.rel.plt        0x0000da38        0x0
 *(SORT(.rel.plt))
 .rel.plt       0x00000000        0x0 /local/mnt/workspace/CRMBuilds/TZ.BF.4.0.3.c1-00005-M8996AAAAANAZT-1_20170110_230814/b/HK11/trustzone_images/core/securemsm/trustzone/qsapps/libs/applib/qsee/build/qpay/scorpion/IADAANAA/src/tzapp_entry.o

.gnu.version_d  0x0000da38        0x0
 .gnu.version_d
                0x00000000        0x0 /local/mnt/workspace/CRMBuilds/TZ.BF.4.0.3.c1-00005-M8996AAAAANAZT-1_20170110_230814/b/HK11/trustzone_images/core/securemsm/trustzone/qsapps/libs/applib/qsee/build/qpay/scorpion/IADAANAA/src/tzapp_entry.o

.gnu.version    0x0000da38        0x0
 .gnu.version   0x00000000        0x0 /local/mnt/workspace/CRMBuilds/TZ.BF.4.0.3.c1-00005-M8996AAAAANAZT-1_20170110_230814/b/HK11/trustzone_images/core/securemsm/trustzone/qsapps/libs/applib/qsee/build/qpay/scorpion/IADAANAA/src/tzapp_entry.o

.gnu.version_r  0x0000da38        0x0
 .gnu.version_r
                0x00000000        0x0 /local/mnt/workspace/CRMBuilds/TZ.BF.4.0.3.c1-00005-M8996AAAAANAZT-1_20170110_230814/b/HK11/trustzone_images/core/securemsm/trustzone/qsapps/libs/applib/qsee/build/qpay/scorpion/IADAANAA/src/tzapp_entry.o

.data.rel
 *(SORT(.data.rel))

.data.rel.local
                0x0000da38        0x8
 *(SORT(.data.rel.local))
 .data.rel.local
                0x0000da38        0x4 /local/mnt/workspace/CRMBuilds/TZ.BF.4.0.3.c1-00005-M8996AAAAANAZT-1_20170110_230814/b/HK11/trustzone_images/apps/securemsm/trustzone/qsapps/qpay/build/qpay/scorpion/IADAANAA/metadata.o
                0x0000da38                TA_APP_NAME
 .data.rel.local
                0x0000da3c        0x4 /local/mnt/workspace/CRMBuilds/TZ.BF.4.0.3.c1-00005-M8996AAAAANAZT-1_20170110_230814/b/HK11/trustzone_images/core/securemsm/trustzone/qsapps/libs/applib/common_applib/build/qpay/scorpion/IADAANAA/tzapp_entrylib.lib(common_applib.o)
                0x0000da3c                dummy_str

TZ_APP_STACK    0x0000da40     0x2000
                0x0000da40                Image$$TZ_APP_STACK$$ZI$$Base = .
                0x0000fa40                . = (. + 0x2000)
 *fill*         0x0000da40     0x2000 
                0x0000fa40                Image$$TZ_APP_STACK$$ZI$$Limit = .

TZ_APP_HEAP     0x0000fa40     0x2800
                0x0000fa40                Image$$TZ_APP_HEAP$$ZI$$Base = .
                0x00012240                . = (. + 0x2800)
 *fill*         0x0000fa40     0x2800 
                0x00012240                Image$$TZ_APP_HEAP$$ZI$$Limit = .

.got            0x00013000       0xa8
 *(SORT(.got.plt))
 .got.plt       0x00013000        0xc /local/mnt/workspace/CRMBuilds/TZ.BF.4.0.3.c1-00005-M8996AAAAANAZT-1_20170110_230814/b/HK11/trustzone_images/core/securemsm/trustzone/qsapps/libs/applib/qsee/build/qpay/scorpion/IADAANAA/src/tzapp_entry.o
                0x00013000                _GLOBAL_OFFSET_TABLE_
 *(SORT(.igot.plt))
 .igot.plt      0x00000000        0x0 /local/mnt/workspace/CRMBuilds/TZ.BF.4.0.3.c1-00005-M8996AAAAANAZT-1_20170110_230814/b/HK11/trustzone_images/core/securemsm/trustzone/qsapps/libs/applib/qsee/build/qpay/scorpion/IADAANAA/src/tzapp_entry.o
 *(SORT(.got))
 .got           0x0001300c       0x9c /local/mnt/workspace/CRMBuilds/TZ.BF.4.0.3.c1-00005-M8996AAAAANAZT-1_20170110_230814/b/HK11/trustzone_images/core/securemsm/trustzone/qsapps/libs/applib/qsee/build/qpay/scorpion/IADAANAA/src/tzapp_entry.o
 *(SORT(.igot))

.dynamic        0x00014000       0x58
 *(SORT(.dynamic))
 .dynamic       0x00014000       0x58 /local/mnt/workspace/CRMBuilds/TZ.BF.4.0.3.c1-00005-M8996AAAAANAZT-1_20170110_230814/b/HK11/trustzone_images/core/securemsm/trustzone/qsapps/libs/applib/qsee/build/qpay/scorpion/IADAANAA/src/tzapp_entry.o
                0x00014000                _DYNAMIC

.rel.dyn        0x00015000      0x1d8
 *(SORT(.rel.dyn))
 .rel.got       0x00015000      0x138 /local/mnt/workspace/CRMBuilds/TZ.BF.4.0.3.c1-00005-M8996AAAAANAZT-1_20170110_230814/b/HK11/trustzone_images/core/securemsm/trustzone/qsapps/libs/applib/qsee/build/qpay/scorpion/IADAANAA/src/tzapp_entry.o
 .rel.iplt      0x00000000        0x0 /local/mnt/workspace/CRMBuilds/TZ.BF.4.0.3.c1-00005-M8996AAAAANAZT-1_20170110_230814/b/HK11/trustzone_images/core/securemsm/trustzone/qsapps/libs/applib/qsee/build/qpay/scorpion/IADAANAA/src/tzapp_entry.o
 .relTZAPPENTRYCODE
                0x00015138        0x8 /local/mnt/workspace/CRMBuilds/TZ.BF.4.0.3.c1-00005-M8996AAAAANAZT-1_20170110_230814/b/HK11/trustzone_images/core/securemsm/trustzone/qsapps/libs/applib/qsee/build/qpay/scorpion/IADAANAA/src/tzapp_entry.o
 .rel.data.rel.local
                0x00015140       0x10 /local/mnt/workspace/CRMBuilds/TZ.BF.4.0.3.c1-00005-M8996AAAAANAZT-1_20170110_230814/b/HK11/trustzone_images/core/securemsm/trustzone/qsapps/libs/applib/qsee/build/qpay/scorpion/IADAANAA/src/tzapp_entry.o
 .rel.data.rel.ro.local
                0x00015150       0x88 /local/mnt/workspace/CRMBuilds/TZ.BF.4.0.3.c1-00005-M8996AAAAANAZT-1_20170110_230814/b/HK11/trustzone_images/core/securemsm/trustzone/qsapps/libs/applib/qsee/build/qpay/scorpion/IADAANAA/src/tzapp_entry.o

.gnu.attributes
 *(SORT(.gnu.attributes))

.note.gnu.arm.ident
 *(SORT(.note.gnu.arm.ident))

/DISCARD/
 *(SORT(.hash))
 *(SORT(.dynsym))
 *(SORT(.dynstr))
 *(SORT(.ARM.exidx*))
 *(SORT(.note.GNU-stack))
 *(SORT(.gnu_debuglink))
 *(SORT(.gnu.lto_*))
 *(SORT(.init))
 *(SORT(.fini))
START GROUP
LOAD /local/mnt/workspace/CRMBuilds/TZ.BF.4.0.3.c1-00005-M8996AAAAANAZT-1_20170110_230814/b/HK11/trustzone_images/core/kernel/libstd/build/qpay/scorpion/IADAANAA/libstd.lib
LOAD /local/mnt/workspace/CRMBuilds/TZ.BF.4.0.3.c1-00005-M8996AAAAANAZT-1_20170110_230814/b/HK11/trustzone_images/core/securemsm/trustzone/qsapps/libs/applib/common_applib/build/qpay/scorpion/IADAANAA/tzapp_entrylib.lib
LOAD /local/mnt/workspace/CRMBuilds/TZ.BF.4.0.3.c1-00005-M8996AAAAANAZT-1_20170110_230814/b/HK11/trustzone_images/core/securemsm/trustzone/qsapps/libs/applib/proxy/build/qpay/scorpion/IADAANAA/tzlib_proxy.lib
LOAD /local/mnt/workspace/CRMBuilds/TZ.BF.4.0.3.c1-00005-M8996AAAAANAZT-1_20170110_230814/b/HK11/trustzone_images/core/securemsm/trustzone/qsapps/libs/applib/qsee/build/qpay/scorpion/IADAANAA/tzapp_entrylib.lib
LOAD /local/mnt/workspace/CRMBuilds/TZ.BF.4.0.3.c1-00005-M8996AAAAANAZT-1_20170110_230814/b/HK11/trustzone_images/core/securemsm/trustzone/qsapps/libs/tee_se_api/build/qpay/scorpion/IADAANAA/lib_tee_se_api.lib
LOAD /local/mnt/workspace/CRMBuilds/TZ.BF.4.0.3.c1-00005-M8996AAAAANAZT-1_20170110_230814/b/HK11/trustzone_images/core/securemsm/trustzone/qsee/mink/libstd/build/qpay/scorpion/IADAANAA/libstd.lib
LOAD /afs/localcell/cm/gv2.6/sysname/pkg.@sys/qct/software/llvm/release/arm/3.5.2.4/tools/lib32/lib/libc.a
LOAD /afs/localcell/cm/gv2.6/sysname/pkg.@sys/qct/software/llvm/release/arm/3.5.2.4/lib/clang/3.5.2/lib/linux/libclang_rt.builtins-arm.a
LOAD /local/mnt/workspace/CRMBuilds/TZ.BF.4.0.3.c1-00005-M8996AAAAANAZT-1_20170110_230814/b/HK11/trustzone_images/apps/securemsm/trustzone/qsapps/qpay/build/qpay/scorpion/IADAANAA/qpay_app.lib
LOAD /local/mnt/workspace/CRMBuilds/TZ.BF.4.0.3.c1-00005-M8996AAAAANAZT-1_20170110_230814/b/HK11/trustzone_images/core/securemsm/trustzone/qsapps/libs/applib/qsee/build/qpay/scorpion/IADAANAA/src/tzapp_entry.o
LOAD /local/mnt/workspace/CRMBuilds/TZ.BF.4.0.3.c1-00005-M8996AAAAANAZT-1_20170110_230814/b/HK11/trustzone_images/apps/securemsm/trustzone/qsapps/qpay/build/qpay/scorpion/IADAANAA/metadata.o
END GROUP
OUTPUT(/local/mnt/workspace/CRMBuilds/TZ.BF.4.0.3.c1-00005-M8996AAAAANAZT-1_20170110_230814/b/HK11/trustzone_images/apps/bsp/trustzone/qsapps/qpay/build/IADAANAA/qpay.elf elf32-littlearm)

.ARM.attributes
                0x00000000       0x3d
 .ARM.attributes
                0x00000000       0x37 /local/mnt/workspace/CRMBuilds/TZ.BF.4.0.3.c1-00005-M8996AAAAANAZT-1_20170110_230814/b/HK11/trustzone_images/apps/securemsm/trustzone/qsapps/qpay/build/qpay/scorpion/IADAANAA/metadata.o
 .ARM.attributes
                0x00000037       0x37 /local/mnt/workspace/CRMBuilds/TZ.BF.4.0.3.c1-00005-M8996AAAAANAZT-1_20170110_230814/b/HK11/trustzone_images/core/securemsm/trustzone/qsapps/libs/applib/common_applib/build/qpay/scorpion/IADAANAA/tzapp_entrylib.lib(common_applib.o)
 .ARM.attributes
                0x0000006e       0x37 /local/mnt/workspace/CRMBuilds/TZ.BF.4.0.3.c1-00005-M8996AAAAANAZT-1_20170110_230814/b/HK11/trustzone_images/core/securemsm/trustzone/qsapps/libs/applib/qsee/build/qpay/scorpion/IADAANAA/tzapp_entrylib.lib(mink_shared_code.o)
 .ARM.attributes
                0x000000a5       0x37 /local/mnt/workspace/CRMBuilds/TZ.BF.4.0.3.c1-00005-M8996AAAAANAZT-1_20170110_230814/b/HK11/trustzone_images/core/securemsm/trustzone/qsapps/libs/applib/qsee/build/qpay/scorpion/IADAANAA/tzapp_entrylib.lib(qsee_env.o)
 .ARM.attributes
                0x000000dc       0x37 /local/mnt/workspace/CRMBuilds/TZ.BF.4.0.3.c1-00005-M8996AAAAANAZT-1_20170110_230814/b/HK11/trustzone_images/core/securemsm/trustzone/qsapps/libs/applib/qsee/build/qpay/scorpion/IADAANAA/tzapp_entrylib.lib(qsee_prng.o)
 .ARM.attributes
                0x00000113       0x37 /local/mnt/workspace/CRMBuilds/TZ.BF.4.0.3.c1-00005-M8996AAAAANAZT-1_20170110_230814/b/HK11/trustzone_images/core/securemsm/trustzone/qsapps/libs/applib/qsee/build/qpay/scorpion/IADAANAA/tzapp_entrylib.lib(tzapp_lib_main.o)
 .ARM.attributes
                0x0000014a       0x12 /local/mnt/workspace/CRMBuilds/TZ.BF.4.0.3.c1-00005-M8996AAAAANAZT-1_20170110_230814/b/HK11/trustzone_images/core/securemsm/trustzone/qsapps/libs/applib/qsee/build/qpay/scorpion/IADAANAA/tzapp_entrylib.lib(kthread_shared.o)
 .ARM.attributes
                0x0000015c       0x37 /local/mnt/workspace/CRMBuilds/TZ.BF.4.0.3.c1-00005-M8996AAAAANAZT-1_20170110_230814/b/HK11/trustzone_images/core/securemsm/trustzone/qsee/mink/libstd/build/qpay/scorpion/IADAANAA/libstd.lib(secure_memset.o)
 .ARM.attributes
                0x00000193       0x37 /local/mnt/workspace/CRMBuilds/TZ.BF.4.0.3.c1-00005-M8996AAAAANAZT-1_20170110_230814/b/HK11/trustzone_images/core/securemsm/trustzone/qsee/mink/libstd/build/qpay/scorpion/IADAANAA/libstd.lib(strlen.o)
 .ARM.attributes
                0x000001ca       0x37 /local/mnt/workspace/CRMBuilds/TZ.BF.4.0.3.c1-00005-M8996AAAAANAZT-1_20170110_230814/b/HK11/trustzone_images/core/securemsm/trustzone/qsee/mink/libstd/build/qpay/scorpion/IADAANAA/libstd.lib(printf.o)
 .ARM.attributes
                0x00000201       0x37 /local/mnt/workspace/CRMBuilds/TZ.BF.4.0.3.c1-00005-M8996AAAAANAZT-1_20170110_230814/b/HK11/trustzone_images/core/securemsm/trustzone/qsee/mink/libstd/build/qpay/scorpion/IADAANAA/libstd.lib(memchr.o)
 .ARM.attributes
                0x00000238       0x2b /afs/localcell/cm/gv2.6/sysname/pkg.@sys/qct/software/llvm/release/arm/3.5.2.4/lib/clang/3.5.2/lib/linux/libclang_rt.builtins-arm.a(aeabi_memcpy.S.o)
 .ARM.attributes
                0x00000263       0x2b /afs/localcell/cm/gv2.6/sysname/pkg.@sys/qct/software/llvm/release/arm/3.5.2.4/lib/clang/3.5.2/lib/linux/libclang_rt.builtins-arm.a(aeabi_memset.S.o)
 .ARM.attributes
                0x0000028e       0x2b /afs/localcell/cm/gv2.6/sysname/pkg.@sys/qct/software/llvm/release/arm/3.5.2.4/lib/clang/3.5.2/lib/linux/libclang_rt.builtins-arm.a(aeabi_uldivmod.S.o)
 .ARM.attributes
                0x000002b9       0x41 /afs/localcell/cm/gv2.6/sysname/pkg.@sys/qct/software/llvm/release/arm/3.5.2.4/lib/clang/3.5.2/lib/linux/libclang_rt.builtins-arm.a(udivmoddi4.c.o)
 .ARM.attributes
                0x000002fa       0x41 /afs/localcell/cm/gv2.6/sysname/pkg.@sys/qct/software/llvm/release/arm/3.5.2.4/lib/clang/3.5.2/lib/linux/libclang_rt.builtins-arm.a(udivsi3.c.o)
 .ARM.attributes
                0x0000033b       0x41 /afs/localcell/cm/gv2.6/sysname/pkg.@sys/qct/software/llvm/release/arm/3.5.2.4/lib/clang/3.5.2/lib/linux/libclang_rt.builtins-arm.a(umoddi3.c.o)
 .ARM.attributes
                0x0000037c       0x41 /afs/localcell/cm/gv2.6/sysname/pkg.@sys/qct/software/llvm/release/arm/3.5.2.4/lib/clang/3.5.2/lib/linux/libclang_rt.builtins-arm.a(umodsi3.c.o)
 .ARM.attributes
                0x000003bd       0x37 /local/mnt/workspace/CRMBuilds/TZ.BF.4.0.3.c1-00005-M8996AAAAANAZT-1_20170110_230814/b/HK11/trustzone_images/apps/securemsm/trustzone/qsapps/qpay/build/qpay/scorpion/IADAANAA/qpay_app.lib(app_main.o)
 .ARM.attributes
                0x000003f4       0x37 /local/mnt/workspace/CRMBuilds/TZ.BF.4.0.3.c1-00005-M8996AAAAANAZT-1_20170110_230814/b/HK11/trustzone_images/core/kernel/libstd/build/qpay/scorpion/IADAANAA/libstd.lib(memscpy.o)
 .ARM.attributes
                0x0000042b       0x37 /local/mnt/workspace/CRMBuilds/TZ.BF.4.0.3.c1-00005-M8996AAAAANAZT-1_20170110_230814/b/HK11/trustzone_images/core/securemsm/trustzone/qsapps/libs/applib/proxy/build/qpay/scorpion/IADAANAA/tzlib_proxy.lib(prxy_services.o)
 .ARM.attributes
                0x00000462       0x37 /local/mnt/workspace/CRMBuilds/TZ.BF.4.0.3.c1-00005-M8996AAAAANAZT-1_20170110_230814/b/HK11/trustzone_images/core/securemsm/trustzone/qsapps/libs/tee_se_api/build/qpay/scorpion/IADAANAA/lib_tee_se_api.lib(gp_tee_se_api.o)
 .ARM.attributes
                0x00000499       0x37 /local/mnt/workspace/CRMBuilds/TZ.BF.4.0.3.c1-00005-M8996AAAAANAZT-1_20170110_230814/b/HK11/trustzone_images/core/securemsm/trustzone/qsapps/libs/tee_se_api/build/qpay/scorpion/IADAANAA/lib_tee_se_api.lib(tee_internal_se_api_helper.o)
 .ARM.attributes
                0x000004d0       0x37 /local/mnt/workspace/CRMBuilds/TZ.BF.4.0.3.c1-00005-M8996AAAAANAZT-1_20170110_230814/b/HK11/trustzone_images/core/securemsm/trustzone/qsapps/libs/tee_se_api/build/qpay/scorpion/IADAANAA/lib_tee_se_api.lib(SCP.o)
 .ARM.attributes
                0x00000507       0x37 /local/mnt/workspace/CRMBuilds/TZ.BF.4.0.3.c1-00005-M8996AAAAANAZT-1_20170110_230814/b/HK11/trustzone_images/core/securemsm/trustzone/qsapps/libs/tee_se_api/build/qpay/scorpion/IADAANAA/lib_tee_se_api.lib(SCP03.o)
 .ARM.attributes
                0x0000053e       0x37 /local/mnt/workspace/CRMBuilds/TZ.BF.4.0.3.c1-00005-M8996AAAAANAZT-1_20170110_230814/b/HK11/trustzone_images/core/securemsm/trustzone/qsapps/libs/tee_se_api/build/qpay/scorpion/IADAANAA/lib_tee_se_api.lib(SCP11.o)
 .ARM.attributes
                0x00000575       0x37 /local/mnt/workspace/CRMBuilds/TZ.BF.4.0.3.c1-00005-M8996AAAAANAZT-1_20170110_230814/b/HK11/trustzone_images/core/securemsm/trustzone/qsapps/libs/tee_se_api/build/qpay/scorpion/IADAANAA/lib_tee_se_api.lib(SCPX.o)
 .ARM.attributes
                0x000005ac       0x37 /local/mnt/workspace/CRMBuilds/TZ.BF.4.0.3.c1-00005-M8996AAAAANAZT-1_20170110_230814/b/HK11/trustzone_images/core/securemsm/trustzone/qsapps/libs/tee_se_api/build/qpay/scorpion/IADAANAA/lib_tee_se_api.lib(ECC.o)
 .ARM.attributes
                0x000005e3       0x37 /local/mnt/workspace/CRMBuilds/TZ.BF.4.0.3.c1-00005-M8996AAAAANAZT-1_20170110_230814/b/HK11/trustzone_images/core/securemsm/trustzone/qsapps/libs/tee_se_api/build/qpay/scorpion/IADAANAA/lib_tee_se_api.lib(APDU.o)
 .ARM.attributes
                0x0000061a       0x37 /local/mnt/workspace/CRMBuilds/TZ.BF.4.0.3.c1-00005-M8996AAAAANAZT-1_20170110_230814/b/HK11/trustzone_images/core/securemsm/trustzone/qsapps/libs/tee_se_api/build/qpay/scorpion/IADAANAA/lib_tee_se_api.lib(SCPUtils.o)
 .ARM.attributes
                0x00000651       0x37 /local/mnt/workspace/CRMBuilds/TZ.BF.4.0.3.c1-00005-M8996AAAAANAZT-1_20170110_230814/b/HK11/trustzone_images/core/securemsm/trustzone/qsapps/libs/tee_se_api/build/qpay/scorpion/IADAANAA/lib_tee_se_api.lib(AES.o)
 .ARM.attributes
                0x00000688       0x37 /local/mnt/workspace/CRMBuilds/TZ.BF.4.0.3.c1-00005-M8996AAAAANAZT-1_20170110_230814/b/HK11/trustzone_images/core/securemsm/trustzone/qsee/mink/libstd/build/qpay/scorpion/IADAANAA/libstd.lib(strlcpy.o)
 .ARM.attributes
                0x000006bf       0x37 /local/mnt/workspace/CRMBuilds/TZ.BF.4.0.3.c1-00005-M8996AAAAANAZT-1_20170110_230814/b/HK11/trustzone_images/core/securemsm/trustzone/qsee/mink/libstd/build/qpay/scorpion/IADAANAA/libstd.lib(memset.o)
 .ARM.attributes
                0x000006f6       0x37 /local/mnt/workspace/CRMBuilds/TZ.BF.4.0.3.c1-00005-M8996AAAAANAZT-1_20170110_230814/b/HK11/trustzone_images/core/securemsm/trustzone/qsee/mink/libstd/build/qpay/scorpion/IADAANAA/libstd.lib(memcpy.o)
 .ARM.attributes
                0x0000072d       0x37 /local/mnt/workspace/CRMBuilds/TZ.BF.4.0.3.c1-00005-M8996AAAAANAZT-1_20170110_230814/b/HK11/trustzone_images/core/securemsm/trustzone/qsapps/libs/applib/proxy/build/qpay/scorpion/IADAANAA/tzlib_proxy.lib(prxy_qsee_shim.o)
 .ARM.attributes
                0x00000764       0x37 /local/mnt/workspace/CRMBuilds/TZ.BF.4.0.3.c1-00005-M8996AAAAANAZT-1_20170110_230814/b/HK11/trustzone_images/core/securemsm/trustzone/qsapps/libs/applib/proxy/build/qpay/scorpion/IADAANAA/tzlib_proxy.lib(prxy_ufdes.o)
 .ARM.attributes
                0x0000079b       0x37 /local/mnt/workspace/CRMBuilds/TZ.BF.4.0.3.c1-00005-M8996AAAAANAZT-1_20170110_230814/b/HK11/trustzone_images/core/securemsm/trustzone/qsapps/libs/applib/proxy/build/qpay/scorpion/IADAANAA/tzlib_proxy.lib(prxy_secmath.o)
 .ARM.attributes
                0x000007d2       0x37 /local/mnt/workspace/CRMBuilds/TZ.BF.4.0.3.c1-00005-M8996AAAAANAZT-1_20170110_230814/b/HK11/trustzone_images/core/securemsm/trustzone/qsapps/libs/applib/proxy/build/qpay/scorpion/IADAANAA/tzlib_proxy.lib(prxy_secrsa.o)
 .ARM.attributes
                0x00000809       0x37 /local/mnt/workspace/CRMBuilds/TZ.BF.4.0.3.c1-00005-M8996AAAAANAZT-1_20170110_230814/b/HK11/trustzone_images/core/securemsm/trustzone/qsapps/libs/applib/proxy/build/qpay/scorpion/IADAANAA/tzlib_proxy.lib(prxy_ecc.o)
 .ARM.attributes
                0x00000840       0x37 /local/mnt/workspace/CRMBuilds/TZ.BF.4.0.3.c1-00005-M8996AAAAANAZT-1_20170110_230814/b/HK11/trustzone_images/core/securemsm/trustzone/qsapps/libs/applib/qsee/build/qpay/scorpion/IADAANAA/tzapp_entrylib.lib(qsee_ese_service.o)
 .ARM.attributes
                0x00000877       0x37 /local/mnt/workspace/CRMBuilds/TZ.BF.4.0.3.c1-00005-M8996AAAAANAZT-1_20170110_230814/b/HK11/trustzone_images/core/securemsm/trustzone/qsapps/libs/applib/qsee/build/qpay/scorpion/IADAANAA/tzapp_entrylib.lib(qsee_cipher.o)
 .ARM.attributes
                0x000008ae       0x37 /local/mnt/workspace/CRMBuilds/TZ.BF.4.0.3.c1-00005-M8996AAAAANAZT-1_20170110_230814/b/HK11/trustzone_images/core/securemsm/trustzone/qsapps/libs/applib/qsee/build/qpay/scorpion/IADAANAA/tzapp_entrylib.lib(qsee_hash.o)

.comment        0x00000000       0x23
 .comment       0x00000000       0x23 /local/mnt/workspace/CRMBuilds/TZ.BF.4.0.3.c1-00005-M8996AAAAANAZT-1_20170110_230814/b/HK11/trustzone_images/apps/securemsm/trustzone/qsapps/qpay/build/qpay/scorpion/IADAANAA/metadata.o
                                 0x24 (size before relaxing)
 .comment       0x00000000       0x24 /local/mnt/workspace/CRMBuilds/TZ.BF.4.0.3.c1-00005-M8996AAAAANAZT-1_20170110_230814/b/HK11/trustzone_images/core/securemsm/trustzone/qsapps/libs/applib/common_applib/build/qpay/scorpion/IADAANAA/tzapp_entrylib.lib(common_applib.o)
 .comment       0x00000000       0x24 /local/mnt/workspace/CRMBuilds/TZ.BF.4.0.3.c1-00005-M8996AAAAANAZT-1_20170110_230814/b/HK11/trustzone_images/core/securemsm/trustzone/qsapps/libs/applib/qsee/build/qpay/scorpion/IADAANAA/tzapp_entrylib.lib(mink_shared_code.o)
 .comment       0x00000000       0x24 /local/mnt/workspace/CRMBuilds/TZ.BF.4.0.3.c1-00005-M8996AAAAANAZT-1_20170110_230814/b/HK11/trustzone_images/core/securemsm/trustzone/qsapps/libs/applib/qsee/build/qpay/scorpion/IADAANAA/tzapp_entrylib.lib(qsee_env.o)
 .comment       0x00000000       0x24 /local/mnt/workspace/CRMBuilds/TZ.BF.4.0.3.c1-00005-M8996AAAAANAZT-1_20170110_230814/b/HK11/trustzone_images/core/securemsm/trustzone/qsapps/libs/applib/qsee/build/qpay/scorpion/IADAANAA/tzapp_entrylib.lib(qsee_prng.o)
 .comment       0x00000000       0x24 /local/mnt/workspace/CRMBuilds/TZ.BF.4.0.3.c1-00005-M8996AAAAANAZT-1_20170110_230814/b/HK11/trustzone_images/core/securemsm/trustzone/qsapps/libs/applib/qsee/build/qpay/scorpion/IADAANAA/tzapp_entrylib.lib(tzapp_lib_main.o)
 .comment       0x00000000       0x24 /local/mnt/workspace/CRMBuilds/TZ.BF.4.0.3.c1-00005-M8996AAAAANAZT-1_20170110_230814/b/HK11/trustzone_images/core/securemsm/trustzone/qsee/mink/libstd/build/qpay/scorpion/IADAANAA/libstd.lib(secure_memset.o)
 .comment       0x00000000       0x24 /local/mnt/workspace/CRMBuilds/TZ.BF.4.0.3.c1-00005-M8996AAAAANAZT-1_20170110_230814/b/HK11/trustzone_images/core/securemsm/trustzone/qsee/mink/libstd/build/qpay/scorpion/IADAANAA/libstd.lib(strlen.o)
 .comment       0x00000000       0x24 /local/mnt/workspace/CRMBuilds/TZ.BF.4.0.3.c1-00005-M8996AAAAANAZT-1_20170110_230814/b/HK11/trustzone_images/core/securemsm/trustzone/qsee/mink/libstd/build/qpay/scorpion/IADAANAA/libstd.lib(printf.o)
 .comment       0x00000000       0x24 /local/mnt/workspace/CRMBuilds/TZ.BF.4.0.3.c1-00005-M8996AAAAANAZT-1_20170110_230814/b/HK11/trustzone_images/core/securemsm/trustzone/qsee/mink/libstd/build/qpay/scorpion/IADAANAA/libstd.lib(memchr.o)
 .comment       0x00000000       0x24 /afs/localcell/cm/gv2.6/sysname/pkg.@sys/qct/software/llvm/release/arm/3.5.2.4/lib/clang/3.5.2/lib/linux/libclang_rt.builtins-arm.a(udivmoddi4.c.o)
 .comment       0x00000000       0x24 /afs/localcell/cm/gv2.6/sysname/pkg.@sys/qct/software/llvm/release/arm/3.5.2.4/lib/clang/3.5.2/lib/linux/libclang_rt.builtins-arm.a(udivsi3.c.o)
 .comment       0x00000000       0x24 /afs/localcell/cm/gv2.6/sysname/pkg.@sys/qct/software/llvm/release/arm/3.5.2.4/lib/clang/3.5.2/lib/linux/libclang_rt.builtins-arm.a(umoddi3.c.o)
 .comment       0x00000000       0x24 /afs/localcell/cm/gv2.6/sysname/pkg.@sys/qct/software/llvm/release/arm/3.5.2.4/lib/clang/3.5.2/lib/linux/libclang_rt.builtins-arm.a(umodsi3.c.o)
 .comment       0x00000000       0x24 /local/mnt/workspace/CRMBuilds/TZ.BF.4.0.3.c1-00005-M8996AAAAANAZT-1_20170110_230814/b/HK11/trustzone_images/apps/securemsm/trustzone/qsapps/qpay/build/qpay/scorpion/IADAANAA/qpay_app.lib(app_main.o)
 .comment       0x00000000       0x24 /local/mnt/workspace/CRMBuilds/TZ.BF.4.0.3.c1-00005-M8996AAAAANAZT-1_20170110_230814/b/HK11/trustzone_images/core/kernel/libstd/build/qpay/scorpion/IADAANAA/libstd.lib(memscpy.o)
 .comment       0x00000000       0x24 /local/mnt/workspace/CRMBuilds/TZ.BF.4.0.3.c1-00005-M8996AAAAANAZT-1_20170110_230814/b/HK11/trustzone_images/core/securemsm/trustzone/qsapps/libs/applib/proxy/build/qpay/scorpion/IADAANAA/tzlib_proxy.lib(prxy_services.o)
 .comment       0x00000000       0x24 /local/mnt/workspace/CRMBuilds/TZ.BF.4.0.3.c1-00005-M8996AAAAANAZT-1_20170110_230814/b/HK11/trustzone_images/core/securemsm/trustzone/qsapps/libs/tee_se_api/build/qpay/scorpion/IADAANAA/lib_tee_se_api.lib(gp_tee_se_api.o)
 .comment       0x00000000       0x24 /local/mnt/workspace/CRMBuilds/TZ.BF.4.0.3.c1-00005-M8996AAAAANAZT-1_20170110_230814/b/HK11/trustzone_images/core/securemsm/trustzone/qsapps/libs/tee_se_api/build/qpay/scorpion/IADAANAA/lib_tee_se_api.lib(tee_internal_se_api_helper.o)
 .comment       0x00000000       0x24 /local/mnt/workspace/CRMBuilds/TZ.BF.4.0.3.c1-00005-M8996AAAAANAZT-1_20170110_230814/b/HK11/trustzone_images/core/securemsm/trustzone/qsapps/libs/tee_se_api/build/qpay/scorpion/IADAANAA/lib_tee_se_api.lib(SCP.o)
 .comment       0x00000000       0x24 /local/mnt/workspace/CRMBuilds/TZ.BF.4.0.3.c1-00005-M8996AAAAANAZT-1_20170110_230814/b/HK11/trustzone_images/core/securemsm/trustzone/qsapps/libs/tee_se_api/build/qpay/scorpion/IADAANAA/lib_tee_se_api.lib(SCP03.o)
 .comment       0x00000000       0x24 /local/mnt/workspace/CRMBuilds/TZ.BF.4.0.3.c1-00005-M8996AAAAANAZT-1_20170110_230814/b/HK11/trustzone_images/core/securemsm/trustzone/qsapps/libs/tee_se_api/build/qpay/scorpion/IADAANAA/lib_tee_se_api.lib(SCP11.o)
 .comment       0x00000000       0x24 /local/mnt/workspace/CRMBuilds/TZ.BF.4.0.3.c1-00005-M8996AAAAANAZT-1_20170110_230814/b/HK11/trustzone_images/core/securemsm/trustzone/qsapps/libs/tee_se_api/build/qpay/scorpion/IADAANAA/lib_tee_se_api.lib(SCPX.o)
 .comment       0x00000000       0x24 /local/mnt/workspace/CRMBuilds/TZ.BF.4.0.3.c1-00005-M8996AAAAANAZT-1_20170110_230814/b/HK11/trustzone_images/core/securemsm/trustzone/qsapps/libs/tee_se_api/build/qpay/scorpion/IADAANAA/lib_tee_se_api.lib(ECC.o)
 .comment       0x00000000       0x24 /local/mnt/workspace/CRMBuilds/TZ.BF.4.0.3.c1-00005-M8996AAAAANAZT-1_20170110_230814/b/HK11/trustzone_images/core/securemsm/trustzone/qsapps/libs/tee_se_api/build/qpay/scorpion/IADAANAA/lib_tee_se_api.lib(APDU.o)
 .comment       0x00000000       0x24 /local/mnt/workspace/CRMBuilds/TZ.BF.4.0.3.c1-00005-M8996AAAAANAZT-1_20170110_230814/b/HK11/trustzone_images/core/securemsm/trustzone/qsapps/libs/tee_se_api/build/qpay/scorpion/IADAANAA/lib_tee_se_api.lib(SCPUtils.o)
 .comment       0x00000000       0x24 /local/mnt/workspace/CRMBuilds/TZ.BF.4.0.3.c1-00005-M8996AAAAANAZT-1_20170110_230814/b/HK11/trustzone_images/core/securemsm/trustzone/qsapps/libs/tee_se_api/build/qpay/scorpion/IADAANAA/lib_tee_se_api.lib(AES.o)
 .comment       0x00000000       0x24 /local/mnt/workspace/CRMBuilds/TZ.BF.4.0.3.c1-00005-M8996AAAAANAZT-1_20170110_230814/b/HK11/trustzone_images/core/securemsm/trustzone/qsee/mink/libstd/build/qpay/scorpion/IADAANAA/libstd.lib(strlcpy.o)
 .comment       0x00000000       0x24 /local/mnt/workspace/CRMBuilds/TZ.BF.4.0.3.c1-00005-M8996AAAAANAZT-1_20170110_230814/b/HK11/trustzone_images/core/securemsm/trustzone/qsee/mink/libstd/build/qpay/scorpion/IADAANAA/libstd.lib(memset.o)
 .comment       0x00000000       0x24 /local/mnt/workspace/CRMBuilds/TZ.BF.4.0.3.c1-00005-M8996AAAAANAZT-1_20170110_230814/b/HK11/trustzone_images/core/securemsm/trustzone/qsee/mink/libstd/build/qpay/scorpion/IADAANAA/libstd.lib(memcpy.o)
 .comment       0x00000000       0x24 /local/mnt/workspace/CRMBuilds/TZ.BF.4.0.3.c1-00005-M8996AAAAANAZT-1_20170110_230814/b/HK11/trustzone_images/core/securemsm/trustzone/qsapps/libs/applib/proxy/build/qpay/scorpion/IADAANAA/tzlib_proxy.lib(prxy_qsee_shim.o)
 .comment       0x00000000       0x24 /local/mnt/workspace/CRMBuilds/TZ.BF.4.0.3.c1-00005-M8996AAAAANAZT-1_20170110_230814/b/HK11/trustzone_images/core/securemsm/trustzone/qsapps/libs/applib/proxy/build/qpay/scorpion/IADAANAA/tzlib_proxy.lib(prxy_ufdes.o)
 .comment       0x00000000       0x24 /local/mnt/workspace/CRMBuilds/TZ.BF.4.0.3.c1-00005-M8996AAAAANAZT-1_20170110_230814/b/HK11/trustzone_images/core/securemsm/trustzone/qsapps/libs/applib/proxy/build/qpay/scorpion/IADAANAA/tzlib_proxy.lib(prxy_secmath.o)
 .comment       0x00000000       0x24 /local/mnt/workspace/CRMBuilds/TZ.BF.4.0.3.c1-00005-M8996AAAAANAZT-1_20170110_230814/b/HK11/trustzone_images/core/securemsm/trustzone/qsapps/libs/applib/proxy/build/qpay/scorpion/IADAANAA/tzlib_proxy.lib(prxy_secrsa.o)
 .comment       0x00000000       0x24 /local/mnt/workspace/CRMBuilds/TZ.BF.4.0.3.c1-00005-M8996AAAAANAZT-1_20170110_230814/b/HK11/trustzone_images/core/securemsm/trustzone/qsapps/libs/applib/proxy/build/qpay/scorpion/IADAANAA/tzlib_proxy.lib(prxy_ecc.o)
 .comment       0x00000000       0x24 /local/mnt/workspace/CRMBuilds/TZ.BF.4.0.3.c1-00005-M8996AAAAANAZT-1_20170110_230814/b/HK11/trustzone_images/core/securemsm/trustzone/qsapps/libs/applib/qsee/build/qpay/scorpion/IADAANAA/tzapp_entrylib.lib(qsee_ese_service.o)
 .comment       0x00000000       0x24 /local/mnt/workspace/CRMBuilds/TZ.BF.4.0.3.c1-00005-M8996AAAAANAZT-1_20170110_230814/b/HK11/trustzone_images/core/securemsm/trustzone/qsapps/libs/applib/qsee/build/qpay/scorpion/IADAANAA/tzapp_entrylib.lib(qsee_cipher.o)
 .comment       0x00000000       0x24 /local/mnt/workspace/CRMBuilds/TZ.BF.4.0.3.c1-00005-M8996AAAAANAZT-1_20170110_230814/b/HK11/trustzone_images/core/securemsm/trustzone/qsapps/libs/applib/qsee/build/qpay/scorpion/IADAANAA/tzapp_entrylib.lib(qsee_hash.o)

.debug_info     0x00000000    0x1d64b
 .debug_info    0x00000000       0xa5 /local/mnt/workspace/CRMBuilds/TZ.BF.4.0.3.c1-00005-M8996AAAAANAZT-1_20170110_230814/b/HK11/trustzone_images/apps/securemsm/trustzone/qsapps/qpay/build/qpay/scorpion/IADAANAA/metadata.o
 .debug_info    0x000000a5     0x1428 /local/mnt/workspace/CRMBuilds/TZ.BF.4.0.3.c1-00005-M8996AAAAANAZT-1_20170110_230814/b/HK11/trustzone_images/core/securemsm/trustzone/qsapps/libs/applib/common_applib/build/qpay/scorpion/IADAANAA/tzapp_entrylib.lib(common_applib.o)
 .debug_info    0x000014cd      0x581 /local/mnt/workspace/CRMBuilds/TZ.BF.4.0.3.c1-00005-M8996AAAAANAZT-1_20170110_230814/b/HK11/trustzone_images/core/securemsm/trustzone/qsapps/libs/applib/qsee/build/qpay/scorpion/IADAANAA/tzapp_entrylib.lib(mink_shared_code.o)
 .debug_info    0x00001a4e      0x625 /local/mnt/workspace/CRMBuilds/TZ.BF.4.0.3.c1-00005-M8996AAAAANAZT-1_20170110_230814/b/HK11/trustzone_images/core/securemsm/trustzone/qsapps/libs/applib/qsee/build/qpay/scorpion/IADAANAA/tzapp_entrylib.lib(qsee_env.o)
 .debug_info    0x00002073      0x2cc /local/mnt/workspace/CRMBuilds/TZ.BF.4.0.3.c1-00005-M8996AAAAANAZT-1_20170110_230814/b/HK11/trustzone_images/core/securemsm/trustzone/qsapps/libs/applib/qsee/build/qpay/scorpion/IADAANAA/tzapp_entrylib.lib(qsee_prng.o)
 .debug_info    0x0000233f      0x39f /local/mnt/workspace/CRMBuilds/TZ.BF.4.0.3.c1-00005-M8996AAAAANAZT-1_20170110_230814/b/HK11/trustzone_images/core/securemsm/trustzone/qsapps/libs/applib/qsee/build/qpay/scorpion/IADAANAA/tzapp_entrylib.lib(tzapp_lib_main.o)
 .debug_info    0x000026de       0xb8 /local/mnt/workspace/CRMBuilds/TZ.BF.4.0.3.c1-00005-M8996AAAAANAZT-1_20170110_230814/b/HK11/trustzone_images/core/securemsm/trustzone/qsee/mink/libstd/build/qpay/scorpion/IADAANAA/libstd.lib(secure_memset.o)
 .debug_info    0x00002796       0x96 /local/mnt/workspace/CRMBuilds/TZ.BF.4.0.3.c1-00005-M8996AAAAANAZT-1_20170110_230814/b/HK11/trustzone_images/core/securemsm/trustzone/qsee/mink/libstd/build/qpay/scorpion/IADAANAA/libstd.lib(strlen.o)
 .debug_info    0x0000282c      0xabd /local/mnt/workspace/CRMBuilds/TZ.BF.4.0.3.c1-00005-M8996AAAAANAZT-1_20170110_230814/b/HK11/trustzone_images/core/securemsm/trustzone/qsee/mink/libstd/build/qpay/scorpion/IADAANAA/libstd.lib(printf.o)
 .debug_info    0x000032e9       0xeb /local/mnt/workspace/CRMBuilds/TZ.BF.4.0.3.c1-00005-M8996AAAAANAZT-1_20170110_230814/b/HK11/trustzone_images/core/securemsm/trustzone/qsee/mink/libstd/build/qpay/scorpion/IADAANAA/libstd.lib(memchr.o)
 .debug_info    0x000033d4      0xe85 /local/mnt/workspace/CRMBuilds/TZ.BF.4.0.3.c1-00005-M8996AAAAANAZT-1_20170110_230814/b/HK11/trustzone_images/apps/securemsm/trustzone/qsapps/qpay/build/qpay/scorpion/IADAANAA/qpay_app.lib(app_main.o)
 .debug_info    0x00004259       0xa2 /local/mnt/workspace/CRMBuilds/TZ.BF.4.0.3.c1-00005-M8996AAAAANAZT-1_20170110_230814/b/HK11/trustzone_images/core/kernel/libstd/build/qpay/scorpion/IADAANAA/libstd.lib(memscpy.o)
 .debug_info    0x000042fb     0x2c8f /local/mnt/workspace/CRMBuilds/TZ.BF.4.0.3.c1-00005-M8996AAAAANAZT-1_20170110_230814/b/HK11/trustzone_images/core/securemsm/trustzone/qsapps/libs/applib/proxy/build/qpay/scorpion/IADAANAA/tzlib_proxy.lib(prxy_services.o)
 .debug_info    0x00006f8a     0x16b0 /local/mnt/workspace/CRMBuilds/TZ.BF.4.0.3.c1-00005-M8996AAAAANAZT-1_20170110_230814/b/HK11/trustzone_images/core/securemsm/trustzone/qsapps/libs/tee_se_api/build/qpay/scorpion/IADAANAA/lib_tee_se_api.lib(gp_tee_se_api.o)
 .debug_info    0x0000863a     0x1ae7 /local/mnt/workspace/CRMBuilds/TZ.BF.4.0.3.c1-00005-M8996AAAAANAZT-1_20170110_230814/b/HK11/trustzone_images/core/securemsm/trustzone/qsapps/libs/tee_se_api/build/qpay/scorpion/IADAANAA/lib_tee_se_api.lib(tee_internal_se_api_helper.o)
 .debug_info    0x0000a121      0xc41 /local/mnt/workspace/CRMBuilds/TZ.BF.4.0.3.c1-00005-M8996AAAAANAZT-1_20170110_230814/b/HK11/trustzone_images/core/securemsm/trustzone/qsapps/libs/tee_se_api/build/qpay/scorpion/IADAANAA/lib_tee_se_api.lib(SCP.o)
 .debug_info    0x0000ad62     0x1109 /local/mnt/workspace/CRMBuilds/TZ.BF.4.0.3.c1-00005-M8996AAAAANAZT-1_20170110_230814/b/HK11/trustzone_images/core/securemsm/trustzone/qsapps/libs/tee_se_api/build/qpay/scorpion/IADAANAA/lib_tee_se_api.lib(SCP03.o)
 .debug_info    0x0000be6b      0xacc /local/mnt/workspace/CRMBuilds/TZ.BF.4.0.3.c1-00005-M8996AAAAANAZT-1_20170110_230814/b/HK11/trustzone_images/core/securemsm/trustzone/qsapps/libs/tee_se_api/build/qpay/scorpion/IADAANAA/lib_tee_se_api.lib(SCP11.o)
 .debug_info    0x0000c937      0xe1e /local/mnt/workspace/CRMBuilds/TZ.BF.4.0.3.c1-00005-M8996AAAAANAZT-1_20170110_230814/b/HK11/trustzone_images/core/securemsm/trustzone/qsapps/libs/tee_se_api/build/qpay/scorpion/IADAANAA/lib_tee_se_api.lib(SCPX.o)
 .debug_info    0x0000d755      0x71a /local/mnt/workspace/CRMBuilds/TZ.BF.4.0.3.c1-00005-M8996AAAAANAZT-1_20170110_230814/b/HK11/trustzone_images/core/securemsm/trustzone/qsapps/libs/tee_se_api/build/qpay/scorpion/IADAANAA/lib_tee_se_api.lib(ECC.o)
 .debug_info    0x0000de6f      0x5c9 /local/mnt/workspace/CRMBuilds/TZ.BF.4.0.3.c1-00005-M8996AAAAANAZT-1_20170110_230814/b/HK11/trustzone_images/core/securemsm/trustzone/qsapps/libs/tee_se_api/build/qpay/scorpion/IADAANAA/lib_tee_se_api.lib(APDU.o)
 .debug_info    0x0000e438     0x114c /local/mnt/workspace/CRMBuilds/TZ.BF.4.0.3.c1-00005-M8996AAAAANAZT-1_20170110_230814/b/HK11/trustzone_images/core/securemsm/trustzone/qsapps/libs/tee_se_api/build/qpay/scorpion/IADAANAA/lib_tee_se_api.lib(SCPUtils.o)
 .debug_info    0x0000f584      0x3fa /local/mnt/workspace/CRMBuilds/TZ.BF.4.0.3.c1-00005-M8996AAAAANAZT-1_20170110_230814/b/HK11/trustzone_images/core/securemsm/trustzone/qsapps/libs/tee_se_api/build/qpay/scorpion/IADAANAA/lib_tee_se_api.lib(AES.o)
 .debug_info    0x0000f97e       0xbe /local/mnt/workspace/CRMBuilds/TZ.BF.4.0.3.c1-00005-M8996AAAAANAZT-1_20170110_230814/b/HK11/trustzone_images/core/securemsm/trustzone/qsee/mink/libstd/build/qpay/scorpion/IADAANAA/libstd.lib(strlcpy.o)
 .debug_info    0x0000fa3c       0xad /local/mnt/workspace/CRMBuilds/TZ.BF.4.0.3.c1-00005-M8996AAAAANAZT-1_20170110_230814/b/HK11/trustzone_images/core/securemsm/trustzone/qsee/mink/libstd/build/qpay/scorpion/IADAANAA/libstd.lib(memset.o)
 .debug_info    0x0000fae9       0xed /local/mnt/workspace/CRMBuilds/TZ.BF.4.0.3.c1-00005-M8996AAAAANAZT-1_20170110_230814/b/HK11/trustzone_images/core/securemsm/trustzone/qsee/mink/libstd/build/qpay/scorpion/IADAANAA/libstd.lib(memcpy.o)
 .debug_info    0x0000fbd6     0x173b /local/mnt/workspace/CRMBuilds/TZ.BF.4.0.3.c1-00005-M8996AAAAANAZT-1_20170110_230814/b/HK11/trustzone_images/core/securemsm/trustzone/qsapps/libs/applib/proxy/build/qpay/scorpion/IADAANAA/tzlib_proxy.lib(prxy_qsee_shim.o)
 .debug_info    0x00011311     0x2553 /local/mnt/workspace/CRMBuilds/TZ.BF.4.0.3.c1-00005-M8996AAAAANAZT-1_20170110_230814/b/HK11/trustzone_images/core/securemsm/trustzone/qsapps/libs/applib/proxy/build/qpay/scorpion/IADAANAA/tzlib_proxy.lib(prxy_ufdes.o)
 .debug_info    0x00013864     0x24d9 /local/mnt/workspace/CRMBuilds/TZ.BF.4.0.3.c1-00005-M8996AAAAANAZT-1_20170110_230814/b/HK11/trustzone_images/core/securemsm/trustzone/qsapps/libs/applib/proxy/build/qpay/scorpion/IADAANAA/tzlib_proxy.lib(prxy_secmath.o)
 .debug_info    0x00015d3d     0x2832 /local/mnt/workspace/CRMBuilds/TZ.BF.4.0.3.c1-00005-M8996AAAAANAZT-1_20170110_230814/b/HK11/trustzone_images/core/securemsm/trustzone/qsapps/libs/applib/proxy/build/qpay/scorpion/IADAANAA/tzlib_proxy.lib(prxy_secrsa.o)
 .debug_info    0x0001856f     0x29aa /local/mnt/workspace/CRMBuilds/TZ.BF.4.0.3.c1-00005-M8996AAAAANAZT-1_20170110_230814/b/HK11/trustzone_images/core/securemsm/trustzone/qsapps/libs/applib/proxy/build/qpay/scorpion/IADAANAA/tzlib_proxy.lib(prxy_ecc.o)
 .debug_info    0x0001af19      0xcf4 /local/mnt/workspace/CRMBuilds/TZ.BF.4.0.3.c1-00005-M8996AAAAANAZT-1_20170110_230814/b/HK11/trustzone_images/core/securemsm/trustzone/qsapps/libs/applib/qsee/build/qpay/scorpion/IADAANAA/tzapp_entrylib.lib(qsee_ese_service.o)
 .debug_info    0x0001bc0d      0xc62 /local/mnt/workspace/CRMBuilds/TZ.BF.4.0.3.c1-00005-M8996AAAAANAZT-1_20170110_230814/b/HK11/trustzone_images/core/securemsm/trustzone/qsapps/libs/applib/qsee/build/qpay/scorpion/IADAANAA/tzapp_entrylib.lib(qsee_cipher.o)
 .debug_info    0x0001c86f      0xddc /local/mnt/workspace/CRMBuilds/TZ.BF.4.0.3.c1-00005-M8996AAAAANAZT-1_20170110_230814/b/HK11/trustzone_images/core/securemsm/trustzone/qsapps/libs/applib/qsee/build/qpay/scorpion/IADAANAA/tzapp_entrylib.lib(qsee_hash.o)

.debug_abbrev   0x00000000     0x3415
 .debug_abbrev  0x00000000       0x63 /local/mnt/workspace/CRMBuilds/TZ.BF.4.0.3.c1-00005-M8996AAAAANAZT-1_20170110_230814/b/HK11/trustzone_images/apps/securemsm/trustzone/qsapps/qpay/build/qpay/scorpion/IADAANAA/metadata.o
 .debug_abbrev  0x00000063      0x303 /local/mnt/workspace/CRMBuilds/TZ.BF.4.0.3.c1-00005-M8996AAAAANAZT-1_20170110_230814/b/HK11/trustzone_images/core/securemsm/trustzone/qsapps/libs/applib/common_applib/build/qpay/scorpion/IADAANAA/tzapp_entrylib.lib(common_applib.o)
 .debug_abbrev  0x00000366      0x181 /local/mnt/workspace/CRMBuilds/TZ.BF.4.0.3.c1-00005-M8996AAAAANAZT-1_20170110_230814/b/HK11/trustzone_images/core/securemsm/trustzone/qsapps/libs/applib/qsee/build/qpay/scorpion/IADAANAA/tzapp_entrylib.lib(mink_shared_code.o)
 .debug_abbrev  0x000004e7      0x193 /local/mnt/workspace/CRMBuilds/TZ.BF.4.0.3.c1-00005-M8996AAAAANAZT-1_20170110_230814/b/HK11/trustzone_images/core/securemsm/trustzone/qsapps/libs/applib/qsee/build/qpay/scorpion/IADAANAA/tzapp_entrylib.lib(qsee_env.o)
 .debug_abbrev  0x0000067a      0x128 /local/mnt/workspace/CRMBuilds/TZ.BF.4.0.3.c1-00005-M8996AAAAANAZT-1_20170110_230814/b/HK11/trustzone_images/core/securemsm/trustzone/qsapps/libs/applib/qsee/build/qpay/scorpion/IADAANAA/tzapp_entrylib.lib(qsee_prng.o)
 .debug_abbrev  0x000007a2      0x11a /local/mnt/workspace/CRMBuilds/TZ.BF.4.0.3.c1-00005-M8996AAAAANAZT-1_20170110_230814/b/HK11/trustzone_images/core/securemsm/trustzone/qsapps/libs/applib/qsee/build/qpay/scorpion/IADAANAA/tzapp_entrylib.lib(tzapp_lib_main.o)
 .debug_abbrev  0x000008bc       0x83 /local/mnt/workspace/CRMBuilds/TZ.BF.4.0.3.c1-00005-M8996AAAAANAZT-1_20170110_230814/b/HK11/trustzone_images/core/securemsm/trustzone/qsee/mink/libstd/build/qpay/scorpion/IADAANAA/libstd.lib(secure_memset.o)
 .debug_abbrev  0x0000093f       0x83 /local/mnt/workspace/CRMBuilds/TZ.BF.4.0.3.c1-00005-M8996AAAAANAZT-1_20170110_230814/b/HK11/trustzone_images/core/securemsm/trustzone/qsee/mink/libstd/build/qpay/scorpion/IADAANAA/libstd.lib(strlen.o)
 .debug_abbrev  0x000009c2      0x261 /local/mnt/workspace/CRMBuilds/TZ.BF.4.0.3.c1-00005-M8996AAAAANAZT-1_20170110_230814/b/HK11/trustzone_images/core/securemsm/trustzone/qsee/mink/libstd/build/qpay/scorpion/IADAANAA/libstd.lib(printf.o)
 .debug_abbrev  0x00000c23       0x8b /local/mnt/workspace/CRMBuilds/TZ.BF.4.0.3.c1-00005-M8996AAAAANAZT-1_20170110_230814/b/HK11/trustzone_images/core/securemsm/trustzone/qsee/mink/libstd/build/qpay/scorpion/IADAANAA/libstd.lib(memchr.o)
 .debug_abbrev  0x00000cae      0x26d /local/mnt/workspace/CRMBuilds/TZ.BF.4.0.3.c1-00005-M8996AAAAANAZT-1_20170110_230814/b/HK11/trustzone_images/apps/securemsm/trustzone/qsapps/qpay/build/qpay/scorpion/IADAANAA/qpay_app.lib(app_main.o)
 .debug_abbrev  0x00000f1b       0x8a /local/mnt/workspace/CRMBuilds/TZ.BF.4.0.3.c1-00005-M8996AAAAANAZT-1_20170110_230814/b/HK11/trustzone_images/core/kernel/libstd/build/qpay/scorpion/IADAANAA/libstd.lib(memscpy.o)
 .debug_abbrev  0x00000fa5      0x23b /local/mnt/workspace/CRMBuilds/TZ.BF.4.0.3.c1-00005-M8996AAAAANAZT-1_20170110_230814/b/HK11/trustzone_images/core/securemsm/trustzone/qsapps/libs/applib/proxy/build/qpay/scorpion/IADAANAA/tzlib_proxy.lib(prxy_services.o)
 .debug_abbrev  0x000011e0      0x285 /local/mnt/workspace/CRMBuilds/TZ.BF.4.0.3.c1-00005-M8996AAAAANAZT-1_20170110_230814/b/HK11/trustzone_images/core/securemsm/trustzone/qsapps/libs/tee_se_api/build/qpay/scorpion/IADAANAA/lib_tee_se_api.lib(gp_tee_se_api.o)
 .debug_abbrev  0x00001465      0x389 /local/mnt/workspace/CRMBuilds/TZ.BF.4.0.3.c1-00005-M8996AAAAANAZT-1_20170110_230814/b/HK11/trustzone_images/core/securemsm/trustzone/qsapps/libs/tee_se_api/build/qpay/scorpion/IADAANAA/lib_tee_se_api.lib(tee_internal_se_api_helper.o)
 .debug_abbrev  0x000017ee      0x1a6 /local/mnt/workspace/CRMBuilds/TZ.BF.4.0.3.c1-00005-M8996AAAAANAZT-1_20170110_230814/b/HK11/trustzone_images/core/securemsm/trustzone/qsapps/libs/tee_se_api/build/qpay/scorpion/IADAANAA/lib_tee_se_api.lib(SCP.o)
 .debug_abbrev  0x00001994      0x232 /local/mnt/workspace/CRMBuilds/TZ.BF.4.0.3.c1-00005-M8996AAAAANAZT-1_20170110_230814/b/HK11/trustzone_images/core/securemsm/trustzone/qsapps/libs/tee_se_api/build/qpay/scorpion/IADAANAA/lib_tee_se_api.lib(SCP03.o)
 .debug_abbrev  0x00001bc6      0x190 /local/mnt/workspace/CRMBuilds/TZ.BF.4.0.3.c1-00005-M8996AAAAANAZT-1_20170110_230814/b/HK11/trustzone_images/core/securemsm/trustzone/qsapps/libs/tee_se_api/build/qpay/scorpion/IADAANAA/lib_tee_se_api.lib(SCP11.o)
 .debug_abbrev  0x00001d56      0x1f6 /local/mnt/workspace/CRMBuilds/TZ.BF.4.0.3.c1-00005-M8996AAAAANAZT-1_20170110_230814/b/HK11/trustzone_images/core/securemsm/trustzone/qsapps/libs/tee_se_api/build/qpay/scorpion/IADAANAA/lib_tee_se_api.lib(SCPX.o)
 .debug_abbrev  0x00001f4c      0x11d /local/mnt/workspace/CRMBuilds/TZ.BF.4.0.3.c1-00005-M8996AAAAANAZT-1_20170110_230814/b/HK11/trustzone_images/core/securemsm/trustzone/qsapps/libs/tee_se_api/build/qpay/scorpion/IADAANAA/lib_tee_se_api.lib(ECC.o)
 .debug_abbrev  0x00002069       0xdc /local/mnt/workspace/CRMBuilds/TZ.BF.4.0.3.c1-00005-M8996AAAAANAZT-1_20170110_230814/b/HK11/trustzone_images/core/securemsm/trustzone/qsapps/libs/tee_se_api/build/qpay/scorpion/IADAANAA/lib_tee_se_api.lib(APDU.o)
 .debug_abbrev  0x00002145      0x242 /local/mnt/workspace/CRMBuilds/TZ.BF.4.0.3.c1-00005-M8996AAAAANAZT-1_20170110_230814/b/HK11/trustzone_images/core/securemsm/trustzone/qsapps/libs/tee_se_api/build/qpay/scorpion/IADAANAA/lib_tee_se_api.lib(SCPUtils.o)
 .debug_abbrev  0x00002387       0xe3 /local/mnt/workspace/CRMBuilds/TZ.BF.4.0.3.c1-00005-M8996AAAAANAZT-1_20170110_230814/b/HK11/trustzone_images/core/securemsm/trustzone/qsapps/libs/tee_se_api/build/qpay/scorpion/IADAANAA/lib_tee_se_api.lib(AES.o)
 .debug_abbrev  0x0000246a       0x94 /local/mnt/workspace/CRMBuilds/TZ.BF.4.0.3.c1-00005-M8996AAAAANAZT-1_20170110_230814/b/HK11/trustzone_images/core/securemsm/trustzone/qsee/mink/libstd/build/qpay/scorpion/IADAANAA/libstd.lib(strlcpy.o)
 .debug_abbrev  0x000024fe       0x85 /local/mnt/workspace/CRMBuilds/TZ.BF.4.0.3.c1-00005-M8996AAAAANAZT-1_20170110_230814/b/HK11/trustzone_images/core/securemsm/trustzone/qsee/mink/libstd/build/qpay/scorpion/IADAANAA/libstd.lib(memset.o)
 .debug_abbrev  0x00002583       0x98 /local/mnt/workspace/CRMBuilds/TZ.BF.4.0.3.c1-00005-M8996AAAAANAZT-1_20170110_230814/b/HK11/trustzone_images/core/securemsm/trustzone/qsee/mink/libstd/build/qpay/scorpion/IADAANAA/libstd.lib(memcpy.o)
 .debug_abbrev  0x0000261b      0x1a9 /local/mnt/workspace/CRMBuilds/TZ.BF.4.0.3.c1-00005-M8996AAAAANAZT-1_20170110_230814/b/HK11/trustzone_images/core/securemsm/trustzone/qsapps/libs/applib/proxy/build/qpay/scorpion/IADAANAA/tzlib_proxy.lib(prxy_qsee_shim.o)
 .debug_abbrev  0x000027c4      0x19e /local/mnt/workspace/CRMBuilds/TZ.BF.4.0.3.c1-00005-M8996AAAAANAZT-1_20170110_230814/b/HK11/trustzone_images/core/securemsm/trustzone/qsapps/libs/applib/proxy/build/qpay/scorpion/IADAANAA/tzlib_proxy.lib(prxy_ufdes.o)
 .debug_abbrev  0x00002962      0x191 /local/mnt/workspace/CRMBuilds/TZ.BF.4.0.3.c1-00005-M8996AAAAANAZT-1_20170110_230814/b/HK11/trustzone_images/core/securemsm/trustzone/qsapps/libs/applib/proxy/build/qpay/scorpion/IADAANAA/tzlib_proxy.lib(prxy_secmath.o)
 .debug_abbrev  0x00002af3      0x1b5 /local/mnt/workspace/CRMBuilds/TZ.BF.4.0.3.c1-00005-M8996AAAAANAZT-1_20170110_230814/b/HK11/trustzone_images/core/securemsm/trustzone/qsapps/libs/applib/proxy/build/qpay/scorpion/IADAANAA/tzlib_proxy.lib(prxy_secrsa.o)
 .debug_abbrev  0x00002ca8      0x1b5 /local/mnt/workspace/CRMBuilds/TZ.BF.4.0.3.c1-00005-M8996AAAAANAZT-1_20170110_230814/b/HK11/trustzone_images/core/securemsm/trustzone/qsapps/libs/applib/proxy/build/qpay/scorpion/IADAANAA/tzlib_proxy.lib(prxy_ecc.o)
 .debug_abbrev  0x00002e5d      0x217 /local/mnt/workspace/CRMBuilds/TZ.BF.4.0.3.c1-00005-M8996AAAAANAZT-1_20170110_230814/b/HK11/trustzone_images/core/securemsm/trustzone/qsapps/libs/applib/qsee/build/qpay/scorpion/IADAANAA/tzapp_entrylib.lib(qsee_ese_service.o)
 .debug_abbrev  0x00003074      0x1dc /local/mnt/workspace/CRMBuilds/TZ.BF.4.0.3.c1-00005-M8996AAAAANAZT-1_20170110_230814/b/HK11/trustzone_images/core/securemsm/trustzone/qsapps/libs/applib/qsee/build/qpay/scorpion/IADAANAA/tzapp_entrylib.lib(qsee_cipher.o)
 .debug_abbrev  0x00003250      0x1c5 /local/mnt/workspace/CRMBuilds/TZ.BF.4.0.3.c1-00005-M8996AAAAANAZT-1_20170110_230814/b/HK11/trustzone_images/core/securemsm/trustzone/qsapps/libs/applib/qsee/build/qpay/scorpion/IADAANAA/tzapp_entrylib.lib(qsee_hash.o)

.debug_line     0x00000000     0x9f8b
 .debug_line    0x00000000       0xda /local/mnt/workspace/CRMBuilds/TZ.BF.4.0.3.c1-00005-M8996AAAAANAZT-1_20170110_230814/b/HK11/trustzone_images/apps/securemsm/trustzone/qsapps/qpay/build/qpay/scorpion/IADAANAA/metadata.o
 .debug_line    0x000000da      0x7c0 /local/mnt/workspace/CRMBuilds/TZ.BF.4.0.3.c1-00005-M8996AAAAANAZT-1_20170110_230814/b/HK11/trustzone_images/core/securemsm/trustzone/qsapps/libs/applib/common_applib/build/qpay/scorpion/IADAANAA/tzapp_entrylib.lib(common_applib.o)
 .debug_line    0x0000089a      0x369 /local/mnt/workspace/CRMBuilds/TZ.BF.4.0.3.c1-00005-M8996AAAAANAZT-1_20170110_230814/b/HK11/trustzone_images/core/securemsm/trustzone/qsapps/libs/applib/qsee/build/qpay/scorpion/IADAANAA/tzapp_entrylib.lib(mink_shared_code.o)
 .debug_line    0x00000c03      0x2e3 /local/mnt/workspace/CRMBuilds/TZ.BF.4.0.3.c1-00005-M8996AAAAANAZT-1_20170110_230814/b/HK11/trustzone_images/core/securemsm/trustzone/qsapps/libs/applib/qsee/build/qpay/scorpion/IADAANAA/tzapp_entrylib.lib(qsee_env.o)
 .debug_line    0x00000ee6      0x283 /local/mnt/workspace/CRMBuilds/TZ.BF.4.0.3.c1-00005-M8996AAAAANAZT-1_20170110_230814/b/HK11/trustzone_images/core/securemsm/trustzone/qsapps/libs/applib/qsee/build/qpay/scorpion/IADAANAA/tzapp_entrylib.lib(qsee_prng.o)
 .debug_line    0x00001169      0x218 /local/mnt/workspace/CRMBuilds/TZ.BF.4.0.3.c1-00005-M8996AAAAANAZT-1_20170110_230814/b/HK11/trustzone_images/core/securemsm/trustzone/qsapps/libs/applib/qsee/build/qpay/scorpion/IADAANAA/tzapp_entrylib.lib(tzapp_lib_main.o)
 .debug_line    0x00001381      0x12d /local/mnt/workspace/CRMBuilds/TZ.BF.4.0.3.c1-00005-M8996AAAAANAZT-1_20170110_230814/b/HK11/trustzone_images/core/securemsm/trustzone/qsee/mink/libstd/build/qpay/scorpion/IADAANAA/libstd.lib(secure_memset.o)
 .debug_line    0x000014ae      0x147 /local/mnt/workspace/CRMBuilds/TZ.BF.4.0.3.c1-00005-M8996AAAAANAZT-1_20170110_230814/b/HK11/trustzone_images/core/securemsm/trustzone/qsee/mink/libstd/build/qpay/scorpion/IADAANAA/libstd.lib(strlen.o)
 .debug_line    0x000015f5      0x555 /local/mnt/workspace/CRMBuilds/TZ.BF.4.0.3.c1-00005-M8996AAAAANAZT-1_20170110_230814/b/HK11/trustzone_images/core/securemsm/trustzone/qsee/mink/libstd/build/qpay/scorpion/IADAANAA/libstd.lib(printf.o)
 .debug_line    0x00001b4a      0x183 /local/mnt/workspace/CRMBuilds/TZ.BF.4.0.3.c1-00005-M8996AAAAANAZT-1_20170110_230814/b/HK11/trustzone_images/core/securemsm/trustzone/qsee/mink/libstd/build/qpay/scorpion/IADAANAA/libstd.lib(memchr.o)
 .debug_line    0x00001ccd      0x65c /local/mnt/workspace/CRMBuilds/TZ.BF.4.0.3.c1-00005-M8996AAAAANAZT-1_20170110_230814/b/HK11/trustzone_images/apps/securemsm/trustzone/qsapps/qpay/build/qpay/scorpion/IADAANAA/qpay_app.lib(app_main.o)
 .debug_line    0x00002329      0x10f /local/mnt/workspace/CRMBuilds/TZ.BF.4.0.3.c1-00005-M8996AAAAANAZT-1_20170110_230814/b/HK11/trustzone_images/core/kernel/libstd/build/qpay/scorpion/IADAANAA/libstd.lib(memscpy.o)
 .debug_line    0x00002438      0xc37 /local/mnt/workspace/CRMBuilds/TZ.BF.4.0.3.c1-00005-M8996AAAAANAZT-1_20170110_230814/b/HK11/trustzone_images/core/securemsm/trustzone/qsapps/libs/applib/proxy/build/qpay/scorpion/IADAANAA/tzlib_proxy.lib(prxy_services.o)
 .debug_line    0x0000306f      0x743 /local/mnt/workspace/CRMBuilds/TZ.BF.4.0.3.c1-00005-M8996AAAAANAZT-1_20170110_230814/b/HK11/trustzone_images/core/securemsm/trustzone/qsapps/libs/tee_se_api/build/qpay/scorpion/IADAANAA/lib_tee_se_api.lib(gp_tee_se_api.o)
 .debug_line    0x000037b2      0x9b7 /local/mnt/workspace/CRMBuilds/TZ.BF.4.0.3.c1-00005-M8996AAAAANAZT-1_20170110_230814/b/HK11/trustzone_images/core/securemsm/trustzone/qsapps/libs/tee_se_api/build/qpay/scorpion/IADAANAA/lib_tee_se_api.lib(tee_internal_se_api_helper.o)
 .debug_line    0x00004169      0x380 /local/mnt/workspace/CRMBuilds/TZ.BF.4.0.3.c1-00005-M8996AAAAANAZT-1_20170110_230814/b/HK11/trustzone_images/core/securemsm/trustzone/qsapps/libs/tee_se_api/build/qpay/scorpion/IADAANAA/lib_tee_se_api.lib(SCP.o)
 .debug_line    0x000044e9      0x42a /local/mnt/workspace/CRMBuilds/TZ.BF.4.0.3.c1-00005-M8996AAAAANAZT-1_20170110_230814/b/HK11/trustzone_images/core/securemsm/trustzone/qsapps/libs/tee_se_api/build/qpay/scorpion/IADAANAA/lib_tee_se_api.lib(SCP03.o)
 .debug_line    0x00004913      0x313 /local/mnt/workspace/CRMBuilds/TZ.BF.4.0.3.c1-00005-M8996AAAAANAZT-1_20170110_230814/b/HK11/trustzone_images/core/securemsm/trustzone/qsapps/libs/tee_se_api/build/qpay/scorpion/IADAANAA/lib_tee_se_api.lib(SCP11.o)
 .debug_line    0x00004c26      0x3d2 /local/mnt/workspace/CRMBuilds/TZ.BF.4.0.3.c1-00005-M8996AAAAANAZT-1_20170110_230814/b/HK11/trustzone_images/core/securemsm/trustzone/qsapps/libs/tee_se_api/build/qpay/scorpion/IADAANAA/lib_tee_se_api.lib(SCPX.o)
 .debug_line    0x00004ff8      0x29d /local/mnt/workspace/CRMBuilds/TZ.BF.4.0.3.c1-00005-M8996AAAAANAZT-1_20170110_230814/b/HK11/trustzone_images/core/securemsm/trustzone/qsapps/libs/tee_se_api/build/qpay/scorpion/IADAANAA/lib_tee_se_api.lib(ECC.o)
 .debug_line    0x00005295      0x267 /local/mnt/workspace/CRMBuilds/TZ.BF.4.0.3.c1-00005-M8996AAAAANAZT-1_20170110_230814/b/HK11/trustzone_images/core/securemsm/trustzone/qsapps/libs/tee_se_api/build/qpay/scorpion/IADAANAA/lib_tee_se_api.lib(APDU.o)
 .debug_line    0x000054fc      0x472 /local/mnt/workspace/CRMBuilds/TZ.BF.4.0.3.c1-00005-M8996AAAAANAZT-1_20170110_230814/b/HK11/trustzone_images/core/securemsm/trustzone/qsapps/libs/tee_se_api/build/qpay/scorpion/IADAANAA/lib_tee_se_api.lib(SCPUtils.o)
 .debug_line    0x0000596e      0x2b3 /local/mnt/workspace/CRMBuilds/TZ.BF.4.0.3.c1-00005-M8996AAAAANAZT-1_20170110_230814/b/HK11/trustzone_images/core/securemsm/trustzone/qsapps/libs/tee_se_api/build/qpay/scorpion/IADAANAA/lib_tee_se_api.lib(AES.o)
 .debug_line    0x00005c21      0x141 /local/mnt/workspace/CRMBuilds/TZ.BF.4.0.3.c1-00005-M8996AAAAANAZT-1_20170110_230814/b/HK11/trustzone_images/core/securemsm/trustzone/qsee/mink/libstd/build/qpay/scorpion/IADAANAA/libstd.lib(strlcpy.o)
 .debug_line    0x00005d62      0x142 /local/mnt/workspace/CRMBuilds/TZ.BF.4.0.3.c1-00005-M8996AAAAANAZT-1_20170110_230814/b/HK11/trustzone_images/core/securemsm/trustzone/qsee/mink/libstd/build/qpay/scorpion/IADAANAA/libstd.lib(memset.o)