Archive member included because of file (symbol)

/local/mnt/workspace/CRMBuilds/TZ.BF.4.0.3.c1-00005-M8996AAAAANAZT-1_20170110_230814/b/HK11/trustzone_images/core/kernel/libstd/build/secure_ui_sample/A53_64/IADAANAA/libstd.lib(memscpy.o)
                              /local/mnt/workspace/CRMBuilds/TZ.BF.4.0.3.c1-00005-M8996AAAAANAZT-1_20170110_230814/b/HK11/trustzone_images/apps/securemsm/trustzone/qsapps/secure_ui_sample64/build/secure_ui_sample/A53_64/IADAANAA/app_main.o (memscpy)
/local/mnt/workspace/CRMBuilds/TZ.BF.4.0.3.c1-00005-M8996AAAAANAZT-1_20170110_230814/b/HK11/trustzone_images/core/kernel/libstd/build/secure_ui_sample/A53_64/IADAANAA/libstd.lib(strlcat.o)
                              /local/mnt/workspace/CRMBuilds/TZ.BF.4.0.3.c1-00005-M8996AAAAANAZT-1_20170110_230814/b/HK11/trustzone_images/apps/securemsm/trustzone/qsapps/secure_ui_sample64/build/secure_ui_sample/A53_64/IADAANAA/app_main.o (strlcat)
/local/mnt/workspace/CRMBuilds/TZ.BF.4.0.3.c1-00005-M8996AAAAANAZT-1_20170110_230814/b/HK11/trustzone_images/core/kernel/libstd/build/secure_ui_sample/A53_64/IADAANAA/libstd.lib(strlcpy.o)
                              /local/mnt/workspace/CRMBuilds/TZ.BF.4.0.3.c1-00005-M8996AAAAANAZT-1_20170110_230814/b/HK11/trustzone_images/apps/securemsm/trustzone/qsapps/secure_ui_sample64/build/secure_ui_sample/A53_64/IADAANAA/app_main.o (strlcpy)
/local/mnt/workspace/CRMBuilds/TZ.BF.4.0.3.c1-00005-M8996AAAAANAZT-1_20170110_230814/b/HK11/trustzone_images/core/securemsm/sse/qsee/SecureUI/build/secure_ui_sample/A53_64/IADAANAA/secure_ui.lib(SecureUI.o)
                              /local/mnt/workspace/CRMBuilds/TZ.BF.4.0.3.c1-00005-M8996AAAAANAZT-1_20170110_230814/b/HK11/trustzone_images/apps/securemsm/trustzone/qsapps/secure_ui_sample64/build/secure_ui_sample/A53_64/IADAANAA/app_main.o (sec_ui_alloc_app_buffer)
/local/mnt/workspace/CRMBuilds/TZ.BF.4.0.3.c1-00005-M8996AAAAANAZT-1_20170110_230814/b/HK11/trustzone_images/core/securemsm/sse/qsee/SecureUI/build/secure_ui_sample/A53_64/IADAANAA/secure_ui_tui.lib(qsee_tui_dialogs.o)
                              /local/mnt/workspace/CRMBuilds/TZ.BF.4.0.3.c1-00005-M8996AAAAANAZT-1_20170110_230814/b/HK11/trustzone_images/apps/securemsm/trustzone/qsapps/secure_ui_sample64/build/secure_ui_sample/A53_64/IADAANAA/app_main.o (qsee_tui_dialog)
/local/mnt/workspace/CRMBuilds/TZ.BF.4.0.3.c1-00005-M8996AAAAANAZT-1_20170110_230814/b/HK11/trustzone_images/core/securemsm/sse/qsee/SecureUI/build/secure_ui_sample/A53_64/IADAANAA/secure_ui_tui.lib(layout_manager.o)
                              /local/mnt/workspace/CRMBuilds/TZ.BF.4.0.3.c1-00005-M8996AAAAANAZT-1_20170110_230814/b/HK11/trustzone_images/core/securemsm/sse/qsee/SecureUI/build/secure_ui_sample/A53_64/IADAANAA/secure_ui_tui.lib(qsee_tui_dialogs.o) (layout_mgr_clear_input_buffer)
/local/mnt/workspace/CRMBuilds/TZ.BF.4.0.3.c1-00005-M8996AAAAANAZT-1_20170110_230814/b/HK11/trustzone_images/core/securemsm/sse/qsee/SecureUI/build/secure_ui_sample/A53_64/IADAANAA/secure_ui_tui.lib(secure_display_renderer.o)
                              /local/mnt/workspace/CRMBuilds/TZ.BF.4.0.3.c1-00005-M8996AAAAANAZT-1_20170110_230814/b/HK11/trustzone_images/core/securemsm/sse/qsee/SecureUI/build/secure_ui_sample/A53_64/IADAANAA/secure_ui_tui.lib(layout_manager.o) (get_utf8_len)
/local/mnt/workspace/CRMBuilds/TZ.BF.4.0.3.c1-00005-M8996AAAAANAZT-1_20170110_230814/b/HK11/trustzone_images/core/securemsm/sse/qsee/SecureUI/build/secure_ui_sample/A53_64/IADAANAA/secure_ui_tui.lib(font_manager.o)
                              /local/mnt/workspace/CRMBuilds/TZ.BF.4.0.3.c1-00005-M8996AAAAANAZT-1_20170110_230814/b/HK11/trustzone_images/core/securemsm/sse/qsee/SecureUI/build/secure_ui_sample/A53_64/IADAANAA/secure_ui_tui.lib(secure_display_renderer.o) (font_mgr_prepare_gdfont)
/local/mnt/workspace/CRMBuilds/TZ.BF.4.0.3.c1-00005-M8996AAAAANAZT-1_20170110_230814/b/HK11/trustzone_images/core/securemsm/sse/qsee/SecureUILib/lib/build/secure_ui_sample/A53_64/IADAANAA/secure_ui_lib.lib(SecureUILib.o)
                              /local/mnt/workspace/CRMBuilds/TZ.BF.4.0.3.c1-00005-M8996AAAAANAZT-1_20170110_230814/b/HK11/trustzone_images/apps/securemsm/trustzone/qsapps/secure_ui_sample64/build/secure_ui_sample/A53_64/IADAANAA/app_main.o (secUiProcessCmd)
/local/mnt/workspace/CRMBuilds/TZ.BF.4.0.3.c1-00005-M8996AAAAANAZT-1_20170110_230814/b/HK11/trustzone_images/core/securemsm/sse/qsee/SecureUILib/lib/build/secure_ui_sample/A53_64/IADAANAA/secure_ui_lib.lib(01_startTouch.o)
                              /local/mnt/workspace/CRMBuilds/TZ.BF.4.0.3.c1-00005-M8996AAAAANAZT-1_20170110_230814/b/HK11/trustzone_images/core/securemsm/sse/qsee/SecureUILib/lib/build/secure_ui_sample/A53_64/IADAANAA/secure_ui_lib.lib(SecureUILib.o) (processCmdStartTouch)
[...]
Memory Configuration

Name             Origin             Length             Attributes
*default*        0x0000000000000000 0xffffffffffffffff

Linker script and memory map


.text           0x0000000000000000    0xdc6aa
 *\tzapp_entry.o(SORT(TZAPPENTRYCODE))
 TZAPPENTRYCODE
                0x0000000000000000       0x58 /local/mnt/workspace/CRMBuilds/TZ.BF.4.0.3.c1-00005-M8996AAAAANAZT-1_20170110_230814/b/HK11/trustzone_images/core/securemsm/trustzone/qsapps/libs/applib/qsee64/build/secure_ui_sample/A53_64/IADAANAA/qsee64/src/tzapp_entry.o
                0x0000000000000000                __main
                0x0000000000000000                TZAPPENTRY
                0x0000000000000000                _main
                0x000000000000003c                get_cmnlib_ctx_ptr
 *(SORT(.text) SORT(.text.*) SORT(kthread_shared))
 .text          0x0000000000000058     0x1868 /local/mnt/workspace/CRMBuilds/TZ.BF.4.0.3.c1-00005-M8996AAAAANAZT-1_20170110_230814/b/HK11/trustzone_images/apps/securemsm/trustzone/qsapps/secure_ui_sample64/build/secure_ui_sample/A53_64/IADAANAA/app_main.o
                0x0000000000000058                copy_dot
                0x000000000000015c                draw_dot
                0x00000000000004b8                provision
                0x000000000000061c                tz_app_init
                0x00000000000007ec                test_app_buffer
                0x0000000000000a9c                alloc_init_screen
                0x0000000000000b38                start_disp_fullscreen
                0x0000000000000d7c                show_image
                0x0000000000000ec0                show_image_ptr
                0x0000000000000fe4                tz_app_cmd_handler
                0x0000000000001774                tz_app_shutdown
 .text          0x00000000000018c0       0x30 /local/mnt/workspace/CRMBuilds/TZ.BF.4.0.3.c1-00005-M8996AAAAANAZT-1_20170110_230814/b/HK11/trustzone_images/core/kernel/libstd/build/secure_ui_sample/A53_64/IADAANAA/libstd.lib(memscpy.o)
                0x00000000000018c0                memscpy
 .text          0x00000000000018f0       0xa0 /local/mnt/workspace/CRMBuilds/TZ.BF.4.0.3.c1-00005-M8996AAAAANAZT-1_20170110_230814/b/HK11/trustzone_images/core/kernel/libstd/build/secure_ui_sample/A53_64/IADAANAA/libstd.lib(strlcat.o)
                0x00000000000018f0                strlcat
 .text          0x0000000000001990       0x3c /local/mnt/workspace/CRMBuilds/TZ.BF.4.0.3.c1-00005-M8996AAAAANAZT-1_20170110_230814/b/HK11/trustzone_images/core/kernel/libstd/build/secure_ui_sample/A53_64/IADAANAA/libstd.lib(strlcpy.o)
                0x0000000000001990                strlcpy
 .text          0x00000000000019cc     0x21bc /local/mnt/workspace/CRMBuilds/TZ.BF.4.0.3.c1-00005-M8996AAAAANAZT-1_20170110_230814/b/HK11/trustzone_images/core/securemsm/sse/qsee/SecureUI/build/secure_ui_sample/A53_64/IADAANAA/secure_ui.lib(SecureUI.o)
                0x00000000000019cc                sec_ui_get_disp_properties
                0x0000000000001b60                sec_ui_start_disp_fullscreen
                0x00000000000025e4                session_is_unchanged
                0x0000000000002744                sec_ui_stop_disp
                0x0000000000002b88                sec_ui_show_buf
                0x0000000000002f6c                sec_ui_copy_to_buffer
                0x0000000000003228                sec_ui_hlos_release
                0x00000000000032c8                sec_ui_alloc_app_buffer
                0x000000000000368c                sec_ui_free_app_buffer
 .text          0x0000000000003b88     0x2ba8 /local/mnt/workspace/CRMBuilds/TZ.BF.4.0.3.c1-00005-M8996AAAAANAZT-1_20170110_230814/b/HK11/trustzone_images/core/securemsm/sse/qsee/SecureUI/build/secure_ui_sample/A53_64/IADAANAA/secure_ui_tui.lib(qsee_tui_dialogs.o)
                0x0000000000003b88                manage_layout_event
                0x0000000000004b50                qsee_tui_init
                0x0000000000004b58                qsee_tui_dialog
                0x00000000000060bc                qsee_tui_get_secure_indicator_buffer
                0x00000000000061b0                qsee_tui_release_secure_indicator
                0x0000000000006224                qsee_tui_tear_down
 .text          0x0000000000006730     0x2d88 /local/mnt/workspace/CRMBuilds/TZ.BF.4.0.3.c1-00005-M8996AAAAANAZT-1_20170110_230814/b/HK11/trustzone_images/core/securemsm/sse/qsee/SecureUI/build/secure_ui_sample/A53_64/IADAANAA/secure_ui_tui.lib(layout_manager.o)
                0x0000000000006730                layout_mgr_delete_input_last_character
                0x00000000000067a0                layout_mgr_load_layout
                0x00000000000069dc                layout_mgr_eval_event
                0x0000000000007538                layout_mgr_render_layout
                0x00000000000076cc                layout_mgr_render_bg_image
                0x00000000000077d8                layout_mgr_set_label_text
                0x0000000000007c04                set_label_buffer
                0x0000000000007c74                layout_mgr_set_label_buffer
                0x0000000000007e0c                layout_mgr_set_input_display_mode
                0x0000000000007fa0                layout_mgr_set_show_flag
                0x00000000000080e0                layout_mgr_set_dirty_bit
                0x0000000000008218                layout_mgr_set_button_disabled
                0x0000000000008414                layout_mgr_set_focus_input
                0x0000000000008628                layout_mgr_set_image
                0x00000000000087d8                layout_mgr_set_active_keyboard
                0x0000000000008a18                layout_mgr_randomize_keyboard
                0x0000000000008f1c                layout_mgr_get_input_len
                0x00000000000090d4                layout_mgr_set_input_len_to_max
                0x0000000000009224                layout_mgr_clear_input_buffer
 .text          0x00000000000094b8     0x303c /local/mnt/workspace/CRMBuilds/TZ.BF.4.0.3.c1-00005-M8996AAAAANAZT-1_20170110_230814/b/HK11/trustzone_images/core/securemsm/sse/qsee/SecureUI/build/secure_ui_sample/A53_64/IADAANAA/secure_ui_tui.lib(secure_display_renderer.o)
                0x00000000000094b8                get_utf8_len
                0x000000000000963c                render_bg_image
                0x0000000000009f9c                render_layout
 .text          0x000000000000c4f4     0x2044 /local/mnt/workspace/CRMBuilds/TZ.BF.4.0.3.c1-00005-M8996AAAAANAZT-1_20170110_230814/b/HK11/trustzone_images/core/securemsm/sse/qsee/SecureUI/build/secure_ui_sample/A53_64/IADAANAA/secure_ui_tui.lib(font_manager.o)
                0x000000000000c4f4                font_mgr_prepare_gdfont
                0x000000000000df90                font_mgr_cleanup
 .text          0x000000000000e538      0x234 /local/mnt/workspace/CRMBuilds/TZ.BF.4.0.3.c1-00005-M8996AAAAANAZT-1_20170110_230814/b/HK11/trustzone_images/core/securemsm/sse/qsee/SecureUILib/lib/build/secure_ui_sample/A53_64/IADAANAA/secure_ui_lib.lib(SecureUILib.o)
                0x000000000000e538                secUiProcessCmd
                0x000000000000e658                secUiCmd
                0x000000000000e728                secUiRegisterTouchCallback
                0x000000000000e738                secUiTouchIsActive
                0x000000000000e750                secUiSetPanelSize
 .text          0x000000000000e76c      0x17c /local/mnt/workspace/CRMBuilds/TZ.BF.4.0.3.c1-00005-M8996AAAAANAZT-1_20170110_230814/b/HK11/trustzone_images/core/securemsm/sse/qsee/SecureUILib/lib/build/secure_ui_sample/A53_64/IADAANAA/secure_ui_lib.lib(01_startTouch.o)
                0x000000000000e76c                processCmdStartTouch
 .text          0x000000000000e8e8      0x258 /local/mnt/workspace/CRMBuilds/TZ.BF.4.0.3.c1-00005-M8996AAAAANAZT-1_20170110_230814/b/HK11/trustzone_images/core/securemsm/sse/qsee/SecureUILib/lib/build/secure_ui_sample/A53_64/IADAANAA/secure_ui_lib.lib(02_processTouch.o)
                0x000000000000e8e8                processCmdProcessTouch
 .text          0x000000000000eb40      0x188 /local/mnt/workspace/CRMBuilds/TZ.BF.4.0.3.c1-00005-M8996AAAAANAZT-1_20170110_230814/b/HK11/trustzone_images/core/securemsm/sse/qsee/SecureUILib/lib/build/secure_ui_sample/A53_64/IADAANAA/secure_ui_lib.lib(03_stopTouch.o)
                0x000000000000eb40                secUiTouchStop
                0x000000000000ec04                processCmdStopTouch
 .text          0x000000000000ecc8       0xe0 /local/mnt/workspace/CRMBuilds/TZ.BF.4.0.3.c1-00005-M8996AAAAANAZT-1_20170110_230814/b/HK11/trustzone_images/core/securemsm/sse/qsee/SecureUILib/lib/build/secure_ui_sample/A53_64/IADAANAA/secure_ui_lib.lib(04_prepareRequest.o)
                0x000000000000ecc8                processCmdPrepareRequest
 .text          0x000000000000eda8      0x138 /local/mnt/workspace/CRMBuilds/TZ.BF.4.0.3.c1-00005-M8996AAAAANAZT-1_20170110_230814/b/HK11/trustzone_images/core/securemsm/sse/qsee/SecureUILib/lib/build/secure_ui_sample/A53_64/IADAANAA/secure_ui_lib.lib(05_storeIndicator.o)
                0x000000000000eda8                processCmdStoreIndicator
 .text          0x000000000000eee0      0x9b0 /local/mnt/workspace/CRMBuilds/TZ.BF.4.0.3.c1-00005-M8996AAAAANAZT-1_20170110_230814/b/HK11/trustzone_images/core/securemsm/trustzone/qsapps/libs/applib/common_applib/build/secure_ui_sample/A53_64/IADAANAA/tzapp_entrylib.lib(common_applib.o)
                0x000000000000eee0                qsee_err_fatal
                0x000000000000ef00                platform_err_fatal
                0x000000000000ef04                platform_get_random
                0x000000000000ef08                __stack_chk_fail
                0x000000000000ef0c                _sys_command_string
                0x000000000000ef18                get_app_req_resp
                0x000000000000ef24                qsee_read_register
                0x000000000000ef48                qsee_request_service
                0x000000000000f008                qsee_prepare_shared_buf_for_nosecure_read
                0x000000000000f02c                qsee_prepare_shared_buf_for_secure_read
                0x000000000000f050                qsee_set_global_flag
                0x000000000000f074                qsee_get_global_flag
                0x000000000000f094                qsee_oem_process_cmd
                0x000000000000f0c0                qsee_enforce_hdmi_hdcp_encryption
                0x000000000000f0e4                qsee_write_hdcp2p2_key_riv_enable
                0x000000000000f114                qsee_read_hdcp2p2_min_encryption_level
                0x000000000000f138                qsee_write_hdcp2p2_min_encryption_level
                0x000000000000f15c                qsee_get_hdcp_min_enc_level
                0x000000000000f180                qsee_set_hdcp_min_enc_level
                0x000000000000f1a4                qsee_write_hdcp1_key
                0x000000000000f1c8                qsee_set_hdcp_cpi_assert
                0x000000000000f1ec                qsee_get_secure_state
                0x000000000000f210                qsee_malloc
                0x000000000000f220                qsee_realloc
                0x000000000000f270                qsee_realloc_common
                0x000000000000f328                qsee_free
                0x000000000000f354                qsee_cmnlib_malloc
                0x000000000000f384                qsee_cmnlib_free
                0x000000000000f3b0                tzlib_app_entry
                0x000000000000f508                get_ta_app_name
                0x000000000000f518                get_app_md
 .text.tz_module_open
                0x000000000000f890        0xc /local/mnt/workspace/CRMBuilds/TZ.BF.4.0.3.c1-00005-M8996AAAAANAZT-1_20170110_230814/b/HK11/trustzone_images/core/securemsm/trustzone/qsapps/libs/applib/common_applib/build/secure_ui_sample/A53_64/IADAANAA/tzapp_entrylib.lib(common_applib.o)
                0x000000000000f890                tz_module_open
 .text          0x000000000000f89c      0x6e8 /local/mnt/workspace/CRMBuilds/TZ.BF.4.0.3.c1-00005-M8996AAAAANAZT-1_20170110_230814/b/HK11/trustzone_images/core/securemsm/trustzone/qsapps/libs/applib/proxy/build/secure_ui_sample/A53_64/IADAANAA/tzlib_proxy.lib(prxy_services.o)
                0x000000000000f89c                qsee_kdf
                0x000000000000f8c8                qsee_log
                0x000000000000f9d8                qsee_log_set_mask
                0x000000000000fa00                qsee_log_get_mask
                0x000000000000fa2c                open
                0x000000000000fa84                read
                0x000000000000fab0                write
                0x000000000000fadc                close
                0x000000000000fb08                lstat
                0x000000000000fb34                mkdir
                0x000000000000fb60                frename
                0x000000000000fb8c                opendir
                0x000000000000fbb8                readdir
                0x000000000000fbe4                rmdir
                0x000000000000fc10                testdir
                0x000000000000fc3c                file_get_partition_free_size
                0x000000000000fc68                fstat
                0x000000000000fc94                lseek
                0x000000000000fcc0                time_getsystime
                0x000000000000fcec                time_getutcsec
                0x000000000000fd18                time_is_leap_year
                0x000000000000fd44                remove
                0x000000000000fd70                unlink
                0x000000000000fd9c                link
                0x000000000000fdc8                telldir
                0x000000000000fdf4                fsync
                0x000000000000fe20                openat
                0x000000000000fe74                unlinkat
                0x000000000000fea0                fcntl
                0x000000000000fef8                creat
                0x000000000000ff24                file_dir_chown_chmod
                0x000000000000ff58                get_error_number
 .text          0x000000000000ff84      0x2c4 /local/mnt/workspace/CRMBuilds/TZ.BF.4.0.3.c1-00005-M8996AAAAANAZT-1_20170110_230814/b/HK11/trustzone_images/core/securemsm/trustzone/qsapps/libs/applib/proxy/build/secure_ui_sample/A53_64/IADAANAA/tzlib_proxy.lib(prxy_qsee_shim.o)
                0x000000000000ff84                qsee_rsa_key_gen
                0x000000000000ffa0                qsee_secpkcs8_parse
                0x000000000000ffbc                qsee_rsa_sign_hash
                0x000000000000ffd8                qsee_rsa_verify_signature
                0x000000000000fff4                qsee_rsa_encrypt
                0x0000000000010010                qsee_rsa_decrypt
                0x000000000001002c                qsee_BIGINT_read_unsigned_bin
                0x0000000000010048                qsee_util_init_s_bigint
                0x0000000000010064                qsee_util_free_s_bigint
                0x0000000000010068                qsee_BIGINT_read_radix
                0x0000000000010084                qsee_rsa_exptmod
                0x00000000000100a0                qsee_util_count_bytes
                0x00000000000100a4                qsee_SW_ECC_PubPrivate_Key_generate
                0x00000000000100c0                qsee_SW_ECDH_Shared_Key_Derive
                0x00000000000100dc                qsee_SW_ECDSA_Sign
                0x00000000000100f8                qsee_SW_ECDSA_Verify
                0x0000000000010114                qsee_ECC_hash_to_bigval
                0x0000000000010118                qsee_toggle_random_bit
                0x000000000001011c                qsee_get_random_bytes
                0x0000000000010120                qsee_in_curveP
                0x000000000001013c                qsee_SW_GENERIC_ECC_init
                0x0000000000010158                qsee_SW_GENERIC_ECDSA_sign
                0x0000000000010174                qsee_SW_GENERIC_ECDSA_verify
                0x0000000000010190                qsee_SW_GENERIC_ECDH_shared_key_derive
                0x00000000000101ac                qsee_SW_GENERIC_ECC_keypair_generate
                0x00000000000101c8                qsee_SW_GENERIC_ECC_binary_to_bigval
                0x00000000000101e4                qsee_SW_GENERIC_ECC_bigval_to_binary
                0x0000000000010200                qsee_SW_GENERIC_ECC_compare
                0x000000000001021c                qsee_SW_GENERIC_ECC_convert_input_to_bigval
                0x0000000000010238                qsee_SW_Cipher_DES_Init
                0x000000000001023c                qsee_SW_Cipher_DES_DeInit
                0x0000000000010240                qsee_SW_CipherDESData
                0x0000000000010244                qsee_SW_Cipher_DES_SetParam
 .text          0x0000000000010248       0xb0 /local/mnt/workspace/CRMBuilds/TZ.BF.4.0.3.c1-00005-M8996AAAAANAZT-1_20170110_230814/b/HK11/trustzone_images/core/securemsm/trustzone/qsapps/libs/applib/proxy/build/secure_ui_sample/A53_64/IADAANAA/tzlib_proxy.lib(prxy_ufdes.o)
                0x0000000000010248                SW_Cipher_DES_Init
                0x0000000000010274                SW_Cipher_DES_DeInit
                0x00000000000102a0                SW_CipherDESData
                0x00000000000102cc                SW_Cipher_DES_SetParam
 .text          0x00000000000102f8       0x58 /local/mnt/workspace/CRMBuilds/TZ.BF.4.0.3.c1-00005-M8996AAAAANAZT-1_20170110_230814/b/HK11/trustzone_images/core/securemsm/trustzone/qsapps/libs/applib/proxy/build/secure_ui_sample/A53_64/IADAANAA/tzlib_proxy.lib(prxy_secmath.o)
                0x00000000000102f8                secmath_BIGINT_read_unsigned_bin
                0x0000000000010324                secmath_BIGINT_read_radix
 .text          0x0000000000010350      0x1b4 /local/mnt/workspace/CRMBuilds/TZ.BF.4.0.3.c1-00005-M8996AAAAANAZT-1_20170110_230814/b/HK11/trustzone_images/core/securemsm/trustzone/qsapps/libs/applib/proxy/build/secure_ui_sample/A53_64/IADAANAA/tzlib_proxy.lib(prxy_secrsa.o)
                0x0000000000010350                secpkcs8_parse
                0x000000000001037c                ce_rsa_key_gen
                0x00000000000103a8                ce_rsa_encrypt
                0x00000000000103d4                ce_rsa_decrypt
                0x0000000000010400                ce_rsa_sign_hash
                0x000000000001042c                ce_rsa_verify_signature
                0x0000000000010458                ce_util_init_s_bigint
                0x0000000000010484                ce_util_free_s_bigint
                0x00000000000104ac                ce_util_count_bytes
                0x00000000000104d8                ce_rsa_exptmod
 .text          0x0000000000010504      0x2e8 /local/mnt/workspace/CRMBuilds/TZ.BF.4.0.3.c1-00005-M8996AAAAANAZT-1_20170110_230814/b/HK11/trustzone_images/core/securemsm/trustzone/qsapps/libs/applib/proxy/build/secure_ui_sample/A53_64/IADAANAA/tzlib_proxy.lib(prxy_ecc.o)
                0x0000000000010504                SW_ECC_PubPrivate_Key_generate
                0x0000000000010530                SW_ECDH_Shared_Key_Derive
                0x000000000001055c                SW_ECDSA_Sign
                0x0000000000010588                SW_ECDSA_Verify
                0x00000000000105b4                ECC_hash_to_bigval
                0x00000000000105dc                toggle_random_bit
                0x0000000000010608                in_curveP
                0x0000000000010634                get_random_bytes
                0x0000000000010660                SW_GENERIC_ECC_init
                0x000000000001068c                SW_GENERIC_ECDSA_sign
                0x00000000000106b8                SW_GENERIC_ECDSA_verify
                0x00000000000106e4                SW_GENERIC_ECDH_shared_key_derive
                0x0000000000010710                SW_GENERIC_ECC_keypair_generate
                0x000000000001073c                SW_GENERIC_ECC_binary_to_bigval
                0x0000000000010768                SW_GENERIC_ECC_bigval_to_binary
                0x0000000000010794                SW_GENERIC_ECC_compare
                0x00000000000107c0                SW_GENERIC_ECC_convert_input_to_bigval
 .text          0x00000000000107ec      0x3e8 /local/mnt/workspace/CRMBuilds/TZ.BF.4.0.3.c1-00005-M8996AAAAANAZT-1_20170110_230814/b/HK11/trustzone_images/core/securemsm/trustzone/qsapps/libs/applib/qsee64/build/secure_ui_sample/A53_64/IADAANAA/tzapp_entrylib.lib(mink_shared_code.o)
                0x00000000000107ec                UThread_syscall
                0x0000000000010814                minkIPC
                0x00000000000109a0                minkServerLoop
                0x0000000000010bac                minkServerEntry
 .text          0x0000000000010bd4      0x430 /local/mnt/workspace/CRMBuilds/TZ.BF.4.0.3.c1-00005-M8996AAAAANAZT-1_20170110_230814/b/HK11/trustzone_images/core/securemsm/trustzone/qsapps/libs/applib/qsee64/build/secure_ui_sample/A53_64/IADAANAA/tzapp_entrylib.lib(qsee_env.o)
                0x0000000000010bd4                qsee_set_env
                0x0000000000010c04                qsee_open
                0x0000000000010ca4                qsee_open_singleton
                0x0000000000010eac                qsee_printf_ap
                0x0000000000010f5c                qsee_printf
 .text          0x0000000000011004       0x8c /local/mnt/workspace/CRMBuilds/TZ.BF.4.0.3.c1-00005-M8996AAAAANAZT-1_20170110_230814/b/HK11/trustzone_images/core/securemsm/trustzone/qsapps/libs/applib/qsee64/build/secure_ui_sample/A53_64/IADAANAA/tzapp_entrylib.lib(qsee_prng.o)
                0x0000000000011004                qsee_prng_getdata
 .text          0x0000000000011090      0x118 /local/mnt/workspace/CRMBuilds/TZ.BF.4.0.3.c1-00005-M8996AAAAANAZT-1_20170110_230814/b/HK11/trustzone_images/core/securemsm/trustzone/qsapps/libs/applib/qsee64/build/secure_ui_sample/A53_64/IADAANAA/tzapp_entrylib.lib(qsee_secdisp.o)
                0x0000000000011090                qsee_sd_get_session
                0x0000000000011118                qsee_sd_set_stop_allowed
 .text          0x00000000000111a8      0x294 /local/mnt/workspace/CRMBuilds/TZ.BF.4.0.3.c1-00005-M8996AAAAANAZT-1_20170110_230814/b/HK11/trustzone_images/core/securemsm/trustzone/qsapps/libs/applib/qsee64/build/secure_ui_sample/A53_64/IADAANAA/tzapp_entrylib.lib(qsee_nsmem.o)
                0x00000000000111a8                qsee_is_s_tag_area
                0x0000000000011254                qsee_is_ns_range
                0x00000000000112f4                qsee_vm_mem_count
                0x00000000000113a0                qsee_tag_mem
 .text          0x000000000001143c       0x74 /local/mnt/workspace/CRMBuilds/TZ.BF.4.0.3.c1-00005-M8996AAAAANAZT-1_20170110_230814/b/HK11/trustzone_images/core/securemsm/trustzone/qsapps/libs/applib/qsee64/build/secure_ui_sample/A53_64/IADAANAA/tzapp_entrylib.lib(qsee_timer_shim.o)
                0x000000000001143c                qsee_get_uptime
                0x0000000000011470                qsee_wdog_stop
                0x0000000000011490                qsee_wdog_pet
 .text          0x00000000000114b0      0xa4c /local/mnt/workspace/CRMBuilds/TZ.BF.4.0.3.c1-00005-M8996AAAAANAZT-1_20170110_230814/b/HK11/trustzone_images/core/securemsm/trustzone/qsapps/libs/applib/qsee64/build/secure_ui_sample/A53_64/IADAANAA/tzapp_entrylib.lib(qsee_hash.o)
                0x00000000000114b0                qsee_hash_init
                0x000000000001157c                qsee_hash_free_ctx
                0x00000000000115cc                qsee_hash_update
                0x00000000000116c8                qsee_hash_final
                0x00000000000117c4                qsee_hash_set_param
                0x00000000000119f8                qsee_hash
                0x0000000000011ab8                qsee_hashcipher_encrypt
                0x0000000000011c74                qsee_hashcipher_decrypt
                0x0000000000011e30                qsee_hash_reset
 .text          0x0000000000011efc      0x168 /local/mnt/workspace/CRMBuilds/TZ.BF.4.0.3.c1-00005-M8996AAAAANAZT-1_20170110_230814/b/HK11/trustzone_images/core/securemsm/trustzone/qsapps/libs/applib/qsee64/build/secure_ui_sample/A53_64/IADAANAA/tzapp_entrylib.lib(qsee_shared_buffer.o)
                0x0000000000011efc                qsee_register_shared_buffer
                0x0000000000011fc4                qsee_deregister_shared_buffer
 .text          0x0000000000012064      0x20c /local/mnt/workspace/CRMBuilds/TZ.BF.4.0.3.c1-00005-M8996AAAAANAZT-1_20170110_230814/b/HK11/trustzone_images/core/securemsm/trustzone/qsapps/libs/applib/qsee64/build/secure_ui_sample/A53_64/IADAANAA/tzapp_entrylib.lib(qsee_appmessage.o)
                0x0000000000012064                qsee_encapsulate_inter_app_message
                0x0000000000012184                qsee_decapsulate_inter_app_message
 .text          0x0000000000012270      0x968 /local/mnt/workspace/CRMBuilds/TZ.BF.4.0.3.c1-00005-M8996AAAAANAZT-1_20170110_230814/b/HK11/trustzone_images/core/securemsm/trustzone/qsapps/libs/applib/qsee64/build/secure_ui_sample/A53_64/IADAANAA/tzapp_entrylib.lib(sfs_api.o)
                0x0000000000012270                qsee_sfs_open
                0x00000000000124b8                qsee_sfs_close
                0x00000000000124c0                qsee_sfs_read
                0x0000000000012580                qsee_sfs_write
                0x000000000001260c                qsee_sfs_seek
                0x0000000000012738                qsee_sfs_getSize
                0x000000000001280c                qsee_sfs_mkdir
                0x0000000000012814                qsee_sfs_rmdir
                0x000000000001281c                qsee_sfs_rm
                0x00000000000128d0                qsee_sfs_error
                0x00000000000128dc                qsee_sfs_get_file_list
                0x0000000000012b58                qsee_sfs_clean_file_list
                0x0000000000012b80                qsee_sfs_is_anti_rollback_enabled
 .text          0x0000000000012bd8       0xfc /local/mnt/workspace/CRMBuilds/TZ.BF.4.0.3.c1-00005-M8996AAAAANAZT-1_20170110_230814/b/HK11/trustzone_images/core/securemsm/trustzone/qsapps/libs/applib/qsee64/build/secure_ui_sample/A53_64/IADAANAA/tzapp_entrylib.lib(tzapp_lib_main.o)
                0x0000000000012bd8                get_app_stack_base
                0x0000000000012be4                get_app_stack_size
                0x0000000000012bfc                get_app_heap_base
                0x0000000000012c08                get_app_heap_size
                0x0000000000012c20                CApp_handleRequest
                0x0000000000012c54                CApp_invoke
                0x0000000000012ca4                secure_app_init
                0x0000000000012cbc                secure_app_shutdown
 .text          0x0000000000012cd4      0x13c /afs/localcell/cm/gv2.6/sysname/pkg.@sys/qct/software/llvm/release/arm/3.5.2.4/tools/lib64/lib/libc.a(vsnprintf.o)
                0x0000000000012cd4                vsnprintf
 .text          0x0000000000012e10      0xa28 /afs/localcell/cm/gv2.6/sysname/pkg.@sys/qct/software/llvm/release/arm/3.5.2.4/tools/lib64/lib/libc.a(memcpy.o)
                0x0000000000012e10                memcpy
 .text          0x0000000000013838       0xb0 /afs/localcell/cm/gv2.6/sysname/pkg.@sys/qct/software/llvm/release/arm/3.5.2.4/tools/lib64/lib/libc.a(memset.o)
                0x0000000000013838                memset
 .text          0x00000000000138e8       0x40 /afs/localcell/cm/gv2.6/sysname/pkg.@sys/qct/software/llvm/release/arm/3.5.2.4/tools/lib64/lib/libc.a(strcmp.o)
                0x00000000000138e8                strcmp
 .text          0x0000000000013928       0x78 /afs/localcell/cm/gv2.6/sysname/pkg.@sys/qct/software/llvm/release/arm/3.5.2.4/tools/lib64/lib/libc.a(strlen.o)
                0x0000000000013928                strlen
 .text          0x00000000000139a0       0x54 /afs/localcell/cm/gv2.6/sysname/pkg.@sys/qct/software/llvm/release/arm/3.5.2.4/tools/lib64/lib/libc.a(strncmp.o)
                0x00000000000139a0                strncmp
 .text          0x00000000000139f4       0x34 /afs/localcell/cm/gv2.6/sysname/pkg.@sys/qct/software/llvm/release/arm/3.5.2.4/tools/lib64/lib/libc.a(__errno_location.o)
                0x00000000000139f4                __errno_location
 .text          0x0000000000013a28      0xe44 /afs/localcell/cm/gv2.6/sysname/pkg.@sys/qct/software/llvm/release/arm/3.5.2.4/tools/lib64/lib/libc.a(vfprintf.o)
                0x0000000000013a28                vfprintf
 .text          0x000000000001486c       0xdc /afs/localcell/cm/gv2.6/sysname/pkg.@sys/qct/software/llvm/release/arm/3.5.2.4/tools/lib64/lib/libc.a(memchr.o)
                0x000000000001486c                memchr
 .text          0x0000000000014948       0x6c /afs/localcell/cm/gv2.6/sysname/pkg.@sys/qct/software/llvm/release/arm/3.5.2.4/tools/lib64/lib/libc.a(strerror.o)
                0x0000000000014948                strerror
 .text          0x00000000000149b4       0x24 /afs/localcell/cm/gv2.6/sysname/pkg.@sys/qct/software/llvm/release/arm/3.5.2.4/tools/lib64/lib/libc.a(wctomb.o)
                0x00000000000149b4                wctomb
 .text          0x00000000000149d8       0xd4 /afs/localcell/cm/gv2.6/sysname/pkg.@sys/qct/software/llvm/release/arm/3.5.2.4/tools/lib64/lib/libc.a(__lockfile.o)
                0x00000000000149d8                __lockfile
                0x0000000000014a74                __unlockfile
 .text          0x0000000000014aac      0x19c /afs/localcell/cm/gv2.6/sysname/pkg.@sys/qct/software/llvm/release/arm/3.5.2.4/tools/lib64/lib/libc.a(fwrite.o)
                0x0000000000014aac                __fwritex
                0x0000000000014ba4                fwrite_unlocked
                0x0000000000014ba4                fwrite
 .text          0x0000000000014c48       0xa4 /afs/localcell/cm/gv2.6/sysname/pkg.@sys/qct/software/llvm/release/arm/3.5.2.4/tools/lib64/lib/libc.a(__wait.o)
                0x0000000000014c48                __wait
 .text          0x0000000000014cec       0x40 /afs/localcell/cm/gv2.6/sysname/pkg.@sys/qct/software/llvm/release/arm/3.5.2.4/tools/lib64/lib/libc.a(syscall.o)
                0x0000000000014cec                __syscall
 .text          0x0000000000014d2c       0xf0 /afs/localcell/cm/gv2.6/sysname/pkg.@sys/qct/software/llvm/release/arm/3.5.2.4/tools/lib64/lib/libc.a(wcrtomb.o)
                0x0000000000014d2c                wcrtomb
 .text          0x0000000000014e1c       0x68 /afs/localcell/cm/gv2.6/sysname/pkg.@sys/qct/software/llvm/release/arm/3.5.2.4/tools/lib64/lib/libc.a(__towrite.o)
                0x0000000000014e1c                __towrite
                0x0000000000014e80                __flush_on_exit
 .text          0x0000000000014e84       0xd4 /afs/localcell/cm/gv2.6/sysname/pkg.@sys/qct/software/llvm/release/arm/3.5.2.4/tools/lib64/lib/libc.a(__stdio_exit.o)
                0x0000000000014e84                __stdio_exit
 .text          0x0000000000014f58       0xa0 /afs/localcell/cm/gv2.6/sysname/pkg.@sys/qct/software/llvm/release/arm/3.5.2.4/tools/lib64/lib/libc.a(__lock.o)
                0x0000000000014f58                __lock
                0x0000000000014fbc                __unlock
 .text          0x0000000000014ff8    0x9a49c /local/mnt/workspace/CRMBuilds/TZ.BF.4.0.3.c1-00005-M8996AAAAANAZT-1_20170110_230814/b/HK11/trustzone_images/apps/securemsm/trustzone/qsapps/secure_ui_sample/layouts/build/secure_ui_sample/A53_64/IADAANAA/secure_ui_layout.lib(layout_8996_fluid.o)
                0x00000000000aee1c                gdFontGetgdfontqualcomm_regular100propExt
                0x00000000000aee2c                gdFontGetgdfontqualcomm_regular42propExt
                0x00000000000aee3c                gdFontGetgdfontqualcomm_regular48propExt
                0x00000000000aee4c                reset_vars
                0x00000000000af30c                create_layout
                0x00000000000af3c8                get_layout_by_name
 .text          0x00000000000af494       0x30 /local/mnt/workspace/CRMBuilds/TZ.BF.4.0.3.c1-00005-M8996AAAAANAZT-1_20170110_230814/b/HK11/trustzone_images/core/kernel/libstd/build/secure_ui_sample/A53_64/IADAANAA/libstd.lib(secure_memset.o)
                0x00000000000af494                secure_memset
 .text          0x00000000000af4c4     0x1c28 /local/mnt/workspace/CRMBuilds/TZ.BF.4.0.3.c1-00005-M8996AAAAANAZT-1_20170110_230814/b/HK11/trustzone_images/core/securemsm/sse/SecureTouch/layout/build/secure_ui_sample/A53_64/IADAANAA/sklayout.lib(layoutUtils.o)
                0x00000000000af4c4                setVisible
                0x00000000000af4f0                showKeyboard
                0x00000000000af5d4                updateKeyboard
                0x00000000000af630                unclickObject
                0x00000000000af69c                findObject
                0x00000000000afa74                verifyLayout
                0x00000000000b0800                updatePage
 .text          0x00000000000b10ec     0x5004 /local/mnt/workspace/CRMBuilds/TZ.BF.4.0.3.c1-00005-M8996AAAAANAZT-1_20170110_230814/b/HK11/trustzone_images/core/securemsm/sse/qsee/SecureDisplay/libgd/build/secure_ui_sample/A53_64/IADAANAA/libgd.lib(gd.o)
                0x00000000000b10ec                gd_stderr_error
                0x00000000000b1240                gd_error
                0x00000000000b12f4                gd_error_ex
                0x00000000000b13a4                gdSetErrorMethod
                0x00000000000b13b0                gdClearErrorMethod
                0x00000000000b13c4                gdImageCreate
                0x00000000000b13cc                gdImageCreateExt
                0x00000000000b14cc                gdImageCreateTrueColor
                0x00000000000b14d4                gdImageCreateTrueColorExt
                0x00000000000b15c0                gdImageDestroyEx
                0x00000000000b1610                gdImageColorClosest
                0x00000000000b1618                gdImageColorClosestAlpha
                0x00000000000b16c4                gdImageColorExact
                0x00000000000b16cc                gdImageColorExactAlpha
                0x00000000000b174c                gdImageColorAllocate
                0x00000000000b1754                gdImageColorAllocateAlpha
                0x00000000000b17e4                gdImageColorResolve
                0x00000000000b17ec                gdImageColorResolveAlpha
                0x00000000000b18e0                gdImageColorDeallocate
                0x00000000000b1904                gdImageColorTransparent
                0x00000000000b195c                gdImagePaletteCopy
                0x00000000000b1af4                gdImageColorReplace
                0x00000000000b1c3c                gdImageSetPixel
                0x00000000000b1f20                gdImageColorReplaceThreshold
                0x00000000000b22a4                gdAlphaBlend
                0x00000000000b2348                gdImageSetLine
                0x00000000000b237c                gdImageGetPixel
                0x00000000000b23e8                gdImageGetTrueColorPixel
                0x00000000000b2450                gdImageAABlend
                0x00000000000b2454                gdImageLine
                0x00000000000b2efc                gdImageDashedLine
                0x00000000000b3400                gdImageBoundsSafe
                0x00000000000b343c                gdFontFindIndex
                0x00000000000b347c                gdImageCharExt
                0x00000000000b35a4                getUnicode
                0x00000000000b3680                gdImageStringExt
                0x00000000000b3724                gdImageCharVarWidth
                0x00000000000b3864                gdImageStringVarWidth
                0x00000000000b390c                gdGetMaxLenForWidth
                0x00000000000b39a4                gdIsValidUTF8String
                0x00000000000b3a7c                lsqrt
                0x00000000000b3a98                gdImageArc
                0x00000000000b3abc                gdImageFilledArc
                0x00000000000b3f0c                gdImageFilledPolygon
                0x00000000000b4264                gdImageEllipse
                0x00000000000b43b0                gdImageFilledEllipse
                0x00000000000b4538                gdImageGradientFilledEllipse
                0x00000000000b4b00                gdImageFillToBorder
                0x00000000000b4d14                gdImageRectangle
                0x00000000000b4fb4                gdImageFilledRectangle
                0x00000000000b5158                gdImageQuickFilledRectangle
                0x00000000000b5250                gdImageFilledRoundedRectangle
                0x00000000000b5468                gdImageGradientFilledRectangle
                0x00000000000b5714                gdImageCopyResized
                0x00000000000b5ad4                gdImagePolygon
                0x00000000000b5b44                gdImageOpenPolygon
                0x00000000000b5bc8                gdImageSetThickness
                0x00000000000b5bd0                gdImageSetBrush
                0x00000000000b5c90                gdImageSetTile
                0x00000000000b5d50                gdImageSetAntiAliased
                0x00000000000b5d68                gdImageSetAntiAliasedDontBlend
                0x00000000000b5d7c                gdImageInterlace
                0x00000000000b5d84                gdImageCompare
                0x00000000000b5f34                gdImageAlphaBlending
                0x00000000000b5f3c                gdImageSaveAlpha
                0x00000000000b5f44                gdImageSetClip
                0x00000000000b5fa4                gdImageGetClip
                0x00000000000b5fc8                gdImageSetResolution
 .text          0x00000000000b60f0       0xb4 /local/mnt/workspace/CRMBuilds/TZ.BF.4.0.3.c1-00005-M8996AAAAANAZT-1_20170110_230814/b/HK11/trustzone_images/core/securemsm/sse/qsee/SecureDisplay/libgd/build/secure_ui_sample/A53_64/IADAANAA/libgd.lib(gd_color.o)
                0x00000000000b60f0                gdColorMatch
 .text          0x00000000000b61a4       0x58 /local/mnt/workspace/CRMBuilds/TZ.BF.4.0.3.c1-00005-M8996AAAAANAZT-1_20170110_230814/b/HK11/trustzone_images/core/securemsm/sse/qsee/SecureDisplay/libgd/build/secure_ui_sample/A53_64/IADAANAA/libgd.lib(gd_security.o)
                0x00000000000b61a4                overflow2
 .text          0x00000000000b61fc      0x6e0 /local/mnt/workspace/CRMBuilds/TZ.BF.4.0.3.c1-00005-M8996AAAAANAZT-1_20170110_230814/b/HK11/trustzone_images/core/securemsm/sse/qsee/SecureDisplay/libpng/build/secure_ui_sample/A53_64/IADAANAA/libpng.lib(png.o)
                0x00000000000b61fc                png_set_sig_bytes
                0x00000000000b6228                png_sig_cmp
                0x00000000000b62c8                png_zalloc
                0x00000000000b62f4                png_zfree
                0x00000000000b62f8                png_reset_crc
                0x00000000000b6328                png_calculate_crc
                0x00000000000b63b0                png_user_version_check
                0x00000000000b6440                png_get_header_ver
                0x00000000000b644c                png_create_png_struct
                0x00000000000b6560                png_create_info_struct
                0x00000000000b6598                png_destroy_info_struct
                0x00000000000b6604                png_free_data
                0x00000000000b667c                png_data_freer
                0x00000000000b66c4                png_get_io_ptr
                0x00000000000b66d8                png_get_copyright
                0x00000000000b66e4                png_get_libpng_ver
                0x00000000000b66f0                png_get_header_version
                0x00000000000b66fc                png_reset_zstream
                0x00000000000b6710                png_access_version_number
                0x00000000000b6718                png_zstream_error
                0x00000000000b6808                png_check_IHDR
 .text          0x00000000000b68dc       0xb8 /local/mnt/workspace/CRMBuilds/TZ.BF.4.0.3.c1-00005-M8996AAAAANAZT-1_20170110_230814/b/HK11/trustzone_images/core/securemsm/sse/qsee/SecureDisplay/libpng/build/secure_ui_sample/A53_64/IADAANAA/libpng.lib(pngerror.o)
                0x00000000000b68dc                png_err
                0x00000000000b6900                png_safecat
                0x00000000000b694c                png_chunk_report
                0x00000000000b6968                png_longjmp
                0x00000000000b6974                png_set_error_fn
                0x00000000000b6980                png_get_error_ptr
 .text          0x00000000000b6994      0x14c /local/mnt/workspace/CRMBuilds/TZ.BF.4.0.3.c1-00005-M8996AAAAANAZT-1_20170110_230814/b/HK11/trustzone_images/core/securemsm/sse/qsee/SecureDisplay/libpng/build/secure_ui_sample/A53_64/IADAANAA/libpng.lib(pngget.o)
                0x00000000000b6994                png_get_valid
                0x00000000000b69b0                png_get_rowbytes
                0x00000000000b69c8                png_get_channels
                0x00000000000b69e0                png_get_signature
                0x00000000000b6a00                png_get_IHDR
                0x00000000000b6a94                png_get_PLTE
                0x00000000000b6acc                png_get_compression_buffer_size
 .text          0x00000000000b6ae0      0x1c8 /local/mnt/workspace/CRMBuilds/TZ.BF.4.0.3.c1-00005-M8996AAAAANAZT-1_20170110_230814/b/HK11/trustzone_images/core/securemsm/sse/qsee/SecureDisplay/libpng/build/secure_ui_sample/A53_64/IADAANAA/libpng.lib(pngmem.o)
                0x00000000000b6ae0                png_destroy_png_struct
                0x00000000000b6b64                png_free
                0x00000000000b6b80                png_calloc
                0x00000000000b6bbc                png_malloc
                0x00000000000b6bf4                png_malloc_base
                0x00000000000b6c18                png_malloc_default
                0x00000000000b6c50                png_malloc_warn
                0x00000000000b6c70                png_free_default
                0x00000000000b6c84                png_set_mem_fn
                0x00000000000b6c94                png_get_mem_ptr
 .text          0x00000000000b6ca8      0x690 /local/mnt/workspace/CRMBuilds/TZ.BF.4.0.3.c1-00005-M8996AAAAANAZT-1_20170110_230814/b/HK11/trustzone_images/core/securemsm/sse/qsee/SecureDisplay/libpng/build/secure_ui_sample/A53_64/IADAANAA/libpng.lib(pngread.o)
                0x00000000000b6ca8                malloc_fn
                0x00000000000b6cb0                free_fn
                0x00000000000b6cb8                png_create_read_struct
                0x00000000000b6cd0                png_create_read_struct_2
                0x00000000000b6d18                png_read_info
                0x00000000000b6e50                png_read_update_info
                0x00000000000b6e78                png_start_read_image
                0x00000000000b6ea0                png_read_row
                0x00000000000b7034                png_read_rows
                0x00000000000b70fc                png_read_image
                0x00000000000b7160                png_read_end
                0x00000000000b727c                png_destroy_read_struct
                0x00000000000b732c                png_set_read_status_fn
 .text          0x00000000000b7338       0x28 /local/mnt/workspace/CRMBuilds/TZ.BF.4.0.3.c1-00005-M8996AAAAANAZT-1_20170110_230814/b/HK11/trustzone_images/core/securemsm/sse/qsee/SecureDisplay/libpng/build/secure_ui_sample/A53_64/IADAANAA/libpng.lib(pngrio.o)
                0x00000000000b7338                png_read_data
                0x00000000000b7354                png_set_read_fn
 .text          0x00000000000b7360     0x10c0 /local/mnt/workspace/CRMBuilds/TZ.BF.4.0.3.c1-00005-M8996AAAAANAZT-1_20170110_230814/b/HK11/trustzone_images/core/securemsm/sse/qsee/SecureDisplay/libpng/build/secure_ui_sample/A53_64/IADAANAA/libpng.lib(pngrutil.o)
                0x00000000000b7360                png_get_uint_31
                0x00000000000b739c                png_read_sig
                0x00000000000b743c                png_read_chunk_header
                0x00000000000b74fc                png_check_chunk_name
                0x00000000000b7540                png_crc_read
                0x00000000000b759c                png_crc_finish
                0x00000000000b7664                png_crc_error
                0x00000000000b7720                png_handle_IHDR
                0x00000000000b788c                png_handle_PLTE
                0x00000000000b7a2c                png_handle_IEND
                0x00000000000b7a80                png_handle_unknown
                0x00000000000b7ab4                png_combine_row
                0x00000000000b7b9c                png_read_filter_row
                0x00000000000b7c10                png_read_IDAT_data
                0x00000000000b7df0                png_read_finish_IDAT
                0x00000000000b7e78                png_read_finish_row
                0x00000000000b7f94                png_read_start_row
 .text          0x00000000000b8420      0x224 /local/mnt/workspace/CRMBuilds/TZ.BF.4.0.3.c1-00005-M8996AAAAANAZT-1_20170110_230814/b/HK11/trustzone_images/core/securemsm/sse/qsee/SecureDisplay/libpng/build/secure_ui_sample/A53_64/IADAANAA/libpng.lib(pngset.o)
                0x00000000000b8420                png_set_IHDR
                0x00000000000b84fc                png_set_PLTE
                0x00000000000b85f8                png_set_compression_buffer_size
                0x00000000000b862c                png_set_invalid
 .text          0x00000000000b8644      0x450 /local/mnt/workspace/CRMBuilds/TZ.BF.4.0.3.c1-00005-M8996AAAAANAZT-1_20170110_230814/b/HK11/trustzone_images/core/securemsm/sse/qsee/SecureDisplay/zlib/build/secure_ui_sample/A53_64/IADAANAA/zlib.lib(crc32.o)
                0x00000000000b8644                get_crc_table
                0x00000000000b8650                crc32
                0x00000000000b88f4                crc32_combine
                0x00000000000b8a18                crc32_combine64
 .text          0x00000000000b8a94     0x21e8 /local/mnt/workspace/CRMBuilds/TZ.BF.4.0.3.c1-00005-M8996AAAAANAZT-1_20170110_230814/b/HK11/trustzone_images/core/securemsm/sse/qsee/SecureDisplay/zlib/build/secure_ui_sample/A53_64/IADAANAA/zlib.lib(inflate.o)
                0x00000000000b8a94                inflateResetKeep
                0x00000000000b8b08                inflateReset
                0x00000000000b8b28                inflateReset2
                0x00000000000b8bcc                inflateInit2_
                0x00000000000b8cac                inflateInit_
                0x00000000000b8cc4                inflatePrime
                0x00000000000b8d34                inflate
                0x00000000000ba678                inflateEnd
                0x00000000000ba6dc                inflateGetDictionary
                0x00000000000ba774                inflateSetDictionary
                0x00000000000ba82c                inflateGetHeader
                0x00000000000ba858                inflateSync
                0x00000000000baa68                inflateSyncPoint
                0x00000000000baaa0                inflateCopy
                0x00000000000bac04                inflateUndermine
                0x00000000000bac28                inflateMark
 .text          0x00000000000bac7c      0x42c /local/mnt/workspace/CRMBuilds/TZ.BF.4.0.3.c1-00005-M8996AAAAANAZT-1_20170110_230814/b/HK11/trustzone_images/core/securemsm/sse/qsee/SecureDisplay/zlib/build/secure_ui_sample/A53_64/IADAANAA/zlib.lib(inftrees.o)
                0x00000000000bac7c                inflate_table
 .text          0x00000000000bb0a8       0x78 /local/mnt/workspace/CRMBuilds/TZ.BF.4.0.3.c1-00005-M8996AAAAANAZT-1_20170110_230814/b/HK11/trustzone_images/core/securemsm/sse/qsee/SecureDisplay/zlib/build/secure_ui_sample/A53_64/IADAANAA/zlib.lib(zutil.o)
                0x00000000000bb0a8                zlibVersion
                0x00000000000bb0b4                zlibCompileFlags
                0x00000000000bb0bc                zError
                0x00000000000bb0d8                zcalloc
                0x00000000000bb118                zcfree
 .text          0x00000000000bb120      0x484 /local/mnt/workspace/CRMBuilds/TZ.BF.4.0.3.c1-00005-M8996AAAAANAZT-1_20170110_230814/b/HK11/trustzone_images/core/securemsm/sse/qsee/SecureDisplay/zlib/build/secure_ui_sample/A53_64/IADAANAA/zlib.lib(adler32.o)
                0x00000000000bb120                adler32
                0x00000000000bb4b8                adler32_combine
                0x00000000000bb5a0                adler32_combine64
 .text          0x00000000000bb5a4      0x664 /local/mnt/workspace/CRMBuilds/TZ.BF.4.0.3.c1-00005-M8996AAAAANAZT-1_20170110_230814/b/HK11/trustzone_images/core/securemsm/sse/qsee/SecureDisplay/zlib/build/secure_ui_sample/A53_64/IADAANAA/zlib.lib(inffast.o)
                0x00000000000bb5a4                inflate_fast
 .text          0x00000000000bbc08      0x168 /local/mnt/workspace/CRMBuilds/TZ.BF.4.0.3.c1-00005-M8996AAAAANAZT-1_20170110_230814/b/HK11/trustzone_images/core/securemsm/sse/qsee/SecureTouch/drTs/lib/build/secure_ui_sample/A53_64/IADAANAA/touch_lib.lib(01_open.o)
                0x00000000000bbc08                touchOpen
 .text          0x00000000000bbd70      0x124 /local/mnt/workspace/CRMBuilds/TZ.BF.4.0.3.c1-00005-M8996AAAAANAZT-1_20170110_230814/b/HK11/trustzone_images/core/securemsm/sse/qsee/SecureTouch/drTs/lib/build/secure_ui_sample/A53_64/IADAANAA/touch_lib.lib(02_close.o)
                0x00000000000bbd70                touchClose
 .text          0x00000000000bbe94      0x274 /local/mnt/workspace/CRMBuilds/TZ.BF.4.0.3.c1-00005-M8996AAAAANAZT-1_20170110_230814/b/HK11/trustzone_images/core/securemsm/sse/qsee/SecureTouch/drTs/lib/build/secure_ui_sample/A53_64/IADAANAA/touch_lib.lib(03_getData.o)
                0x00000000000bbe94                touchGetData
                0x00000000000bbfe8                drNotifyEvent
 .text          0x00000000000bc108      0x794 /local/mnt/workspace/CRMBuilds/TZ.BF.4.0.3.c1-00005-M8996AAAAANAZT-1_20170110_230814/b/HK11/trustzone_images/core/securemsm/trustzone/qsapps/libs/applib/common_applib/build/secure_ui_sample/A53_64/IADAANAA/tzapp_entrylib.lib(gpPersistObjCommon.o)
                0x00000000000bc108                gpCommon_Copy_Attributes
                0x00000000000bc2bc                gpCommon_Init_Handles
                0x00000000000bc3b8                gpCommon_Init_App_Info
                0x00000000000bc440                gpCommon_Clean_Attributes
                0x00000000000bc4bc                gpCommon_Clean_Object_Handle
                0x00000000000bc520                gpCommon_Get_Object_Info
                0x00000000000bc5c4                gpCommon_Close_Object
                0x00000000000bc6ac                gpCommon_Get_File_Path
 .text          0x00000000000bc89c     0x12c4 /local/mnt/workspace/CRMBuilds/TZ.BF.4.0.3.c1-00005-M8996AAAAANAZT-1_20170110_230814/b/HK11/trustzone_images/core/securemsm/trustzone/qsapps/libs/applib/common_applib/build/secure_ui_sample/A53_64/IADAANAA/tzapp_entrylib.lib(gpPersistentObjects.o)
                0x00000000000bc89c                TEE_OpenPersistentObject
                0x00000000000bcafc                TEE_CreatePersistentObject
                0x00000000000bcde4                TEE_CloseAndDeletePersistentObject1
                0x00000000000bcf24                TEE_CloseAndDeletePersistentObject
                0x00000000000bcf28                TEE_ReadObjectData
                0x00000000000bd098                TEE_WriteObjectData
                0x00000000000bd288                TEE_TruncateObjectData
                0x00000000000bd420                TEE_SeekObjectData
                0x00000000000bd540                TEE_RenamePersistentObject
                0x00000000000bd6a8                TEE_AllocatePersistentObjectEnumerator
                0x00000000000bd7e4                TEE_FreePersistentObjectEnumerator
                0x00000000000bd878                TEE_ResetPersistentObjectEnumerator
                0x00000000000bd90c                TEE_StartPersistentObjectEnumerator
                0x00000000000bda40                TEE_GetNextPersistentObject
 .text          0x00000000000bdb60     0x2ea8 /local/mnt/workspace/CRMBuilds/TZ.BF.4.0.3.c1-00005-M8996AAAAANAZT-1_20170110_230814/b/HK11/trustzone_images/core/securemsm/trustzone/qsapps/libs/applib/common_applib/build/secure_ui_sample/A53_64/IADAANAA/tzapp_entrylib.lib(gpPersistObjData.o)
                0x00000000000bdb60                gpData_Create_Object
                0x00000000000be3c8                gpData_Delete_Object
                0x00000000000be538                gpData_Open_Object
                0x00000000000be714                gpData_Close_Object
                0x00000000000be764                gpData_Write_Data
                0x00000000000bed18                gpData_Read_Data
                0x00000000000bef88                gpData_Trunc_Data
                0x00000000000bf2bc                gpData_Seek_Data
 .text          0x00000000000c0a08      0xbdc /local/mnt/workspace/CRMBuilds/TZ.BF.4.0.3.c1-00005-M8996AAAAANAZT-1_20170110_230814/b/HK11/trustzone_images/core/securemsm/trustzone/qsapps/libs/applib/common_applib/build/secure_ui_sample/A53_64/IADAANAA/tzapp_entrylib.lib(gpPersistObjHandler.o)
                0x00000000000c0a08                gpHandler_Create_Handle
                0x00000000000c0e20                gpHandler_Delete_Handle
                0x00000000000c0ee4                gpHandler_Close_Handle
                0x00000000000c1098                gpHandler_Open_Handle
                0x00000000000c115c                gpHandler_Update_Handle
                0x00000000000c11d8                gpHandler_Rename_Handle
 .text          0x00000000000c15e4     0x1ba8 /local/mnt/workspace/CRMBuilds/TZ.BF.4.0.3.c1-00005-M8996AAAAANAZT-1_20170110_230814/b/HK11/trustzone_images/core/securemsm/trustzone/qsapps/libs/applib/common_applib/build/secure_ui_sample/A53_64/IADAANAA/tzapp_entrylib.lib(gpPersistObjIndex.o)
                0x00000000000c15e4                index_Get_Index_Info
                0x00000000000c18e4                gpIndex_Create_Entry
                0x00000000000c1b78                gpIndex_Delete_Entry
                0x00000000000c1d38                gpIndex_Get_Entry
                0x00000000000c20b4                gpIndex_Set_Entry
                0x00000000000c227c                gpIndex_Rename_Entry
                0x00000000000c269c                gpIndex_Get_Enum_Entry
                0x00000000000c293c                gpIndex_Get_Index_Info
 .text          0x00000000000c318c     0x1230 /local/mnt/workspace/CRMBuilds/TZ.BF.4.0.3.c1-00005-M8996AAAAANAZT-1_20170110_230814/b/HK11/trustzone_images/core/securemsm/trustzone/qsapps/libs/applib/common_applib/build/secure_ui_sample/A53_64/IADAANAA/tzapp_entrylib.lib(gpPersistObjVersion.o)
                0x00000000000c318c                version_Is_Rpmb_Usage_Enabled
                0x00000000000c3274                gpVersion_Get_Version
                0x00000000000c3a08                gpVersion_Set_Version
                0x00000000000c3cd8                gpVersion_Inc_Version
                0x00000000000c3d30                gpVersion_Delete_Version
 .text          0x00000000000c43bc      0xc2c /local/mnt/workspace/CRMBuilds/TZ.BF.4.0.3.c1-00005-M8996AAAAANAZT-1_20170110_230814/b/HK11/trustzone_images/core/securemsm/trustzone/qsapps/libs/applib/common_applib/build/secure_ui_sample/A53_64/IADAANAA/tzapp_entrylib.lib(gpPersistObjCrypto.o)
                0x00000000000c43bc                gpCrypto_Encrypt
                0x00000000000c4818                gpCrypto_Integrity_Protect
                0x00000000000c4a9c                gpCrypto_Decrypt
                0x00000000000c4d00                gpCrypto_Integrity_Verify
 .text          0x00000000000c4fe8      0x4c4 /local/mnt/workspace/CRMBuilds/TZ.BF.4.0.3.c1-00005-M8996AAAAANAZT-1_20170110_230814/b/HK11/trustzone_images/core/securemsm/trustzone/qsapps/libs/applib/common_applib/build/secure_ui_sample/A53_64/IADAANAA/tzapp_entrylib.lib(gpPersistObjFileIO.o)
                0x00000000000c4fe8                fileIO_Read_Data
                0x00000000000c505c                fileIO_Write_Data
                0x00000000000c50d4                fileIO_Remove_Data
                0x00000000000c5148                fileIO_Rename_Data
                0x00000000000c51bc                gpFileIO_Read_File
                0x00000000000c5288                gpFileIO_Write_File
                0x00000000000c5370                gpFileIO_Remove_File
                0x00000000000c5400                gpFileIO_Rename_File
 .text          0x00000000000c54ac      0x944 /local/mnt/workspace/CRMBuilds/TZ.BF.4.0.3.c1-00005-M8996AAAAANAZT-1_20170110_230814/b/HK11/trustzone_images/core/securemsm/trustzone/qsapps/libs/applib/common_applib/build/secure_ui_sample/A53_64/IADAANAA/tzapp_entrylib.lib(gpFileService.o)
                0x00000000000c54ac                gpFileRead
                0x00000000000c57a8                gpFileWrite
                0x00000000000c5acc                gpFileRemove
                0x00000000000c5c54                gpFileRename
 .text          0x00000000000c5df0      0x280 /local/mnt/workspace/CRMBuilds/TZ.BF.4.0.3.c1-00005-M8996AAAAANAZT-1_20170110_230814/b/HK11/trustzone_images/core/securemsm/trustzone/qsapps/libs/applib/qsee64/build/secure_ui_sample/A53_64/IADAANAA/tzapp_entrylib.lib(qsee_core_shim.o)
                0x00000000000c5df0                qsee_exec_protect_memory
                0x00000000000c5e1c                qsee_is_sw_fuse_blown
                0x00000000000c5e40                qsee_blow_sw_fuse
                0x00000000000c5e64                qsee_ks_decrypt
                0x00000000000c5edc                qsee_ks_get_key
                0x00000000000c5f48                qsee_ks_delete_key
                0x00000000000c5f74                qsee_ce_pipe_key_select
                0x00000000000c5fa4                qsee_ce_disable_sequence
                0x00000000000c5fc8                qsee_ice_set_context_config
                0x00000000000c5ffc                qsee_hdmi_status_read
                0x00000000000c6028                qsee_get_tz_app_id
                0x00000000000c604c                qsee_blsp_modify_ownership
 .text          0x00000000000c6070      0x1e8 /local/mnt/workspace/CRMBuilds/TZ.BF.4.0.3.c1-00005-M8996AAAAANAZT-1_20170110_230814/b/HK11/trustzone_images/core/securemsm/trustzone/qsapps/libs/applib/qsee64/build/secure_ui_sample/A53_64/IADAANAA/tzapp_entrylib.lib(stor.o)
                0x00000000000c6070                check_rpmb_handle
                0x00000000000c60b8                qsee_stor_device_init
                0x00000000000c60dc                qsee_stor_open_partition
                0x00000000000c610c                qsee_stor_device_get_info
                0x00000000000c613c                qsee_stor_client_get_info
                0x00000000000c6170                qsee_stor_add_partition
                0x00000000000c619c                qsee_stor_read_sectors
                0x00000000000c61d0                qsee_stor_write_sectors
                0x00000000000c6204                qsee_stor_read_wp_config
                0x00000000000c6214                qsee_stor_write_wp_config
                0x00000000000c6224                qsee_stor_remove_client
 .text          0x00000000000c6258     0x1eb0 /local/mnt/workspace/CRMBuilds/TZ.BF.4.0.3.c1-00005-M8996AAAAANAZT-1_20170110_230814/b/HK11/trustzone_images/core/securemsm/trustzone/qsapps/libs/applib/qsee64/build/secure_ui_sample/A53_64/IADAANAA/tzapp_entrylib.lib(stor_gpt.o)
                0x00000000000c6258                add_gpt_device_handle
                0x00000000000c63e8                add_gpt_client
                0x00000000000c65d4                gpt_dev_init
                0x00000000000c698c                gpt_qsee_read_sectors
                0x00000000000c6d78                gpt_qsee_write_sectors
                0x00000000000c70ec                gpt_add_partitions
                0x00000000000c749c                gpt_config_partitions
                0x00000000000c76e4                gpt_init
                0x00000000000c79ac                gpt_open_partition
                0x00000000000c7ae4                gpt_device_get_info
                0x00000000000c7c28                gpt_client_get_info
                0x00000000000c7dc4                gpt_add_partition
                0x00000000000c7e4c                gpt_read_sectors
                0x00000000000c7fa8                gpt_write_sectors
 .text          0x00000000000c8108      0x1f8 /local/mnt/workspace/CRMBuilds/TZ.BF.4.0.3.c1-00005-M8996AAAAANAZT-1_20170110_230814/b/HK11/trustzone_images/core/securemsm/trustzone/qsapps/libs/applib/qsee64/build/secure_ui_sample/A53_64/IADAANAA/tzapp_entrylib.lib(stor_rpmbw.o)
                0x00000000000c8108                rpmbw_init
                0x00000000000c8138                rpmbw_open_partition
                0x00000000000c816c                rpmbw_device_get_info
                0x00000000000c81a0                rpmbw_client_get_info
                0x00000000000c81d4                rpmbw_add_partition
                0x00000000000c8204                rpmbw_read_sectors
                0x00000000000c8240                rpmbw_write_sectors
                0x00000000000c827c                rpmbw_read_wp_config
                0x00000000000c82a8                rpmbw_write_wp_config
                0x00000000000c82d4                rpmbw_remove_client
 .text          0x00000000000c8300       0x30 /local/mnt/workspace/CRMBuilds/TZ.BF.4.0.3.c1-00005-M8996AAAAANAZT-1_20170110_230814/b/HK11/trustzone_images/core/securemsm/trustzone/qsapps/libs/applib/qsee64/build/secure_ui_sample/A53_64/IADAANAA/tzapp_entrylib.lib(qsee_cfg_prop_shim.o)
                0x00000000000c8300                qsee_cfg_getpropval
 .text          0x00000000000c8330      0x8a0 /local/mnt/workspace/CRMBuilds/TZ.BF.4.0.3.c1-00005-M8996AAAAANAZT-1_20170110_230814/b/HK11/trustzone_images/core/securemsm/trustzone/qsapps/libs/applib/qsee64/build/secure_ui_sample/A53_64/IADAANAA/tzapp_entrylib.lib(qsee_cipher.o)
                0x00000000000c8330                qsee_cipher_init
                0x00000000000c83fc                qsee_cipher_free_ctx
                0x00000000000c844c                qsee_cipher_set_param
                0x00000000000c86b0                qsee_cipher_get_param
                0x00000000000c88e4                qsee_cipher_encrypt
                0x00000000000c89f4                qsee_cipher_decrypt
                0x00000000000c8b04                qsee_cipher_reset
 .text          0x00000000000c8bd0      0x514 /local/mnt/workspace/CRMBuilds/TZ.BF.4.0.3.c1-00005-M8996AAAAANAZT-1_20170110_230814/b/HK11/trustzone_images/core/securemsm/trustzone/qsapps/libs/applib/qsee64/build/secure_ui_sample/A53_64/IADAANAA/tzapp_entrylib.lib(qsee_hmac.o)
                0x00000000000c8bd0                qsee_hmac_init
                0x00000000000c8cc0                qsee_hmac_free_ctx
                0x00000000000c8d10                qsee_hmac_update
                0x00000000000c8e0c                qsee_hmac_final
                0x00000000000c8f08                qsee_hmac_set_param
                0x00000000000c9014                qsee_hmac
 .text          0x00000000000c90e4        0xc /local/mnt/workspace/CRMBuilds/TZ.BF.4.0.3.c1-00005-M8996AAAAANAZT-1_20170110_230814/b/HK11/trustzone_images/core/securemsm/trustzone/qsapps/libs/applib/qsee64/build/secure_ui_sample/A53_64/IADAANAA/tzapp_entrylib.lib(gpPersistObjPanic.o)
                0x00000000000c90e4                TEE_Panic
                0x00000000000c90e8                GPMemoryMgmt_verifyHandle
 .text          0x00000000000c90f0       0x1c /afs/localcell/cm/gv2.6/sysname/pkg.@sys/qct/software/llvm/release/arm/3.5.2.4/tools/lib64/lib/libc.a(abort.o)
                0x00000000000c90f0                abort
 .text          0x00000000000c910c      0x198 /afs/localcell/cm/gv2.6/sysname/pkg.@sys/qct/software/llvm/release/arm/3.5.2.4/tools/lib64/lib/libc.a(atan2.o)
                0x00000000000c910c                atan2
 .text          0x00000000000c92a4       0xd8 /afs/localcell/cm/gv2.6/sysname/pkg.@sys/qct/software/llvm/release/arm/3.5.2.4/tools/lib64/lib/libc.a(cos.o)
                0x00000000000c92a4                cos
 .text          0x00000000000c937c       0x10 /afs/localcell/cm/gv2.6/sysname/pkg.@sys/qct/software/llvm/release/arm/3.5.2.4/tools/lib64/lib/libc.a(fabs.o)
                0x00000000000c937c                fabs
 .text          0x00000000000c938c       0xe4 /afs/localcell/cm/gv2.6/sysname/pkg.@sys/qct/software/llvm/release/arm/3.5.2.4/tools/lib64/lib/libc.a(sin.o)
                0x00000000000c938c                sin
 .text          0x00000000000c9470      0x1b0 /afs/localcell/cm/gv2.6/sysname/pkg.@sys/qct/software/llvm/release/arm/3.5.2.4/tools/lib64/lib/libc.a(sqrt.o)
                0x00000000000c9470                sqrt
 .text          0x00000000000c9620       0x74 /afs/localcell/cm/gv2.6/sysname/pkg.@sys/qct/software/llvm/release/arm/3.5.2.4/tools/lib64/lib/libc.a(raise.o)
                0x00000000000c9620                raise
 .text          0x00000000000c9694      0x1b0 /afs/localcell/cm/gv2.6/sysname/pkg.@sys/qct/software/llvm/release/arm/3.5.2.4/tools/lib64/lib/libc.a(fflush.o)
                0x00000000000c9694                fflush
                0x00000000000c979c                fflush_unlocked
 .text          0x00000000000c9844       0x34 /afs/localcell/cm/gv2.6/sysname/pkg.@sys/qct/software/llvm/release/arm/3.5.2.4/tools/lib64/lib/libc.a(memcmp.o)
                0x00000000000c9844                memcmp
 .text          0x00000000000c9878       0x30 /afs/localcell/cm/gv2.6/sysname/pkg.@sys/qct/software/llvm/release/arm/3.5.2.4/tools/lib64/lib/libc.a(syscall_ret.o)
                0x00000000000c9878                __syscall_ret
 .text          0x00000000000c98a8       0x98 /afs/localcell/cm/gv2.6/sysname/pkg.@sys/qct/software/llvm/release/arm/3.5.2.4/tools/lib64/lib/libc.a(__cos.o)
                0x00000000000c98a8                __cos
 .text          0x00000000000c9940      0x30c /afs/localcell/cm/gv2.6/sysname/pkg.@sys/qct/software/llvm/release/arm/3.5.2.4/tools/lib64/lib/libc.a(__rem_pio2.o)
                0x00000000000c9940                __rem_pio2
 .text          0x00000000000c9c4c      0x78c /afs/localcell/cm/gv2.6/sysname/pkg.@sys/qct/software/llvm/release/arm/3.5.2.4/tools/lib64/lib/libc.a(__rem_pio2_large.o)
                0x00000000000c9c4c                __rem_pio2_large
 .text          0x00000000000ca3d8       0xa0 /afs/localcell/cm/gv2.6/sysname/pkg.@sys/qct/software/llvm/release/arm/3.5.2.4/tools/lib64/lib/libc.a(__sin.o)
                0x00000000000ca3d8                __sin
 .text          0x00000000000ca478      0x214 /afs/localcell/cm/gv2.6/sysname/pkg.@sys/qct/software/llvm/release/arm/3.5.2.4/tools/lib64/lib/libc.a(atan.o)
                0x00000000000ca478                atan
 .text          0x00000000000ca68c       0x7c /afs/localcell/cm/gv2.6/sysname/pkg.@sys/qct/software/llvm/release/arm/3.5.2.4/tools/lib64/lib/libc.a(floor.o)
                0x00000000000ca68c                floor
 .text          0x00000000000ca708       0x88 /afs/localcell/cm/gv2.6/sysname/pkg.@sys/qct/software/llvm/release/arm/3.5.2.4/tools/lib64/lib/libc.a(scalbn.o)
                0x00000000000ca708                scalbn
 .text          0x00000000000ca790       0x5c /afs/localcell/cm/gv2.6/sysname/pkg.@sys/qct/software/llvm/release/arm/3.5.2.4/tools/lib64/lib/libc.a(block.o)
                0x00000000000ca790                __block_all_sigs
                0x00000000000ca7b0                __block_app_sigs
                0x00000000000ca7d0                __restore_sigs
 .text          0x00000000000ca7ec       0x20 /afs/localcell/cm/gv2.6/sysname/pkg.@sys/qct/software/llvm/release/arm/3.5.2.4/tools/lib64/lib/libc.a(__stdio_close.o)
                0x00000000000ca7ec                __stdio_close
 .text          0x00000000000ca80c       0x2c /afs/localcell/cm/gv2.6/sysname/pkg.@sys/qct/software/llvm/release/arm/3.5.2.4/tools/lib64/lib/libc.a(__stdio_seek.o)
                0x00000000000ca80c                __stdio_seek
 .text          0x00000000000ca838      0x1b4 /afs/localcell/cm/gv2.6/sysname/pkg.@sys/qct/software/llvm/release/arm/3.5.2.4/tools/lib64/lib/libc.a(__stdio_write.o)
                0x00000000000ca838                __stdio_write
 .text          0x00000000000ca9ec        0x8 /afs/localcell/cm/gv2.6/sysname/pkg.@sys/qct/software/llvm/release/arm/3.5.2.4/tools/lib64/lib/libc.a(cancel_dummy.o)
                0x00000000000ca9ec                __syscall_cp
                0x00000000000ca9f0                __testcancel
 .text          0x00000000000ca9f4       0x44 /afs/localcell/cm/gv2.6/sysname/pkg.@sys/qct/software/llvm/release/arm/3.5.2.4/tools/lib64/lib/libc.a(cancellation.o)
                0x00000000000ca9f4                __do_cleanup_push
                0x00000000000ca9f4                __do_cleanup_pop
                0x00000000000ca9f8                _pthread_cleanup_push
                0x00000000000caa00                _pthread_cleanup_pop
 .text          0x00000000000caa38       0x40 /local/mnt/workspace/CRMBuilds/TZ.BF.4.0.3.c1-00005-M8996AAAAANAZT-1_20170110_230814/b/HK11/trustzone_images/core/kernel/libstd/build/secure_ui_sample/A53_64/IADAANAA/libstd.lib(timesafe_memcmp.o)
                0x00000000000caa38                timesafe_memcmp
 .text          0x00000000000caa78      0xde4 /local/mnt/workspace/CRMBuilds/TZ.BF.4.0.3.c1-00005-M8996AAAAANAZT-1_20170110_230814/b/HK11/trustzone_images/core/securemsm/sse/SecureTouch/controller/build/secure_ui_sample/A53_64/IADAANAA/drts_controller_msm8996.lib(atmel_mxt_ts.o)
                0x00000000000caa78                dumpT9
                0x00000000000cab70                dumpT100
                0x00000000000cabe8                dumpT15
                0x00000000000cad28                dumpT42
                0x00000000000cad6c                processT9
                0x00000000000cae18                processT100
                0x00000000000caf04                atmel_drTsOpen
                0x00000000000cb590                atmel_drTsClose
                0x00000000000cb63c                atmel_drTsProcessEvents
 .text          0x00000000000cb85c      0xd48 /local/mnt/workspace/CRMBuilds/TZ.BF.4.0.3.c1-00005-M8996AAAAANAZT-1_20170110_230814/b/HK11/trustzone_images/core/securemsm/sse/SecureTouch/controller/build/secure_ui_sample/A53_64/IADAANAA/drts_controller_msm8996.lib(synaptics_ts.o)
                0x00000000000cb85c                synReadF12
                0x00000000000cbb7c                synaptics_drTsOpen
                0x00000000000cc338                synaptics_drTsClose
                0x00000000000cc3e4                synaptics_drTsProcessEvents
 .text          0x00000000000cc5a4      0x12c /local/mnt/workspace/CRMBuilds/TZ.BF.4.0.3.c1-00005-M8996AAAAANAZT-1_20170110_230814/b/HK11/trustzone_images/core/securemsm/sse/log/build/secure_ui_sample/A53_64/IADAANAA/sselog.lib(sselog.o)
                0x00000000000cc5a4                dumpHex
 .text          0x00000000000cc6d0      0x1f8 /local/mnt/workspace/CRMBuilds/TZ.BF.4.0.3.c1-00005-M8996AAAAANAZT-1_20170110_230814/b/HK11/trustzone_images/core/securemsm/sse/qsee/SecureTouch/drTs/controller/build/secure_ui_sample/A53_64/IADAANAA/touch_controller_i2c_msm8996.lib(atmel_mxt_ts_i2c.o)
                0x00000000000cc6d0                atmel_i2cReadReg
                0x00000000000cc7b8                atmel_i2cOpen
                0x00000000000cc840                atmel_i2cClose
 .text          0x00000000000cc8c8      0x1f4 /local/mnt/workspace/CRMBuilds/TZ.BF.4.0.3.c1-00005-M8996AAAAANAZT-1_20170110_230814/b/HK11/trustzone_images/core/securemsm/sse/qsee/SecureTouch/drTs/controller/build/secure_ui_sample/A53_64/IADAANAA/touch_controller_i2c_msm8996.lib(synaptics_ts_i2c.o)
                0x00000000000cc8c8                synaptics_i2cReadReg
                0x00000000000cc9a8                synaptics_i2cWriteReg
                0x00000000000cca14                synaptics_i2cOpen
                0x00000000000cca68                synaptics_i2cClose
 .text          0x00000000000ccabc      0x48c /local/mnt/workspace/CRMBuilds/TZ.BF.4.0.3.c1-00005-M8996AAAAANAZT-1_20170110_230814/b/HK11/trustzone_images/core/securemsm/trustzone/qsapps/libs/applib/qsee64/build/secure_ui_sample/A53_64/IADAANAA/tzapp_entrylib.lib(qsee_i2c.o)
                0x00000000000ccabc                qsee_i2c_open
                0x00000000000ccbb4                qsee_i2c_close
                0x00000000000ccc80                qsee_i2c_read
                0x00000000000cce3c                qsee_i2c_write
 .text          0x00000000000ccf48       0x80 /afs/localcell/cm/gv2.6/sysname/pkg.@sys/qct/software/llvm/release/arm/3.5.2.4/tools/lib64/lib/libc.a(snprintf.o)
                0x00000000000ccf48                snprintf
 kthread_shared
                0x00000000000ccfc8       0x98 /local/mnt/workspace/CRMBuilds/TZ.BF.4.0.3.c1-00005-M8996AAAAANAZT-1_20170110_230814/b/HK11/trustzone_images/core/securemsm/trustzone/qsapps/libs/applib/qsee64/build/secure_ui_sample/A53_64/IADAANAA/tzapp_entrylib.lib(kthread_shared.o)
                0x00000000000ccfc8                mink_generic_syscall
 *(SORT(tzapp_syscall_asm))
 *fill*         0x00000000000cd060       0xa0 
 tzapp_syscall_asm
                0x00000000000cd100      0x200 /local/mnt/workspace/CRMBuilds/TZ.BF.4.0.3.c1-00005-M8996AAAAANAZT-1_20170110_230814/b/HK11/trustzone_images/core/securemsm/trustzone/qsapps/libs/applib/qsee64/build/secure_ui_sample/A53_64/IADAANAA/tzapp_entrylib.lib(tzapp_syscall.o)
                0x00000000000cd100                app_export_init_info_to_qsee
                0x00000000000cd114                qsee_wait_default_signal_syscall
                0x00000000000cd1a4                qsee_generic_syscall
 *(SORT(.rodata))
 .rodata        0x00000000000cd300       0x14 /local/mnt/workspace/CRMBuilds/TZ.BF.4.0.3.c1-00005-M8996AAAAANAZT-1_20170110_230814/b/HK11/trustzone_images/core/securemsm/sse/qsee/SecureUI/build/secure_ui_sample/A53_64/IADAANAA/secure_ui.lib(SecureUI.o)
 *fill*         0x00000000000cd314        0xc 
 .rodata        0x00000000000cd320       0x58 /local/mnt/workspace/CRMBuilds/TZ.BF.4.0.3.c1-00005-M8996AAAAANAZT-1_20170110_230814/b/HK11/trustzone_images/core/securemsm/trustzone/qsapps/libs/applib/qsee64/build/secure_ui_sample/A53_64/IADAANAA/tzapp_entrylib.lib(qsee_appmessage.o)
 *fill*         0x00000000000cd378        0x8 
 .rodata        0x00000000000cd380       0x30 /local/mnt/workspace/CRMBuilds/TZ.BF.4.0.3.c1-00005-M8996AAAAANAZT-1_20170110_230814/b/HK11/trustzone_images/core/securemsm/trustzone/qsapps/libs/applib/qsee64/build/secure_ui_sample/A53_64/IADAANAA/tzapp_entrylib.lib(qsee_cipher.o)
 .rodata        0x00000000000cd3b0       0x40 /afs/localcell/cm/gv2.6/sysname/pkg.@sys/qct/software/llvm/release/arm/3.5.2.4/tools/lib64/lib/libc.a(atan2.o)
 .rodata        0x00000000000cd3f0       0x20 /local/mnt/workspace/CRMBuilds/TZ.BF.4.0.3.c1-00005-M8996AAAAANAZT-1_20170110_230814/b/HK11/trustzone_images/core/securemsm/sse/qsee/SecureUI/build/secure_ui_sample/A53_64/IADAANAA/secure_ui_tui.lib(font_manager.o)
 .rodata        0x00000000000cd410       0xd0 /afs/localcell/cm/gv2.6/sysname/pkg.@sys/qct/software/llvm/release/arm/3.5.2.4/tools/lib64/lib/libc.a(vsnprintf.o)
 .rodata        0x00000000000cd4e0       0x38 /afs/localcell/cm/gv2.6/sysname/pkg.@sys/qct/software/llvm/release/arm/3.5.2.4/tools/lib64/lib/libc.a(memcpy.o)
 .rodata        0x00000000000cd518      0x390 /afs/localcell/cm/gv2.6/sysname/pkg.@sys/qct/software/llvm/release/arm/3.5.2.4/tools/lib64/lib/libc.a(vfprintf.o)
 .rodata        0x00000000000cd8a8        0x8 /afs/localcell/cm/gv2.6/sysname/pkg.@sys/qct/software/llvm/release/arm/3.5.2.4/tools/lib64/lib/libc.a(__stdio_exit.o)
                0x00000000000cd8a8                __stdout_used
                0x00000000000cd8a8                __stdin_used
 .rodata        0x00000000000cd8b0       0x10 /afs/localcell/cm/gv2.6/sysname/pkg.@sys/qct/software/llvm/release/arm/3.5.2.4/tools/lib64/lib/libc.a(stderr.o)
                0x00000000000cd8b0                stderr
                0x00000000000cd8b8                __stderr_used
 .rodata        0x00000000000cd8c0      0xb08 /afs/localcell/cm/gv2.6/sysname/pkg.@sys/qct/software/llvm/release/arm/3.5.2.4/tools/lib64/lib/libc.a(__rem_pio2_large.o)
 .rodata        0x00000000000ce3c8       0x40 /afs/localcell/cm/gv2.6/sysname/pkg.@sys/qct/software/llvm/release/arm/3.5.2.4/tools/lib64/lib/libc.a(atan.o)
 .rodata        0x00000000000ce408       0x18 /afs/localcell/cm/gv2.6/sysname/pkg.@sys/qct/software/llvm/release/arm/3.5.2.4/tools/lib64/lib/libc.a(block.o)
 .rodata        0x00000000000ce420        0x4 /local/mnt/workspace/CRMBuilds/TZ.BF.4.0.3.c1-00005-M8996AAAAANAZT-1_20170110_230814/b/HK11/trustzone_images/apps/securemsm/trustzone/qsapps/secure_ui_sample64/build/secure_ui_sample/A53_64/IADAANAA/metadata.o
                0x00000000000ce420                TA_ACCEPT_BUF_SIZE
 .rodata        0x00000000000ce424        0xc /local/mnt/workspace/CRMBuilds/TZ.BF.4.0.3.c1-00005-M8996AAAAANAZT-1_20170110_230814/b/HK11/trustzone_images/core/securemsm/trustzone/qsapps/libs/applib/qsee64/build/secure_ui_sample/A53_64/IADAANAA/tzapp_entrylib.lib(qsee_hash.o)
 .rodata        0x00000000000ce430        0x4 /afs/localcell/cm/gv2.6/sysname/pkg.@sys/qct/software/llvm/release/arm/3.5.2.4/tools/lib64/lib/libc.a(__towrite.o)
                0x00000000000ce430                __towrite_used
 .rodata        0x00000000000ce434      0xb40 /local/mnt/workspace/CRMBuilds/TZ.BF.4.0.3.c1-00005-M8996AAAAANAZT-1_20170110_230814/b/HK11/trustzone_images/core/securemsm/sse/qsee/SecureDisplay/libgd/build/secure_ui_sample/A53_64/IADAANAA/libgd.lib(gdtables.o)
                0x00000000000ce434                gdCosT
                0x00000000000ce9d4                gdSinT
 .rodata        0x00000000000cef74     0x2000 /local/mnt/workspace/CRMBuilds/TZ.BF.4.0.3.c1-00005-M8996AAAAANAZT-1_20170110_230814/b/HK11/trustzone_images/core/securemsm/sse/qsee/SecureDisplay/zlib/build/secure_ui_sample/A53_64/IADAANAA/zlib.lib(crc32.o)
 .rodata        0x00000000000d0f74        0xc /local/mnt/workspace/CRMBuilds/TZ.BF.4.0.3.c1-00005-M8996AAAAANAZT-1_20170110_230814/b/HK11/trustzone_images/core/securemsm/trustzone/qsapps/libs/applib/qsee64/build/secure_ui_sample/A53_64/IADAANAA/tzapp_entrylib.lib(qsee_i2c.o)
 .rodata        0x00000000000d0f80      0x8a6 /local/mnt/workspace/CRMBuilds/TZ.BF.4.0.3.c1-00005-M8996AAAAANAZT-1_20170110_230814/b/HK11/trustzone_images/core/securemsm/sse/qsee/SecureDisplay/zlib/build/secure_ui_sample/A53_64/IADAANAA/zlib.lib(inflate.o)
 .rodata        0x00000000000d1826      0x12c /local/mnt/workspace/CRMBuilds/TZ.BF.4.0.3.c1-00005-M8996AAAAANAZT-1_20170110_230814/b/HK11/trustzone_images/core/securemsm/sse/qsee/SecureDisplay/zlib/build/secure_ui_sample/A53_64/IADAANAA/zlib.lib(inftrees.o)
                0x00000000000d1826                inflate_copyright
 .rodata        0x00000000000d1952      0x70c /afs/localcell/cm/gv2.6/sysname/pkg.@sys/qct/software/llvm/release/arm/3.5.2.4/tools/lib64/lib/libc.a(strerror.o)
 .rodata        0x00000000000d205e       0x1c /local/mnt/workspace/CRMBuilds/TZ.BF.4.0.3.c1-00005-M8996AAAAANAZT-1_20170110_230814/b/HK11/trustzone_images/core/securemsm/sse/qsee/SecureDisplay/libpng/build/secure_ui_sample/A53_64/IADAANAA/libpng.lib(pngrutil.o)
 .rodata        0x00000000000d207a      0x140 /local/mnt/workspace/CRMBuilds/TZ.BF.4.0.3.c1-00005-M8996AAAAANAZT-1_20170110_230814/b/HK11/trustzone_images/core/securemsm/sse/qsee/SecureDisplay/zlib/build/secure_ui_sample/A53_64/IADAANAA/zlib.lib(zutil.o)
                0x00000000000d207a                z_errmsg
 *(SORT(EXCLUDE_FILE(*\metadata.o) .rodata.*))
 *fill*         0x00000000000d21ba        0x6 
 .rodata.cst8   0x00000000000d21c0       0x10 /local/mnt/workspace/CRMBuilds/TZ.BF.4.0.3.c1-00005-M8996AAAAANAZT-1_20170110_230814/b/HK11/trustzone_images/core/securemsm/sse/qsee/SecureDisplay/libgd/build/secure_ui_sample/A53_64/IADAANAA/libgd.lib(gd_color.o)
 .rodata.cst8   0x00000000000d21d0       0x18 /afs/localcell/cm/gv2.6/sysname/pkg.@sys/qct/software/llvm/release/arm/3.5.2.4/tools/lib64/lib/libc.a(atan2.o)
 .rodata.cst16  0x00000000000d21e8       0x10 /afs/localcell/cm/gv2.6/sysname/pkg.@sys/qct/software/llvm/release/arm/3.5.2.4/tools/lib64/lib/libc.a(atan2.o)
 .rodata.cst8   0x00000000000d21f8        0x8 /afs/localcell/cm/gv2.6/sysname/pkg.@sys/qct/software/llvm/release/arm/3.5.2.4/tools/lib64/lib/libc.a(cos.o)
 .rodata.cst8   0x00000000000d2200        0x8 /afs/localcell/cm/gv2.6/sysname/pkg.@sys/qct/software/llvm/release/arm/3.5.2.4/tools/lib64/lib/libc.a(sin.o)
                                         0x10 (size before relaxing)
 .rodata.cst8   0x00000000000d2208       0x30 /afs/localcell/cm/gv2.6/sysname/pkg.@sys/qct/software/llvm/release/arm/3.5.2.4/tools/lib64/lib/libc.a(__cos.o)
 .rodata.cst8   0x00000000000d2238       0x50 /afs/localcell/cm/gv2.6/sysname/pkg.@sys/qct/software/llvm/release/arm/3.5.2.4/tools/lib64/lib/libc.a(__rem_pio2.o)
 .rodata.cst16  0x00000000000d2288       0x80 /afs/localcell/cm/gv2.6/sysname/pkg.@sys/qct/software/llvm/release/arm/3.5.2.4/tools/lib64/lib/libc.a(__rem_pio2.o)
 .rodata.cst8   0x00000000000d2308       0x10 /afs/localcell/cm/gv2.6/sysname/pkg.@sys/qct/software/llvm/release/arm/3.5.2.4/tools/lib64/lib/libc.a(__rem_pio2_large.o)
                                         0x18 (size before relaxing)
 .rodata.cst8   0x00000000000d2318       0x30 /afs/localcell/cm/gv2.6/sysname/pkg.@sys/qct/software/llvm/release/arm/3.5.2.4/tools/lib64/lib/libc.a(__sin.o)
 .rodata.cst8   0x00000000000d2348       0x68 /afs/localcell/cm/gv2.6/sysname/pkg.@sys/qct/software/llvm/release/arm/3.5.2.4/tools/lib64/lib/libc.a(atan.o)
 .rodata.cst8   0x00000000000d23b0       0x10 /afs/localcell/cm/gv2.6/sysname/pkg.@sys/qct/software/llvm/release/arm/3.5.2.4/tools/lib64/lib/libc.a(floor.o)
 .rodata.cst8   0x00000000000d23c0       0x10 /afs/localcell/cm/gv2.6/sysname/pkg.@sys/qct/software/llvm/release/arm/3.5.2.4/tools/lib64/lib/libc.a(scalbn.o)
 .rodata.cst16  0x00000000000d23d0       0x10 /afs/localcell/cm/gv2.6/sysname/pkg.@sys/qct/software/llvm/release/arm/3.5.2.4/tools/lib64/lib/libc.a(__rem_pio2_large.o)
 .rodata.str1.1
                0x00000000000d23e0      0xa57 /local/mnt/workspace/CRMBuilds/TZ.BF.4.0.3.c1-00005-M8996AAAAANAZT-1_20170110_230814/b/HK11/trustzone_images/apps/securemsm/trustzone/qsapps/secure_ui_sample64/build/secure_ui_sample/A53_64/IADAANAA/app_main.o
                                        0xa58 (size before relaxing)
 .rodata.str1.1
                0x00000000000d2e37      0x8db /local/mnt/workspace/CRMBuilds/TZ.BF.4.0.3.c1-00005-M8996AAAAANAZT-1_20170110_230814/b/HK11/trustzone_images/core/securemsm/sse/qsee/SecureUI/build/secure_ui_sample/A53_64/IADAANAA/secure_ui.lib(SecureUI.o)
                                        0x906 (size before relaxing)
 .rodata.str1.1
                0x00000000000d3712     0x26d8 /local/mnt/workspace/CRMBuilds/TZ.BF.4.0.3.c1-00005-M8996AAAAANAZT-1_20170110_230814/b/HK11/trustzone_images/core/securemsm/sse/qsee/SecureUI/build/secure_ui_sample/A53_64/IADAANAA/secure_ui_tui.lib(qsee_tui_dialogs.o)
                                       0x2719 (size before relaxing)
 .rodata.str1.1
                0x00000000000d5dea     0x174e /local/mnt/workspace/CRMBuilds/TZ.BF.4.0.3.c1-00005-M8996AAAAANAZT-1_20170110_230814/b/HK11/trustzone_images/core/securemsm/sse/qsee/SecureUI/build/secure_ui_sample/A53_64/IADAANAA/secure_ui_tui.lib(layout_manager.o)
                                       0x179d (size before relaxing)
 .rodata.str1.1
                0x00000000000d7538     0x1399 /local/mnt/workspace/CRMBuilds/TZ.BF.4.0.3.c1-00005-M8996AAAAANAZT-1_20170110_230814/b/HK11/trustzone_images/core/securemsm/sse/qsee/SecureUI/build/secure_ui_sample/A53_64/IADAANAA/secure_ui_tui.lib(secure_display_renderer.o)
                                       0x13d6 (size before relaxing)
 .rodata.str1.1
                0x00000000000d88d1      0xb2f /local/mnt/workspace/CRMBuilds/TZ.BF.4.0.3.c1-00005-M8996AAAAANAZT-1_20170110_230814/b/HK11/trustzone_images/core/securemsm/sse/qsee/SecureUI/build/secure_ui_sample/A53_64/IADAANAA/secure_ui_tui.lib(font_manager.o)
                                        0xb67 (size before relaxing)
 .rodata.str1.1
                0x00000000000d9400       0x5d /local/mnt/workspace/CRMBuilds/TZ.BF.4.0.3.c1-00005-M8996AAAAANAZT-1_20170110_230814/b/HK11/trustzone_images/core/securemsm/sse/qsee/SecureUILib/lib/build/secure_ui_sample/A53_64/IADAANAA/secure_ui_lib.lib(SecureUILib.o)
                                         0x63 (size before relaxing)
 .rodata.str1.1
                0x00000000000d945d       0x84 /local/mnt/workspace/CRMBuilds/TZ.BF.4.0.3.c1-00005-M8996AAAAANAZT-1_20170110_230814/b/HK11/trustzone_images/core/securemsm/sse/qsee/SecureUILib/lib/build/secure_ui_sample/A53_64/IADAANAA/secure_ui_lib.lib(01_startTouch.o)
                                         0xa0 (size before relaxing)
 .rodata.str1.1
                0x00000000000d94e1       0xa4 /local/mnt/workspace/CRMBuilds/TZ.BF.4.0.3.c1-00005-M8996AAAAANAZT-1_20170110_230814/b/HK11/trustzone_images/core/securemsm/sse/qsee/SecureUILib/lib/build/secure_ui_sample/A53_64/IADAANAA/secure_ui_lib.lib(02_processTouch.o)
                                         0xd6 (size before relaxing)
 .rodata.str1.1
                0x00000000000d9585       0x52 /local/mnt/workspace/CRMBuilds/TZ.BF.4.0.3.c1-00005-M8996AAAAANAZT-1_20170110_230814/b/HK11/trustzone_images/core/securemsm/sse/qsee/SecureUILib/lib/build/secure_ui_sample/A53_64/IADAANAA/secure_ui_lib.lib(03_stopTouch.o)
                                         0x99 (size before relaxing)
 .rodata.str1.1
                0x00000000000d95d7       0x4f /local/mnt/workspace/CRMBuilds/TZ.BF.4.0.3.c1-00005-M8996AAAAANAZT-1_20170110_230814/b/HK11/trustzone_images/core/securemsm/sse/qsee/SecureUILib/lib/build/secure_ui_sample/A53_64/IADAANAA/secure_ui_lib.lib(04_prepareRequest.o)
                                         0x6b (size before relaxing)
 .rodata.str1.1
                0x00000000000d9626       0x9c /local/mnt/workspace/CRMBuilds/TZ.BF.4.0.3.c1-00005-M8996AAAAANAZT-1_20170110_230814/b/HK11/trustzone_images/core/securemsm/sse/qsee/SecureUILib/lib/build/secure_ui_sample/A53_64/IADAANAA/secure_ui_lib.lib(05_storeIndicator.o)
                                         0xc8 (size before relaxing)
 .rodata.str1.1
                0x00000000000d96c2        0x9 /local/mnt/workspace/CRMBuilds/TZ.BF.4.0.3.c1-00005-M8996AAAAANAZT-1_20170110_230814/b/HK11/trustzone_images/core/securemsm/trustzone/qsapps/libs/applib/common_applib/build/secure_ui_sample/A53_64/IADAANAA/tzapp_entrylib.lib(common_applib.o)
 .rodata.str1.1
                0x00000000000d96cb       0xe5 /local/mnt/workspace/CRMBuilds/TZ.BF.4.0.3.c1-00005-M8996AAAAANAZT-1_20170110_230814/b/HK11/trustzone_images/core/securemsm/trustzone/qsapps/libs/applib/qsee64/build/secure_ui_sample/A53_64/IADAANAA/tzapp_entrylib.lib(qsee_shared_buffer.o)
 .rodata.str1.1
                0x00000000000d97b0       0xc0 /local/mnt/workspace/CRMBuilds/TZ.BF.4.0.3.c1-00005-M8996AAAAANAZT-1_20170110_230814/b/HK11/trustzone_images/core/securemsm/trustzone/qsapps/libs/applib/qsee64/build/secure_ui_sample/A53_64/IADAANAA/tzapp_entrylib.lib(sfs_api.o)
 .rodata.str1.1
                0x00000000000d9870       0x11 /afs/localcell/cm/gv2.6/sysname/pkg.@sys/qct/software/llvm/release/arm/3.5.2.4/tools/lib64/lib/libc.a(vfprintf.o)
 .rodata.cst16  0x00000000000d9881       0x10 /afs/localcell/cm/gv2.6/sysname/pkg.@sys/qct/software/llvm/release/arm/3.5.2.4/tools/lib64/lib/libc.a(vfprintf.o)
 .rodata.str1.1
                0x00000000000d9891       0x58 /afs/localcell/cm/gv2.6/sysname/pkg.@sys/qct/software/llvm/release/arm/3.5.2.4/tools/lib64/lib/libc.a(strerror.o)
 .rodata.str1.1
                0x00000000000d98e9      0x521 /local/mnt/workspace/CRMBuilds/TZ.BF.4.0.3.c1-00005-M8996AAAAANAZT-1_20170110_230814/b/HK11/trustzone_images/apps/securemsm/trustzone/qsapps/secure_ui_sample/layouts/build/secure_ui_sample/A53_64/IADAANAA/secure_ui_layout.lib(layout_8996_fluid.o)
                                        0x667 (size before relaxing)
 .rodata.str1.1
                0x00000000000d9e0a      0x8eb /local/mnt/workspace/CRMBuilds/TZ.BF.4.0.3.c1-00005-M8996AAAAANAZT-1_20170110_230814/b/HK11/trustzone_images/core/securemsm/sse/SecureTouch/layout/build/secure_ui_sample/A53_64/IADAANAA/sklayout.lib(layoutUtils.o)
                                        0x917 (size before relaxing)
 .rodata.str1.1
                0x00000000000da6f5       0x39 /local/mnt/workspace/CRMBuilds/TZ.BF.4.0.3.c1-00005-M8996AAAAANAZT-1_20170110_230814/b/HK11/trustzone_images/core/securemsm/sse/qsee/SecureDisplay/libgd/build/secure_ui_sample/A53_64/IADAANAA/libgd.lib(gd.o)
 .rodata.str1.1
                0x00000000000da72e       0xc7 /local/mnt/workspace/CRMBuilds/TZ.BF.4.0.3.c1-00005-M8996AAAAANAZT-1_20170110_230814/b/HK11/trustzone_images/core/securemsm/sse/qsee/SecureDisplay/libgd/build/secure_ui_sample/A53_64/IADAANAA/libgd.lib(gd_security.o)
 .rodata.str1.1
                0x00000000000da7f5      0x1b3 /local/mnt/workspace/CRMBuilds/TZ.BF.4.0.3.c1-00005-M8996AAAAANAZT-1_20170110_230814/b/HK11/trustzone_images/core/securemsm/sse/qsee/SecureDisplay/libpng/build/secure_ui_sample/A53_64/IADAANAA/libpng.lib(png.o)
                                        0x1ba (size before relaxing)
 .rodata.str1.1
                0x0000000000000000        0x1 /local/mnt/workspace/CRMBuilds/TZ.BF.4.0.3.c1-00005-M8996AAAAANAZT-1_20170110_230814/b/HK11/trustzone_images/core/securemsm/sse/qsee/SecureDisplay/libpng/build/secure_ui_sample/A53_64/IADAANAA/libpng.lib(pngerror.o)
 .rodata.str1.1
                0x00000000000da9a8       0x15 /local/mnt/workspace/CRMBuilds/TZ.BF.4.0.3.c1-00005-M8996AAAAANAZT-1_20170110_230814/b/HK11/trustzone_images/core/securemsm/sse/qsee/SecureDisplay/libpng/build/secure_ui_sample/A53_64/IADAANAA/libpng.lib(pngrutil.o)
 .rodata.str1.1
                0x00000000000da9bd      0x1cd /local/mnt/workspace/CRMBuilds/TZ.BF.4.0.3.c1-00005-M8996AAAAANAZT-1_20170110_230814/b/HK11/trustzone_images/core/securemsm/sse/qsee/SecureDisplay/zlib/build/secure_ui_sample/A53_64/IADAANAA/zlib.lib(inflate.o)
 .rodata.str1.1
                0x0000000000000000        0x6 /local/mnt/workspace/CRMBuilds/TZ.BF.4.0.3.c1-00005-M8996AAAAANAZT-1_20170110_230814/b/HK11/trustzone_images/core/securemsm/sse/qsee/SecureDisplay/zlib/build/secure_ui_sample/A53_64/IADAANAA/zlib.lib(zutil.o)
 .rodata.str1.1
                0x0000000000000000       0x50 /local/mnt/workspace/CRMBuilds/TZ.BF.4.0.3.c1-00005-M8996AAAAANAZT-1_20170110_230814/b/HK11/trustzone_images/core/securemsm/sse/qsee/SecureDisplay/zlib/build/secure_ui_sample/A53_64/IADAANAA/zlib.lib(inffast.o)
 .rodata.str1.1
                0x00000000000dab8a       0x98 /local/mnt/workspace/CRMBuilds/TZ.BF.4.0.3.c1-00005-M8996AAAAANAZT-1_20170110_230814/b/HK11/trustzone_images/core/securemsm/sse/qsee/SecureTouch/drTs/lib/build/secure_ui_sample/A53_64/IADAANAA/touch_lib.lib(01_open.o)
                                         0xb4 (size before relaxing)
 .rodata.str1.1
                0x00000000000dac22       0xbc /local/mnt/workspace/CRMBuilds/TZ.BF.4.0.3.c1-00005-M8996AAAAANAZT-1_20170110_230814/b/HK11/trustzone_images/core/securemsm/sse/qsee/SecureTouch/drTs/lib/build/secure_ui_sample/A53_64/IADAANAA/touch_lib.lib(02_close.o)
                                         0xd8 (size before relaxing)
 .rodata.str1.1
                0x00000000000dacde      0x116 /local/mnt/workspace/CRMBuilds/TZ.BF.4.0.3.c1-00005-M8996AAAAANAZT-1_20170110_230814/b/HK11/trustzone_images/core/securemsm/sse/qsee/SecureTouch/drTs/lib/build/secure_ui_sample/A53_64/IADAANAA/touch_lib.lib(03_getData.o)
                                        0x13c (size before relaxing)
 .rodata.str1.1
                0x00000000000dadf4       0xb1 /local/mnt/workspace/CRMBuilds/TZ.BF.4.0.3.c1-00005-M8996AAAAANAZT-1_20170110_230814/b/HK11/trustzone_images/core/securemsm/trustzone/qsapps/libs/applib/common_applib/build/secure_ui_sample/A53_64/IADAANAA/tzapp_entrylib.lib(gpPersistObjCommon.o)
                                         0xcb (size before relaxing)
 .rodata.str1.1
                0x00000000000daea5      0x172 /local/mnt/workspace/CRMBuilds/TZ.BF.4.0.3.c1-00005-M8996AAAAANAZT-1_20170110_230814/b/HK11/trustzone_images/core/securemsm/trustzone/qsapps/libs/applib/common_applib/build/secure_ui_sample/A53_64/IADAANAA/tzapp_entrylib.lib(gpPersistentObjects.o)
                                        0x18a (size before relaxing)
 .rodata.str1.1
                0x00000000000db017      0x31c /local/mnt/workspace/CRMBuilds/TZ.BF.4.0.3.c1-00005-M8996AAAAANAZT-1_20170110_230814/b/HK11/trustzone_images/core/securemsm/trustzone/qsapps/libs/applib/common_applib/build/secure_ui_sample/A53_64/IADAANAA/tzapp_entrylib.lib(gpPersistObjData.o)
                                        0x334 (size before relaxing)
 .rodata.str1.1
                0x00000000000db333       0xcc /local/mnt/workspace/CRMBuilds/TZ.BF.4.0.3.c1-00005-M8996AAAAANAZT-1_20170110_230814/b/HK11/trustzone_images/core/securemsm/trustzone/qsapps/libs/applib/common_applib/build/secure_ui_sample/A53_64/IADAANAA/tzapp_entrylib.lib(gpPersistObjHandler.o)