Archive member included because of file (symbol)

/afs/localcell/cm/gv2.6/sysname/pkg.@sys/qct/software/llvm/release/arm/3.5.2.4/tools/lib32/lib/libc.a(memcmp.o)
                              /local/mnt/workspace/CRMBuilds/TZ.BF.4.0.3.c1-00005-M8996AAAAANAZT-1_20170110_230814/b/HK11/trustzone_images/core/securemsm/trustzone/qsapps/teetest/teetest/build/teetest/A53/IADAANAA/teetest_crypto.o (memcmp)
/afs/localcell/cm/gv2.6/sysname/pkg.@sys/qct/software/llvm/release/arm/3.5.2.4/tools/lib32/lib/libc.a(strlen.o)
                              /local/mnt/workspace/CRMBuilds/TZ.BF.4.0.3.c1-00005-M8996AAAAANAZT-1_20170110_230814/b/HK11/trustzone_images/core/securemsm/trustzone/qsapps/teetest/teetest/build/teetest/A53/IADAANAA/teetest.o (strlen)
/afs/localcell/cm/gv2.6/sysname/pkg.@sys/qct/software/llvm/release/arm/3.5.2.4/lib/clang/3.5.2/lib/linux/libclang_rt.builtins-arm.a(aeabi_memcpy.S.o)
                              /local/mnt/workspace/CRMBuilds/TZ.BF.4.0.3.c1-00005-M8996AAAAANAZT-1_20170110_230814/b/HK11/trustzone_images/core/securemsm/trustzone/qsapps/teetest/teetest/build/teetest/A53/IADAANAA/teetest.o (__aeabi_memcpy)
/afs/localcell/cm/gv2.6/sysname/pkg.@sys/qct/software/llvm/release/arm/3.5.2.4/tools/lib32/lib/libc.a(memcpy.o)
                              /afs/localcell/cm/gv2.6/sysname/pkg.@sys/qct/software/llvm/release/arm/3.5.2.4/lib/clang/3.5.2/lib/linux/libclang_rt.builtins-arm.a(aeabi_memcpy.S.o) (memcpy)

Allocating common symbols
Common symbol       size              file

l1_region           0x20000           /local/mnt/workspace/CRMBuilds/TZ.BF.4.0.3.c1-00005-M8996AAAAANAZT-1_20170110_230814/b/HK11/trustzone_images/core/securemsm/trustzone/qsapps/teetest/teetest/build/teetest/A53/IADAANAA/teetest.o
nHalGICHBaseAddress
                    0x4               /local/mnt/workspace/CRMBuilds/TZ.BF.4.0.3.c1-00005-M8996AAAAANAZT-1_20170110_230814/b/HK11/trustzone_images/core/securemsm/trustzone/qsapps/teetest/teetest/build/teetest/A53/IADAANAA/teetest_hal_qgic.o
l1                  0x4               /local/mnt/workspace/CRMBuilds/TZ.BF.4.0.3.c1-00005-M8996AAAAANAZT-1_20170110_230814/b/HK11/trustzone_images/core/securemsm/trustzone/qsapps/teetest/teetest/build/teetest/A53/IADAANAA/teetest.o
nHalGICCBaseAddress
                    0x4               /local/mnt/workspace/CRMBuilds/TZ.BF.4.0.3.c1-00005-M8996AAAAANAZT-1_20170110_230814/b/HK11/trustzone_images/core/securemsm/trustzone/qsapps/teetest/teetest/build/teetest/A53/IADAANAA/teetest_hal_qgic.o
nHalGICVBaseAddress
                    0x4               /local/mnt/workspace/CRMBuilds/TZ.BF.4.0.3.c1-00005-M8996AAAAANAZT-1_20170110_230814/b/HK11/trustzone_images/core/securemsm/trustzone/qsapps/teetest/teetest/build/teetest/A53/IADAANAA/teetest_hal_qgic.o
nHalGICRBaseAddress
                    0x4               /local/mnt/workspace/CRMBuilds/TZ.BF.4.0.3.c1-00005-M8996AAAAANAZT-1_20170110_230814/b/HK11/trustzone_images/core/securemsm/trustzone/qsapps/teetest/teetest/build/teetest/A53/IADAANAA/teetest_hal_qgic.o
nHalGICDBaseAddress
                    0x4               /local/mnt/workspace/CRMBuilds/TZ.BF.4.0.3.c1-00005-M8996AAAAANAZT-1_20170110_230814/b/HK11/trustzone_images/core/securemsm/trustzone/qsapps/teetest/teetest/build/teetest/A53/IADAANAA/teetest_hal_qgic.o

Discarded input sections

 .data          0x00000000        0x0 /local/mnt/workspace/CRMBuilds/TZ.BF.4.0.3.c1-00005-M8996AAAAANAZT-1_20170110_230814/b/HK11/trustzone_images/core/securemsm/trustzone/qsapps/teetest/teetest/build/teetest/A53/IADAANAA/teetest_cache.o
 .bss           0x00000000        0x0 /local/mnt/workspace/CRMBuilds/TZ.BF.4.0.3.c1-00005-M8996AAAAANAZT-1_20170110_230814/b/HK11/trustzone_images/core/securemsm/trustzone/qsapps/teetest/teetest/build/teetest/A53/IADAANAA/teetest_cache.o
 .text          0x00000000        0x0 /local/mnt/workspace/CRMBuilds/TZ.BF.4.0.3.c1-00005-M8996AAAAANAZT-1_20170110_230814/b/HK11/trustzone_images/core/securemsm/trustzone/qsapps/teetest/teetest/build/teetest/A53/IADAANAA/teetest_entry.o
 .data          0x00000000        0x0 /local/mnt/workspace/CRMBuilds/TZ.BF.4.0.3.c1-00005-M8996AAAAANAZT-1_20170110_230814/b/HK11/trustzone_images/core/securemsm/trustzone/qsapps/teetest/teetest/build/teetest/A53/IADAANAA/teetest_entry.o
 .bss           0x00000000        0x0 /local/mnt/workspace/CRMBuilds/TZ.BF.4.0.3.c1-00005-M8996AAAAANAZT-1_20170110_230814/b/HK11/trustzone_images/core/securemsm/trustzone/qsapps/teetest/teetest/build/teetest/A53/IADAANAA/teetest_entry.o
 .data          0x00000000        0x0 /local/mnt/workspace/CRMBuilds/TZ.BF.4.0.3.c1-00005-M8996AAAAANAZT-1_20170110_230814/b/HK11/trustzone_images/core/securemsm/trustzone/qsapps/teetest/teetest/build/teetest/A53/IADAANAA/teetest_mmu.o
 .bss           0x00000000        0x0 /local/mnt/workspace/CRMBuilds/TZ.BF.4.0.3.c1-00005-M8996AAAAANAZT-1_20170110_230814/b/HK11/trustzone_images/core/securemsm/trustzone/qsapps/teetest/teetest/build/teetest/A53/IADAANAA/teetest_mmu.o
 .data          0x00000000        0x0 /local/mnt/workspace/CRMBuilds/TZ.BF.4.0.3.c1-00005-M8996AAAAANAZT-1_20170110_230814/b/HK11/trustzone_images/core/securemsm/trustzone/qsapps/teetest/teetest/build/teetest/A53/IADAANAA/teetest_mmu_func.o
 .ARM.exidx     0x00000000       0x58 /local/mnt/workspace/CRMBuilds/TZ.BF.4.0.3.c1-00005-M8996AAAAANAZT-1_20170110_230814/b/HK11/trustzone_images/core/securemsm/trustzone/qsapps/teetest/teetest/build/teetest/A53/IADAANAA/teetest_mmu_func.o
 .text          0x00000000        0x0 /local/mnt/workspace/CRMBuilds/TZ.BF.4.0.3.c1-00005-M8996AAAAANAZT-1_20170110_230814/b/HK11/trustzone_images/core/securemsm/trustzone/qsapps/teetest/teetest/build/teetest/A53/IADAANAA/teetest_smc.o
 .data          0x00000000        0x0 /local/mnt/workspace/CRMBuilds/TZ.BF.4.0.3.c1-00005-M8996AAAAANAZT-1_20170110_230814/b/HK11/trustzone_images/core/securemsm/trustzone/qsapps/teetest/teetest/build/teetest/A53/IADAANAA/teetest_smc.o
 .bss           0x00000000        0x0 /local/mnt/workspace/CRMBuilds/TZ.BF.4.0.3.c1-00005-M8996AAAAANAZT-1_20170110_230814/b/HK11/trustzone_images/core/securemsm/trustzone/qsapps/teetest/teetest/build/teetest/A53/IADAANAA/teetest_smc.o
 .ARM.exidx     0x00000000      0x130 /local/mnt/workspace/CRMBuilds/TZ.BF.4.0.3.c1-00005-M8996AAAAANAZT-1_20170110_230814/b/HK11/trustzone_images/core/securemsm/trustzone/qsapps/teetest/teetest/build/teetest/A53/IADAANAA/teetest.o
 .data          0x00000000        0x0 /local/mnt/workspace/CRMBuilds/TZ.BF.4.0.3.c1-00005-M8996AAAAANAZT-1_20170110_230814/b/HK11/trustzone_images/core/securemsm/trustzone/qsapps/teetest/teetest/build/teetest/A53/IADAANAA/teetest_secdisp.o
 .bss           0x00000000        0x0 /local/mnt/workspace/CRMBuilds/TZ.BF.4.0.3.c1-00005-M8996AAAAANAZT-1_20170110_230814/b/HK11/trustzone_images/core/securemsm/trustzone/qsapps/teetest/teetest/build/teetest/A53/IADAANAA/teetest_secdisp.o
 .ARM.exidx     0x00000000       0x50 /local/mnt/workspace/CRMBuilds/TZ.BF.4.0.3.c1-00005-M8996AAAAANAZT-1_20170110_230814/b/HK11/trustzone_images/core/securemsm/trustzone/qsapps/teetest/teetest/build/teetest/A53/IADAANAA/teetest_secdisp.o
 .data          0x00000000        0x0 /local/mnt/workspace/CRMBuilds/TZ.BF.4.0.3.c1-00005-M8996AAAAANAZT-1_20170110_230814/b/HK11/trustzone_images/core/securemsm/trustzone/qsapps/teetest/teetest/build/teetest/A53/IADAANAA/teetest_hal_qgic.o
 .bss           0x00000000        0x0 /local/mnt/workspace/CRMBuilds/TZ.BF.4.0.3.c1-00005-M8996AAAAANAZT-1_20170110_230814/b/HK11/trustzone_images/core/securemsm/trustzone/qsapps/teetest/teetest/build/teetest/A53/IADAANAA/teetest_hal_qgic.o
 .ARM.exidx     0x00000000       0x70 /local/mnt/workspace/CRMBuilds/TZ.BF.4.0.3.c1-00005-M8996AAAAANAZT-1_20170110_230814/b/HK11/trustzone_images/core/securemsm/trustzone/qsapps/teetest/teetest/build/teetest/A53/IADAANAA/teetest_hal_qgic.o
 .ARM.exidx     0x00000000       0x88 /local/mnt/workspace/CRMBuilds/TZ.BF.4.0.3.c1-00005-M8996AAAAANAZT-1_20170110_230814/b/HK11/trustzone_images/core/securemsm/trustzone/qsapps/teetest/teetest/build/teetest/A53/IADAANAA/teetest_i2c.o
 .rodata        0x00000000        0xa /local/mnt/workspace/CRMBuilds/TZ.BF.4.0.3.c1-00005-M8996AAAAANAZT-1_20170110_230814/b/HK11/trustzone_images/core/securemsm/trustzone/qsapps/teetest/teetest/build/teetest/A53/IADAANAA/teetest_i2c.o
 .bss           0x00000000        0x0 /local/mnt/workspace/CRMBuilds/TZ.BF.4.0.3.c1-00005-M8996AAAAANAZT-1_20170110_230814/b/HK11/trustzone_images/core/securemsm/trustzone/qsapps/teetest/teetest/build/teetest/A53/IADAANAA/teetest_crypto.o
 .ARM.exidx     0x00000000       0x88 /local/mnt/workspace/CRMBuilds/TZ.BF.4.0.3.c1-00005-M8996AAAAANAZT-1_20170110_230814/b/HK11/trustzone_images/core/securemsm/trustzone/qsapps/teetest/teetest/build/teetest/A53/IADAANAA/teetest_crypto.o
 .data          0x00000000        0x0 /local/mnt/workspace/CRMBuilds/TZ.BF.4.0.3.c1-00005-M8996AAAAANAZT-1_20170110_230814/b/HK11/trustzone_images/core/securemsm/trustzone/qsapps/teetest/teetest/build/teetest/A53/IADAANAA/CEnv.o
 .ARM.exidx     0x00000000       0x28 /local/mnt/workspace/CRMBuilds/TZ.BF.4.0.3.c1-00005-M8996AAAAANAZT-1_20170110_230814/b/HK11/trustzone_images/core/securemsm/trustzone/qsapps/teetest/teetest/build/teetest/A53/IADAANAA/CEnv.o
 .ARM.exidx     0x00000000       0x58 /local/mnt/workspace/CRMBuilds/TZ.BF.4.0.3.c1-00005-M8996AAAAANAZT-1_20170110_230814/b/HK11/trustzone_images/core/securemsm/trustzone/qsapps/teetest/teetest/build/teetest/A53/IADAANAA/CGuestVM.o
 .data          0x00000000        0x0 /afs/localcell/cm/gv2.6/sysname/pkg.@sys/qct/software/llvm/release/arm/3.5.2.4/tools/lib32/lib/libc.a(memcmp.o)
 .bss           0x00000000        0x0 /afs/localcell/cm/gv2.6/sysname/pkg.@sys/qct/software/llvm/release/arm/3.5.2.4/tools/lib32/lib/libc.a(memcmp.o)
 .ARM.exidx     0x00000000        0x8 /afs/localcell/cm/gv2.6/sysname/pkg.@sys/qct/software/llvm/release/arm/3.5.2.4/tools/lib32/lib/libc.a(memcmp.o)
 .note.GNU-stack
                0x00000000        0x0 /afs/localcell/cm/gv2.6/sysname/pkg.@sys/qct/software/llvm/release/arm/3.5.2.4/tools/lib32/lib/libc.a(memcmp.o)
 .data          0x00000000        0x0 /afs/localcell/cm/gv2.6/sysname/pkg.@sys/qct/software/llvm/release/arm/3.5.2.4/tools/lib32/lib/libc.a(strlen.o)
 .bss           0x00000000        0x0 /afs/localcell/cm/gv2.6/sysname/pkg.@sys/qct/software/llvm/release/arm/3.5.2.4/tools/lib32/lib/libc.a(strlen.o)
 .ARM.exidx     0x00000000        0x8 /afs/localcell/cm/gv2.6/sysname/pkg.@sys/qct/software/llvm/release/arm/3.5.2.4/tools/lib32/lib/libc.a(strlen.o)
 .note.GNU-stack
                0x00000000        0x0 /afs/localcell/cm/gv2.6/sysname/pkg.@sys/qct/software/llvm/release/arm/3.5.2.4/tools/lib32/lib/libc.a(strlen.o)
 .data          0x00000000        0x0 /afs/localcell/cm/gv2.6/sysname/pkg.@sys/qct/software/llvm/release/arm/3.5.2.4/lib/clang/3.5.2/lib/linux/libclang_rt.builtins-arm.a(aeabi_memcpy.S.o)
 .bss           0x00000000        0x0 /afs/localcell/cm/gv2.6/sysname/pkg.@sys/qct/software/llvm/release/arm/3.5.2.4/lib/clang/3.5.2/lib/linux/libclang_rt.builtins-arm.a(aeabi_memcpy.S.o)
 .data          0x00000000        0x0 /afs/localcell/cm/gv2.6/sysname/pkg.@sys/qct/software/llvm/release/arm/3.5.2.4/tools/lib32/lib/libc.a(memcpy.o)
 .bss           0x00000000        0x0 /afs/localcell/cm/gv2.6/sysname/pkg.@sys/qct/software/llvm/release/arm/3.5.2.4/tools/lib32/lib/libc.a(memcpy.o)
 .note.GNU-stack
                0x00000000        0x0 /afs/localcell/cm/gv2.6/sysname/pkg.@sys/qct/software/llvm/release/arm/3.5.2.4/tools/lib32/lib/libc.a(memcpy.o)

Memory Configuration

Name             Origin             Length             Attributes
*default*        0x00000000         0xffffffff

Linker script and memory map


.text           0x00000000     0x6036
 *\teetest_entry.o(SORT(TZTEETESTAPPENTRYCODE))
 TZTEETESTAPPENTRYCODE
                0x00000000      0x10c /local/mnt/workspace/CRMBuilds/TZ.BF.4.0.3.c1-00005-M8996AAAAANAZT-1_20170110_230814/b/HK11/trustzone_images/core/securemsm/trustzone/qsapps/teetest/teetest/build/teetest/A53/IADAANAA/teetest_entry.o
                0x00000000                __main
                0x00000000                _main
                0x00000060                tee_test_vector_table
                0x00000080                tee_test_unhandled_exception
                0x000000c4                tee_int_enable
                0x000000d8                tee_int_disable
                0x000000ec                tee_int_restore
 *\teetest_smc.o(SORT(TEE_SMC))
 *fill*         0x0000010c       0x14 
 TEE_SMC        0x00000120       0x48 /local/mnt/workspace/CRMBuilds/TZ.BF.4.0.3.c1-00005-M8996AAAAANAZT-1_20170110_230814/b/HK11/trustzone_images/core/securemsm/trustzone/qsapps/teetest/teetest/build/teetest/A53/IADAANAA/teetest_smc.o
                0x00000120                tee_ipc_outbound_asm
                0x00000120                tee_ipc_return_from_inbound_asm
 *(SORT(.text) SORT(.text.*))
 .text          0x00000168      0x110 /local/mnt/workspace/CRMBuilds/TZ.BF.4.0.3.c1-00005-M8996AAAAANAZT-1_20170110_230814/b/HK11/trustzone_images/core/securemsm/trustzone/qsapps/teetest/teetest/build/teetest/A53/IADAANAA/teetest_cache.o
                0x00000168                clean_and_inval_dcache_region
                0x000001a8                dcache_iterate_set_way_loc
                0x000001c0                dcache_flush_line
                0x000001c8                dcache_iterate_set_way
                0x0000024c                dcache_flush_all
                0x0000025c                cache_flush
 .text          0x00000278       0xdc /local/mnt/workspace/CRMBuilds/TZ.BF.4.0.3.c1-00005-M8996AAAAANAZT-1_20170110_230814/b/HK11/trustzone_images/core/securemsm/trustzone/qsapps/teetest/teetest/build/teetest/A53/IADAANAA/teetest_mmu.o
                0x00000310                enable_el1_mmu
 .text          0x00000354      0x4c0 /local/mnt/workspace/CRMBuilds/TZ.BF.4.0.3.c1-00005-M8996AAAAANAZT-1_20170110_230814/b/HK11/trustzone_images/core/securemsm/trustzone/qsapps/teetest/teetest/build/teetest/A53/IADAANAA/teetest_mmu_func.o
                0x00000354                tee_mmu_map
                0x000006c4                tee_mmu_init
 .text          0x00000814     0x1d10 /local/mnt/workspace/CRMBuilds/TZ.BF.4.0.3.c1-00005-M8996AAAAANAZT-1_20170110_230814/b/HK11/trustzone_images/core/securemsm/trustzone/qsapps/teetest/teetest/build/teetest/A53/IADAANAA/teetest.o
                0x00000814                get_svc_stack
                0x00000824                get_und_stack
                0x00000834                get_abt_stack
                0x00000844                get_fiq_stack
                0x00000854                get_irq_stack
                0x00000864                memscpy
                0x000008b0                tee_test_c_entry
                0x00000a64                tee_ipc_outbound
                0x00000e84                tee_ipc_inbound
                0x00000f40                tee_panic
 .text          0x00002524      0x8b8 /local/mnt/workspace/CRMBuilds/TZ.BF.4.0.3.c1-00005-M8996AAAAANAZT-1_20170110_230814/b/HK11/trustzone_images/core/securemsm/trustzone/qsapps/teetest/teetest/build/teetest/A53/IADAANAA/teetest_secdisp.o
                0x00002524                tee_test_secdisp_cmd_hdl
 .text          0x00002ddc      0x512 /local/mnt/workspace/CRMBuilds/TZ.BF.4.0.3.c1-00005-M8996AAAAANAZT-1_20170110_230814/b/HK11/trustzone_images/core/securemsm/trustzone/qsapps/teetest/teetest/build/teetest/A53/IADAANAA/teetest_hal_qgic.o
                0x00002ddc                HAL_qgic_Init
                0x00002e44                HAL_qgic_SetSecurity
                0x00002ea8                HAL_qgic_GetSecurity
                0x00002f00                HAL_qgic_Enable
                0x00002f3c                HAL_qgic_Disable
                0x00002f78                HAL_qgic_IsPending
                0x00002fcc                HAL_qgic_IsActive
                0x00003020                HAL_qgic_SetPriority
                0x00003060                HAL_qgic_GetPriority
                0x000030ac                HAL_qgic_SetTargets
                0x000030ec                HAL_qgic_GetTargets
                0x00003148                HAL_qgic_IsEnabled
                0x0000319c                HAL_qgic_SetTrigger
                0x00003240                HAL_qgic_Generate
 *fill*         0x000032ee        0x2 
 .text          0x000032f0      0xb88 /local/mnt/workspace/CRMBuilds/TZ.BF.4.0.3.c1-00005-M8996AAAAANAZT-1_20170110_230814/b/HK11/trustzone_images/core/securemsm/trustzone/qsapps/teetest/teetest/build/teetest/A53/IADAANAA/teetest_i2c.o
                0x000032f0                tee_i2c_open
                0x000035e8                tee_i2c_close
                0x0000372c                tee_i2c_read
                0x000038d0                tee_i2c_write
                0x00003a78                tee_i2c_pause
                0x00003a84                tee_test_i2c_init
                0x00003bf0                tee_test_i2c_cleanup
                0x00003cdc                tee_test_i2c
 .text          0x00003e78     0x1328 /local/mnt/workspace/CRMBuilds/TZ.BF.4.0.3.c1-00005-M8996AAAAANAZT-1_20170110_230814/b/HK11/trustzone_images/core/securemsm/trustzone/qsapps/teetest/teetest/build/teetest/A53/IADAANAA/teetest_crypto.o
                0x00003e78                tee_test_crypto
 .text          0x000051a0      0x1c4 /local/mnt/workspace/CRMBuilds/TZ.BF.4.0.3.c1-00005-M8996AAAAANAZT-1_20170110_230814/b/HK11/trustzone_images/core/securemsm/trustzone/qsapps/teetest/teetest/build/teetest/A53/IADAANAA/CEnv.o
                0x000051a0                CEnv_create
 .text          0x00005364      0x938 /local/mnt/workspace/CRMBuilds/TZ.BF.4.0.3.c1-00005-M8996AAAAANAZT-1_20170110_230814/b/HK11/trustzone_images/core/securemsm/trustzone/qsapps/teetest/teetest/build/teetest/A53/IADAANAA/CGuestVM.o
                0x00005364                CGuestVM_create
 .text          0x00005c9c       0x22 /afs/localcell/cm/gv2.6/sysname/pkg.@sys/qct/software/llvm/release/arm/3.5.2.4/tools/lib32/lib/libc.a(memcmp.o)
                0x00005c9c                memcmp
 *fill*         0x00005cbe        0x2 
 .text          0x00005cc0       0x44 /afs/localcell/cm/gv2.6/sysname/pkg.@sys/qct/software/llvm/release/arm/3.5.2.4/tools/lib32/lib/libc.a(strlen.o)
                0x00005cc0                strlen
 .text          0x00005d04        0x4 /afs/localcell/cm/gv2.6/sysname/pkg.@sys/qct/software/llvm/release/arm/3.5.2.4/lib/clang/3.5.2/lib/linux/libclang_rt.builtins-arm.a(aeabi_memcpy.S.o)
                0x00005d04                __aeabi_memcpy
                0x00005d04                __aeabi_memcpy4
                0x00005d04                __aeabi_memcpy8
 .text          0x00005d08      0x30c /afs/localcell/cm/gv2.6/sysname/pkg.@sys/qct/software/llvm/release/arm/3.5.2.4/tools/lib32/lib/libc.a(memcpy.o)
                0x00005d08                memcpy
 *(SORT(.rodata))
 .rodata        0x00006014       0x10 /local/mnt/workspace/CRMBuilds/TZ.BF.4.0.3.c1-00005-M8996AAAAANAZT-1_20170110_230814/b/HK11/trustzone_images/core/securemsm/trustzone/qsapps/teetest/teetest/build/teetest/A53/IADAANAA/CGuestVM.o
 *(SORT(EXCLUDE_FILE(*metadata.o) .rodata.*))
 .rodata.str1.1
                0x00006024       0x12 /local/mnt/workspace/CRMBuilds/TZ.BF.4.0.3.c1-00005-M8996AAAAANAZT-1_20170110_230814/b/HK11/trustzone_images/core/securemsm/trustzone/qsapps/teetest/teetest/build/teetest/A53/IADAANAA/teetest.o
 *metadata.o(SORT(.rodata.str1.1))

.glue_7         0x00006038        0x0
 .glue_7        0x00000000        0x0 linker stubs

.glue_7t        0x00006038        0x0
 .glue_7t       0x00000000        0x0 linker stubs

.vfp11_veneer   0x00006038        0x0
 .vfp11_veneer  0x00000000        0x0 linker stubs

.v4_bx          0x00006038        0x0
 .v4_bx         0x00000000        0x0 linker stubs

.dynbss         0x00006036        0x0
 .dynbss        0x00000000        0x0 /local/mnt/workspace/CRMBuilds/TZ.BF.4.0.3.c1-00005-M8996AAAAANAZT-1_20170110_230814/b/HK11/trustzone_images/core/securemsm/trustzone/qsapps/teetest/teetest/build/teetest/A53/IADAANAA/teetest_cache.o

.plt            0x00006038        0x0
 .plt           0x00000000        0x0 /local/mnt/workspace/CRMBuilds/TZ.BF.4.0.3.c1-00005-M8996AAAAANAZT-1_20170110_230814/b/HK11/trustzone_images/core/securemsm/trustzone/qsapps/teetest/teetest/build/teetest/A53/IADAANAA/teetest_cache.o

.iplt           0x00006038        0x0
 .iplt          0x00000000        0x0 /local/mnt/workspace/CRMBuilds/TZ.BF.4.0.3.c1-00005-M8996AAAAANAZT-1_20170110_230814/b/HK11/trustzone_images/core/securemsm/trustzone/qsapps/teetest/teetest/build/teetest/A53/IADAANAA/teetest_cache.o

.sentinel       0x00006036        0x0
 *(SORT(.rodata.sentinel))
                0x00000000                ASSERT ((SIZEOF (.sentinel) != 0x0), No sentinel section defined.)

.metadata_check
                0x00006036        0x0
 *metadata.o(SORT(.rodata.*))
                0x00000001                ASSERT ((SIZEOF (.metadata_check) == 0x0), New metadata not accounted for here)

.data           0x00007000    0x20214
 *(SORT(.data) SORT(TZAPPENTRYSTACK) SORT(.bss) SORT(COMMON))
 .bss           0x00007000        0x4 /local/mnt/workspace/CRMBuilds/TZ.BF.4.0.3.c1-00005-M8996AAAAANAZT-1_20170110_230814/b/HK11/trustzone_images/core/securemsm/trustzone/qsapps/teetest/teetest/build/teetest/A53/IADAANAA/teetest_mmu_func.o
 .data          0x00007004       0x70 /local/mnt/workspace/CRMBuilds/TZ.BF.4.0.3.c1-00005-M8996AAAAANAZT-1_20170110_230814/b/HK11/trustzone_images/core/securemsm/trustzone/qsapps/teetest/teetest/build/teetest/A53/IADAANAA/teetest.o
                0x00007004                aes_key_1
                0x00007014                aes_plain_text_1
                0x00007024                aes_cipher_text_1
                0x00007034                aes_plain_text_2
                0x00007044                aes_key_2
                0x00007054                aes_iv_2
                0x00007064                aes_cipher_text_2
 .bss           0x00007074       0x60 /local/mnt/workspace/CRMBuilds/TZ.BF.4.0.3.c1-00005-M8996AAAAANAZT-1_20170110_230814/b/HK11/trustzone_images/core/securemsm/trustzone/qsapps/teetest/teetest/build/teetest/A53/IADAANAA/teetest.o
                0x00007074                tee_physical_load_address
                0x00007078                tee_length_in_kb
                0x0000707c                ipc_addr
                0x00007080                ipc_size
 COMMON         0x000070d4    0x20004 /local/mnt/workspace/CRMBuilds/TZ.BF.4.0.3.c1-00005-M8996AAAAANAZT-1_20170110_230814/b/HK11/trustzone_images/core/securemsm/trustzone/qsapps/teetest/teetest/build/teetest/A53/IADAANAA/teetest.o
                0x000070d4                l1_region
                0x000270d4                l1
 COMMON         0x000270d8       0x14 /local/mnt/workspace/CRMBuilds/TZ.BF.4.0.3.c1-00005-M8996AAAAANAZT-1_20170110_230814/b/HK11/trustzone_images/core/securemsm/trustzone/qsapps/teetest/teetest/build/teetest/A53/IADAANAA/teetest_hal_qgic.o
                0x000270d8                nHalGICHBaseAddress
                0x000270dc                nHalGICCBaseAddress
                0x000270e0                nHalGICVBaseAddress
                0x000270e4                nHalGICRBaseAddress
                0x000270e8                nHalGICDBaseAddress
 .data          0x000270ec       0x28 /local/mnt/workspace/CRMBuilds/TZ.BF.4.0.3.c1-00005-M8996AAAAANAZT-1_20170110_230814/b/HK11/trustzone_images/core/securemsm/trustzone/qsapps/teetest/teetest/build/teetest/A53/IADAANAA/teetest_i2c.o
 .bss           0x00027114        0x8 /local/mnt/workspace/CRMBuilds/TZ.BF.4.0.3.c1-00005-M8996AAAAANAZT-1_20170110_230814/b/HK11/trustzone_images/core/securemsm/trustzone/qsapps/teetest/teetest/build/teetest/A53/IADAANAA/teetest_i2c.o
 .data          0x0002711c       0xe1 /local/mnt/workspace/CRMBuilds/TZ.BF.4.0.3.c1-00005-M8996AAAAANAZT-1_20170110_230814/b/HK11/trustzone_images/core/securemsm/trustzone/qsapps/teetest/teetest/build/teetest/A53/IADAANAA/teetest_crypto.o
 *fill*         0x000271fd        0x3 
 .bss           0x00027200        0x4 /local/mnt/workspace/CRMBuilds/TZ.BF.4.0.3.c1-00005-M8996AAAAANAZT-1_20170110_230814/b/HK11/trustzone_images/core/securemsm/trustzone/qsapps/teetest/teetest/build/teetest/A53/IADAANAA/CEnv.o
 .data          0x00027204        0x4 /local/mnt/workspace/CRMBuilds/TZ.BF.4.0.3.c1-00005-M8996AAAAANAZT-1_20170110_230814/b/HK11/trustzone_images/core/securemsm/trustzone/qsapps/teetest/teetest/build/teetest/A53/IADAANAA/CGuestVM.o
 .bss           0x00027208        0xc /local/mnt/workspace/CRMBuilds/TZ.BF.4.0.3.c1-00005-M8996AAAAANAZT-1_20170110_230814/b/HK11/trustzone_images/core/securemsm/trustzone/qsapps/teetest/teetest/build/teetest/A53/IADAANAA/CGuestVM.o

RW_DATA         0x00027214        0x4
                0x00027214                PROVIDE (__start_RW_DATA, .)
 RW_DATA        0x00027214        0x4 /local/mnt/workspace/CRMBuilds/TZ.BF.4.0.3.c1-00005-M8996AAAAANAZT-1_20170110_230814/b/HK11/trustzone_images/core/securemsm/trustzone/qsapps/teetest/teetest/build/teetest/A53/IADAANAA/teetest_entry.o
                0x00027214                interrupt_exit
                0x00027218                PROVIDE (__stop_RW_DATA, .)

SVC_STACK       0x00028000     0x8000
                0x00028000                PROVIDE (__start_SVC_STACK, .)
 SVC_STACK      0x00028000     0x8000 /local/mnt/workspace/CRMBuilds/TZ.BF.4.0.3.c1-00005-M8996AAAAANAZT-1_20170110_230814/b/HK11/trustzone_images/core/securemsm/trustzone/qsapps/teetest/teetest/build/teetest/A53/IADAANAA/teetest.o
                0x00030000                PROVIDE (__stop_SVC_STACK, .)

UND_STACK       0x00030000     0x1000
                0x00030000                PROVIDE (__start_UND_STACK, .)
 UND_STACK      0x00030000     0x1000 /local/mnt/workspace/CRMBuilds/TZ.BF.4.0.3.c1-00005-M8996AAAAANAZT-1_20170110_230814/b/HK11/trustzone_images/core/securemsm/trustzone/qsapps/teetest/teetest/build/teetest/A53/IADAANAA/teetest.o
                0x00031000                PROVIDE (__stop_UND_STACK, .)

ABT_STACK       0x00031000     0x1000
                0x00031000                PROVIDE (__start_ABT_STACK, .)
 ABT_STACK      0x00031000     0x1000 /local/mnt/workspace/CRMBuilds/TZ.BF.4.0.3.c1-00005-M8996AAAAANAZT-1_20170110_230814/b/HK11/trustzone_images/core/securemsm/trustzone/qsapps/teetest/teetest/build/teetest/A53/IADAANAA/teetest.o
                0x00032000                PROVIDE (__stop_ABT_STACK, .)

FIQ_STACK       0x00032000     0x1000
                0x00032000                PROVIDE (__start_FIQ_STACK, .)
 FIQ_STACK      0x00032000     0x1000 /local/mnt/workspace/CRMBuilds/TZ.BF.4.0.3.c1-00005-M8996AAAAANAZT-1_20170110_230814/b/HK11/trustzone_images/core/securemsm/trustzone/qsapps/teetest/teetest/build/teetest/A53/IADAANAA/teetest.o
                0x00033000                PROVIDE (__stop_FIQ_STACK, .)

IRQ_STACK       0x00033000     0x1000
                0x00033000                PROVIDE (__start_IRQ_STACK, .)
 IRQ_STACK      0x00033000     0x1000 /local/mnt/workspace/CRMBuilds/TZ.BF.4.0.3.c1-00005-M8996AAAAANAZT-1_20170110_230814/b/HK11/trustzone_images/core/securemsm/trustzone/qsapps/teetest/teetest/build/teetest/A53/IADAANAA/teetest.o
                0x00034000                PROVIDE (__stop_IRQ_STACK, .)

L2_TT_MEM       0x00034000     0x2800
                0x00034000                PROVIDE (__start_L2_TT_MEM, .)
 L2_TT_MEM      0x00034000     0x2800 /local/mnt/workspace/CRMBuilds/TZ.BF.4.0.3.c1-00005-M8996AAAAANAZT-1_20170110_230814/b/HK11/trustzone_images/core/securemsm/trustzone/qsapps/teetest/teetest/build/teetest/A53/IADAANAA/teetest.o
                0x00034000                l2
                0x00036800                PROVIDE (__stop_L2_TT_MEM, .)

.rel.text
 *(SORT(.rel.text))

.rel.rodata
 *(SORT(.rel.rodata))

.data.rel.ro.local
 *(SORT(.data.rel.ro.local))

.data.rel.ro
 *(SORT(.data.rel.ro))

.rel.data
 *(SORT(.rel.data))

.rel.plt        0x00036800        0x0
 *(SORT(.rel.plt))
 .rel.plt       0x00000000        0x0 /local/mnt/workspace/CRMBuilds/TZ.BF.4.0.3.c1-00005-M8996AAAAANAZT-1_20170110_230814/b/HK11/trustzone_images/core/securemsm/trustzone/qsapps/teetest/teetest/build/teetest/A53/IADAANAA/teetest_cache.o

.gnu.version_d  0x00036800        0x0
 .gnu.version_d
                0x00000000        0x0 /local/mnt/workspace/CRMBuilds/TZ.BF.4.0.3.c1-00005-M8996AAAAANAZT-1_20170110_230814/b/HK11/trustzone_images/core/securemsm/trustzone/qsapps/teetest/teetest/build/teetest/A53/IADAANAA/teetest_cache.o

.gnu.version    0x00036800        0x0
 .gnu.version   0x00000000        0x0 /local/mnt/workspace/CRMBuilds/TZ.BF.4.0.3.c1-00005-M8996AAAAANAZT-1_20170110_230814/b/HK11/trustzone_images/core/securemsm/trustzone/qsapps/teetest/teetest/build/teetest/A53/IADAANAA/teetest_cache.o

.gnu.version_r  0x00036800        0x0
 .gnu.version_r
                0x00000000        0x0 /local/mnt/workspace/CRMBuilds/TZ.BF.4.0.3.c1-00005-M8996AAAAANAZT-1_20170110_230814/b/HK11/trustzone_images/core/securemsm/trustzone/qsapps/teetest/teetest/build/teetest/A53/IADAANAA/teetest_cache.o

.data.rel       0x00036800       0x44
 *(SORT(.data.rel))
 .data.rel      0x00036800       0x44 /local/mnt/workspace/CRMBuilds/TZ.BF.4.0.3.c1-00005-M8996AAAAANAZT-1_20170110_230814/b/HK11/trustzone_images/core/securemsm/trustzone/qsapps/teetest/teetest/build/teetest/A53/IADAANAA/teetest.o
                0x00036800                aes_test_vectors

.data.rel.local
                0x00036844        0xc
 *(SORT(.data.rel.local))
 .data.rel.local
                0x00036844        0xc /local/mnt/workspace/CRMBuilds/TZ.BF.4.0.3.c1-00005-M8996AAAAANAZT-1_20170110_230814/b/HK11/trustzone_images/core/securemsm/trustzone/qsapps/teetest/teetest/build/teetest/A53/IADAANAA/teetest.o

TZ_TEE_TEST_APP_HEAP
                0x00037000    0x18000
                0x00037000                Image$$TZ_TEE_TEST_APP_HEAP$$ZI$$Base = .
                0x0004f000                . = (. + 0x18000)
 *fill*         0x00037000    0x18000 
                0x0004f000                Image$$TZ_TEE_TEST_APP_HEAP$$ZI$$Limit = .

.got            0x0004f000       0x48
 *(SORT(.got.plt))
 .got.plt       0x0004f000        0xc /local/mnt/workspace/CRMBuilds/TZ.BF.4.0.3.c1-00005-M8996AAAAANAZT-1_20170110_230814/b/HK11/trustzone_images/core/securemsm/trustzone/qsapps/teetest/teetest/build/teetest/A53/IADAANAA/teetest_cache.o
                0x0004f000                _GLOBAL_OFFSET_TABLE_
 *(SORT(.igot.plt))
 .igot.plt      0x00000000        0x0 /local/mnt/workspace/CRMBuilds/TZ.BF.4.0.3.c1-00005-M8996AAAAANAZT-1_20170110_230814/b/HK11/trustzone_images/core/securemsm/trustzone/qsapps/teetest/teetest/build/teetest/A53/IADAANAA/teetest_cache.o
 *(SORT(.got))
 .got           0x0004f00c       0x3c /local/mnt/workspace/CRMBuilds/TZ.BF.4.0.3.c1-00005-M8996AAAAANAZT-1_20170110_230814/b/HK11/trustzone_images/core/securemsm/trustzone/qsapps/teetest/teetest/build/teetest/A53/IADAANAA/teetest_cache.o
 *(SORT(.igot))

.dynamic        0x00050000       0x58
 *(SORT(.dynamic))
 .dynamic       0x00050000       0x58 /local/mnt/workspace/CRMBuilds/TZ.BF.4.0.3.c1-00005-M8996AAAAANAZT-1_20170110_230814/b/HK11/trustzone_images/core/securemsm/trustzone/qsapps/teetest/teetest/build/teetest/A53/IADAANAA/teetest_cache.o
                0x00050000                _DYNAMIC

.rel.dyn        0x00051000       0xd0
 *(SORT(.rel.dyn))
 .rel.got       0x00051000       0x78 /local/mnt/workspace/CRMBuilds/TZ.BF.4.0.3.c1-00005-M8996AAAAANAZT-1_20170110_230814/b/HK11/trustzone_images/core/securemsm/trustzone/qsapps/teetest/teetest/build/teetest/A53/IADAANAA/teetest_cache.o
 .rel.iplt      0x00000000        0x0 /local/mnt/workspace/CRMBuilds/TZ.BF.4.0.3.c1-00005-M8996AAAAANAZT-1_20170110_230814/b/HK11/trustzone_images/core/securemsm/trustzone/qsapps/teetest/teetest/build/teetest/A53/IADAANAA/teetest_cache.o
 .relTZTEETESTAPPENTRYCODE
                0x00051078       0x10 /local/mnt/workspace/CRMBuilds/TZ.BF.4.0.3.c1-00005-M8996AAAAANAZT-1_20170110_230814/b/HK11/trustzone_images/core/securemsm/trustzone/qsapps/teetest/teetest/build/teetest/A53/IADAANAA/teetest_cache.o
 .rel.data.rel  0x00051088       0x38 /local/mnt/workspace/CRMBuilds/TZ.BF.4.0.3.c1-00005-M8996AAAAANAZT-1_20170110_230814/b/HK11/trustzone_images/core/securemsm/trustzone/qsapps/teetest/teetest/build/teetest/A53/IADAANAA/teetest_cache.o
 .rel.data.rel.local
                0x000510c0       0x10 /local/mnt/workspace/CRMBuilds/TZ.BF.4.0.3.c1-00005-M8996AAAAANAZT-1_20170110_230814/b/HK11/trustzone_images/core/securemsm/trustzone/qsapps/teetest/teetest/build/teetest/A53/IADAANAA/teetest_cache.o

.gnu.attributes
 *(SORT(.gnu.attributes))

.note.gnu.arm.ident
 *(SORT(.note.gnu.arm.ident))

/DISCARD/
 *(SORT(.hash))
 *(SORT(.dynsym))
 *(SORT(.dynstr))
 *(SORT(.ARM.exidx*))
 *(SORT(.note.GNU-stack))
 *(SORT(.gnu_debuglink))
 *(SORT(.gnu.lto_*))
 *(SORT(.init))
 *(SORT(.fini))
START GROUP
LOAD /local/mnt/workspace/CRMBuilds/TZ.BF.4.0.3.c1-00005-M8996AAAAANAZT-1_20170110_230814/b/HK11/trustzone_images/core/securemsm/trustzone/qsapps/teetest/teetest/build/teetest/A53/IADAANAA/teetest_cache.o
LOAD /local/mnt/workspace/CRMBuilds/TZ.BF.4.0.3.c1-00005-M8996AAAAANAZT-1_20170110_230814/b/HK11/trustzone_images/core/securemsm/trustzone/qsapps/teetest/teetest/build/teetest/A53/IADAANAA/teetest_entry.o
LOAD /local/mnt/workspace/CRMBuilds/TZ.BF.4.0.3.c1-00005-M8996AAAAANAZT-1_20170110_230814/b/HK11/trustzone_images/core/securemsm/trustzone/qsapps/teetest/teetest/build/teetest/A53/IADAANAA/teetest_mmu.o
LOAD /local/mnt/workspace/CRMBuilds/TZ.BF.4.0.3.c1-00005-M8996AAAAANAZT-1_20170110_230814/b/HK11/trustzone_images/core/securemsm/trustzone/qsapps/teetest/teetest/build/teetest/A53/IADAANAA/teetest_mmu_func.o
LOAD /local/mnt/workspace/CRMBuilds/TZ.BF.4.0.3.c1-00005-M8996AAAAANAZT-1_20170110_230814/b/HK11/trustzone_images/core/securemsm/trustzone/qsapps/teetest/teetest/build/teetest/A53/IADAANAA/teetest_smc.o
LOAD /local/mnt/workspace/CRMBuilds/TZ.BF.4.0.3.c1-00005-M8996AAAAANAZT-1_20170110_230814/b/HK11/trustzone_images/core/securemsm/trustzone/qsapps/teetest/teetest/build/teetest/A53/IADAANAA/teetest.o
LOAD /local/mnt/workspace/CRMBuilds/TZ.BF.4.0.3.c1-00005-M8996AAAAANAZT-1_20170110_230814/b/HK11/trustzone_images/core/securemsm/trustzone/qsapps/teetest/teetest/build/teetest/A53/IADAANAA/teetest_secdisp.o
LOAD /local/mnt/workspace/CRMBuilds/TZ.BF.4.0.3.c1-00005-M8996AAAAANAZT-1_20170110_230814/b/HK11/trustzone_images/core/securemsm/trustzone/qsapps/teetest/teetest/build/teetest/A53/IADAANAA/teetest_hal_qgic.o
LOAD /local/mnt/workspace/CRMBuilds/TZ.BF.4.0.3.c1-00005-M8996AAAAANAZT-1_20170110_230814/b/HK11/trustzone_images/core/securemsm/trustzone/qsapps/teetest/teetest/build/teetest/A53/IADAANAA/teetest_i2c.o
LOAD /local/mnt/workspace/CRMBuilds/TZ.BF.4.0.3.c1-00005-M8996AAAAANAZT-1_20170110_230814/b/HK11/trustzone_images/core/securemsm/trustzone/qsapps/teetest/teetest/build/teetest/A53/IADAANAA/teetest_crypto.o
LOAD /local/mnt/workspace/CRMBuilds/TZ.BF.4.0.3.c1-00005-M8996AAAAANAZT-1_20170110_230814/b/HK11/trustzone_images/core/securemsm/trustzone/qsapps/teetest/teetest/build/teetest/A53/IADAANAA/CEnv.o
LOAD /local/mnt/workspace/CRMBuilds/TZ.BF.4.0.3.c1-00005-M8996AAAAANAZT-1_20170110_230814/b/HK11/trustzone_images/core/securemsm/trustzone/qsapps/teetest/teetest/build/teetest/A53/IADAANAA/CGuestVM.o
LOAD /afs/localcell/cm/gv2.6/sysname/pkg.@sys/qct/software/llvm/release/arm/3.5.2.4/tools/lib32/lib/libc.a
LOAD /afs/localcell/cm/gv2.6/sysname/pkg.@sys/qct/software/llvm/release/arm/3.5.2.4/lib/clang/3.5.2/lib/linux/libclang_rt.builtins-arm.a
END GROUP
OUTPUT(/local/mnt/workspace/CRMBuilds/TZ.BF.4.0.3.c1-00005-M8996AAAAANAZT-1_20170110_230814/b/HK11/trustzone_images/core/bsp/trustzone/qsapps/teetest/build/IADAANAA/teetest.elf elf32-littlearm)

.ARM.attributes
                0x00000000       0x3b
 .ARM.attributes
                0x00000000       0x37 /local/mnt/workspace/CRMBuilds/TZ.BF.4.0.3.c1-00005-M8996AAAAANAZT-1_20170110_230814/b/HK11/trustzone_images/core/securemsm/trustzone/qsapps/teetest/teetest/build/teetest/A53/IADAANAA/teetest_mmu_func.o
 .ARM.attributes
                0x00000037       0x37 /local/mnt/workspace/CRMBuilds/TZ.BF.4.0.3.c1-00005-M8996AAAAANAZT-1_20170110_230814/b/HK11/trustzone_images/core/securemsm/trustzone/qsapps/teetest/teetest/build/teetest/A53/IADAANAA/teetest.o
 .ARM.attributes
                0x0000006e       0x37 /local/mnt/workspace/CRMBuilds/TZ.BF.4.0.3.c1-00005-M8996AAAAANAZT-1_20170110_230814/b/HK11/trustzone_images/core/securemsm/trustzone/qsapps/teetest/teetest/build/teetest/A53/IADAANAA/teetest_secdisp.o
 .ARM.attributes
                0x000000a5       0x37 /local/mnt/workspace/CRMBuilds/TZ.BF.4.0.3.c1-00005-M8996AAAAANAZT-1_20170110_230814/b/HK11/trustzone_images/core/securemsm/trustzone/qsapps/teetest/teetest/build/teetest/A53/IADAANAA/teetest_hal_qgic.o
 .ARM.attributes
                0x000000dc       0x37 /local/mnt/workspace/CRMBuilds/TZ.BF.4.0.3.c1-00005-M8996AAAAANAZT-1_20170110_230814/b/HK11/trustzone_images/core/securemsm/trustzone/qsapps/teetest/teetest/build/teetest/A53/IADAANAA/teetest_i2c.o
 .ARM.attributes
                0x00000113       0x37 /local/mnt/workspace/CRMBuilds/TZ.BF.4.0.3.c1-00005-M8996AAAAANAZT-1_20170110_230814/b/HK11/trustzone_images/core/securemsm/trustzone/qsapps/teetest/teetest/build/teetest/A53/IADAANAA/teetest_crypto.o
 .ARM.attributes
                0x0000014a       0x37 /local/mnt/workspace/CRMBuilds/TZ.BF.4.0.3.c1-00005-M8996AAAAANAZT-1_20170110_230814/b/HK11/trustzone_images/core/securemsm/trustzone/qsapps/teetest/teetest/build/teetest/A53/IADAANAA/CEnv.o
 .ARM.attributes
                0x00000181       0x37 /local/mnt/workspace/CRMBuilds/TZ.BF.4.0.3.c1-00005-M8996AAAAANAZT-1_20170110_230814/b/HK11/trustzone_images/core/securemsm/trustzone/qsapps/teetest/teetest/build/teetest/A53/IADAANAA/CGuestVM.o
 .ARM.attributes
                0x000001b8       0x39 /afs/localcell/cm/gv2.6/sysname/pkg.@sys/qct/software/llvm/release/arm/3.5.2.4/tools/lib32/lib/libc.a(memcmp.o)
 .ARM.attributes
                0x000001f1       0x39 /afs/localcell/cm/gv2.6/sysname/pkg.@sys/qct/software/llvm/release/arm/3.5.2.4/tools/lib32/lib/libc.a(strlen.o)
 .ARM.attributes
                0x0000022a       0x2b /afs/localcell/cm/gv2.6/sysname/pkg.@sys/qct/software/llvm/release/arm/3.5.2.4/lib/clang/3.5.2/lib/linux/libclang_rt.builtins-arm.a(aeabi_memcpy.S.o)
 .ARM.attributes
                0x00000255       0x1f /afs/localcell/cm/gv2.6/sysname/pkg.@sys/qct/software/llvm/release/arm/3.5.2.4/tools/lib32/lib/libc.a(memcpy.o)

.comment        0x00000000       0x44
 .comment       0x00000000       0x23 /local/mnt/workspace/CRMBuilds/TZ.BF.4.0.3.c1-00005-M8996AAAAANAZT-1_20170110_230814/b/HK11/trustzone_images/core/securemsm/trustzone/qsapps/teetest/teetest/build/teetest/A53/IADAANAA/teetest_mmu_func.o
                                 0x24 (size before relaxing)
 .comment       0x00000000       0x24 /local/mnt/workspace/CRMBuilds/TZ.BF.4.0.3.c1-00005-M8996AAAAANAZT-1_20170110_230814/b/HK11/trustzone_images/core/securemsm/trustzone/qsapps/teetest/teetest/build/teetest/A53/IADAANAA/teetest.o
 .comment       0x00000000       0x24 /local/mnt/workspace/CRMBuilds/TZ.BF.4.0.3.c1-00005-M8996AAAAANAZT-1_20170110_230814/b/HK11/trustzone_images/core/securemsm/trustzone/qsapps/teetest/teetest/build/teetest/A53/IADAANAA/teetest_secdisp.o
 .comment       0x00000000       0x24 /local/mnt/workspace/CRMBuilds/TZ.BF.4.0.3.c1-00005-M8996AAAAANAZT-1_20170110_230814/b/HK11/trustzone_images/core/securemsm/trustzone/qsapps/teetest/teetest/build/teetest/A53/IADAANAA/teetest_hal_qgic.o
 .comment       0x00000000       0x24 /local/mnt/workspace/CRMBuilds/TZ.BF.4.0.3.c1-00005-M8996AAAAANAZT-1_20170110_230814/b/HK11/trustzone_images/core/securemsm/trustzone/qsapps/teetest/teetest/build/teetest/A53/IADAANAA/teetest_i2c.o
 .comment       0x00000000       0x24 /local/mnt/workspace/CRMBuilds/TZ.BF.4.0.3.c1-00005-M8996AAAAANAZT-1_20170110_230814/b/HK11/trustzone_images/core/securemsm/trustzone/qsapps/teetest/teetest/build/teetest/A53/IADAANAA/teetest_crypto.o
 .comment       0x00000000       0x24 /local/mnt/workspace/CRMBuilds/TZ.BF.4.0.3.c1-00005-M8996AAAAANAZT-1_20170110_230814/b/HK11/trustzone_images/core/securemsm/trustzone/qsapps/teetest/teetest/build/teetest/A53/IADAANAA/CEnv.o
 .comment       0x00000000       0x24 /local/mnt/workspace/CRMBuilds/TZ.BF.4.0.3.c1-00005-M8996AAAAANAZT-1_20170110_230814/b/HK11/trustzone_images/core/securemsm/trustzone/qsapps/teetest/teetest/build/teetest/A53/IADAANAA/CGuestVM.o
 .comment       0x00000023       0x21 /afs/localcell/cm/gv2.6/sysname/pkg.@sys/qct/software/llvm/release/arm/3.5.2.4/tools/lib32/lib/libc.a(memcmp.o)
                                 0x22 (size before relaxing)
 .comment       0x00000000       0x22 /afs/localcell/cm/gv2.6/sysname/pkg.@sys/qct/software/llvm/release/arm/3.5.2.4/tools/lib32/lib/libc.a(strlen.o)

.debug_info     0x00000000     0x408f
 .debug_info    0x00000000      0x479 /local/mnt/workspace/CRMBuilds/TZ.BF.4.0.3.c1-00005-M8996AAAAANAZT-1_20170110_230814/b/HK11/trustzone_images/core/securemsm/trustzone/qsapps/teetest/teetest/build/teetest/A53/IADAANAA/teetest_mmu_func.o
 .debug_info    0x00000479     0x1334 /local/mnt/workspace/CRMBuilds/TZ.BF.4.0.3.c1-00005-M8996AAAAANAZT-1_20170110_230814/b/HK11/trustzone_images/core/securemsm/trustzone/qsapps/teetest/teetest/build/teetest/A53/IADAANAA/teetest.o
 .debug_info    0x000017ad      0x51d /local/mnt/workspace/CRMBuilds/TZ.BF.4.0.3.c1-00005-M8996AAAAANAZT-1_20170110_230814/b/HK11/trustzone_images/core/securemsm/trustzone/qsapps/teetest/teetest/build/teetest/A53/IADAANAA/teetest_secdisp.o
 .debug_info    0x00001cca      0x5f5 /local/mnt/workspace/CRMBuilds/TZ.BF.4.0.3.c1-00005-M8996AAAAANAZT-1_20170110_230814/b/HK11/trustzone_images/core/securemsm/trustzone/qsapps/teetest/teetest/build/teetest/A53/IADAANAA/teetest_hal_qgic.o
 .debug_info    0x000022bf      0x8bc /local/mnt/workspace/CRMBuilds/TZ.BF.4.0.3.c1-00005-M8996AAAAANAZT-1_20170110_230814/b/HK11/trustzone_images/core/securemsm/trustzone/qsapps/teetest/teetest/build/teetest/A53/IADAANAA/teetest_i2c.o
 .debug_info    0x00002b7b      0x9f0 /local/mnt/workspace/CRMBuilds/TZ.BF.4.0.3.c1-00005-M8996AAAAANAZT-1_20170110_230814/b/HK11/trustzone_images/core/securemsm/trustzone/qsapps/teetest/teetest/build/teetest/A53/IADAANAA/teetest_crypto.o
 .debug_info    0x0000356b      0x3a0 /local/mnt/workspace/CRMBuilds/TZ.BF.4.0.3.c1-00005-M8996AAAAANAZT-1_20170110_230814/b/HK11/trustzone_images/core/securemsm/trustzone/qsapps/teetest/teetest/build/teetest/A53/IADAANAA/CEnv.o
 .debug_info    0x0000390b      0x784 /local/mnt/workspace/CRMBuilds/TZ.BF.4.0.3.c1-00005-M8996AAAAANAZT-1_20170110_230814/b/HK11/trustzone_images/core/securemsm/trustzone/qsapps/teetest/teetest/build/teetest/A53/IADAANAA/CGuestVM.o

.debug_abbrev   0x00000000      0x9bd
 .debug_abbrev  0x00000000      0x14a /local/mnt/workspace/CRMBuilds/TZ.BF.4.0.3.c1-00005-M8996AAAAANAZT-1_20170110_230814/b/HK11/trustzone_images/core/securemsm/trustzone/qsapps/teetest/teetest/build/teetest/A53/IADAANAA/teetest_mmu_func.o
 .debug_abbrev  0x0000014a      0x204 /local/mnt/workspace/CRMBuilds/TZ.BF.4.0.3.c1-00005-M8996AAAAANAZT-1_20170110_230814/b/HK11/trustzone_images/core/securemsm/trustzone/qsapps/teetest/teetest/build/teetest/A53/IADAANAA/teetest.o
 .debug_abbrev  0x0000034e      0x104 /local/mnt/workspace/CRMBuilds/TZ.BF.4.0.3.c1-00005-M8996AAAAANAZT-1_20170110_230814/b/HK11/trustzone_images/core/securemsm/trustzone/qsapps/teetest/teetest/build/teetest/A53/IADAANAA/teetest_secdisp.o
 .debug_abbrev  0x00000452      0x112 /local/mnt/workspace/CRMBuilds/TZ.BF.4.0.3.c1-00005-M8996AAAAANAZT-1_20170110_230814/b/HK11/trustzone_images/core/securemsm/trustzone/qsapps/teetest/teetest/build/teetest/A53/IADAANAA/teetest_hal_qgic.o
 .debug_abbrev  0x00000564      0x133 /local/mnt/workspace/CRMBuilds/TZ.BF.4.0.3.c1-00005-M8996AAAAANAZT-1_20170110_230814/b/HK11/trustzone_images/core/securemsm/trustzone/qsapps/teetest/teetest/build/teetest/A53/IADAANAA/teetest_i2c.o
 .debug_abbrev  0x00000697      0x108 /local/mnt/workspace/CRMBuilds/TZ.BF.4.0.3.c1-00005-M8996AAAAANAZT-1_20170110_230814/b/HK11/trustzone_images/core/securemsm/trustzone/qsapps/teetest/teetest/build/teetest/A53/IADAANAA/teetest_crypto.o
 .debug_abbrev  0x0000079f       0xfd /local/mnt/workspace/CRMBuilds/TZ.BF.4.0.3.c1-00005-M8996AAAAANAZT-1_20170110_230814/b/HK11/trustzone_images/core/securemsm/trustzone/qsapps/teetest/teetest/build/teetest/A53/IADAANAA/CEnv.o
 .debug_abbrev  0x0000089c      0x121 /local/mnt/workspace/CRMBuilds/TZ.BF.4.0.3.c1-00005-M8996AAAAANAZT-1_20170110_230814/b/HK11/trustzone_images/core/securemsm/trustzone/qsapps/teetest/teetest/build/teetest/A53/IADAANAA/CGuestVM.o

.debug_line     0x00000000     0x1f1e
 .debug_line    0x00000000      0x28b /local/mnt/workspace/CRMBuilds/TZ.BF.4.0.3.c1-00005-M8996AAAAANAZT-1_20170110_230814/b/HK11/trustzone_images/core/securemsm/trustzone/qsapps/teetest/teetest/build/teetest/A53/IADAANAA/teetest_mmu_func.o
 .debug_line    0x0000028b      0x74b /local/mnt/workspace/CRMBuilds/TZ.BF.4.0.3.c1-00005-M8996AAAAANAZT-1_20170110_230814/b/HK11/trustzone_images/core/securemsm/trustzone/qsapps/teetest/teetest/build/teetest/A53/IADAANAA/teetest.o
 .debug_line    0x000009d6      0x3b6 /local/mnt/workspace/CRMBuilds/TZ.BF.4.0.3.c1-00005-M8996AAAAANAZT-1_20170110_230814/b/HK11/trustzone_images/core/securemsm/trustzone/qsapps/teetest/teetest/build/teetest/A53/IADAANAA/teetest_secdisp.o
 .debug_line    0x00000d8c      0x23d /local/mnt/workspace/CRMBuilds/TZ.BF.4.0.3.c1-00005-M8996AAAAANAZT-1_20170110_230814/b/HK11/trustzone_images/core/securemsm/trustzone/qsapps/teetest/teetest/build/teetest/A53/IADAANAA/teetest_hal_qgic.o
 .debug_line    0x00000fc9      0x3ff /local/mnt/workspace/CRMBuilds/TZ.BF.4.0.3.c1-00005-M8996AAAAANAZT-1_20170110_230814/b/HK11/trustzone_images/core/securemsm/trustzone/qsapps/teetest/teetest/build/teetest/A53/IADAANAA/teetest_i2c.o
 .debug_line    0x000013c8      0x4e5 /local/mnt/workspace/CRMBuilds/TZ.BF.4.0.3.c1-00005-M8996AAAAANAZT-1_20170110_230814/b/HK11/trustzone_images/core/securemsm/trustzone/qsapps/teetest/teetest/build/teetest/A53/IADAANAA/teetest_crypto.o
 .debug_line    0x000018ad      0x264 /local/mnt/workspace/CRMBuilds/TZ.BF.4.0.3.c1-00005-M8996AAAAANAZT-1_20170110_230814/b/HK11/trustzone_images/core/securemsm/trustzone/qsapps/teetest/teetest/build/teetest/A53/IADAANAA/CEnv.o
 .debug_line    0x00001b11      0x40d /local/mnt/workspace/CRMBuilds/TZ.BF.4.0.3.c1-00005-M8996AAAAANAZT-1_20170110_230814/b/HK11/trustzone_images/core/securemsm/trustzone/qsapps/teetest/teetest/build/teetest/A53/IADAANAA/CGuestVM.o

.debug_pubnames
                0x00000000      0xd69
 .debug_pubnames
                0x00000000       0xf0 /local/mnt/workspace/CRMBuilds/TZ.BF.4.0.3.c1-00005-M8996AAAAANAZT-1_20170110_230814/b/HK11/trustzone_images/core/securemsm/trustzone/qsapps/teetest/teetest/build/teetest/A53/IADAANAA/teetest_mmu_func.o
 .debug_pubnames
                0x000000f0      0x48b /local/mnt/workspace/CRMBuilds/TZ.BF.4.0.3.c1-00005-M8996AAAAANAZT-1_20170110_230814/b/HK11/trustzone_images/core/securemsm/trustzone/qsapps/teetest/teetest/build/teetest/A53/IADAANAA/teetest.o
 .debug_pubnames
                0x0000057b      0x10a /local/mnt/workspace/CRMBuilds/TZ.BF.4.0.3.c1-00005-M8996AAAAANAZT-1_20170110_230814/b/HK11/trustzone_images/core/securemsm/trustzone/qsapps/teetest/teetest/build/teetest/A53/IADAANAA/teetest_secdisp.o
 .debug_pubnames
                0x00000685      0x1cb /local/mnt/workspace/CRMBuilds/TZ.BF.4.0.3.c1-00005-M8996AAAAANAZT-1_20170110_230814/b/HK11/trustzone_images/core/securemsm/trustzone/qsapps/teetest/teetest/build/teetest/A53/IADAANAA/teetest_hal_qgic.o
 .debug_pubnames
                0x00000850      0x17c /local/mnt/workspace/CRMBuilds/TZ.BF.4.0.3.c1-00005-M8996AAAAANAZT-1_20170110_230814/b/HK11/trustzone_images/core/securemsm/trustzone/qsapps/teetest/teetest/build/teetest/A53/IADAANAA/teetest_i2c.o
 .debug_pubnames
                0x000009cc      0x1fe /local/mnt/workspace/CRMBuilds/TZ.BF.4.0.3.c1-00005-M8996AAAAANAZT-1_20170110_230814/b/HK11/trustzone_images/core/securemsm/trustzone/qsapps/teetest/teetest/build/teetest/A53/IADAANAA/teetest_crypto.o
 .debug_pubnames
                0x00000bca       0x62 /local/mnt/workspace/CRMBuilds/TZ.BF.4.0.3.c1-00005-M8996AAAAANAZT-1_20170110_230814/b/HK11/trustzone_images/core/securemsm/trustzone/qsapps/teetest/teetest/build/teetest/A53/IADAANAA/CEnv.o
 .debug_pubnames
                0x00000c2c      0x13d /local/mnt/workspace/CRMBuilds/TZ.BF.4.0.3.c1-00005-M8996AAAAANAZT-1_20170110_230814/b/HK11/trustzone_images/core/securemsm/trustzone/qsapps/teetest/teetest/build/teetest/A53/IADAANAA/CGuestVM.o

.debug_pubtypes
                0x00000000      0x95a
 .debug_pubtypes
                0x00000000       0x8a /local/mnt/workspace/CRMBuilds/TZ.BF.4.0.3.c1-00005-M8996AAAAANAZT-1_20170110_230814/b/HK11/trustzone_images/core/securemsm/trustzone/qsapps/teetest/teetest/build/teetest/A53/IADAANAA/teetest_mmu_func.o
 .debug_pubtypes
                0x0000008a      0x247 /local/mnt/workspace/CRMBuilds/TZ.BF.4.0.3.c1-00005-M8996AAAAANAZT-1_20170110_230814/b/HK11/trustzone_images/core/securemsm/trustzone/qsapps/teetest/teetest/build/teetest/A53/IADAANAA/teetest.o
 .debug_pubtypes
                0x000002d1      0x106 /local/mnt/workspace/CRMBuilds/TZ.BF.4.0.3.c1-00005-M8996AAAAANAZT-1_20170110_230814/b/HK11/trustzone_images/core/securemsm/trustzone/qsapps/teetest/teetest/build/teetest/A53/IADAANAA/teetest_secdisp.o
 .debug_pubtypes
                0x000003d7      0x107 /local/mnt/workspace/CRMBuilds/TZ.BF.4.0.3.c1-00005-M8996AAAAANAZT-1_20170110_230814/b/HK11/trustzone_images/core/securemsm/trustzone/qsapps/teetest/teetest/build/teetest/A53/IADAANAA/teetest_hal_qgic.o
 .debug_pubtypes
                0x000004de      0x159 /local/mnt/workspace/CRMBuilds/TZ.BF.4.0.3.c1-00005-M8996AAAAANAZT-1_20170110_230814/b/HK11/trustzone_images/core/securemsm/trustzone/qsapps/teetest/teetest/build/teetest/A53/IADAANAA/teetest_i2c.o
 .debug_pubtypes
                0x00000637       0xea /local/mnt/workspace/CRMBuilds/TZ.BF.4.0.3.c1-00005-M8996AAAAANAZT-1_20170110_230814/b/HK11/trustzone_images/core/securemsm/trustzone/qsapps/teetest/teetest/build/teetest/A53/IADAANAA/teetest_crypto.o
 .debug_pubtypes
                0x00000721      0x105 /local/mnt/workspace/CRMBuilds/TZ.BF.4.0.3.c1-00005-M8996AAAAANAZT-1_20170110_230814/b/HK11/trustzone_images/core/securemsm/trustzone/qsapps/teetest/teetest/build/teetest/A53/IADAANAA/CEnv.o
 .debug_pubtypes
                0x00000826      0x134 /local/mnt/workspace/CRMBuilds/TZ.BF.4.0.3.c1-00005-M8996AAAAANAZT-1_20170110_230814/b/HK11/trustzone_images/core/securemsm/trustzone/qsapps/teetest/teetest/build/teetest/A53/IADAANAA/CGuestVM.o

.debug_str      0x00000000     0x1d42
 .debug_str     0x00000000      0x328 /local/mnt/workspace/CRMBuilds/TZ.BF.4.0.3.c1-00005-M8996AAAAANAZT-1_20170110_230814/b/HK11/trustzone_images/core/securemsm/trustzone/qsapps/teetest/teetest/build/teetest/A53/IADAANAA/teetest_mmu_func.o
                                0x369 (size before relaxing)
 .debug_str     0x00000328      0x840 /local/mnt/workspace/CRMBuilds/TZ.BF.4.0.3.c1-00005-M8996AAAAANAZT-1_20170110_230814/b/HK11/trustzone_images/core/securemsm/trustzone/qsapps/teetest/teetest/build/teetest/A53/IADAANAA/teetest.o
                                0x9ea (size before relaxing)
 .debug_str     0x00000b68      0x24c /local/mnt/workspace/CRMBuilds/TZ.BF.4.0.3.c1-00005-M8996AAAAANAZT-1_20170110_230814/b/HK11/trustzone_images/core/securemsm/trustzone/qsapps/teetest/teetest/build/teetest/A53/IADAANAA/teetest_secdisp.o
                                0x419 (size before relaxing)
 .debug_str     0x00000db4      0x3e9 /local/mnt/workspace/CRMBuilds/TZ.BF.4.0.3.c1-00005-M8996AAAAANAZT-1_20170110_230814/b/HK11/trustzone_images/core/securemsm/trustzone/qsapps/teetest/teetest/build/teetest/A53/IADAANAA/teetest_hal_qgic.o
                                0x4e8 (size before relaxing)
 .debug_str     0x0000119d      0x458 /local/mnt/workspace/CRMBuilds/TZ.BF.4.0.3.c1-00005-M8996AAAAANAZT-1_20170110_230814/b/HK11/trustzone_images/core/securemsm/trustzone/qsapps/teetest/teetest/build/teetest/A53/IADAANAA/teetest_i2c.o
                                0x63a (size before relaxing)
 .debug_str     0x000015f5      0x2f7 /local/mnt/workspace/CRMBuilds/TZ.BF.4.0.3.c1-00005-M8996AAAAANAZT-1_20170110_230814/b/HK11/trustzone_images/core/securemsm/trustzone/qsapps/teetest/teetest/build/teetest/A53/IADAANAA/teetest_crypto.o
                                0x51e (size before relaxing)
 .debug_str     0x000018ec      0x135 /local/mnt/workspace/CRMBuilds/TZ.BF.4.0.3.c1-00005-M8996AAAAANAZT-1_20170110_230814/b/HK11/trustzone_images/core/securemsm/trustzone/qsapps/teetest/teetest/build/teetest/A53/IADAANAA/CEnv.o
                                0x2b7 (size before relaxing)
 .debug_str     0x00001a21      0x321 /local/mnt/workspace/CRMBuilds/TZ.BF.4.0.3.c1-00005-M8996AAAAANAZT-1_20170110_230814/b/HK11/trustzone_images/core/securemsm/trustzone/qsapps/teetest/teetest/build/teetest/A53/IADAANAA/CGuestVM.o
                                0x599 (size before relaxing)

.debug_loc      0x00000000        0x0
 .debug_loc     0x00000000        0x0 /local/mnt/workspace/CRMBuilds/TZ.BF.4.0.3.c1-00005-M8996AAAAANAZT-1_20170110_230814/b/HK11/trustzone_images/core/securemsm/trustzone/qsapps/teetest/teetest/build/teetest/A53/IADAANAA/teetest_mmu_func.o
 .debug_loc     0x00000000        0x0 /local/mnt/workspace/CRMBuilds/TZ.BF.4.0.3.c1-00005-M8996AAAAANAZT-1_20170110_230814/b/HK11/trustzone_images/core/securemsm/trustzone/qsapps/teetest/teetest/build/teetest/A53/IADAANAA/teetest.o
 .debug_loc     0x00000000        0x0 /local/mnt/workspace/CRMBuilds/TZ.BF.4.0.3.c1-00005-M8996AAAAANAZT-1_20170110_230814/b/HK11/trustzone_images/core/securemsm/trustzone/qsapps/teetest/teetest/build/teetest/A53/IADAANAA/teetest_secdisp.o
 .debug_loc     0x00000000        0x0 /local/mnt/workspace/CRMBuilds/TZ.BF.4.0.3.c1-00005-M8996AAAAANAZT-1_20170110_230814/b/HK11/trustzone_images/core/securemsm/trustzone/qsapps/teetest/teetest/build/teetest/A53/IADAANAA/teetest_hal_qgic.o
 .debug_loc     0x00000000        0x0 /local/mnt/workspace/CRMBuilds/TZ.BF.4.0.3.c1-00005-M8996AAAAANAZT-1_20170110_230814/b/HK11/trustzone_images/core/securemsm/trustzone/qsapps/teetest/teetest/build/teetest/A53/IADAANAA/teetest_i2c.o
 .debug_loc     0x00000000        0x0 /local/mnt/workspace/CRMBuilds/TZ.BF.4.0.3.c1-00005-M8996AAAAANAZT-1_20170110_230814/b/HK11/trustzone_images/core/securemsm/trustzone/qsapps/teetest/teetest/build/teetest/A53/IADAANAA/teetest_crypto.o
 .debug_loc     0x00000000        0x0 /local/mnt/workspace/CRMBuilds/TZ.BF.4.0.3.c1-00005-M8996AAAAANAZT-1_20170110_230814/b/HK11/trustzone_images/core/securemsm/trustzone/qsapps/teetest/teetest/build/teetest/A53/IADAANAA/CEnv.o
 .debug_loc     0x00000000        0x0 /local/mnt/workspace/CRMBuilds/TZ.BF.4.0.3.c1-00005-M8996AAAAANAZT-1_20170110_230814/b/HK11/trustzone_images/core/securemsm/trustzone/qsapps/teetest/teetest/build/teetest/A53/IADAANAA/CGuestVM.o

.debug_ranges   0x00000000        0x0
 .debug_ranges  0x00000000        0x0 /local/mnt/workspace/CRMBuilds/TZ.BF.4.0.3.c1-00005-M8996AAAAANAZT-1_20170110_230814/b/HK11/trustzone_images/core/securemsm/trustzone/qsapps/teetest/teetest/build/teetest/A53/IADAANAA/teetest_mmu_func.o
 .debug_ranges  0x00000000        0x0 /local/mnt/workspace/CRMBuilds/TZ.BF.4.0.3.c1-00005-M8996AAAAANAZT-1_20170110_230814/b/HK11/trustzone_images/core/securemsm/trustzone/qsapps/teetest/teetest/build/teetest/A53/IADAANAA/teetest.o
 .debug_ranges  0x00000000        0x0 /local/mnt/workspace/CRMBuilds/TZ.BF.4.0.3.c1-00005-M8996AAAAANAZT-1_20170110_230814/b/HK11/trustzone_images/core/securemsm/trustzone/qsapps/teetest/teetest/build/teetest/A53/IADAANAA/teetest_secdisp.o
 .debug_ranges  0x00000000        0x0 /local/mnt/workspace/CRMBuilds/TZ.BF.4.0.3.c1-00005-M8996AAAAANAZT-1_20170110_230814/b/HK11/trustzone_images/core/securemsm/trustzone/qsapps/teetest/teetest/build/teetest/A53/IADAANAA/teetest_hal_qgic.o
 .debug_ranges  0x00000000        0x0 /local/mnt/workspace/CRMBuilds/TZ.BF.4.0.3.c1-00005-M8996AAAAANAZT-1_20170110_230814/b/HK11/trustzone_images/core/securemsm/trustzone/qsapps/teetest/teetest/build/teetest/A53/IADAANAA/teetest_i2c.o
 .debug_ranges  0x00000000        0x0 /local/mnt/workspace/CRMBuilds/TZ.BF.4.0.3.c1-00005-M8996AAAAANAZT-1_20170110_230814/b/HK11/trustzone_images/core/securemsm/trustzone/qsapps/teetest/teetest/build/teetest/A53/IADAANAA/teetest_crypto.o
 .debug_ranges  0x00000000        0x0 /local/mnt/workspace/CRMBuilds/TZ.BF.4.0.3.c1-00005-M8996AAAAANAZT-1_20170110_230814/b/HK11/trustzone_images/core/securemsm/trustzone/qsapps/teetest/teetest/build/teetest/A53/IADAANAA/CEnv.o
 .debug_ranges  0x00000000        0x0 /local/mnt/workspace/CRMBuilds/TZ.BF.4.0.3.c1-00005-M8996AAAAANAZT-1_20170110_230814/b/HK11/trustzone_images/core/securemsm/trustzone/qsapps/teetest/teetest/build/teetest/A53/IADAANAA/CGuestVM.o

.debug_frame    0x00000000      0xedc
 .debug_frame   0x00000000      0x110 /local/mnt/workspace/CRMBuilds/TZ.BF.4.0.3.c1-00005-M8996AAAAANAZT-1_20170110_230814/b/HK11/trustzone_images/core/securemsm/trustzone/qsapps/teetest/teetest/build/teetest/A53/IADAANAA/teetest_mmu_func.o
 .debug_frame   0x00000110      0x478 /local/mnt/workspace/CRMBuilds/TZ.BF.4.0.3.c1-00005-M8996AAAAANAZT-1_20170110_230814/b/HK11/trustzone_images/core/securemsm/trustzone/qsapps/teetest/teetest/build/teetest/A53/IADAANAA/teetest.o
 .debug_frame   0x00000588      0x164 /local/mnt/workspace/CRMBuilds/TZ.BF.4.0.3.c1-00005-M8996AAAAANAZT-1_20170110_230814/b/HK11/trustzone_images/core/securemsm/trustzone/qsapps/teetest/teetest/build/teetest/A53/IADAANAA/teetest_secdisp.o
 .debug_frame   0x000006ec      0x138 /local/mnt/workspace/CRMBuilds/TZ.BF.4.0.3.c1-00005-M8996AAAAANAZT-1_20170110_230814/b/HK11/trustzone_images/core/securemsm/trustzone/qsapps/teetest/teetest/build/teetest/A53/IADAANAA/teetest_hal_qgic.o
 .debug_frame   0x00000824      0x254 /local/mnt/workspace/CRMBuilds/TZ.BF.4.0.3.c1-00005-M8996AAAAANAZT-1_20170110_230814/b/HK11/trustzone_images/core/securemsm/trustzone/qsapps/teetest/teetest/build/teetest/A53/IADAANAA/teetest_i2c.o
 .debug_frame   0x00000a78      0x264 /local/mnt/workspace/CRMBuilds/TZ.BF.4.0.3.c1-00005-M8996AAAAANAZT-1_20170110_230814/b/HK11/trustzone_images/core/securemsm/trustzone/qsapps/teetest/teetest/build/teetest/A53/IADAANAA/teetest_crypto.o
 .debug_frame   0x00000cdc       0x90 /local/mnt/workspace/CRMBuilds/TZ.BF.4.0.3.c1-00005-M8996AAAAANAZT-1_20170110_230814/b/HK11/trustzone_images/core/securemsm/trustzone/qsapps/teetest/teetest/build/teetest/A53/IADAANAA/CEnv.o
 .debug_frame   0x00000d6c      0x170 /local/mnt/workspace/CRMBuilds/TZ.BF.4.0.3.c1-00005-M8996AAAAANAZT-1_20170110_230814/b/HK11/trustzone_images/core/securemsm/trustzone/qsapps/teetest/teetest/build/teetest/A53/IADAANAA/CGuestVM.o
