Archive member included because of file (symbol)

/local/mnt/workspace/CRMBuilds/TZ.BF.4.0.3.c1-00005-M8996AAAAANAZT-1_20170110_230814/b/HK11/trustzone_images/core/kernel/libstd/build/secure_ui_sample/scorpion/IADAANAA/libstd.lib(memscpy.o)
                              /local/mnt/workspace/CRMBuilds/TZ.BF.4.0.3.c1-00005-M8996AAAAANAZT-1_20170110_230814/b/HK11/trustzone_images/apps/securemsm/trustzone/qsapps/secure_ui_sample/build/secure_ui_sample/scorpion/IADAANAA/app_main.o (memscpy)
/local/mnt/workspace/CRMBuilds/TZ.BF.4.0.3.c1-00005-M8996AAAAANAZT-1_20170110_230814/b/HK11/trustzone_images/core/kernel/libstd/build/secure_ui_sample/scorpion/IADAANAA/libstd.lib(strlcat.o)
                              /local/mnt/workspace/CRMBuilds/TZ.BF.4.0.3.c1-00005-M8996AAAAANAZT-1_20170110_230814/b/HK11/trustzone_images/apps/securemsm/trustzone/qsapps/secure_ui_sample/build/secure_ui_sample/scorpion/IADAANAA/app_main.o (strlcat)
/local/mnt/workspace/CRMBuilds/TZ.BF.4.0.3.c1-00005-M8996AAAAANAZT-1_20170110_230814/b/HK11/trustzone_images/core/kernel/libstd/build/secure_ui_sample/scorpion/IADAANAA/libstd.lib(strlcpy.o)
                              /local/mnt/workspace/CRMBuilds/TZ.BF.4.0.3.c1-00005-M8996AAAAANAZT-1_20170110_230814/b/HK11/trustzone_images/apps/securemsm/trustzone/qsapps/secure_ui_sample/build/secure_ui_sample/scorpion/IADAANAA/app_main.o (strlcpy)
/local/mnt/workspace/CRMBuilds/TZ.BF.4.0.3.c1-00005-M8996AAAAANAZT-1_20170110_230814/b/HK11/trustzone_images/core/securemsm/sse/qsee/SecureUI/build/secure_ui_sample/scorpion/IADAANAA/secure_ui.lib(SecureUI.o)
                              /local/mnt/workspace/CRMBuilds/TZ.BF.4.0.3.c1-00005-M8996AAAAANAZT-1_20170110_230814/b/HK11/trustzone_images/apps/securemsm/trustzone/qsapps/secure_ui_sample/build/secure_ui_sample/scorpion/IADAANAA/app_main.o (sec_ui_alloc_app_buffer)
/local/mnt/workspace/CRMBuilds/TZ.BF.4.0.3.c1-00005-M8996AAAAANAZT-1_20170110_230814/b/HK11/trustzone_images/core/securemsm/sse/qsee/SecureUI/build/secure_ui_sample/scorpion/IADAANAA/secure_ui_tui.lib(qsee_tui_dialogs.o)
                              /local/mnt/workspace/CRMBuilds/TZ.BF.4.0.3.c1-00005-M8996AAAAANAZT-1_20170110_230814/b/HK11/trustzone_images/apps/securemsm/trustzone/qsapps/secure_ui_sample/build/secure_ui_sample/scorpion/IADAANAA/app_main.o (qsee_tui_dialog)
/local/mnt/workspace/CRMBuilds/TZ.BF.4.0.3.c1-00005-M8996AAAAANAZT-1_20170110_230814/b/HK11/trustzone_images/core/securemsm/sse/qsee/SecureUI/build/secure_ui_sample/scorpion/IADAANAA/secure_ui_tui.lib(layout_manager.o)
                              /local/mnt/workspace/CRMBuilds/TZ.BF.4.0.3.c1-00005-M8996AAAAANAZT-1_20170110_230814/b/HK11/trustzone_images/core/securemsm/sse/qsee/SecureUI/build/secure_ui_sample/scorpion/IADAANAA/secure_ui_tui.lib(qsee_tui_dialogs.o) (layout_mgr_clear_input_buffer)
/local/mnt/workspace/CRMBuilds/TZ.BF.4.0.3.c1-00005-M8996AAAAANAZT-1_20170110_230814/b/HK11/trustzone_images/core/securemsm/sse/qsee/SecureUI/build/secure_ui_sample/scorpion/IADAANAA/secure_ui_tui.lib(secure_display_renderer.o)
                              /local/mnt/workspace/CRMBuilds/TZ.BF.4.0.3.c1-00005-M8996AAAAANAZT-1_20170110_230814/b/HK11/trustzone_images/core/securemsm/sse/qsee/SecureUI/build/secure_ui_sample/scorpion/IADAANAA/secure_ui_tui.lib(layout_manager.o) (get_utf8_len)
/local/mnt/workspace/CRMBuilds/TZ.BF.4.0.3.c1-00005-M8996AAAAANAZT-1_20170110_230814/b/HK11/trustzone_images/core/securemsm/sse/qsee/SecureUI/build/secure_ui_sample/scorpion/IADAANAA/secure_ui_tui.lib(font_manager.o)
                              /local/mnt/workspace/CRMBuilds/TZ.BF.4.0.3.c1-00005-M8996AAAAANAZT-1_20170110_230814/b/HK11/trustzone_images/core/securemsm/sse/qsee/SecureUI/build/secure_ui_sample/scorpion/IADAANAA/secure_ui_tui.lib(secure_display_renderer.o) (font_mgr_prepare_gdfont)
/local/mnt/workspace/CRMBuilds/TZ.BF.4.0.3.c1-00005-M8996AAAAANAZT-1_20170110_230814/b/HK11/trustzone_images/core/securemsm/sse/qsee/SecureUILib/lib/build/secure_ui_sample/scorpion/IADAANAA/secure_ui_lib.lib(SecureUILib.o)
                              /local/mnt/workspace/CRMBuilds/TZ.BF.4.0.3.c1-00005-M8996AAAAANAZT-1_20170110_230814/b/HK11/trustzone_images/apps/securemsm/trustzone/qsapps/secure_ui_sample/build/secure_ui_sample/scorpion/IADAANAA/app_main.o (secUiProcessCmd)
/local/mnt/workspace/CRMBuilds/TZ.BF.4.0.3.c1-00005-M8996AAAAANAZT-1_20170110_230814/b/HK11/trustzone_images/core/securemsm/sse/qsee/SecureUILib/lib/build/secure_ui_sample/scorpion/IADAANAA/secure_ui_lib.lib(01_startTouch.o)
                              /local/mnt/workspace/CRMBuilds/TZ.BF.4.0.3.c1-00005-M8996AAAAANAZT-1_20170110_230814/b/HK11/trustzone_images/core/securemsm/sse/qsee/SecureUILib/lib/build/secure_ui_sample/scorpion/IADAANAA/secure_ui_lib.lib(SecureUILib.o) (processCmdStartTouch)
[...]
Memory Configuration

Name             Origin             Length             Attributes
*default*        0x00000000         0xffffffff

Linker script and memory map


.text           0x00000000    0xaadd7
 *\tzapp_entry.o(SORT(TZAPPENTRYCODE))
 TZAPPENTRYCODE
                0x00000000       0x4c /local/mnt/workspace/CRMBuilds/TZ.BF.4.0.3.c1-00005-M8996AAAAANAZT-1_20170110_230814/b/HK11/trustzone_images/core/securemsm/trustzone/qsapps/libs/applib/qsee/build/secure_ui_sample/scorpion/IADAANAA/src/tzapp_entry.o
                0x00000000                __main
                0x00000000                TZAPPENTRY
                0x00000000                _main
                0x0000003c                get_cmnlib_ctx_ptr
 *(SORT(.text) SORT(.text.*) SORT(kthread_shared))
 *fill*         0x0000004c        0x4 
 .text          0x00000050     0x1718 /afs/localcell/cm/gv2.6/sysname/pkg.@sys/qct/software/llvm/release/arm/3.5.2.4/tools/lib32/lib/libc.a(vfprintf.o)
                0x00000050                vfprintf
 .text          0x00001768       0x68 /afs/localcell/cm/gv2.6/sysname/pkg.@sys/qct/software/llvm/release/arm/3.5.2.4/tools/lib32/lib/libc.a(frexp.o)
                0x00001768                frexp
 .text          0x000017d0      0x308 /afs/localcell/cm/gv2.6/sysname/pkg.@sys/qct/software/llvm/release/arm/3.5.2.4/lib/clang/3.5.2/lib/linux/libclang_rt.builtins-arm.a(divdf3.c.o)
                0x000017d0                __aeabi_ddiv
                0x000017d0                __divdf3
 .text          0x00001ad8      0x320 /afs/localcell/cm/gv2.6/sysname/pkg.@sys/qct/software/llvm/release/arm/3.5.2.4/lib/clang/3.5.2/lib/linux/libclang_rt.builtins-arm.a(muldf3.c.o)
                0x00001ad8                __aeabi_dmul
                0x00001ad8                __muldf3
 .text          0x00001df8      0x198 /afs/localcell/cm/gv2.6/sysname/pkg.@sys/qct/software/llvm/release/arm/3.5.2.4/tools/lib32/lib/libc.a(atan2.o)
                0x00001df8                atan2
 .text          0x00001f90      0x108 /afs/localcell/cm/gv2.6/sysname/pkg.@sys/qct/software/llvm/release/arm/3.5.2.4/tools/lib32/lib/libc.a(cos.o)
                0x00001f90                cos
 .text          0x00002098       0x90 /afs/localcell/cm/gv2.6/sysname/pkg.@sys/qct/software/llvm/release/arm/3.5.2.4/tools/lib32/lib/libc.a(floor.o)
                0x00002098                floor
 .text          0x00002128      0x128 /afs/localcell/cm/gv2.6/sysname/pkg.@sys/qct/software/llvm/release/arm/3.5.2.4/tools/lib32/lib/libc.a(sin.o)
                0x00002128                sin
 .text          0x00002250       0xa8 /afs/localcell/cm/gv2.6/sysname/pkg.@sys/qct/software/llvm/release/arm/3.5.2.4/tools/lib32/lib/libc.a(__cos.o)
                0x00002250                __cos
 .text          0x000022f8      0x3b0 /afs/localcell/cm/gv2.6/sysname/pkg.@sys/qct/software/llvm/release/arm/3.5.2.4/tools/lib32/lib/libc.a(__rem_pio2.o)
                0x000022f8                __rem_pio2
 .text          0x000026a8      0x670 /afs/localcell/cm/gv2.6/sysname/pkg.@sys/qct/software/llvm/release/arm/3.5.2.4/tools/lib32/lib/libc.a(__rem_pio2_large.o)
                0x000026a8                __rem_pio2_large
 .text          0x00002d18       0xa8 /afs/localcell/cm/gv2.6/sysname/pkg.@sys/qct/software/llvm/release/arm/3.5.2.4/tools/lib32/lib/libc.a(__sin.o)
                0x00002d18                __sin
 .text          0x00002dc0      0x238 /afs/localcell/cm/gv2.6/sysname/pkg.@sys/qct/software/llvm/release/arm/3.5.2.4/tools/lib32/lib/libc.a(atan.o)
                0x00002dc0                atan
 .text          0x00002ff8       0x90 /afs/localcell/cm/gv2.6/sysname/pkg.@sys/qct/software/llvm/release/arm/3.5.2.4/tools/lib32/lib/libc.a(scalbn.o)
                0x00002ff8                scalbn
 .text          0x00003088      0x398 /afs/localcell/cm/gv2.6/sysname/pkg.@sys/qct/software/llvm/release/arm/3.5.2.4/lib/clang/3.5.2/lib/linux/libclang_rt.builtins-arm.a(adddf3.c.o)
                0x00003088                __adddf3
                0x00003088                __aeabi_dadd
 .text          0x00003420     0x13e0 /local/mnt/workspace/CRMBuilds/TZ.BF.4.0.3.c1-00005-M8996AAAAANAZT-1_20170110_230814/b/HK11/trustzone_images/apps/securemsm/trustzone/qsapps/secure_ui_sample/build/secure_ui_sample/scorpion/IADAANAA/app_main.o
                0x00003420                copy_dot
                0x0000351c                draw_dot
                0x000037f8                provision
                0x00003908                tz_app_init
                0x00003a9c                test_app_buffer
                0x00003cc8                alloc_init_screen
                0x00003d34                start_disp_fullscreen
                0x00003f10                show_image
                0x00003fec                show_image_ptr
                0x000040d8                tz_app_cmd_handler
                0x00004700                tz_app_shutdown
 .text          0x00004800       0x18 /local/mnt/workspace/CRMBuilds/TZ.BF.4.0.3.c1-00005-M8996AAAAANAZT-1_20170110_230814/b/HK11/trustzone_images/core/kernel/libstd/build/secure_ui_sample/scorpion/IADAANAA/libstd.lib(memscpy.o)
                0x00004800                memscpy
 .text          0x00004818       0x64 /local/mnt/workspace/CRMBuilds/TZ.BF.4.0.3.c1-00005-M8996AAAAANAZT-1_20170110_230814/b/HK11/trustzone_images/core/kernel/libstd/build/secure_ui_sample/scorpion/IADAANAA/libstd.lib(strlcat.o)
                0x00004818                strlcat
 .text          0x0000487c       0x32 /local/mnt/workspace/CRMBuilds/TZ.BF.4.0.3.c1-00005-M8996AAAAANAZT-1_20170110_230814/b/HK11/trustzone_images/core/kernel/libstd/build/secure_ui_sample/scorpion/IADAANAA/libstd.lib(strlcpy.o)
                0x0000487c                strlcpy
 *fill*         0x000048ae        0x2 
 .text          0x000048b0     0x1e14 /local/mnt/workspace/CRMBuilds/TZ.BF.4.0.3.c1-00005-M8996AAAAANAZT-1_20170110_230814/b/HK11/trustzone_images/core/securemsm/sse/qsee/SecureUI/build/secure_ui_sample/scorpion/IADAANAA/secure_ui.lib(SecureUI.o)
                0x000048b0                sec_ui_get_disp_properties
                0x000049f4                sec_ui_start_disp_fullscreen
                0x00005454                session_is_unchanged
                0x00005564                sec_ui_stop_disp
                0x000058f8                sec_ui_show_buf
                0x00005c10                sec_ui_copy_to_buffer
                0x00005eb4                sec_ui_hlos_release
                0x00005f30                sec_ui_alloc_app_buffer
                0x00006264                sec_ui_free_app_buffer
 .text          0x000066c4     0x30a0 /local/mnt/workspace/CRMBuilds/TZ.BF.4.0.3.c1-00005-M8996AAAAANAZT-1_20170110_230814/b/HK11/trustzone_images/core/securemsm/sse/qsee/SecureUI/build/secure_ui_sample/scorpion/IADAANAA/secure_ui_tui.lib(qsee_tui_dialogs.o)
                0x000066c4                manage_layout_event
                0x000075d4                qsee_tui_init
                0x000075d8                qsee_tui_dialog
                0x000092b4                qsee_tui_get_secure_indicator_buffer
                0x00009358                qsee_tui_release_secure_indicator
                0x000093ac                qsee_tui_tear_down
 .text          0x00009764     0x2660 /local/mnt/workspace/CRMBuilds/TZ.BF.4.0.3.c1-00005-M8996AAAAANAZT-1_20170110_230814/b/HK11/trustzone_images/core/securemsm/sse/qsee/SecureUI/build/secure_ui_sample/scorpion/IADAANAA/secure_ui_tui.lib(layout_manager.o)
                0x00009764                layout_mgr_delete_input_last_character
                0x000097dc                layout_mgr_load_layout
                0x000099a0                layout_mgr_eval_event
                0x0000a558                layout_mgr_render_layout
                0x0000a684                layout_mgr_render_bg_image
                0x0000a744                layout_mgr_set_label_text
                0x0000aafc                set_label_buffer
                0x0000ab4c                layout_mgr_set_label_buffer
                0x0000aca4                layout_mgr_set_input_display_mode
                0x0000add8                layout_mgr_set_show_flag
                0x0000aed0                layout_mgr_set_dirty_bit
                0x0000afc0                layout_mgr_set_button_disabled
                0x0000b140                layout_mgr_set_focus_input
                0x0000b2d8                layout_mgr_set_image
                0x0000b41c                layout_mgr_set_active_keyboard
                0x0000b5d8                layout_mgr_randomize_keyboard
                0x0000b988                layout_mgr_get_input_len
                0x0000bad8                layout_mgr_set_input_len_to_max
                0x0000bbd0                layout_mgr_clear_input_buffer
 .text          0x0000bdc4     0x2b1c /local/mnt/workspace/CRMBuilds/TZ.BF.4.0.3.c1-00005-M8996AAAAANAZT-1_20170110_230814/b/HK11/trustzone_images/core/securemsm/sse/qsee/SecureUI/build/secure_ui_sample/scorpion/IADAANAA/secure_ui_tui.lib(secure_display_renderer.o)
                0x0000bdc4                get_utf8_len
                0x0000bec0                render_bg_image
                0x0000c85c                render_layout
 .text          0x0000e8e0     0x1c94 /local/mnt/workspace/CRMBuilds/TZ.BF.4.0.3.c1-00005-M8996AAAAANAZT-1_20170110_230814/b/HK11/trustzone_images/core/securemsm/sse/qsee/SecureUI/build/secure_ui_sample/scorpion/IADAANAA/secure_ui_tui.lib(font_manager.o)
                0x0000e8e0                font_mgr_prepare_gdfont
                0x0001010c                font_mgr_cleanup
 .text          0x00010574      0x1b4 /local/mnt/workspace/CRMBuilds/TZ.BF.4.0.3.c1-00005-M8996AAAAANAZT-1_20170110_230814/b/HK11/trustzone_images/core/securemsm/sse/qsee/SecureUILib/lib/build/secure_ui_sample/scorpion/IADAANAA/secure_ui_lib.lib(SecureUILib.o)
                0x00010574                secUiProcessCmd
                0x0001064c                secUiCmd
                0x000106e4                secUiRegisterTouchCallback
                0x000106f4                secUiTouchIsActive
                0x0001070c                secUiSetPanelSize
 .text          0x00010728      0x138 /local/mnt/workspace/CRMBuilds/TZ.BF.4.0.3.c1-00005-M8996AAAAANAZT-1_20170110_230814/b/HK11/trustzone_images/core/securemsm/sse/qsee/SecureUILib/lib/build/secure_ui_sample/scorpion/IADAANAA/secure_ui_lib.lib(01_startTouch.o)
                0x00010728                processCmdStartTouch
 .text          0x00010860      0x218 /local/mnt/workspace/CRMBuilds/TZ.BF.4.0.3.c1-00005-M8996AAAAANAZT-1_20170110_230814/b/HK11/trustzone_images/core/securemsm/sse/qsee/SecureUILib/lib/build/secure_ui_sample/scorpion/IADAANAA/secure_ui_lib.lib(02_processTouch.o)
                0x00010860                processCmdProcessTouch
 .text          0x00010a78      0x12c /local/mnt/workspace/CRMBuilds/TZ.BF.4.0.3.c1-00005-M8996AAAAANAZT-1_20170110_230814/b/HK11/trustzone_images/core/securemsm/sse/qsee/SecureUILib/lib/build/secure_ui_sample/scorpion/IADAANAA/secure_ui_lib.lib(03_stopTouch.o)
                0x00010a78                secUiTouchStop
                0x00010b10                processCmdStopTouch
 .text          0x00010ba4       0xc0 /local/mnt/workspace/CRMBuilds/TZ.BF.4.0.3.c1-00005-M8996AAAAANAZT-1_20170110_230814/b/HK11/trustzone_images/core/securemsm/sse/qsee/SecureUILib/lib/build/secure_ui_sample/scorpion/IADAANAA/secure_ui_lib.lib(04_prepareRequest.o)
                0x00010ba4                processCmdPrepareRequest
 .text          0x00010c64       0xf0 /local/mnt/workspace/CRMBuilds/TZ.BF.4.0.3.c1-00005-M8996AAAAANAZT-1_20170110_230814/b/HK11/trustzone_images/core/securemsm/sse/qsee/SecureUILib/lib/build/secure_ui_sample/scorpion/IADAANAA/secure_ui_lib.lib(05_storeIndicator.o)
                0x00010c64                processCmdStoreIndicator
 .text          0x00010d54      0x770 /local/mnt/workspace/CRMBuilds/TZ.BF.4.0.3.c1-00005-M8996AAAAANAZT-1_20170110_230814/b/HK11/trustzone_images/core/securemsm/trustzone/qsapps/libs/applib/common_applib/build/secure_ui_sample/scorpion/IADAANAA/tzapp_entrylib.lib(common_applib.o)
                0x00010d54                qsee_err_fatal
                0x00010d74                platform_err_fatal
                0x00010d78                platform_get_random
                0x00010d7c                __stack_chk_fail
                0x00010d80                _sys_command_string
                0x00010d8c                get_app_req_resp
                0x00010d98                qsee_read_register
                0x00010db8                qsee_request_service
                0x00010e38                qsee_prepare_shared_buf_for_nosecure_read
                0x00010e58                qsee_prepare_shared_buf_for_secure_read
                0x00010e78                qsee_set_global_flag
                0x00010e98                qsee_get_global_flag
                0x00010eb8                qsee_oem_process_cmd
                0x00010edc                qsee_enforce_hdmi_hdcp_encryption
                0x00010efc                qsee_write_hdcp2p2_key_riv_enable
                0x00010f20                qsee_read_hdcp2p2_min_encryption_level
                0x00010f40                qsee_write_hdcp2p2_min_encryption_level
                0x00010f60                qsee_get_hdcp_min_enc_level
                0x00010f80                qsee_set_hdcp_min_enc_level
                0x00010fa0                qsee_write_hdcp1_key
                0x00010fc0                qsee_set_hdcp_cpi_assert
                0x00010fe0                qsee_get_secure_state
                0x00011000                qsee_malloc
                0x00011008                qsee_realloc
                0x0001103c                qsee_realloc_common
                0x000110b8                qsee_free
                0x000110e8                qsee_cmnlib_malloc
                0x0001111c                qsee_cmnlib_free
                0x0001114c                tzlib_app_entry
                0x00011284                get_ta_app_name
                0x00011294                get_app_md
 .text.tz_module_open
                0x000114c4        0xc /local/mnt/workspace/CRMBuilds/TZ.BF.4.0.3.c1-00005-M8996AAAAANAZT-1_20170110_230814/b/HK11/trustzone_images/core/securemsm/trustzone/qsapps/libs/applib/common_applib/build/secure_ui_sample/scorpion/IADAANAA/tzapp_entrylib.lib(common_applib.o)
                0x000114c4                tz_module_open
 .text          0x000114d0      0x580 /local/mnt/workspace/CRMBuilds/TZ.BF.4.0.3.c1-00005-M8996AAAAANAZT-1_20170110_230814/b/HK11/trustzone_images/core/securemsm/trustzone/qsapps/libs/applib/proxy/build/secure_ui_sample/scorpion/IADAANAA/tzlib_proxy.lib(prxy_services.o)
                0x000114d0                qsee_kdf
                0x00011504                qsee_log
                0x00011590                qsee_log_set_mask
                0x000115b4                qsee_log_get_mask
                0x000115dc                open
                0x0001161c                read
                0x00011648                write
                0x00011674                close
                0x00011698                lstat
                0x000116bc                mkdir
                0x000116e0                frename
                0x00011704                opendir
                0x00011728                readdir
                0x0001174c                rmdir
                0x00011770                testdir
                0x00011794                file_get_partition_free_size
                0x000117b8                fstat
                0x000117dc                lseek
                0x00011808                time_getsystime
                0x0001182c                time_getutcsec
                0x00011850                time_is_leap_year
                0x00011874                remove
                0x00011898                unlink
                0x000118bc                link
                0x000118e0                telldir
                0x00011904                fsync
                0x00011928                openat
                0x00011964                unlinkat
                0x00011990                fcntl
                0x000119d0                creat
                0x000119f4                file_dir_chown_chmod
                0x00011a28                get_error_number
 .text          0x00011a50      0x2c4 /local/mnt/workspace/CRMBuilds/TZ.BF.4.0.3.c1-00005-M8996AAAAANAZT-1_20170110_230814/b/HK11/trustzone_images/core/securemsm/trustzone/qsapps/libs/applib/proxy/build/secure_ui_sample/scorpion/IADAANAA/tzlib_proxy.lib(prxy_qsee_shim.o)
                0x00011a50                qsee_rsa_key_gen
                0x00011a60                qsee_secpkcs8_parse
                0x00011a70                qsee_rsa_sign_hash
                0x00011aa4                qsee_rsa_verify_signature
                0x00011ad8                qsee_rsa_encrypt
                0x00011b04                qsee_rsa_decrypt
                0x00011b30                qsee_BIGINT_read_unsigned_bin
                0x00011b40                qsee_util_init_s_bigint
                0x00011b50                qsee_util_free_s_bigint
                0x00011b54                qsee_BIGINT_read_radix
                0x00011b68                qsee_rsa_exptmod
                0x00011b8c                qsee_util_count_bytes
                0x00011b90                qsee_SW_ECC_PubPrivate_Key_generate
                0x00011ba4                qsee_SW_ECDH_Shared_Key_Derive
                0x00011bb8                qsee_SW_ECDSA_Sign
                0x00011bcc                qsee_SW_ECDSA_Verify
                0x00011be0                qsee_ECC_hash_to_bigval
                0x00011be4                qsee_toggle_random_bit
                0x00011be8                qsee_get_random_bytes
                0x00011bec                qsee_in_curveP
                0x00011bfc                qsee_SW_GENERIC_ECC_init
                0x00011c34                qsee_SW_GENERIC_ECDSA_sign
                0x00011c54                qsee_SW_GENERIC_ECDSA_verify
                0x00011c74                qsee_SW_GENERIC_ECDH_shared_key_derive
                0x00011c88                qsee_SW_GENERIC_ECC_keypair_generate
                0x00011c9c                qsee_SW_GENERIC_ECC_binary_to_bigval
                0x00011cbc                qsee_SW_GENERIC_ECC_bigval_to_binary
                0x00011cdc                qsee_SW_GENERIC_ECC_compare
                0x00011cf0                qsee_SW_GENERIC_ECC_convert_input_to_bigval
                0x00011d04                qsee_SW_Cipher_DES_Init
                0x00011d08                qsee_SW_Cipher_DES_DeInit
                0x00011d0c                qsee_SW_CipherDESData
                0x00011d10                qsee_SW_Cipher_DES_SetParam
 .text          0x00011d14       0xb0 /local/mnt/workspace/CRMBuilds/TZ.BF.4.0.3.c1-00005-M8996AAAAANAZT-1_20170110_230814/b/HK11/trustzone_images/core/securemsm/trustzone/qsapps/libs/applib/proxy/build/secure_ui_sample/scorpion/IADAANAA/tzlib_proxy.lib(prxy_ufdes.o)
                0x00011d14                SW_Cipher_DES_Init
                0x00011d38                SW_Cipher_DES_DeInit
                0x00011d5c                SW_CipherDESData
                0x00011d90                SW_Cipher_DES_SetParam
 .text          0x00011dc4       0x50 /local/mnt/workspace/CRMBuilds/TZ.BF.4.0.3.c1-00005-M8996AAAAANAZT-1_20170110_230814/b/HK11/trustzone_images/core/securemsm/trustzone/qsapps/libs/applib/proxy/build/secure_ui_sample/scorpion/IADAANAA/tzlib_proxy.lib(prxy_secmath.o)
                0x00011dc4                secmath_BIGINT_read_unsigned_bin
                0x00011dec                secmath_BIGINT_read_radix
 .text          0x00011e14      0x1c8 /local/mnt/workspace/CRMBuilds/TZ.BF.4.0.3.c1-00005-M8996AAAAANAZT-1_20170110_230814/b/HK11/trustzone_images/core/securemsm/trustzone/qsapps/libs/applib/proxy/build/secure_ui_sample/scorpion/IADAANAA/tzlib_proxy.lib(prxy_secrsa.o)
                0x00011e14                secpkcs8_parse
                0x00011e3c                ce_rsa_key_gen
                0x00011e70                ce_rsa_encrypt
                0x00011ea4                ce_rsa_decrypt
                0x00011ed8                ce_rsa_sign_hash
                0x00011f0c                ce_rsa_verify_signature
                0x00011f40                ce_util_init_s_bigint
                0x00011f64                ce_util_free_s_bigint
                0x00011f84                ce_util_count_bytes
                0x00011fa8                ce_rsa_exptmod
 .text          0x00011fdc      0x2ec /local/mnt/workspace/CRMBuilds/TZ.BF.4.0.3.c1-00005-M8996AAAAANAZT-1_20170110_230814/b/HK11/trustzone_images/core/securemsm/trustzone/qsapps/libs/applib/proxy/build/secure_ui_sample/scorpion/IADAANAA/tzlib_proxy.lib(prxy_ecc.o)
                0x00011fdc                SW_ECC_PubPrivate_Key_generate
                0x00012000                SW_ECDH_Shared_Key_Derive
                0x00012028                SW_ECDSA_Sign
                0x00012050                SW_ECDSA_Verify
                0x00012078                ECC_hash_to_bigval
                0x000120a0                toggle_random_bit
                0x000120c4                in_curveP
                0x000120e8                get_random_bytes
                0x0001210c                SW_GENERIC_ECC_init
                0x00012140                SW_GENERIC_ECDSA_sign
                0x00012174                SW_GENERIC_ECDSA_verify
                0x000121a8                SW_GENERIC_ECDH_shared_key_derive
                0x000121dc                SW_GENERIC_ECC_keypair_generate
                0x00012204                SW_GENERIC_ECC_binary_to_bigval
                0x00012238                SW_GENERIC_ECC_bigval_to_binary
                0x0001226c                SW_GENERIC_ECC_compare
                0x00012294                SW_GENERIC_ECC_convert_input_to_bigval
 .text          0x000122c8      0x2a0 /local/mnt/workspace/CRMBuilds/TZ.BF.4.0.3.c1-00005-M8996AAAAANAZT-1_20170110_230814/b/HK11/trustzone_images/core/securemsm/trustzone/qsapps/libs/applib/qsee/build/secure_ui_sample/scorpion/IADAANAA/tzapp_entrylib.lib(mink_shared_code.o)
                0x000122c8                UThread_syscall
                0x000122e8                minkIPC
                0x00012414                minkServerLoop
                0x00012528                minkServerEntry
 .text          0x00012568      0x230 /local/mnt/workspace/CRMBuilds/TZ.BF.4.0.3.c1-00005-M8996AAAAANAZT-1_20170110_230814/b/HK11/trustzone_images/core/securemsm/trustzone/qsapps/libs/applib/qsee/build/secure_ui_sample/scorpion/IADAANAA/tzapp_entrylib.lib(qsee_env.o)
                0x00012568                qsee_set_env
                0x00012584                qsee_open
                0x000125ec                qsee_open_singleton
                0x000126ec                qsee_printf_ap
                0x00012754                qsee_printf
 .text          0x00012798       0x54 /local/mnt/workspace/CRMBuilds/TZ.BF.4.0.3.c1-00005-M8996AAAAANAZT-1_20170110_230814/b/HK11/trustzone_images/core/securemsm/trustzone/qsapps/libs/applib/qsee/build/secure_ui_sample/scorpion/IADAANAA/tzapp_entrylib.lib(qsee_prng.o)
                0x00012798                qsee_prng_getdata
 .text          0x000127ec       0xb8 /local/mnt/workspace/CRMBuilds/TZ.BF.4.0.3.c1-00005-M8996AAAAANAZT-1_20170110_230814/b/HK11/trustzone_images/core/securemsm/trustzone/qsapps/libs/applib/qsee/build/secure_ui_sample/scorpion/IADAANAA/tzapp_entrylib.lib(qsee_secdisp.o)
                0x000127ec                qsee_sd_get_session
                0x00012848                qsee_sd_set_stop_allowed
 .text          0x000128a4      0x1ec /local/mnt/workspace/CRMBuilds/TZ.BF.4.0.3.c1-00005-M8996AAAAANAZT-1_20170110_230814/b/HK11/trustzone_images/core/securemsm/trustzone/qsapps/libs/applib/qsee/build/secure_ui_sample/scorpion/IADAANAA/tzapp_entrylib.lib(qsee_nsmem.o)
                0x000128a4                qsee_is_s_tag_area
                0x0001293c                qsee_is_ns_range
                0x000129a8                qsee_vm_mem_count
                0x00012a20                qsee_tag_mem
 .text          0x00012a90       0x64 /local/mnt/workspace/CRMBuilds/TZ.BF.4.0.3.c1-00005-M8996AAAAANAZT-1_20170110_230814/b/HK11/trustzone_images/core/securemsm/trustzone/qsapps/libs/applib/qsee/build/secure_ui_sample/scorpion/IADAANAA/tzapp_entrylib.lib(qsee_timer_shim.o)
                0x00012a90                qsee_get_uptime
                0x00012ab4                qsee_wdog_stop
                0x00012ad4                qsee_wdog_pet
 .text          0x00012af4      0x54c /local/mnt/workspace/CRMBuilds/TZ.BF.4.0.3.c1-00005-M8996AAAAANAZT-1_20170110_230814/b/HK11/trustzone_images/core/securemsm/trustzone/qsapps/libs/applib/qsee/build/secure_ui_sample/scorpion/IADAANAA/tzapp_entrylib.lib(qsee_hash.o)
                0x00012af4                qsee_hash_init
                0x00012b54                qsee_hash_free_ctx
                0x00012b80                qsee_hash_update
                0x00012bf4                qsee_hash_final
                0x00012c68                qsee_hash_set_param
                0x00012d78                qsee_hash
                0x00012dec                qsee_hashcipher_encrypt
                0x00012ef0                qsee_hashcipher_decrypt
                0x00012ff4                qsee_hash_reset
 .text          0x00013040      0x104 /local/mnt/workspace/CRMBuilds/TZ.BF.4.0.3.c1-00005-M8996AAAAANAZT-1_20170110_230814/b/HK11/trustzone_images/core/securemsm/trustzone/qsapps/libs/applib/qsee/build/secure_ui_sample/scorpion/IADAANAA/tzapp_entrylib.lib(qsee_shared_buffer.o)
                0x00013040                qsee_register_shared_buffer
                0x000130cc                qsee_deregister_shared_buffer
 .text          0x00013144      0x198 /local/mnt/workspace/CRMBuilds/TZ.BF.4.0.3.c1-00005-M8996AAAAANAZT-1_20170110_230814/b/HK11/trustzone_images/core/securemsm/trustzone/qsapps/libs/applib/qsee/build/secure_ui_sample/scorpion/IADAANAA/tzapp_entrylib.lib(qsee_appmessage.o)
                0x00013144                qsee_encapsulate_inter_app_message
                0x00013224                qsee_decapsulate_inter_app_message
 .text          0x000132dc      0x7bc /local/mnt/workspace/CRMBuilds/TZ.BF.4.0.3.c1-00005-M8996AAAAANAZT-1_20170110_230814/b/HK11/trustzone_images/core/securemsm/trustzone/qsapps/libs/applib/qsee/build/secure_ui_sample/scorpion/IADAANAA/tzapp_entrylib.lib(sfs_api.o)
                0x000132dc                qsee_sfs_open
                0x000134b4                qsee_sfs_close
                0x000134b8                qsee_sfs_read
                0x00013550                qsee_sfs_write
                0x000135c0                qsee_sfs_seek
                0x000136b4                qsee_sfs_getSize
                0x0001375c                qsee_sfs_mkdir
                0x00013760                qsee_sfs_rmdir
                0x00013764                qsee_sfs_rm
                0x000137f0                qsee_sfs_error
                0x000137fc                qsee_sfs_get_file_list
                0x00013a1c                qsee_sfs_clean_file_list
                0x00013a58                qsee_sfs_is_anti_rollback_enabled
 .text          0x00013a98       0xdc /local/mnt/workspace/CRMBuilds/TZ.BF.4.0.3.c1-00005-M8996AAAAANAZT-1_20170110_230814/b/HK11/trustzone_images/core/securemsm/trustzone/qsapps/libs/applib/qsee/build/secure_ui_sample/scorpion/IADAANAA/tzapp_entrylib.lib(tzapp_lib_main.o)
                0x00013a98                get_app_stack_base
                0x00013aa4                get_app_stack_size
                0x00013abc                get_app_heap_base
                0x00013ac8                get_app_heap_size
                0x00013ae0                CApp_handleRequest
                0x00013afc                CApp_invoke
                0x00013b5c                secure_app_init
                0x00013b68                secure_app_shutdown
 kthread_shared
                0x00013b74       0x2c /local/mnt/workspace/CRMBuilds/TZ.BF.4.0.3.c1-00005-M8996AAAAANAZT-1_20170110_230814/b/HK11/trustzone_images/core/securemsm/trustzone/qsapps/libs/applib/qsee/build/secure_ui_sample/scorpion/IADAANAA/tzapp_entrylib.lib(kthread_shared.o)
                0x00013b74                mink_generic_syscall
 .text          0x00013ba0       0x9a /afs/localcell/cm/gv2.6/sysname/pkg.@sys/qct/software/llvm/release/arm/3.5.2.4/tools/lib32/lib/libc.a(vsnprintf.o)
                0x00013ba0                vsnprintf
 *fill*         0x00013c3a        0x2 
 .text          0x00013c3c      0x30c /afs/localcell/cm/gv2.6/sysname/pkg.@sys/qct/software/llvm/release/arm/3.5.2.4/tools/lib32/lib/libc.a(memcpy.o)
                0x00013c3c                memcpy
 .text          0x00013f48       0x24 /afs/localcell/cm/gv2.6/sysname/pkg.@sys/qct/software/llvm/release/arm/3.5.2.4/tools/lib32/lib/libc.a(strcmp.o)
                0x00013f48                strcmp
 .text          0x00013f6c       0x44 /afs/localcell/cm/gv2.6/sysname/pkg.@sys/qct/software/llvm/release/arm/3.5.2.4/tools/lib32/lib/libc.a(strlen.o)
                0x00013f6c                strlen
 .text          0x00013fb0       0x46 /afs/localcell/cm/gv2.6/sysname/pkg.@sys/qct/software/llvm/release/arm/3.5.2.4/tools/lib32/lib/libc.a(strncmp.o)
                0x00013fb0                strncmp
 *fill*         0x00013ff6        0x2 
 .text          0x00013ff8       0x24 /afs/localcell/cm/gv2.6/sysname/pkg.@sys/qct/software/llvm/release/arm/3.5.2.4/tools/lib32/lib/libc.a(__errno_location.o)
                0x00013ff8                __errno_location
 .text          0x0001401c       0xa8 /afs/localcell/cm/gv2.6/sysname/pkg.@sys/qct/software/llvm/release/arm/3.5.2.4/tools/lib32/lib/libc.a(memchr.o)
                0x0001401c                memchr
 .text          0x000140c4       0xe4 /afs/localcell/cm/gv2.6/sysname/pkg.@sys/qct/software/llvm/release/arm/3.5.2.4/tools/lib32/lib/libc.a(memset.o)
                0x000140c4                memset
 .text          0x000141a8       0x6c /afs/localcell/cm/gv2.6/sysname/pkg.@sys/qct/software/llvm/release/arm/3.5.2.4/tools/lib32/lib/libc.a(strerror.o)
                0x000141a8                strerror_l
                0x000141a8                __strerror_l
                0x000141f4                strerror
 .text          0x00014214       0x28 /afs/localcell/cm/gv2.6/sysname/pkg.@sys/qct/software/llvm/release/arm/3.5.2.4/tools/lib32/lib/libc.a(__lctrans.o)
                0x00014214                __lctrans_impl
                0x00014214                dummy
                0x00014218                __lctrans
                0x0001421c                __lctrans_cur
 .text          0x0001423c        0x4 /afs/localcell/cm/gv2.6/sysname/pkg.@sys/qct/software/llvm/release/arm/3.5.2.4/tools/lib32/lib/libc.a(frexpl.o)
                0x0001423c                frexpl
 .text          0x00014240        0xe /afs/localcell/cm/gv2.6/sysname/pkg.@sys/qct/software/llvm/release/arm/3.5.2.4/tools/lib32/lib/libc.a(wctomb.o)
                0x00014240                wctomb
 *fill*         0x0001424e        0x2 
 .text          0x00014250       0xc8 /afs/localcell/cm/gv2.6/sysname/pkg.@sys/qct/software/llvm/release/arm/3.5.2.4/tools/lib32/lib/libc.a(__lockfile.o)
                0x00014250                __lockfile
                0x000142cc                __unlockfile
 .text          0x00014318       0xf4 /afs/localcell/cm/gv2.6/sysname/pkg.@sys/qct/software/llvm/release/arm/3.5.2.4/tools/lib32/lib/libc.a(fwrite.o)
                0x00014318                __fwritex
                0x000143b4                fwrite_unlocked
                0x000143b4                fwrite
 .text          0x0001440c       0xb8 /afs/localcell/cm/gv2.6/sysname/pkg.@sys/qct/software/llvm/release/arm/3.5.2.4/tools/lib32/lib/libc.a(__wait.o)
                0x0001440c                __wait
 .text          0x000144c4       0x30 /afs/localcell/cm/gv2.6/sysname/pkg.@sys/qct/software/llvm/release/arm/3.5.2.4/tools/lib32/lib/libc.a(syscall.o)
                0x000144c4                __syscall
 .text          0x000144f4       0xa6 /afs/localcell/cm/gv2.6/sysname/pkg.@sys/qct/software/llvm/release/arm/3.5.2.4/tools/lib32/lib/libc.a(wcrtomb.o)
                0x000144f4                wcrtomb
 *fill*         0x0001459a        0x2 
 .text          0x0001459c       0x40 /afs/localcell/cm/gv2.6/sysname/pkg.@sys/qct/software/llvm/release/arm/3.5.2.4/tools/lib32/lib/libc.a(__towrite.o)
                0x0001459c                __towrite
                0x000145d8                __towrite_needs_stdio_exit
 .text          0x000145dc       0x8a /afs/localcell/cm/gv2.6/sysname/pkg.@sys/qct/software/llvm/release/arm/3.5.2.4/tools/lib32/lib/libc.a(__stdio_exit.o)
                0x000145dc                __stdio_exit
                0x000145dc                __stdio_exit_needed
 *fill*         0x00014666        0x2 
 .text          0x00014668       0x96 /afs/localcell/cm/gv2.6/sysname/pkg.@sys/qct/software/llvm/release/arm/3.5.2.4/tools/lib32/lib/libc.a(__lock.o)
                0x00014668                __lock
                0x000146b0                __unlock
 *fill*         0x000146fe        0x2 
 .text          0x00014700       0xa0 /afs/localcell/cm/gv2.6/sysname/pkg.@sys/qct/software/llvm/release/arm/3.5.2.4/lib/clang/3.5.2/lib/linux/libclang_rt.builtins-arm.a(aeabi_dcmp.S.o)
                0x00014700                __aeabi_dcmpeq
                0x00014720                __aeabi_dcmplt
                0x00014740                __aeabi_dcmple
                0x00014760                __aeabi_dcmpge
                0x00014780                __aeabi_dcmpgt
 .text          0x000147a0        0x4 /afs/localcell/cm/gv2.6/sysname/pkg.@sys/qct/software/llvm/release/arm/3.5.2.4/lib/clang/3.5.2/lib/linux/libclang_rt.builtins-arm.a(aeabi_memcpy.S.o)
                0x000147a0                __aeabi_memcpy
                0x000147a0                __aeabi_memcpy4
                0x000147a0                __aeabi_memcpy8
 .text          0x000147a4       0x1c /afs/localcell/cm/gv2.6/sysname/pkg.@sys/qct/software/llvm/release/arm/3.5.2.4/lib/clang/3.5.2/lib/linux/libclang_rt.builtins-arm.a(aeabi_memset.S.o)
                0x000147a4                __aeabi_memset
                0x000147a4                __aeabi_memset8
                0x000147a4                __aeabi_memset4
                0x000147b4                __aeabi_memclr8
                0x000147b4                __aeabi_memclr
                0x000147b4                __aeabi_memclr4
 .text          0x000147c0       0x24 /afs/localcell/cm/gv2.6/sysname/pkg.@sys/qct/software/llvm/release/arm/3.5.2.4/lib/clang/3.5.2/lib/linux/libclang_rt.builtins-arm.a(aeabi_uldivmod.S.o)
                0x000147c0                __aeabi_uldivmod
 .text          0x000147e4      0x4be /afs/localcell/cm/gv2.6/sysname/pkg.@sys/qct/software/llvm/release/arm/3.5.2.4/lib/clang/3.5.2/lib/linux/libclang_rt.builtins-arm.a(comparedf2.c.o)
                0x000147e4                __ledf2
                0x000148a4                __gedf2
                0x00014964                __aeabi_dcmpun
                0x00014964                __unorddf2
                0x000149a4                __eqdf2
                0x00014a64                __ltdf2
                0x00014b24                __nedf2
                0x00014be4                __gtdf2
 *fill*         0x00014ca2        0x2 
 .text          0x00014ca4       0x28 /afs/localcell/cm/gv2.6/sysname/pkg.@sys/qct/software/llvm/release/arm/3.5.2.4/lib/clang/3.5.2/lib/linux/libclang_rt.builtins-arm.a(fixunsdfsi.c.o)
                0x00014ca4                __fixunsdfsi
                0x00014ca4                __aeabi_d2uiz
 .text          0x00014ccc       0x4c /afs/localcell/cm/gv2.6/sysname/pkg.@sys/qct/software/llvm/release/arm/3.5.2.4/lib/clang/3.5.2/lib/linux/libclang_rt.builtins-arm.a(floatunsidf.c.o)
                0x00014ccc                __aeabi_ui2d
                0x00014ccc                __floatunsidf
 .text          0x00014d18      0x416 /afs/localcell/cm/gv2.6/sysname/pkg.@sys/qct/software/llvm/release/arm/3.5.2.4/lib/clang/3.5.2/lib/linux/libclang_rt.builtins-arm.a(udivmoddi4.c.o)
                0x00014d18                __udivmoddi4
 *fill*         0x0001512e        0x2 
 .text          0x00015130      0x154 /afs/localcell/cm/gv2.6/sysname/pkg.@sys/qct/software/llvm/release/arm/3.5.2.4/lib/clang/3.5.2/lib/linux/libclang_rt.builtins-arm.a(udivsi3.c.o)
                0x00015130                __udivsi3
                0x00015130                __aeabi_uidiv
 .text          0x00015284       0x18 /afs/localcell/cm/gv2.6/sysname/pkg.@sys/qct/software/llvm/release/arm/3.5.2.4/lib/clang/3.5.2/lib/linux/libclang_rt.builtins-arm.a(umoddi3.c.o)
                0x00015284                __umoddi3
 .text          0x0001529c       0x10 /afs/localcell/cm/gv2.6/sysname/pkg.@sys/qct/software/llvm/release/arm/3.5.2.4/lib/clang/3.5.2/lib/linux/libclang_rt.builtins-arm.a(umodsi3.c.o)
                0x0001529c                __umodsi3
 .text          0x000152ac    0x70c2c /local/mnt/workspace/CRMBuilds/TZ.BF.4.0.3.c1-00005-M8996AAAAANAZT-1_20170110_230814/b/HK11/trustzone_images/apps/securemsm/trustzone/qsapps/secure_ui_sample/layouts/build/secure_ui_sample/scorpion/IADAANAA/secure_ui_layout.lib(layout_8996_fluid.o)
                0x00085b8c                gdFontGetgdfontqualcomm_regular100propExt
                0x00085b9c                gdFontGetgdfontqualcomm_regular42propExt
                0x00085bac                gdFontGetgdfontqualcomm_regular48propExt
                0x00085bbc                reset_vars
                0x00085e08                create_layout
                0x00085e68                get_layout_by_name
 .text          0x00085ed8       0x18 /local/mnt/workspace/CRMBuilds/TZ.BF.4.0.3.c1-00005-M8996AAAAANAZT-1_20170110_230814/b/HK11/trustzone_images/core/kernel/libstd/build/secure_ui_sample/scorpion/IADAANAA/libstd.lib(secure_memset.o)
                0x00085ed8                secure_memset
 .text          0x00085ef0     0x16d4 /local/mnt/workspace/CRMBuilds/TZ.BF.4.0.3.c1-00005-M8996AAAAANAZT-1_20170110_230814/b/HK11/trustzone_images/core/securemsm/sse/SecureTouch/layout/build/secure_ui_sample/scorpion/IADAANAA/sklayout.lib(layoutUtils.o)
                0x00085ef0                setVisible
                0x00085f08                showKeyboard
                0x00085fac                updateKeyboard
                0x00085fe4                unclickObject
                0x00086040                findObject
                0x00086300                verifyLayout
                0x00086ea0                updatePage
 .text          0x000875c4     0x4226 /local/mnt/workspace/CRMBuilds/TZ.BF.4.0.3.c1-00005-M8996AAAAANAZT-1_20170110_230814/b/HK11/trustzone_images/core/securemsm/sse/qsee/SecureDisplay/libgd/build/secure_ui_sample/scorpion/IADAANAA/libgd.lib(gd.o)
                0x000875c4                gd_stderr_error
                0x00087684                gd_error
                0x000876cc                gd_error_ex
                0x0008771c                gdSetErrorMethod
                0x00087728                gdClearErrorMethod
                0x00087740                gdImageCreate
                0x00087744                gdImageCreateExt
                0x00087844                gdImageCreateTrueColor
                0x00087848                gdImageCreateTrueColorExt
                0x00087938                gdImageDestroyEx
                0x00087980                gdImageColorClosest
                0x00087998                gdImageColorClosestAlpha
                0x00087a38                gdImageColorExact
                0x00087a50                gdImageColorExactAlpha
                0x00087ac8                gdImageColorAllocate
                0x00087ae0                gdImageColorAllocateAlpha
                0x00087b5c                gdImageColorResolve
                0x00087b74                gdImageColorResolveAlpha
                0x00087c58                gdImageColorDeallocate
                0x00087c74                gdImageColorTransparent
                0x00087ccc                gdImagePaletteCopy
                0x00087e3c                gdImageColorReplace
                0x00087f78                gdImageSetPixel
                0x0008823c                gdImageColorReplaceThreshold
                0x00088544                gdAlphaBlend
                0x000885d8                gdImageSetLine
                0x00088608                gdImageGetPixel
                0x00088668                gdImageGetTrueColorPixel
                0x000886ac                gdImageAABlend
                0x000886b0                gdImageLine
                0x0008907c                gdImageDashedLine
                0x000894b0                gdImageBoundsSafe
                0x000894e8                gdFontFindIndex
                0x0008951c                gdImageCharExt
                0x000895c8                getUnicode
                0x00089670                gdImageStringExt
                0x000896c8                gdImageCharVarWidth
                0x0008978c                gdImageStringVarWidth
                0x000897e8                gdGetMaxLenForWidth
                0x00089848                gdIsValidUTF8String
                0x000898cc                lsqrt
                0x000898e0                gdImageArc
                0x00089918                gdImageFilledArc
                0x00089c00                gdImageFilledPolygon
                0x00089ef0                gdImageEllipse
                0x00089fdc                gdImageFilledEllipse
                0x0008a0e4                gdImageGradientFilledEllipse
                0x0008a628                gdImageFillToBorder
                0x0008a7ac                gdImageRectangle
                0x0008a998                gdImageFilledRectangle
                0x0008ab40                gdImageQuickFilledRectangle
                0x0008abe4                gdImageFilledRoundedRectangle
                0x0008ad54                gdImageGradientFilledRectangle
                0x0008b010                gdImageCopyResized
                0x0008b2ec                gdImagePolygon
                0x0008b334                gdImageOpenPolygon
                0x0008b378                gdImageSetThickness
                0x0008b380                gdImageSetBrush
                0x0008b41c                gdImageSetTile
                0x0008b4b8                gdImageSetAntiAliased
                0x0008b4d4                gdImageSetAntiAliasedDontBlend
                0x0008b4f0                gdImageInterlace
                0x0008b4f8                gdImageCompare
                0x0008b674                gdImageAlphaBlending
                0x0008b67c                gdImageSaveAlpha
                0x0008b684                gdImageSetClip
                0x0008b6dc                gdImageGetClip
                0x0008b704                gdImageSetResolution
 *fill*         0x0008b7ea        0x2 
 .text          0x0008b7ec       0xca /local/mnt/workspace/CRMBuilds/TZ.BF.4.0.3.c1-00005-M8996AAAAANAZT-1_20170110_230814/b/HK11/trustzone_images/core/securemsm/sse/qsee/SecureDisplay/libgd/build/secure_ui_sample/scorpion/IADAANAA/libgd.lib(gd_color.o)
                0x0008b7ec                gdColorMatch
 *fill*         0x0008b8b6        0x2 
 .text          0x0008b8b8       0x38 /local/mnt/workspace/CRMBuilds/TZ.BF.4.0.3.c1-00005-M8996AAAAANAZT-1_20170110_230814/b/HK11/trustzone_images/core/securemsm/sse/qsee/SecureDisplay/libgd/build/secure_ui_sample/scorpion/IADAANAA/libgd.lib(gd_security.o)
                0x0008b8b8                overflow2
 .text          0x0008b8f0      0x4e6 /local/mnt/workspace/CRMBuilds/TZ.BF.4.0.3.c1-00005-M8996AAAAANAZT-1_20170110_230814/b/HK11/trustzone_images/core/securemsm/sse/qsee/SecureDisplay/libpng/build/secure_ui_sample/scorpion/IADAANAA/libpng.lib(png.o)
                0x0008b8f0                png_set_sig_bytes
                0x0008b908                png_sig_cmp
                0x0008b97c                png_zalloc
                0x0008b994                png_zfree
                0x0008b998                png_reset_crc
                0x0008b9b0                png_calculate_crc
                0x0008ba04                png_user_version_check
                0x0008ba70                png_get_header_ver
                0x0008ba7c                png_create_png_struct
                0x0008bb24                png_create_info_struct
                0x0008bb44                png_destroy_info_struct
                0x0008bb84                png_free_data
                0x0008bbd8                png_data_freer
                0x0008bc08                png_get_io_ptr
                0x0008bc14                png_get_copyright
                0x0008bc20                png_get_libpng_ver
                0x0008bc2c                png_get_header_version
                0x0008bc38                png_reset_zstream
                0x0008bc48                png_access_version_number
                0x0008bc50                png_zstream_error
                0x0008bce8                png_check_IHDR
 *fill*         0x0008bdd6        0x2 
 .text          0x0008bdd8       0x8c /local/mnt/workspace/CRMBuilds/TZ.BF.4.0.3.c1-00005-M8996AAAAANAZT-1_20170110_230814/b/HK11/trustzone_images/core/securemsm/sse/qsee/SecureDisplay/libpng/build/secure_ui_sample/scorpion/IADAANAA/libpng.lib(pngerror.o)
                0x0008bdd8                png_err
                0x0008bdf4                png_safecat
                0x0008be2c                png_chunk_report
                0x0008be44                png_longjmp
                0x0008be4c                png_set_error_fn
                0x0008be58                png_get_error_ptr
 .text          0x0008be64      0x116 /local/mnt/workspace/CRMBuilds/TZ.BF.4.0.3.c1-00005-M8996AAAAANAZT-1_20170110_230814/b/HK11/trustzone_images/core/securemsm/sse/qsee/SecureDisplay/libpng/build/secure_ui_sample/scorpion/IADAANAA/libpng.lib(pngget.o)
                0x0008be64                png_get_valid
                0x0008be78                png_get_rowbytes
                0x0008be88                png_get_channels
                0x0008be98                png_get_signature
                0x0008beb4                png_get_IHDR
                0x0008bf40                png_get_PLTE
                0x0008bf6c                png_get_compression_buffer_size
 *fill*         0x0008bf7a        0x2 
 .text          0x0008bf7c      0x11a /local/mnt/workspace/CRMBuilds/TZ.BF.4.0.3.c1-00005-M8996AAAAANAZT-1_20170110_230814/b/HK11/trustzone_images/core/securemsm/sse/qsee/SecureDisplay/libpng/build/secure_ui_sample/scorpion/IADAANAA/libpng.lib(pngmem.o)
                0x0008bf7c                png_destroy_png_struct
                0x0008bfcc                png_free
                0x0008bfe4                png_calloc
                0x0008c000                png_malloc
                0x0008c01c                png_malloc_base
                0x0008c038                png_malloc_default
                0x0008c054                png_malloc_warn
                0x0008c06c                png_free_default
                0x0008c07c                png_set_mem_fn
                0x0008c088                png_get_mem_ptr
 *fill*         0x0008c096        0x2 
 .text          0x0008c098      0x4c6 /local/mnt/workspace/CRMBuilds/TZ.BF.4.0.3.c1-00005-M8996AAAAANAZT-1_20170110_230814/b/HK11/trustzone_images/core/securemsm/sse/qsee/SecureDisplay/libpng/build/secure_ui_sample/scorpion/IADAANAA/libpng.lib(pngread.o)
                0x0008c098                malloc_fn
                0x0008c0a0                free_fn
                0x0008c0a8                png_create_read_struct
                0x0008c0e4                png_create_read_struct_2
                0x0008c128                png_read_info
                0x0008c1fc                png_read_update_info
                0x0008c218                png_start_read_image
                0x0008c234                png_read_row
                0x0008c368                png_read_rows
                0x0008c3f0                png_read_image
                0x0008c42c                png_read_end
                0x0008c4d8                png_destroy_read_struct
                0x0008c554                png_set_read_status_fn
 *fill*         0x0008c55e        0x2 
 .text          0x0008c560       0x1e /local/mnt/workspace/CRMBuilds/TZ.BF.4.0.3.c1-00005-M8996AAAAANAZT-1_20170110_230814/b/HK11/trustzone_images/core/securemsm/sse/qsee/SecureDisplay/libpng/build/secure_ui_sample/scorpion/IADAANAA/libpng.lib(pngrio.o)
                0x0008c560                png_read_data
                0x0008c574                png_set_read_fn
 *fill*         0x0008c57e        0x2 
 .text          0x0008c580      0xc68 /local/mnt/workspace/CRMBuilds/TZ.BF.4.0.3.c1-00005-M8996AAAAANAZT-1_20170110_230814/b/HK11/trustzone_images/core/securemsm/sse/qsee/SecureDisplay/libpng/build/secure_ui_sample/scorpion/IADAANAA/libpng.lib(pngrutil.o)
                0x0008c580                png_get_uint_31
                0x0008c5ac                png_read_sig
                0x0008c60c                png_read_chunk_header
                0x0008c694                png_check_chunk_name
                0x0008c6c8                png_crc_read
                0x0008c6f4                png_crc_finish
                0x0008c784                png_crc_error
                0x0008c7f8                png_handle_IHDR
                0x0008c908                png_handle_PLTE
                0x0008ca48                png_handle_IEND
                0x0008ca74                png_handle_unknown
                0x0008ca94                png_combine_row
                0x0008cb3c                png_read_filter_row
                0x0008cbc0                png_read_IDAT_data
                0x0008cd30                png_read_finish_IDAT
                0x0008cd88                png_read_finish_row
                0x0008ce6c                png_read_start_row
 .text          0x0008d1e8      0x17c /local/mnt/workspace/CRMBuilds/TZ.BF.4.0.3.c1-00005-M8996AAAAANAZT-1_20170110_230814/b/HK11/trustzone_images/core/securemsm/sse/qsee/SecureDisplay/libpng/build/secure_ui_sample/scorpion/IADAANAA/libpng.lib(pngset.o)
                0x0008d1e8                png_set_IHDR
                0x0008d28c                png_set_PLTE
                0x0008d338                png_set_compression_buffer_size
                0x0008d354                png_set_invalid
 .text          0x0008d364      0x3c6 /local/mnt/workspace/CRMBuilds/TZ.BF.4.0.3.c1-00005-M8996AAAAANAZT-1_20170110_230814/b/HK11/trustzone_images/core/securemsm/sse/qsee/SecureDisplay/zlib/build/secure_ui_sample/scorpion/IADAANAA/zlib.lib(crc32.o)
                0x0008d364                get_crc_table
                0x0008d370                crc32
                0x0008d5f8                crc32_combine
                0x0008d6cc                crc32_combine64
 *fill*         0x0008d72a        0x2 
 .text          0x0008d72c     0x1c9c /local/mnt/workspace/CRMBuilds/TZ.BF.4.0.3.c1-00005-M8996AAAAANAZT-1_20170110_230814/b/HK11/trustzone_images/core/securemsm/sse/qsee/SecureDisplay/zlib/build/secure_ui_sample/scorpion/IADAANAA/zlib.lib(inflate.o)
                0x0008d72c                inflateResetKeep
                0x0008d788                inflateReset
                0x0008d7a4                inflateReset2
                0x0008d80c                inflateInit2_
                0x0008d8a0                inflateInit_
                0x0008d8ac                inflatePrime
                0x0008d908                inflate
                0x0008efa8                inflateEnd
                0x0008efd8                inflateGetDictionary
                0x0008f030                inflateSetDictionary
                0x0008f0ac                inflateGetHeader
                0x0008f0d0                inflateSync
                0x0008f23c                inflateSyncPoint
                0x0008f264                inflateCopy
                0x0008f370                inflateUndermine
                0x0008f38c                inflateMark
 .text          0x0008f3c8      0x400 /local/mnt/workspace/CRMBuilds/TZ.BF.4.0.3.c1-00005-M8996AAAAANAZT-1_20170110_230814/b/HK11/trustzone_images/core/securemsm/sse/qsee/SecureDisplay/zlib/build/secure_ui_sample/scorpion/IADAANAA/zlib.lib(inftrees.o)
                0x0008f3c8                inflate_table
 .text          0x0008f7c8       0x4a /local/mnt/workspace/CRMBuilds/TZ.BF.4.0.3.c1-00005-M8996AAAAANAZT-1_20170110_230814/b/HK11/trustzone_images/core/securemsm/sse/qsee/SecureDisplay/zlib/build/secure_ui_sample/scorpion/IADAANAA/zlib.lib(zutil.o)
                0x0008f7c8                zlibVersion
                0x0008f7d4                zlibCompileFlags
                0x0008f7d8                zError
                0x0008f7ec                zcalloc
                0x0008f80c                zcfree
 *fill*         0x0008f812        0x2 
 .text          0x0008f814      0x368 /local/mnt/workspace/CRMBuilds/TZ.BF.4.0.3.c1-00005-M8996AAAAANAZT-1_20170110_230814/b/HK11/trustzone_images/core/securemsm/sse/qsee/SecureDisplay/zlib/build/secure_ui_sample/scorpion/IADAANAA/zlib.lib(adler32.o)
                0x0008f814                adler32
                0x0008fae0                adler32_combine
                0x0008fb78                adler32_combine64
 .text          0x0008fb7c      0x594 /local/mnt/workspace/CRMBuilds/TZ.BF.4.0.3.c1-00005-M8996AAAAANAZT-1_20170110_230814/b/HK11/trustzone_images/core/securemsm/sse/qsee/SecureDisplay/zlib/build/secure_ui_sample/scorpion/IADAANAA/zlib.lib(inffast.o)
                0x0008fb7c                inflate_fast
 .text          0x00090110      0x130 /local/mnt/workspace/CRMBuilds/TZ.BF.4.0.3.c1-00005-M8996AAAAANAZT-1_20170110_230814/b/HK11/trustzone_images/core/securemsm/sse/qsee/SecureTouch/drTs/lib/build/secure_ui_sample/scorpion/IADAANAA/touch_lib.lib(01_open.o)
                0x00090110                touchOpen
 .text          0x00090240       0xe8 /local/mnt/workspace/CRMBuilds/TZ.BF.4.0.3.c1-00005-M8996AAAAANAZT-1_20170110_230814/b/HK11/trustzone_images/core/securemsm/sse/qsee/SecureTouch/drTs/lib/build/secure_ui_sample/scorpion/IADAANAA/touch_lib.lib(02_close.o)
                0x00090240                touchClose
 .text          0x00090328      0x200 /local/mnt/workspace/CRMBuilds/TZ.BF.4.0.3.c1-00005-M8996AAAAANAZT-1_20170110_230814/b/HK11/trustzone_images/core/securemsm/sse/qsee/SecureTouch/drTs/lib/build/secure_ui_sample/scorpion/IADAANAA/touch_lib.lib(03_getData.o)
                0x00090328                touchGetData
                0x00090440                drNotifyEvent
 .text          0x00090528      0x5e4 /local/mnt/workspace/CRMBuilds/TZ.BF.4.0.3.c1-00005-M8996AAAAANAZT-1_20170110_230814/b/HK11/trustzone_images/core/securemsm/trustzone/qsapps/libs/applib/common_applib/build/secure_ui_sample/scorpion/IADAANAA/tzapp_entrylib.lib(gpPersistObjCommon.o)
                0x00090528                gpCommon_Copy_Attributes
                0x00090684                gpCommon_Init_Handles
                0x00090764                gpCommon_Init_App_Info
                0x000907c0                gpCommon_Clean_Attributes
                0x00090808                gpCommon_Clean_Object_Handle
                0x00090848                gpCommon_Get_Object_Info
                0x000908a4                gpCommon_Close_Object
                0x00090950                gpCommon_Get_File_Path
 .text          0x00090b0c      0xef4 /local/mnt/workspace/CRMBuilds/TZ.BF.4.0.3.c1-00005-M8996AAAAANAZT-1_20170110_230814/b/HK11/trustzone_images/core/securemsm/trustzone/qsapps/libs/applib/common_applib/build/secure_ui_sample/scorpion/IADAANAA/tzapp_entrylib.lib(gpPersistentObjects.o)
                0x00090b0c                TEE_OpenPersistentObject
                0x00090d08                TEE_CreatePersistentObject
                0x00090f74                TEE_CloseAndDeletePersistentObject1
                0x0009106c                TEE_CloseAndDeletePersistentObject
                0x00091070                TEE_ReadObjectData
                0x00091184                TEE_WriteObjectData
                0x00091308                TEE_TruncateObjectData
                0x00091450                TEE_SeekObjectData
                0x0009152c                TEE_RenamePersistentObject
                0x00091634                TEE_AllocatePersistentObjectEnumerator
                0x00091730                TEE_FreePersistentObjectEnumerator
                0x000917a8                TEE_ResetPersistentObjectEnumerator
                0x00091828                TEE_StartPersistentObjectEnumerator
                0x0009191c                TEE_GetNextPersistentObject
 .text          0x00091a00     0x26b4 /local/mnt/workspace/CRMBuilds/TZ.BF.4.0.3.c1-00005-M8996AAAAANAZT-1_20170110_230814/b/HK11/trustzone_images/core/securemsm/trustzone/qsapps/libs/applib/common_applib/build/secure_ui_sample/scorpion/IADAANAA/tzapp_entrylib.lib(gpPersistObjData.o)
                0x00091a00                gpData_Create_Object
                0x000921dc                gpData_Delete_Object
                0x000922f4                gpData_Open_Object
                0x00092450                gpData_Close_Object
                0x00092488                gpData_Write_Data
                0x00092968                gpData_Read_Data
                0x00092b78                gpData_Trunc_Data
                0x00092df0                gpData_Seek_Data
 .text          0x000940b4      0x6ec /local/mnt/workspace/CRMBuilds/TZ.BF.4.0.3.c1-00005-M8996AAAAANAZT-1_20170110_230814/b/HK11/trustzone_images/core/securemsm/trustzone/qsapps/libs/applib/common_applib/build/secure_ui_sample/scorpion/IADAANAA/tzapp_entrylib.lib(gpPersistObjHandler.o)
                0x000940b4                gpHandler_Create_Handle
                0x000943bc                gpHandler_Delete_Handle
                0x00094454                gpHandler_Close_Handle
                0x00094588                gpHandler_Open_Handle
                0x00094620                gpHandler_Update_Handle
                0x00094680                gpHandler_Rename_Handle
 .text          0x000947a0     0x13cc /local/mnt/workspace/CRMBuilds/TZ.BF.4.0.3.c1-00005-M8996AAAAANAZT-1_20170110_230814/b/HK11/trustzone_images/core/securemsm/trustzone/qsapps/libs/applib/common_applib/build/secure_ui_sample/scorpion/IADAANAA/tzapp_entrylib.lib(gpPersistObjIndex.o)
                0x000947a0                index_Get_Index_Info
                0x000949dc                gpIndex_Create_Entry
                0x00094bbc                gpIndex_Delete_Entry
                0x00094cec                gpIndex_Get_Entry
                0x00094f60                gpIndex_Set_Entry
                0x0009509c                gpIndex_Rename_Entry
                0x000952b0                gpIndex_Get_Enum_Entry
                0x000954d8                gpIndex_Get_Index_Info
 .text          0x00095b6c      0xe08 /local/mnt/workspace/CRMBuilds/TZ.BF.4.0.3.c1-00005-M8996AAAAANAZT-1_20170110_230814/b/HK11/trustzone_images/core/securemsm/trustzone/qsapps/libs/applib/common_applib/build/secure_ui_sample/scorpion/IADAANAA/tzapp_entrylib.lib(gpPersistObjVersion.o)
                0x00095b6c                version_Is_Rpmb_Usage_Enabled
                0x00095c20                gpVersion_Get_Version
                0x0009621c                gpVersion_Set_Version
                0x0009643c                gpVersion_Inc_Version
                0x00096478                gpVersion_Delete_Version
 .text          0x00096974      0x990 /local/mnt/workspace/CRMBuilds/TZ.BF.4.0.3.c1-00005-M8996AAAAANAZT-1_20170110_230814/b/HK11/trustzone_images/core/securemsm/trustzone/qsapps/libs/applib/common_applib/build/secure_ui_sample/scorpion/IADAANAA/tzapp_entrylib.lib(gpPersistObjCrypto.o)
                0x00096974                gpCrypto_Encrypt
                0x00096cf0                gpCrypto_Integrity_Protect
                0x00096ec4                gpCrypto_Decrypt
                0x000970b0                gpCrypto_Integrity_Verify
 .text          0x00097304      0x39c /local/mnt/workspace/CRMBuilds/TZ.BF.4.0.3.c1-00005-M8996AAAAANAZT-1_20170110_230814/b/HK11/trustzone_images/core/securemsm/trustzone/qsapps/libs/applib/common_applib/build/secure_ui_sample/scorpion/IADAANAA/tzapp_entrylib.lib(gpPersistObjFileIO.o)
                0x00097304                fileIO_Read_Data
                0x00097368                fileIO_Write_Data
                0x000973d4                fileIO_Remove_Data
                0x00097430                fileIO_Rename_Data
                0x0009748c                gpFileIO_Read_File
                0x00097518                gpFileIO_Write_File
                0x000975c0                gpFileIO_Remove_File
                0x00097624                gpFileIO_Rename_File
 .text          0x000976a0      0x774 /local/mnt/workspace/CRMBuilds/TZ.BF.4.0.3.c1-00005-M8996AAAAANAZT-1_20170110_230814/b/HK11/trustzone_images/core/securemsm/trustzone/qsapps/libs/applib/common_applib/build/secure_ui_sample/scorpion/IADAANAA/tzapp_entrylib.lib(gpFileService.o)
                0x000976a0                gpFileRead
                0x0009791c                gpFileWrite
                0x00097b9c                gpFileRemove
                0x00097ccc                gpFileRename
 .text          0x00097e14      0x204 /local/mnt/workspace/CRMBuilds/TZ.BF.4.0.3.c1-00005-M8996AAAAANAZT-1_20170110_230814/b/HK11/trustzone_images/core/securemsm/trustzone/qsapps/libs/applib/qsee/build/secure_ui_sample/scorpion/IADAANAA/tzapp_entrylib.lib(qsee_core_shim.o)
                0x00097e14                qsee_exec_protect_memory
                0x00097e38                qsee_is_sw_fuse_blown
                0x00097e58                qsee_blow_sw_fuse
                0x00097e78                qsee_ks_decrypt
                0x00097ec8                qsee_ks_get_key
                0x00097f30                qsee_ks_delete_key
                0x00097f50                qsee_ce_pipe_key_select
                0x00097f74                qsee_ce_disable_sequence
                0x00097f94                qsee_ice_set_context_config
                0x00097fb8                qsee_hdmi_status_read
                0x00097fd8                qsee_get_tz_app_id
                0x00097ff8                qsee_blsp_modify_ownership
 .text          0x00098018      0x192 /local/mnt/workspace/CRMBuilds/TZ.BF.4.0.3.c1-00005-M8996AAAAANAZT-1_20170110_230814/b/HK11/trustzone_images/core/securemsm/trustzone/qsapps/libs/applib/qsee/build/secure_ui_sample/scorpion/IADAANAA/tzapp_entrylib.lib(stor.o)
                0x00098018                check_rpmb_handle
                0x00098044                qsee_stor_device_init
                0x00098060                qsee_stor_open_partition
                0x00098088                qsee_stor_device_get_info
                0x000980ac                qsee_stor_client_get_info
                0x000980d4                qsee_stor_add_partition
                0x000980f4                qsee_stor_read_sectors
                0x0009812c                qsee_stor_write_sectors
                0x00098164                qsee_stor_read_wp_config
                0x00098174                qsee_stor_write_wp_config
                0x00098184                qsee_stor_remove_client
 *fill*         0x000981aa        0x2 
 .text          0x000981ac     0x159c /local/mnt/workspace/CRMBuilds/TZ.BF.4.0.3.c1-00005-M8996AAAAANAZT-1_20170110_230814/b/HK11/trustzone_images/core/securemsm/trustzone/qsapps/libs/applib/qsee/build/secure_ui_sample/scorpion/IADAANAA/tzapp_entrylib.lib(stor_gpt.o)
                0x000981ac                add_gpt_device_handle
                0x000982f8                add_gpt_client
                0x000983fc                gpt_dev_init
                0x000985e8                gpt_qsee_read_sectors
                0x00098854                gpt_qsee_write_sectors
                0x00098ab8                gpt_add_partitions
                0x00098e28                gpt_config_partitions
                0x00098f98                gpt_init
                0x00099214                gpt_open_partition
                0x000992fc                gpt_device_get_info
                0x00099404                gpt_client_get_info
                0x00099514                gpt_add_partition
                0x00099574                gpt_read_sectors
                0x00099654                gpt_write_sectors
 .text          0x00099748      0x1da /local/mnt/workspace/CRMBuilds/TZ.BF.4.0.3.c1-00005-M8996AAAAANAZT-1_20170110_230814/b/HK11/trustzone_images/core/securemsm/trustzone/qsapps/libs/applib/qsee/build/secure_ui_sample/scorpion/IADAANAA/tzapp_entrylib.lib(stor_rpmbw.o)
                0x00099748                rpmbw_init
                0x00099774                rpmbw_open_partition
                0x000997a4                rpmbw_device_get_info
                0x000997d4                rpmbw_client_get_info
                0x00099804                rpmbw_add_partition
                0x00099830                rpmbw_read_sectors
                0x00099868                rpmbw_write_sectors
                0x000998a0                rpmbw_read_wp_config
                0x000998cc                rpmbw_write_wp_config
                0x000998f8                rpmbw_remove_client
 *fill*         0x00099922        0x2 
 .text          0x00099924       0x24 /local/mnt/workspace/CRMBuilds/TZ.BF.4.0.3.c1-00005-M8996AAAAANAZT-1_20170110_230814/b/HK11/trustzone_images/core/securemsm/trustzone/qsapps/libs/applib/qsee/build/secure_ui_sample/scorpion/IADAANAA/tzapp_entrylib.lib(qsee_cfg_prop_shim.o)
                0x00099924                qsee_cfg_getpropval
 .text          0x00099948      0x48c /local/mnt/workspace/CRMBuilds/TZ.BF.4.0.3.c1-00005-M8996AAAAANAZT-1_20170110_230814/b/HK11/trustzone_images/core/securemsm/trustzone/qsapps/libs/applib/qsee/build/secure_ui_sample/scorpion/IADAANAA/tzapp_entrylib.lib(qsee_cipher.o)
                0x00099948                qsee_cipher_init
                0x000999ac                qsee_cipher_free_ctx
                0x000999d8                qsee_cipher_set_param
                0x00099b18                qsee_cipher_get_param
                0x00099c48                qsee_cipher_encrypt
                0x00099ce8                qsee_cipher_decrypt
                0x00099d88                qsee_cipher_reset
 .text          0x00099dd4      0x274 /local/mnt/workspace/CRMBuilds/TZ.BF.4.0.3.c1-00005-M8996AAAAANAZT-1_20170110_230814/b/HK11/trustzone_images/core/securemsm/trustzone/qsapps/libs/applib/qsee/build/secure_ui_sample/scorpion/IADAANAA/tzapp_entrylib.lib(qsee_hmac.o)
                0x00099dd4                qsee_hmac_init
                0x00099e44                qsee_hmac_free_ctx
                0x00099e70                qsee_hmac_update
                0x00099ee4                qsee_hmac_final
                0x00099f58                qsee_hmac_set_param
                0x00099fe0                qsee_hmac
 .text          0x0009a048        0x8 /local/mnt/workspace/CRMBuilds/TZ.BF.4.0.3.c1-00005-M8996AAAAANAZT-1_20170110_230814/b/HK11/trustzone_images/core/securemsm/trustzone/qsapps/libs/applib/qsee/build/secure_ui_sample/scorpion/IADAANAA/tzapp_entrylib.lib(gpPersistObjPanic.o)
                0x0009a048                TEE_Panic
                0x0009a04c                GPMemoryMgmt_verifyHandle
 .text          0x0009a050       0x10 /afs/localcell/cm/gv2.6/sysname/pkg.@sys/qct/software/llvm/release/arm/3.5.2.4/tools/lib32/lib/libc.a(abort.o)
                0x0009a050                abort
 .text          0x0009a060        0x6 /afs/localcell/cm/gv2.6/sysname/pkg.@sys/qct/software/llvm/release/arm/3.5.2.4/tools/lib32/lib/libc.a(fabs.o)
                0x0009a060                fabs
 *fill*         0x0009a066        0x2 
 .text          0x0009a068      0x19e /afs/localcell/cm/gv2.6/sysname/pkg.@sys/qct/software/llvm/release/arm/3.5.2.4/tools/lib32/lib/libc.a(sqrt.o)
                0x0009a068                sqrt
 *fill*         0x0009a206        0x2 
 .text          0x0009a208       0x3c /afs/localcell/cm/gv2.6/sysname/pkg.@sys/qct/software/llvm/release/arm/3.5.2.4/tools/lib32/lib/libc.a(raise.o)
                0x0009a208                raise
 .text          0x0009a244       0xee /afs/localcell/cm/gv2.6/sysname/pkg.@sys/qct/software/llvm/release/arm/3.5.2.4/tools/lib32/lib/libc.a(fflush.o)
                0x0009a244                fflush
                0x0009a2e8                fflush_unlocked
 *fill*         0x0009a332        0x2 
 .text          0x0009a334       0x22 /afs/localcell/cm/gv2.6/sysname/pkg.@sys/qct/software/llvm/release/arm/3.5.2.4/tools/lib32/lib/libc.a(memcmp.o)
                0x0009a334                memcmp
 *fill*         0x0009a356        0x2 
 .text          0x0009a358       0x1c /afs/localcell/cm/gv2.6/sysname/pkg.@sys/qct/software/llvm/release/arm/3.5.2.4/tools/lib32/lib/libc.a(syscall_ret.o)
                0x0009a358                __syscall_ret
 .text          0x0009a374       0x58 /afs/localcell/cm/gv2.6/sysname/pkg.@sys/qct/software/llvm/release/arm/3.5.2.4/tools/lib32/lib/libc.a(block.o)
                0x0009a374                __block_all_sigs
                0x0009a394                __block_app_sigs
                0x0009a3b4                __restore_sigs
 .text          0x0009a3cc       0x12 /afs/localcell/cm/gv2.6/sysname/pkg.@sys/qct/software/llvm/release/arm/3.5.2.4/tools/lib32/lib/libc.a(__stdio_close.o)
                0x0009a3cc                __stdio_close
 *fill*         0x0009a3de        0x2 
 .text          0x0009a3e0       0x38 /afs/localcell/cm/gv2.6/sysname/pkg.@sys/qct/software/llvm/release/arm/3.5.2.4/tools/lib32/lib/libc.a(__stdio_seek.o)
                0x0009a3e0                __stdio_seek
 .text          0x0009a418       0xe8 /afs/localcell/cm/gv2.6/sysname/pkg.@sys/qct/software/llvm/release/arm/3.5.2.4/tools/lib32/lib/libc.a(__stdio_write.o)
                0x0009a418                __stdio_write
 .text          0x0009a500       0x20 /afs/localcell/cm/gv2.6/sysname/pkg.@sys/qct/software/llvm/release/arm/3.5.2.4/tools/lib32/lib/libc.a(__syscall_cp.o)
                0x0009a500                __syscall_cp_c
                0x0009a51c                __syscall_cp
 .text          0x0009a520       0x26 /afs/localcell/cm/gv2.6/sysname/pkg.@sys/qct/software/llvm/release/arm/3.5.2.4/tools/lib32/lib/libc.a(pthread_cleanup_push.o)
                0x0009a520                __do_cleanup_push
                0x0009a520                __do_cleanup_pop
                0x0009a524                _pthread_cleanup_push
                0x0009a52c                _pthread_cleanup_pop
 *fill*         0x0009a546        0x2 
 .text          0x0009a548      0x190 /afs/localcell/cm/gv2.6/sysname/pkg.@sys/qct/software/llvm/release/arm/3.5.2.4/lib/clang/3.5.2/lib/linux/libclang_rt.builtins-arm.a(divsf3.c.o)
                0x0009a548                __divsf3
                0x0009a548                __aeabi_fdiv
 .text          0x0009a6d8       0x7c /afs/localcell/cm/gv2.6/sysname/pkg.@sys/qct/software/llvm/release/arm/3.5.2.4/lib/clang/3.5.2/lib/linux/libclang_rt.builtins-arm.a(extendsfdf2.c.o)
                0x0009a6d8                __extendsfdf2
                0x0009a6d8                __aeabi_f2d
 .text          0x0009a754       0x5e /afs/localcell/cm/gv2.6/sysname/pkg.@sys/qct/software/llvm/release/arm/3.5.2.4/lib/clang/3.5.2/lib/linux/libclang_rt.builtins-arm.a(fixdfsi.c.o)
                0x0009a754                __fixdfsi
                0x0009a754                __aeabi_d2iz
 *fill*         0x0009a7b2        0x2 
 .text          0x0009a7b4       0x5c /afs/localcell/cm/gv2.6/sysname/pkg.@sys/qct/software/llvm/release/arm/3.5.2.4/lib/clang/3.5.2/lib/linux/libclang_rt.builtins-arm.a(floatsidf.c.o)
                0x0009a7b4                __floatsidf
                0x0009a7b4                __aeabi_i2d
 .text          0x0009a810       0x7c /afs/localcell/cm/gv2.6/sysname/pkg.@sys/qct/software/llvm/release/arm/3.5.2.4/lib/clang/3.5.2/lib/linux/libclang_rt.builtins-arm.a(floatsisf.c.o)
                0x0009a810                __aeabi_i2f
                0x0009a810                __floatsisf
 .text          0x0009a88c       0x38 /local/mnt/workspace/CRMBuilds/TZ.BF.4.0.3.c1-00005-M8996AAAAANAZT-1_20170110_230814/b/HK11/trustzone_images/core/kernel/libstd/build/secure_ui_sample/scorpion/IADAANAA/libstd.lib(timesafe_memcmp.o)
                0x0009a88c                timesafe_memcmp
 .text          0x0009a8c4      0xc54 /local/mnt/workspace/CRMBuilds/TZ.BF.4.0.3.c1-00005-M8996AAAAANAZT-1_20170110_230814/b/HK11/trustzone_images/core/securemsm/sse/SecureTouch/controller/build/secure_ui_sample/scorpion/IADAANAA/drts_controller_msm8996.lib(atmel_mxt_ts.o)
                0x0009a8c4                dumpT9
                0x0009a98c                dumpT100
                0x0009a9ec                dumpT15
                0x0009ab14                dumpT42
                0x0009ab40                processT9
                0x0009abd0                processT100
                0x0009acb8                atmel_drTsOpen
                0x0009b2d4                atmel_drTsClose
                0x0009b35c                atmel_drTsProcessEvents
 .text          0x0009b518      0xb94 /local/mnt/workspace/CRMBuilds/TZ.BF.4.0.3.c1-00005-M8996AAAAANAZT-1_20170110_230814/b/HK11/trustzone_images/core/securemsm/sse/SecureTouch/controller/build/secure_ui_sample/scorpion/IADAANAA/drts_controller_msm8996.lib(synaptics_ts.o)
                0x0009b518                synReadF12
                0x0009b7ac                synaptics_drTsOpen
                0x0009bea8                synaptics_drTsClose
                0x0009bf30                synaptics_drTsProcessEvents
 .text          0x0009c0ac       0xd8 /local/mnt/workspace/CRMBuilds/TZ.BF.4.0.3.c1-00005-M8996AAAAANAZT-1_20170110_230814/b/HK11/trustzone_images/core/securemsm/sse/log/build/secure_ui_sample/scorpion/IADAANAA/sselog.lib(sselog.o)
                0x0009c0ac                dumpHex
 .text          0x0009c184      0x15c /local/mnt/workspace/CRMBuilds/TZ.BF.4.0.3.c1-00005-M8996AAAAANAZT-1_20170110_230814/b/HK11/trustzone_images/core/securemsm/sse/qsee/SecureTouch/drTs/controller/build/secure_ui_sample/scorpion/IADAANAA/touch_controller_i2c_msm8996.lib(atmel_mxt_ts_i2c.o)
                0x0009c184                atmel_i2cReadReg
                0x0009c228                atmel_i2cOpen
                0x0009c284                atmel_i2cClose
 .text          0x0009c2e0      0x148 /local/mnt/workspace/CRMBuilds/TZ.BF.4.0.3.c1-00005-M8996AAAAANAZT-1_20170110_230814/b/HK11/trustzone_images/core/securemsm/sse/qsee/SecureTouch/drTs/controller/build/secure_ui_sample/scorpion/IADAANAA/touch_controller_i2c_msm8996.lib(synaptics_ts_i2c.o)
                0x0009c2e0                synaptics_i2cReadReg
                0x0009c37c                synaptics_i2cWriteReg
                0x0009c3c8                synaptics_i2cOpen
                0x0009c3f8                synaptics_i2cClose
 .text          0x0009c428      0x31c /local/mnt/workspace/CRMBuilds/TZ.BF.4.0.3.c1-00005-M8996AAAAANAZT-1_20170110_230814/b/HK11/trustzone_images/core/securemsm/trustzone/qsapps/libs/applib/qsee/build/secure_ui_sample/scorpion/IADAANAA/tzapp_entrylib.lib(qsee_i2c.o)
                0x0009c428                qsee_i2c_open
                0x0009c4c4                qsee_i2c_close
                0x0009c550                qsee_i2c_read
                0x0009c694                qsee_i2c_write
 .text          0x0009c744       0x1a /afs/localcell/cm/gv2.6/sysname/pkg.@sys/qct/software/llvm/release/arm/3.5.2.4/tools/lib32/lib/libc.a(snprintf.o)
                0x0009c744                snprintf
 *(SORT(tzapp_syscall_asm))
 *fill*         0x0009c75e       0xa2 
 tzapp_syscall_asm
                0x0009c800       0x88 /local/mnt/workspace/CRMBuilds/TZ.BF.4.0.3.c1-00005-M8996AAAAANAZT-1_20170110_230814/b/HK11/trustzone_images/core/securemsm/trustzone/qsapps/libs/applib/qsee/build/secure_ui_sample/scorpion/IADAANAA/tzapp_entrylib.lib(tzapp_syscall.o)
                0x0009c800                app_export_init_info_to_qsee
                0x0009c838                qsee_wait_default_signal_syscall
                0x0009c864                qsee_generic_syscall
 tzapp_syscall_asm.__stub
                0x0009c888       0x10 linker stubs
 *(SORT(.rodata))
 *fill*         0x0009c898        0x8 
 .rodata        0x0009c8a0       0x14 /local/mnt/workspace/CRMBuilds/TZ.BF.4.0.3.c1-00005-M8996AAAAANAZT-1_20170110_230814/b/HK11/trustzone_images/core/securemsm/sse/qsee/SecureUI/build/secure_ui_sample/scorpion/IADAANAA/secure_ui.lib(SecureUI.o)
 *fill*         0x0009c8b4        0xc 
 .rodata        0x0009c8c0       0x58 /local/mnt/workspace/CRMBuilds/TZ.BF.4.0.3.c1-00005-M8996AAAAANAZT-1_20170110_230814/b/HK11/trustzone_images/core/securemsm/trustzone/qsapps/libs/applib/qsee/build/secure_ui_sample/scorpion/IADAANAA/tzapp_entrylib.lib(qsee_appmessage.o)
 *fill*         0x0009c918        0x8 
 .rodata        0x0009c920       0x30 /local/mnt/workspace/CRMBuilds/TZ.BF.4.0.3.c1-00005-M8996AAAAANAZT-1_20170110_230814/b/HK11/trustzone_images/core/securemsm/trustzone/qsapps/libs/applib/qsee/build/secure_ui_sample/scorpion/IADAANAA/tzapp_entrylib.lib(qsee_cipher.o)
 .rodata        0x0009c950       0x40 /afs/localcell/cm/gv2.6/sysname/pkg.@sys/qct/software/llvm/release/arm/3.5.2.4/tools/lib32/lib/libc.a(atan2.o)
 .rodata        0x0009c990      0x148 /afs/localcell/cm/gv2.6/sysname/pkg.@sys/qct/software/llvm/release/arm/3.5.2.4/tools/lib32/lib/libc.a(__rem_pio2_large.o)
 .rodata        0x0009cad8       0x40 /afs/localcell/cm/gv2.6/sysname/pkg.@sys/qct/software/llvm/release/arm/3.5.2.4/tools/lib32/lib/libc.a(atan.o)
 .rodata        0x0009cb18        0x4 /local/mnt/workspace/CRMBuilds/TZ.BF.4.0.3.c1-00005-M8996AAAAANAZT-1_20170110_230814/b/HK11/trustzone_images/apps/securemsm/trustzone/qsapps/secure_ui_sample/build/secure_ui_sample/scorpion/IADAANAA/metadata.o
                0x0009cb18                TA_ACCEPT_BUF_SIZE
 .rodata        0x0009cb1c       0x18 /local/mnt/workspace/CRMBuilds/TZ.BF.4.0.3.c1-00005-M8996AAAAANAZT-1_20170110_230814/b/HK11/trustzone_images/core/securemsm/sse/qsee/SecureUI/build/secure_ui_sample/scorpion/IADAANAA/secure_ui_tui.lib(font_manager.o)
 .rodata        0x0009cb34        0xc /local/mnt/workspace/CRMBuilds/TZ.BF.4.0.3.c1-00005-M8996AAAAANAZT-1_20170110_230814/b/HK11/trustzone_images/core/securemsm/trustzone/qsapps/libs/applib/qsee/build/secure_ui_sample/scorpion/IADAANAA/tzapp_entrylib.lib(qsee_hash.o)
 .rodata        0x0009cb40      0xb40 /local/mnt/workspace/CRMBuilds/TZ.BF.4.0.3.c1-00005-M8996AAAAANAZT-1_20170110_230814/b/HK11/trustzone_images/core/securemsm/sse/qsee/SecureDisplay/libgd/build/secure_ui_sample/scorpion/IADAANAA/libgd.lib(gdtables.o)
                0x0009cb40                gdCosT
                0x0009d0e0                gdSinT
 .rodata        0x0009d680     0x2000 /local/mnt/workspace/CRMBuilds/TZ.BF.4.0.3.c1-00005-M8996AAAAANAZT-1_20170110_230814/b/HK11/trustzone_images/core/securemsm/sse/qsee/SecureDisplay/zlib/build/secure_ui_sample/scorpion/IADAANAA/zlib.lib(crc32.o)
 .rodata        0x0009f680       0x10 /afs/localcell/cm/gv2.6/sysname/pkg.@sys/qct/software/llvm/release/arm/3.5.2.4/tools/lib32/lib/libc.a(block.o)
 .rodata        0x0009f690        0xc /local/mnt/workspace/CRMBuilds/TZ.BF.4.0.3.c1-00005-M8996AAAAANAZT-1_20170110_230814/b/HK11/trustzone_images/core/securemsm/trustzone/qsapps/libs/applib/qsee/build/secure_ui_sample/scorpion/IADAANAA/tzapp_entrylib.lib(qsee_i2c.o)
 .rodata        0x0009f69c      0x8a6 /local/mnt/workspace/CRMBuilds/TZ.BF.4.0.3.c1-00005-M8996AAAAANAZT-1_20170110_230814/b/HK11/trustzone_images/core/securemsm/sse/qsee/SecureDisplay/zlib/build/secure_ui_sample/scorpion/IADAANAA/zlib.lib(inflate.o)
 .rodata        0x0009ff42      0x12c /local/mnt/workspace/CRMBuilds/TZ.BF.4.0.3.c1-00005-M8996AAAAANAZT-1_20170110_230814/b/HK11/trustzone_images/core/securemsm/sse/qsee/SecureDisplay/zlib/build/secure_ui_sample/scorpion/IADAANAA/zlib.lib(inftrees.o)
                0x0009ff42                inflate_copyright
 .rodata        0x000a006e      0x1d0 /afs/localcell/cm/gv2.6/sysname/pkg.@sys/qct/software/llvm/release/arm/3.5.2.4/tools/lib32/lib/libc.a(vfprintf.o)
 .rodata        0x000a023e      0x70c /afs/localcell/cm/gv2.6/sysname/pkg.@sys/qct/software/llvm/release/arm/3.5.2.4/tools/lib32/lib/libc.a(strerror.o)
 .rodata        0x000a094a       0x1c /local/mnt/workspace/CRMBuilds/TZ.BF.4.0.3.c1-00005-M8996AAAAANAZT-1_20170110_230814/b/HK11/trustzone_images/core/securemsm/sse/qsee/SecureDisplay/libpng/build/secure_ui_sample/scorpion/IADAANAA/libpng.lib(pngrutil.o)
 .rodata        0x000a0966      0x140 /local/mnt/workspace/CRMBuilds/TZ.BF.4.0.3.c1-00005-M8996AAAAANAZT-1_20170110_230814/b/HK11/trustzone_images/core/securemsm/sse/qsee/SecureDisplay/zlib/build/secure_ui_sample/scorpion/IADAANAA/zlib.lib(zutil.o)
                0x000a0966                z_errmsg
 *(SORT(EXCLUDE_FILE(*\metadata.o) .rodata.*))
 *fill*         0x000a0aa6        0x2 
 .rodata.cst16  0x000a0aa8       0x10 /afs/localcell/cm/gv2.6/sysname/pkg.@sys/qct/software/llvm/release/arm/3.5.2.4/tools/lib32/lib/libc.a(__rem_pio2_large.o)
 .rodata.str1.1
                0x000a0ab8      0xa57 /local/mnt/workspace/CRMBuilds/TZ.BF.4.0.3.c1-00005-M8996AAAAANAZT-1_20170110_230814/b/HK11/trustzone_images/apps/securemsm/trustzone/qsapps/secure_ui_sample/build/secure_ui_sample/scorpion/IADAANAA/app_main.o
                                0xa58 (size before relaxing)
 .rodata.str1.1
                0x000a150f      0x8db /local/mnt/workspace/CRMBuilds/TZ.BF.4.0.3.c1-00005-M8996AAAAANAZT-1_20170110_230814/b/HK11/trustzone_images/core/securemsm/sse/qsee/SecureUI/build/secure_ui_sample/scorpion/IADAANAA/secure_ui.lib(SecureUI.o)
                                0x906 (size before relaxing)
 .rodata.str1.1
                0x000a1dea     0x26d8 /local/mnt/workspace/CRMBuilds/TZ.BF.4.0.3.c1-00005-M8996AAAAANAZT-1_20170110_230814/b/HK11/trustzone_images/core/securemsm/sse/qsee/SecureUI/build/secure_ui_sample/scorpion/IADAANAA/secure_ui_tui.lib(qsee_tui_dialogs.o)
                               0x2719 (size before relaxing)
 .rodata.str1.1
                0x000a44c2     0x174e /local/mnt/workspace/CRMBuilds/TZ.BF.4.0.3.c1-00005-M8996AAAAANAZT-1_20170110_230814/b/HK11/trustzone_images/core/securemsm/sse/qsee/SecureUI/build/secure_ui_sample/scorpion/IADAANAA/secure_ui_tui.lib(layout_manager.o)
                               0x179d (size before relaxing)
 .rodata.str1.1
                0x000a5c10     0x13cd /local/mnt/workspace/CRMBuilds/TZ.BF.4.0.3.c1-00005-M8996AAAAANAZT-1_20170110_230814/b/HK11/trustzone_images/core/securemsm/sse/qsee/SecureUI/build/secure_ui_sample/scorpion/IADAANAA/secure_ui_tui.lib(secure_display_renderer.o)
                               0x140a (size before relaxing)
 .rodata.str1.1
                0x000a6fdd      0xb2f /local/mnt/workspace/CRMBuilds/TZ.BF.4.0.3.c1-00005-M8996AAAAANAZT-1_20170110_230814/b/HK11/trustzone_images/core/securemsm/sse/qsee/SecureUI/build/secure_ui_sample/scorpion/IADAANAA/secure_ui_tui.lib(font_manager.o)
                                0xb67 (size before relaxing)
 .rodata.str1.1
                0x000a7b0c       0x5d /local/mnt/workspace/CRMBuilds/TZ.BF.4.0.3.c1-00005-M8996AAAAANAZT-1_20170110_230814/b/HK11/trustzone_images/core/securemsm/sse/qsee/SecureUILib/lib/build/secure_ui_sample/scorpion/IADAANAA/secure_ui_lib.lib(SecureUILib.o)
                                 0x63 (size before relaxing)
 .rodata.str1.1
                0x000a7b69       0x84 /local/mnt/workspace/CRMBuilds/TZ.BF.4.0.3.c1-00005-M8996AAAAANAZT-1_20170110_230814/b/HK11/trustzone_images/core/securemsm/sse/qsee/SecureUILib/lib/build/secure_ui_sample/scorpion/IADAANAA/secure_ui_lib.lib(01_startTouch.o)
                                 0xa0 (size before relaxing)
 .rodata.str1.1
                0x000a7bed       0xa4 /local/mnt/workspace/CRMBuilds/TZ.BF.4.0.3.c1-00005-M8996AAAAANAZT-1_20170110_230814/b/HK11/trustzone_images/core/securemsm/sse/qsee/SecureUILib/lib/build/secure_ui_sample/scorpion/IADAANAA/secure_ui_lib.lib(02_processTouch.o)
                                 0xd6 (size before relaxing)
 .rodata.str1.1
                0x000a7c91       0x52 /local/mnt/workspace/CRMBuilds/TZ.BF.4.0.3.c1-00005-M8996AAAAANAZT-1_20170110_230814/b/HK11/trustzone_images/core/securemsm/sse/qsee/SecureUILib/lib/build/secure_ui_sample/scorpion/IADAANAA/secure_ui_lib.lib(03_stopTouch.o)
                                 0x99 (size before relaxing)
 .rodata.str1.1
                0x000a7ce3       0x4f /local/mnt/workspace/CRMBuilds/TZ.BF.4.0.3.c1-00005-M8996AAAAANAZT-1_20170110_230814/b/HK11/trustzone_images/core/securemsm/sse/qsee/SecureUILib/lib/build/secure_ui_sample/scorpion/IADAANAA/secure_ui_lib.lib(04_prepareRequest.o)
                                 0x6b (size before relaxing)
 .rodata.str1.1
                0x000a7d32       0x9c /local/mnt/workspace/CRMBuilds/TZ.BF.4.0.3.c1-00005-M8996AAAAANAZT-1_20170110_230814/b/HK11/trustzone_images/core/securemsm/sse/qsee/SecureUILib/lib/build/secure_ui_sample/scorpion/IADAANAA/secure_ui_lib.lib(05_storeIndicator.o)
                                 0xc8 (size before relaxing)
 .rodata.str1.1
                0x000a7dce        0x9 /local/mnt/workspace/CRMBuilds/TZ.BF.4.0.3.c1-00005-M8996AAAAANAZT-1_20170110_230814/b/HK11/trustzone_images/core/securemsm/trustzone/qsapps/libs/applib/common_applib/build/secure_ui_sample/scorpion/IADAANAA/tzapp_entrylib.lib(common_applib.o)
 .rodata.str1.1
                0x000a7dd7       0xe5 /local/mnt/workspace/CRMBuilds/TZ.BF.4.0.3.c1-00005-M8996AAAAANAZT-1_20170110_230814/b/HK11/trustzone_images/core/securemsm/trustzone/qsapps/libs/applib/qsee/build/secure_ui_sample/scorpion/IADAANAA/tzapp_entrylib.lib(qsee_shared_buffer.o)
 .rodata.str1.1
                0x000a7ebc       0xc0 /local/mnt/workspace/CRMBuilds/TZ.BF.4.0.3.c1-00005-M8996AAAAANAZT-1_20170110_230814/b/HK11/trustzone_images/core/securemsm/trustzone/qsapps/libs/applib/qsee/build/secure_ui_sample/scorpion/IADAANAA/tzapp_entrylib.lib(sfs_api.o)
 .rodata.str1.1
                0x000a7f7c       0x36 /afs/localcell/cm/gv2.6/sysname/pkg.@sys/qct/software/llvm/release/arm/3.5.2.4/tools/lib32/lib/libc.a(vfprintf.o)
 .rodata.cst16  0x000a7fb2       0x10 /afs/localcell/cm/gv2.6/sysname/pkg.@sys/qct/software/llvm/release/arm/3.5.2.4/tools/lib32/lib/libc.a(vfprintf.o)
 .rodata.str1.1
                0x000a7fc2       0x58 /afs/localcell/cm/gv2.6/sysname/pkg.@sys/qct/software/llvm/release/arm/3.5.2.4/tools/lib32/lib/libc.a(strerror.o)
 .rodata.str1.1
                0x000a801a      0x51d /local/mnt/workspace/CRMBuilds/TZ.BF.4.0.3.c1-00005-M8996AAAAANAZT-1_20170110_230814/b/HK11/trustzone_images/apps/securemsm/trustzone/qsapps/secure_ui_sample/layouts/build/secure_ui_sample/scorpion/IADAANAA/secure_ui_layout.lib(layout_8996_fluid.o)
                                0x667 (size before relaxing)
 .rodata.str1.1
                0x000a8537      0x8eb /local/mnt/workspace/CRMBuilds/TZ.BF.4.0.3.c1-00005-M8996AAAAANAZT-1_20170110_230814/b/HK11/trustzone_images/core/securemsm/sse/SecureTouch/layout/build/secure_ui_sample/scorpion/IADAANAA/sklayout.lib(layoutUtils.o)
                                0x917 (size before relaxing)
 .rodata.str1.1
                0x000a8e22       0x39 /local/mnt/workspace/CRMBuilds/TZ.BF.4.0.3.c1-00005-M8996AAAAANAZT-1_20170110_230814/b/HK11/trustzone_images/core/securemsm/sse/qsee/SecureDisplay/libgd/build/secure_ui_sample/scorpion/IADAANAA/libgd.lib(gd.o)
 .rodata.str1.1
                0x000a8e5b       0xc7 /local/mnt/workspace/CRMBuilds/TZ.BF.4.0.3.c1-00005-M8996AAAAANAZT-1_20170110_230814/b/HK11/trustzone_images/core/securemsm/sse/qsee/SecureDisplay/libgd/build/secure_ui_sample/scorpion/IADAANAA/libgd.lib(gd_security.o)
 .rodata.str1.1
                0x000a8f22      0x1b3 /local/mnt/workspace/CRMBuilds/TZ.BF.4.0.3.c1-00005-M8996AAAAANAZT-1_20170110_230814/b/HK11/trustzone_images/core/securemsm/sse/qsee/SecureDisplay/libpng/build/secure_ui_sample/scorpion/IADAANAA/libpng.lib(png.o)
                                0x1ba (size before relaxing)
 .rodata.str1.1
                0x00000000        0x1 /local/mnt/workspace/CRMBuilds/TZ.BF.4.0.3.c1-00005-M8996AAAAANAZT-1_20170110_230814/b/HK11/trustzone_images/core/securemsm/sse/qsee/SecureDisplay/libpng/build/secure_ui_sample/scorpion/IADAANAA/libpng.lib(pngerror.o)
 .rodata.str1.1
                0x000a90d5       0x15 /local/mnt/workspace/CRMBuilds/TZ.BF.4.0.3.c1-00005-M8996AAAAANAZT-1_20170110_230814/b/HK11/trustzone_images/core/securemsm/sse/qsee/SecureDisplay/libpng/build/secure_ui_sample/scorpion/IADAANAA/libpng.lib(pngrutil.o)
 .rodata.str1.1
                0x000a90ea      0x1cd /local/mnt/workspace/CRMBuilds/TZ.BF.4.0.3.c1-00005-M8996AAAAANAZT-1_20170110_230814/b/HK11/trustzone_images/core/securemsm/sse/qsee/SecureDisplay/zlib/build/secure_ui_sample/scorpion/IADAANAA/zlib.lib(inflate.o)
 .rodata.str1.1
                0x00000000        0x6 /local/mnt/workspace/CRMBuilds/TZ.BF.4.0.3.c1-00005-M8996AAAAANAZT-1_20170110_230814/b/HK11/trustzone_images/core/securemsm/sse/qsee/SecureDisplay/zlib/build/secure_ui_sample/scorpion/IADAANAA/zlib.lib(zutil.o)
 .rodata.str1.1
                0x00000000       0x50 /local/mnt/workspace/CRMBuilds/TZ.BF.4.0.3.c1-00005-M8996AAAAANAZT-1_20170110_230814/b/HK11/trustzone_images/core/securemsm/sse/qsee/SecureDisplay/zlib/build/secure_ui_sample/scorpion/IADAANAA/zlib.lib(inffast.o)
 .rodata.str1.1
                0x000a92b7       0x98 /local/mnt/workspace/CRMBuilds/TZ.BF.4.0.3.c1-00005-M8996AAAAANAZT-1_20170110_230814/b/HK11/trustzone_images/core/securemsm/sse/qsee/SecureTouch/drTs/lib/build/secure_ui_sample/scorpion/IADAANAA/touch_lib.lib(01_open.o)
                                 0xb4 (size before relaxing)
 .rodata.str1.1
                0x000a934f       0xbc /local/mnt/workspace/CRMBuilds/TZ.BF.4.0.3.c1-00005-M8996AAAAANAZT-1_20170110_230814/b/HK11/trustzone_images/core/securemsm/sse/qsee/SecureTouch/drTs/lib/build/secure_ui_sample/scorpion/IADAANAA/touch_lib.lib(02_close.o)
                                 0xd8 (size before relaxing)
 .rodata.str1.1
                0x000a940b      0x116 /local/mnt/workspace/CRMBuilds/TZ.BF.4.0.3.c1-00005-M8996AAAAANAZT-1_20170110_230814/b/HK11/trustzone_images/core/securemsm/sse/qsee/SecureTouch/drTs/lib/build/secure_ui_sample/scorpion/IADAANAA/touch_lib.lib(03_getData.o)
                                0x13c (size before relaxing)
 .rodata.str1.1
                0x000a9521       0xb1 /local/mnt/workspace/CRMBuilds/TZ.BF.4.0.3.c1-00005-M8996AAAAANAZT-1_20170110_230814/b/HK11/trustzone_images/core/securemsm/trustzone/qsapps/libs/applib/common_applib/build/secure_ui_sample/scorpion/IADAANAA/tzapp_entrylib.lib(gpPersistObjCommon.o)
                                 0xcb (size before relaxing)
 .rodata.str1.1
                0x000a95d2      0x172 /local/mnt/workspace/CRMBuilds/TZ.BF.4.0.3.c1-00005-M8996AAAAANAZT-1_20170110_230814/b/HK11/trustzone_images/core/securemsm/trustzone/qsapps/libs/applib/common_applib/build/secure_ui_sample/scorpion/IADAANAA/tzapp_entrylib.lib(gpPersistentObjects.o)
                                0x18a (size before relaxing)
 .rodata.str1.1
                0x000a9744      0x31c /local/mnt/workspace/CRMBuilds/TZ.BF.4.0.3.c1-00005-M8996AAAAANAZT-1_20170110_230814/b/HK11/trustzone_images/core/securemsm/trustzone/qsapps/libs/applib/common_applib/build/secure_ui_sample/scorpion/IADAANAA/tzapp_entrylib.lib(gpPersistObjData.o)
                                0x334 (size before relaxing)
 .rodata.str1.1
                0x000a9a60       0xcc /local/mnt/workspace/CRMBuilds/TZ.BF.4.0.3.c1-00005-M8996AAAAANAZT-1_20170110_230814/b/HK11/trustzone_images/core/securemsm/trustzone/qsapps/libs/applib/common_applib/build/secure_ui_sample/scorpion/IADAANAA/tzapp_entrylib.lib(gpPersistObjHandler.o)
                                 0xe4 (size before relaxing)
 .rodata.str1.1
                0x000a9b2c      0x182 /local/mnt/workspace/CRMBuilds/TZ.BF.4.0.3.c1-00005-M8996AAAAANAZT-1_20170110_230814/b/HK11/trustzone_images/core/securemsm/trustzone/qsapps/libs/applib/common_applib/build/secure_ui_sample/scorpion/IADAANAA/tzapp_entrylib.lib(gpPersistObjIndex.o)
                                0x19f (size before relaxing)
 .rodata.str1.1
                0x000a9cae      0x1e5 /local/mnt/workspace/CRMBuilds/TZ.BF.4.0.3.c1-00005-M8996AAAAANAZT-1_20170110_230814/b/HK11/trustzone_images/core/securemsm/trustzone/qsapps/libs/applib/common_applib/build/secure_ui_sample/scorpion/IADAANAA/tzapp_entrylib.lib(gpPersistObjVersion.o)
                                0x202 (size before relaxing)
 .rodata.str1.1
                0x000a9e93      0x163 /local/mnt/workspace/CRMBuilds/TZ.BF.4.0.3.c1-00005-M8996AAAAANAZT-1_20170110_230814/b/HK11/trustzone_images/core/securemsm/trustzone/qsapps/libs/applib/common_applib/build/secure_ui_sample/scorpion/IADAANAA/tzapp_entrylib.lib(gpPersistObjCrypto.o)
                                0x17b (size before relaxing)
 .rodata.str1.1
                0x000a9ff6       0x9a /local/mnt/workspace/CRMBuilds/TZ.BF.4.0.3.c1-00005-M8996AAAAANAZT-1_20170110_230814/b/HK11/trustzone_images/core/securemsm/trustzone/qsapps/libs/applib/common_applib/build/secure_ui_sample/scorpion/IADAANAA/tzapp_entrylib.lib(gpPersistObjFileIO.o)
                                 0xb2 (size before relaxing)
 .rodata.str1.1
                0x000aa090       0x31 /local/mnt/workspace/CRMBuilds/TZ.BF.4.0.3.c1-00005-M8996AAAAANAZT-1_20170110_230814/b/HK11/trustzone_images/core/securemsm/trustzone/qsapps/libs/applib/common_applib/build/secure_ui_sample/scorpion/IADAANAA/tzapp_entrylib.lib(gpFileService.o)
                                 0x49 (size before relaxing)
 .rodata.str1.1