Archive member included because of file (symbol)

/local/mnt/workspace/CRMBuilds/TZ.BF.4.0.3.c1-00005-M8996AAAAANAZT-1_20170110_230814/b/HK11/trustzone_images/core/securemsm/sse/qsee/SecureDisplay/libpng/build/secureindicator/scorpion/IADAANAA/libpng.lib(png.o)
                              /local/mnt/workspace/CRMBuilds/TZ.BF.4.0.3.c1-00005-M8996AAAAANAZT-1_20170110_230814/b/HK11/trustzone_images/apps/securemsm/trustzone/qsapps/secureindicator/build/secureindicator/scorpion/IADAANAA/si.o (png_create_info_struct)
/local/mnt/workspace/CRMBuilds/TZ.BF.4.0.3.c1-00005-M8996AAAAANAZT-1_20170110_230814/b/HK11/trustzone_images/core/securemsm/sse/qsee/SecureDisplay/libpng/build/secureindicator/scorpion/IADAANAA/libpng.lib(pngerror.o)
                              /local/mnt/workspace/CRMBuilds/TZ.BF.4.0.3.c1-00005-M8996AAAAANAZT-1_20170110_230814/b/HK11/trustzone_images/core/securemsm/sse/qsee/SecureDisplay/libpng/build/secureindicator/scorpion/IADAANAA/libpng.lib(png.o) (png_err)
/local/mnt/workspace/CRMBuilds/TZ.BF.4.0.3.c1-00005-M8996AAAAANAZT-1_20170110_230814/b/HK11/trustzone_images/core/securemsm/sse/qsee/SecureDisplay/libpng/build/secureindicator/scorpion/IADAANAA/libpng.lib(pngget.o)
                              /local/mnt/workspace/CRMBuilds/TZ.BF.4.0.3.c1-00005-M8996AAAAANAZT-1_20170110_230814/b/HK11/trustzone_images/apps/securemsm/trustzone/qsapps/secureindicator/build/secureindicator/scorpion/IADAANAA/si.o (png_get_IHDR)
/local/mnt/workspace/CRMBuilds/TZ.BF.4.0.3.c1-00005-M8996AAAAANAZT-1_20170110_230814/b/HK11/trustzone_images/core/securemsm/sse/qsee/SecureDisplay/libpng/build/secureindicator/scorpion/IADAANAA/libpng.lib(pngmem.o)
                              /local/mnt/workspace/CRMBuilds/TZ.BF.4.0.3.c1-00005-M8996AAAAANAZT-1_20170110_230814/b/HK11/trustzone_images/core/securemsm/sse/qsee/SecureDisplay/libpng/build/secureindicator/scorpion/IADAANAA/libpng.lib(png.o) (png_free)
/local/mnt/workspace/CRMBuilds/TZ.BF.4.0.3.c1-00005-M8996AAAAANAZT-1_20170110_230814/b/HK11/trustzone_images/core/securemsm/sse/qsee/SecureDisplay/libpng/build/secureindicator/scorpion/IADAANAA/libpng.lib(pngread.o)
                              /local/mnt/workspace/CRMBuilds/TZ.BF.4.0.3.c1-00005-M8996AAAAANAZT-1_20170110_230814/b/HK11/trustzone_images/apps/securemsm/trustzone/qsapps/secureindicator/build/secureindicator/scorpion/IADAANAA/si.o (png_create_read_struct)
/local/mnt/workspace/CRMBuilds/TZ.BF.4.0.3.c1-00005-M8996AAAAANAZT-1_20170110_230814/b/HK11/trustzone_images/core/securemsm/sse/qsee/SecureDisplay/libpng/build/secureindicator/scorpion/IADAANAA/libpng.lib(pngrio.o)
                              /local/mnt/workspace/CRMBuilds/TZ.BF.4.0.3.c1-00005-M8996AAAAANAZT-1_20170110_230814/b/HK11/trustzone_images/apps/securemsm/trustzone/qsapps/secureindicator/build/secureindicator/scorpion/IADAANAA/si.o (png_set_read_fn)
/local/mnt/workspace/CRMBuilds/TZ.BF.4.0.3.c1-00005-M8996AAAAANAZT-1_20170110_230814/b/HK11/trustzone_images/core/securemsm/sse/qsee/SecureDisplay/libpng/build/secureindicator/scorpion/IADAANAA/libpng.lib(pngrutil.o)
                              /local/mnt/workspace/CRMBuilds/TZ.BF.4.0.3.c1-00005-M8996AAAAANAZT-1_20170110_230814/b/HK11/trustzone_images/core/securemsm/sse/qsee/SecureDisplay/libpng/build/secureindicator/scorpion/IADAANAA/libpng.lib(pngread.o) (png_combine_row)
/local/mnt/workspace/CRMBuilds/TZ.BF.4.0.3.c1-00005-M8996AAAAANAZT-1_20170110_230814/b/HK11/trustzone_images/core/securemsm/sse/qsee/SecureDisplay/libpng/build/secureindicator/scorpion/IADAANAA/libpng.lib(pngset.o)
                              /local/mnt/workspace/CRMBuilds/TZ.BF.4.0.3.c1-00005-M8996AAAAANAZT-1_20170110_230814/b/HK11/trustzone_images/core/securemsm/sse/qsee/SecureDisplay/libpng/build/secureindicator/scorpion/IADAANAA/libpng.lib(pngrutil.o) (png_set_IHDR)
/local/mnt/workspace/CRMBuilds/TZ.BF.4.0.3.c1-00005-M8996AAAAANAZT-1_20170110_230814/b/HK11/trustzone_images/core/securemsm/sse/qsee/SecureDisplay/zlib/build/secureindicator/scorpion/IADAANAA/zlib.lib(crc32.o)
                              /local/mnt/workspace/CRMBuilds/TZ.BF.4.0.3.c1-00005-M8996AAAAANAZT-1_20170110_230814/b/HK11/trustzone_images/core/securemsm/sse/qsee/SecureDisplay/libpng/build/secureindicator/scorpion/IADAANAA/libpng.lib(png.o) (crc32)
/local/mnt/workspace/CRMBuilds/TZ.BF.4.0.3.c1-00005-M8996AAAAANAZT-1_20170110_230814/b/HK11/trustzone_images/core/securemsm/sse/qsee/SecureDisplay/zlib/build/secureindicator/scorpion/IADAANAA/zlib.lib(inflate.o)
                              /local/mnt/workspace/CRMBuilds/TZ.BF.4.0.3.c1-00005-M8996AAAAANAZT-1_20170110_230814/b/HK11/trustzone_images/core/securemsm/sse/qsee/SecureDisplay/libpng/build/secureindicator/scorpion/IADAANAA/libpng.lib(pngrutil.o) (inflate)
/local/mnt/workspace/CRMBuilds/TZ.BF.4.0.3.c1-00005-M8996AAAAANAZT-1_20170110_230814/b/HK11/trustzone_images/core/securemsm/sse/qsee/SecureDisplay/zlib/build/secureindicator/scorpion/IADAANAA/zlib.lib(inftrees.o)
[...]
Memory Configuration

Name             Origin             Length             Attributes
*default*        0x00000000         0xffffffff

Linker script and memory map


.text           0x00000000    0x16847
 *\tzapp_entry.o(SORT(TZAPPENTRYCODE))
 TZAPPENTRYCODE
                0x00000000       0x4c /local/mnt/workspace/CRMBuilds/TZ.BF.4.0.3.c1-00005-M8996AAAAANAZT-1_20170110_230814/b/HK11/trustzone_images/core/securemsm/trustzone/qsapps/libs/applib/qsee/build/secureindicator/scorpion/IADAANAA/src/tzapp_entry.o
                0x00000000                __main
                0x00000000                TZAPPENTRY
                0x00000000                _main
                0x0000003c                get_cmnlib_ctx_ptr
 *(SORT(.text) SORT(.text.*) SORT(kthread_shared))
 .text          0x0000004c      0x114 /local/mnt/workspace/CRMBuilds/TZ.BF.4.0.3.c1-00005-M8996AAAAANAZT-1_20170110_230814/b/HK11/trustzone_images/apps/securemsm/trustzone/qsapps/secureindicator/build/secureindicator/scorpion/IADAANAA/si_main.o
                0x0000004c                tz_app_init
                0x00000074                tz_app_cmd_handler
                0x0000014c                tz_app_shutdown
 .text          0x00000160      0x638 /local/mnt/workspace/CRMBuilds/TZ.BF.4.0.3.c1-00005-M8996AAAAANAZT-1_20170110_230814/b/HK11/trustzone_images/apps/securemsm/trustzone/qsapps/secureindicator/build/secureindicator/scorpion/IADAANAA/si.o
                0x00000160                is_indicator_provisioned
                0x00000190                store_indicator
                0x00000438                provide_indicator
                0x00000664                get_indicator_dimensions
                0x00000694                remove_indicator
 .text          0x00000798      0x4e6 /local/mnt/workspace/CRMBuilds/TZ.BF.4.0.3.c1-00005-M8996AAAAANAZT-1_20170110_230814/b/HK11/trustzone_images/core/securemsm/sse/qsee/SecureDisplay/libpng/build/secureindicator/scorpion/IADAANAA/libpng.lib(png.o)
                0x00000798                png_set_sig_bytes
                0x000007b0                png_sig_cmp
                0x00000824                png_zalloc
                0x0000083c                png_zfree
                0x00000840                png_reset_crc
                0x00000858                png_calculate_crc
                0x000008ac                png_user_version_check
                0x00000918                png_get_header_ver
                0x00000924                png_create_png_struct
                0x000009cc                png_create_info_struct
                0x000009ec                png_destroy_info_struct
                0x00000a2c                png_free_data
                0x00000a80                png_data_freer
                0x00000ab0                png_get_io_ptr
                0x00000abc                png_get_copyright
                0x00000ac8                png_get_libpng_ver
                0x00000ad4                png_get_header_version
                0x00000ae0                png_reset_zstream
                0x00000af0                png_access_version_number
                0x00000af8                png_zstream_error
                0x00000b90                png_check_IHDR
 *fill*         0x00000c7e        0x2 
 .text          0x00000c80       0x8c /local/mnt/workspace/CRMBuilds/TZ.BF.4.0.3.c1-00005-M8996AAAAANAZT-1_20170110_230814/b/HK11/trustzone_images/core/securemsm/sse/qsee/SecureDisplay/libpng/build/secureindicator/scorpion/IADAANAA/libpng.lib(pngerror.o)
                0x00000c80                png_err
                0x00000c9c                png_safecat
                0x00000cd4                png_chunk_report
                0x00000cec                png_longjmp
                0x00000cf4                png_set_error_fn
                0x00000d00                png_get_error_ptr
 .text          0x00000d0c      0x116 /local/mnt/workspace/CRMBuilds/TZ.BF.4.0.3.c1-00005-M8996AAAAANAZT-1_20170110_230814/b/HK11/trustzone_images/core/securemsm/sse/qsee/SecureDisplay/libpng/build/secureindicator/scorpion/IADAANAA/libpng.lib(pngget.o)
                0x00000d0c                png_get_valid
                0x00000d20                png_get_rowbytes
                0x00000d30                png_get_channels
                0x00000d40                png_get_signature
                0x00000d5c                png_get_IHDR
                0x00000de8                png_get_PLTE
                0x00000e14                png_get_compression_buffer_size
 *fill*         0x00000e22        0x2 
 .text          0x00000e24      0x11a /local/mnt/workspace/CRMBuilds/TZ.BF.4.0.3.c1-00005-M8996AAAAANAZT-1_20170110_230814/b/HK11/trustzone_images/core/securemsm/sse/qsee/SecureDisplay/libpng/build/secureindicator/scorpion/IADAANAA/libpng.lib(pngmem.o)
                0x00000e24                png_destroy_png_struct
                0x00000e74                png_free
                0x00000e8c                png_calloc
                0x00000ea8                png_malloc
                0x00000ec4                png_malloc_base
                0x00000ee0                png_malloc_default
                0x00000efc                png_malloc_warn
                0x00000f14                png_free_default
                0x00000f24                png_set_mem_fn
                0x00000f30                png_get_mem_ptr
 *fill*         0x00000f3e        0x2 
 .text          0x00000f40      0x4c6 /local/mnt/workspace/CRMBuilds/TZ.BF.4.0.3.c1-00005-M8996AAAAANAZT-1_20170110_230814/b/HK11/trustzone_images/core/securemsm/sse/qsee/SecureDisplay/libpng/build/secureindicator/scorpion/IADAANAA/libpng.lib(pngread.o)
                0x00000f40                malloc_fn
                0x00000f48                free_fn
                0x00000f50                png_create_read_struct
                0x00000f8c                png_create_read_struct_2
                0x00000fd0                png_read_info
                0x000010a4                png_read_update_info
                0x000010c0                png_start_read_image
                0x000010dc                png_read_row
                0x00001210                png_read_rows
                0x00001298                png_read_image
                0x000012d4                png_read_end
                0x00001380                png_destroy_read_struct
                0x000013fc                png_set_read_status_fn
 *fill*         0x00001406        0x2 
 .text          0x00001408       0x1e /local/mnt/workspace/CRMBuilds/TZ.BF.4.0.3.c1-00005-M8996AAAAANAZT-1_20170110_230814/b/HK11/trustzone_images/core/securemsm/sse/qsee/SecureDisplay/libpng/build/secureindicator/scorpion/IADAANAA/libpng.lib(pngrio.o)
                0x00001408                png_read_data
                0x0000141c                png_set_read_fn
 *fill*         0x00001426        0x2 
 .text          0x00001428      0xc68 /local/mnt/workspace/CRMBuilds/TZ.BF.4.0.3.c1-00005-M8996AAAAANAZT-1_20170110_230814/b/HK11/trustzone_images/core/securemsm/sse/qsee/SecureDisplay/libpng/build/secureindicator/scorpion/IADAANAA/libpng.lib(pngrutil.o)
                0x00001428                png_get_uint_31
                0x00001454                png_read_sig
                0x000014b4                png_read_chunk_header
                0x0000153c                png_check_chunk_name
                0x00001570                png_crc_read
                0x0000159c                png_crc_finish
                0x0000162c                png_crc_error
                0x000016a0                png_handle_IHDR
                0x000017b0                png_handle_PLTE
                0x000018f0                png_handle_IEND
                0x0000191c                png_handle_unknown
                0x0000193c                png_combine_row
                0x000019e4                png_read_filter_row
                0x00001a68                png_read_IDAT_data
                0x00001bd8                png_read_finish_IDAT
                0x00001c30                png_read_finish_row
                0x00001d14                png_read_start_row
 .text          0x00002090      0x17c /local/mnt/workspace/CRMBuilds/TZ.BF.4.0.3.c1-00005-M8996AAAAANAZT-1_20170110_230814/b/HK11/trustzone_images/core/securemsm/sse/qsee/SecureDisplay/libpng/build/secureindicator/scorpion/IADAANAA/libpng.lib(pngset.o)
                0x00002090                png_set_IHDR
                0x00002134                png_set_PLTE
                0x000021e0                png_set_compression_buffer_size
                0x000021fc                png_set_invalid
 .text          0x0000220c      0x3c6 /local/mnt/workspace/CRMBuilds/TZ.BF.4.0.3.c1-00005-M8996AAAAANAZT-1_20170110_230814/b/HK11/trustzone_images/core/securemsm/sse/qsee/SecureDisplay/zlib/build/secureindicator/scorpion/IADAANAA/zlib.lib(crc32.o)
                0x0000220c                get_crc_table
                0x00002218                crc32
                0x000024a0                crc32_combine
                0x00002574                crc32_combine64
 *fill*         0x000025d2        0x2 
 .text          0x000025d4     0x1c9c /local/mnt/workspace/CRMBuilds/TZ.BF.4.0.3.c1-00005-M8996AAAAANAZT-1_20170110_230814/b/HK11/trustzone_images/core/securemsm/sse/qsee/SecureDisplay/zlib/build/secureindicator/scorpion/IADAANAA/zlib.lib(inflate.o)
                0x000025d4                inflateResetKeep
                0x00002630                inflateReset
                0x0000264c                inflateReset2
                0x000026b4                inflateInit2_
                0x00002748                inflateInit_
                0x00002754                inflatePrime
                0x000027b0                inflate
                0x00003e50                inflateEnd
                0x00003e80                inflateGetDictionary
                0x00003ed8                inflateSetDictionary
                0x00003f54                inflateGetHeader
                0x00003f78                inflateSync
                0x000040e4                inflateSyncPoint
                0x0000410c                inflateCopy
                0x00004218                inflateUndermine
                0x00004234                inflateMark
 .text          0x00004270      0x400 /local/mnt/workspace/CRMBuilds/TZ.BF.4.0.3.c1-00005-M8996AAAAANAZT-1_20170110_230814/b/HK11/trustzone_images/core/securemsm/sse/qsee/SecureDisplay/zlib/build/secureindicator/scorpion/IADAANAA/zlib.lib(inftrees.o)
                0x00004270                inflate_table
 .text          0x00004670       0x4a /local/mnt/workspace/CRMBuilds/TZ.BF.4.0.3.c1-00005-M8996AAAAANAZT-1_20170110_230814/b/HK11/trustzone_images/core/securemsm/sse/qsee/SecureDisplay/zlib/build/secureindicator/scorpion/IADAANAA/zlib.lib(zutil.o)
                0x00004670                zlibVersion
                0x0000467c                zlibCompileFlags
                0x00004680                zError
                0x00004694                zcalloc
                0x000046b4                zcfree
 *fill*         0x000046ba        0x2 
 .text          0x000046bc      0x368 /local/mnt/workspace/CRMBuilds/TZ.BF.4.0.3.c1-00005-M8996AAAAANAZT-1_20170110_230814/b/HK11/trustzone_images/core/securemsm/sse/qsee/SecureDisplay/zlib/build/secureindicator/scorpion/IADAANAA/zlib.lib(adler32.o)
                0x000046bc                adler32
                0x00004988                adler32_combine
                0x00004a20                adler32_combine64
 .text          0x00004a24      0x594 /local/mnt/workspace/CRMBuilds/TZ.BF.4.0.3.c1-00005-M8996AAAAANAZT-1_20170110_230814/b/HK11/trustzone_images/core/securemsm/sse/qsee/SecureDisplay/zlib/build/secureindicator/scorpion/IADAANAA/zlib.lib(inffast.o)
                0x00004a24                inflate_fast
 .text          0x00004fb8      0x770 /local/mnt/workspace/CRMBuilds/TZ.BF.4.0.3.c1-00005-M8996AAAAANAZT-1_20170110_230814/b/HK11/trustzone_images/core/securemsm/trustzone/qsapps/libs/applib/common_applib/build/secureindicator/scorpion/IADAANAA/tzapp_entrylib.lib(common_applib.o)
                0x00004fb8                qsee_err_fatal
                0x00004fd8                platform_err_fatal
                0x00004fdc                platform_get_random
                0x00004fe0                __stack_chk_fail
                0x00004fe4                _sys_command_string
                0x00004ff0                get_app_req_resp
                0x00004ffc                qsee_read_register
                0x0000501c                qsee_request_service
                0x0000509c                qsee_prepare_shared_buf_for_nosecure_read
                0x000050bc                qsee_prepare_shared_buf_for_secure_read
                0x000050dc                qsee_set_global_flag
                0x000050fc                qsee_get_global_flag
                0x0000511c                qsee_oem_process_cmd
                0x00005140                qsee_enforce_hdmi_hdcp_encryption
                0x00005160                qsee_write_hdcp2p2_key_riv_enable
                0x00005184                qsee_read_hdcp2p2_min_encryption_level
                0x000051a4                qsee_write_hdcp2p2_min_encryption_level
                0x000051c4                qsee_get_hdcp_min_enc_level
                0x000051e4                qsee_set_hdcp_min_enc_level
                0x00005204                qsee_write_hdcp1_key
                0x00005224                qsee_set_hdcp_cpi_assert
                0x00005244                qsee_get_secure_state
                0x00005264                qsee_malloc
                0x0000526c                qsee_realloc
                0x000052a0                qsee_realloc_common
                0x0000531c                qsee_free
                0x0000534c                qsee_cmnlib_malloc
                0x00005380                qsee_cmnlib_free
                0x000053b0                tzlib_app_entry
                0x000054e8                get_ta_app_name
                0x000054f8                get_app_md
 .text.tz_module_open
                0x00005728        0xc /local/mnt/workspace/CRMBuilds/TZ.BF.4.0.3.c1-00005-M8996AAAAANAZT-1_20170110_230814/b/HK11/trustzone_images/core/securemsm/trustzone/qsapps/libs/applib/common_applib/build/secureindicator/scorpion/IADAANAA/tzapp_entrylib.lib(common_applib.o)
                0x00005728                tz_module_open
 .text          0x00005734      0x2a0 /local/mnt/workspace/CRMBuilds/TZ.BF.4.0.3.c1-00005-M8996AAAAANAZT-1_20170110_230814/b/HK11/trustzone_images/core/securemsm/trustzone/qsapps/libs/applib/qsee/build/secureindicator/scorpion/IADAANAA/tzapp_entrylib.lib(mink_shared_code.o)
                0x00005734                UThread_syscall
                0x00005754                minkIPC
                0x00005880                minkServerLoop
                0x00005994                minkServerEntry
 .text          0x000059d4      0x230 /local/mnt/workspace/CRMBuilds/TZ.BF.4.0.3.c1-00005-M8996AAAAANAZT-1_20170110_230814/b/HK11/trustzone_images/core/securemsm/trustzone/qsapps/libs/applib/qsee/build/secureindicator/scorpion/IADAANAA/tzapp_entrylib.lib(qsee_env.o)
                0x000059d4                qsee_set_env
                0x000059f0                qsee_open
                0x00005a58                qsee_open_singleton
                0x00005b58                qsee_printf_ap
                0x00005bc0                qsee_printf
 .text          0x00005c04       0x54 /local/mnt/workspace/CRMBuilds/TZ.BF.4.0.3.c1-00005-M8996AAAAANAZT-1_20170110_230814/b/HK11/trustzone_images/core/securemsm/trustzone/qsapps/libs/applib/qsee/build/secureindicator/scorpion/IADAANAA/tzapp_entrylib.lib(qsee_prng.o)
                0x00005c04                qsee_prng_getdata
 .text          0x00005c58      0x198 /local/mnt/workspace/CRMBuilds/TZ.BF.4.0.3.c1-00005-M8996AAAAANAZT-1_20170110_230814/b/HK11/trustzone_images/core/securemsm/trustzone/qsapps/libs/applib/qsee/build/secureindicator/scorpion/IADAANAA/tzapp_entrylib.lib(qsee_appmessage.o)
                0x00005c58                qsee_encapsulate_inter_app_message
                0x00005d38                qsee_decapsulate_inter_app_message
 .text          0x00005df0      0x7bc /local/mnt/workspace/CRMBuilds/TZ.BF.4.0.3.c1-00005-M8996AAAAANAZT-1_20170110_230814/b/HK11/trustzone_images/core/securemsm/trustzone/qsapps/libs/applib/qsee/build/secureindicator/scorpion/IADAANAA/tzapp_entrylib.lib(sfs_api.o)
                0x00005df0                qsee_sfs_open
                0x00005fc8                qsee_sfs_close
                0x00005fcc                qsee_sfs_read
                0x00006064                qsee_sfs_write
                0x000060d4                qsee_sfs_seek
                0x000061c8                qsee_sfs_getSize
                0x00006270                qsee_sfs_mkdir
                0x00006274                qsee_sfs_rmdir
                0x00006278                qsee_sfs_rm
                0x00006304                qsee_sfs_error
                0x00006310                qsee_sfs_get_file_list
                0x00006530                qsee_sfs_clean_file_list
                0x0000656c                qsee_sfs_is_anti_rollback_enabled
 .text          0x000065ac       0xdc /local/mnt/workspace/CRMBuilds/TZ.BF.4.0.3.c1-00005-M8996AAAAANAZT-1_20170110_230814/b/HK11/trustzone_images/core/securemsm/trustzone/qsapps/libs/applib/qsee/build/secureindicator/scorpion/IADAANAA/tzapp_entrylib.lib(tzapp_lib_main.o)
                0x000065ac                get_app_stack_base
                0x000065b8                get_app_stack_size
                0x000065d0                get_app_heap_base
                0x000065dc                get_app_heap_size
                0x000065f4                CApp_handleRequest
                0x00006610                CApp_invoke
                0x00006670                secure_app_init
                0x0000667c                secure_app_shutdown
 kthread_shared
                0x00006688       0x2c /local/mnt/workspace/CRMBuilds/TZ.BF.4.0.3.c1-00005-M8996AAAAANAZT-1_20170110_230814/b/HK11/trustzone_images/core/securemsm/trustzone/qsapps/libs/applib/qsee/build/secureindicator/scorpion/IADAANAA/tzapp_entrylib.lib(kthread_shared.o)
                0x00006688                mink_generic_syscall
 .text          0x000066b4       0x7c /local/mnt/workspace/CRMBuilds/TZ.BF.4.0.3.c1-00005-M8996AAAAANAZT-1_20170110_230814/b/HK11/trustzone_images/core/securemsm/trustzone/qsapps/libs/services/build/secureindicator/scorpion/IADAANAA/qsee_services.lib(qsee_log.o)
                0x000066b4                qsee_log_set_mask
                0x000066b8                qsee_log_get_mask
                0x000066bc                qsee_log
 .text          0x00006730       0x18 /local/mnt/workspace/CRMBuilds/TZ.BF.4.0.3.c1-00005-M8996AAAAANAZT-1_20170110_230814/b/HK11/trustzone_images/core/securemsm/trustzone/qsee/mink/libstd/build/secureindicator/scorpion/IADAANAA/libstd.lib(memscpy.o)
                0x00006730                memscpy
 .text          0x00006748       0x18 /local/mnt/workspace/CRMBuilds/TZ.BF.4.0.3.c1-00005-M8996AAAAANAZT-1_20170110_230814/b/HK11/trustzone_images/core/securemsm/trustzone/qsee/mink/libstd/build/secureindicator/scorpion/IADAANAA/libstd.lib(secure_memset.o)
                0x00006748                secure_memset
 .text          0x00006760       0x22 /local/mnt/workspace/CRMBuilds/TZ.BF.4.0.3.c1-00005-M8996AAAAANAZT-1_20170110_230814/b/HK11/trustzone_images/core/securemsm/trustzone/qsee/mink/libstd/build/secureindicator/scorpion/IADAANAA/libstd.lib(memcmp.o)
                0x00006760                memcmp
 *fill*         0x00006782        0x2 
 .text          0x00006784       0x44 /local/mnt/workspace/CRMBuilds/TZ.BF.4.0.3.c1-00005-M8996AAAAANAZT-1_20170110_230814/b/HK11/trustzone_images/core/securemsm/trustzone/qsee/mink/libstd/build/secureindicator/scorpion/IADAANAA/libstd.lib(strlen.o)
                0x00006784                strlen
 .text          0x000067c8       0x2e /local/mnt/workspace/CRMBuilds/TZ.BF.4.0.3.c1-00005-M8996AAAAANAZT-1_20170110_230814/b/HK11/trustzone_images/core/securemsm/trustzone/qsee/mink/libstd/build/secureindicator/scorpion/IADAANAA/libstd.lib(strcmp.o)
                0x000067c8                strcmp
 *fill*         0x000067f6        0x2 
 .text          0x000067f8      0xc40 /local/mnt/workspace/CRMBuilds/TZ.BF.4.0.3.c1-00005-M8996AAAAANAZT-1_20170110_230814/b/HK11/trustzone_images/core/securemsm/trustzone/qsee/mink/libstd/build/secureindicator/scorpion/IADAANAA/libstd.lib(printf.o)
                0x000067f8                __towrite
                0x00006834                __fwritex
                0x000068d8                vfprintf
                0x000071c8                vsnprintf
                0x00007294                snprintf
 .text          0x00007438        0xa /local/mnt/workspace/CRMBuilds/TZ.BF.4.0.3.c1-00005-M8996AAAAANAZT-1_20170110_230814/b/HK11/trustzone_images/core/securemsm/trustzone/qsee/mink/libstd/build/secureindicator/scorpion/IADAANAA/libstd.lib(abort.o)
                0x00007438                abort
 *fill*         0x00007442        0x2 
 .text          0x00007444       0xa8 /local/mnt/workspace/CRMBuilds/TZ.BF.4.0.3.c1-00005-M8996AAAAANAZT-1_20170110_230814/b/HK11/trustzone_images/core/securemsm/trustzone/qsee/mink/libstd/build/secureindicator/scorpion/IADAANAA/libstd.lib(memchr.o)
                0x00007444                memchr
 .text          0x000074ec        0x4 /afs/localcell/cm/gv2.6/sysname/pkg.@sys/qct/software/llvm/release/arm/3.5.2.4/lib/clang/3.5.2/lib/linux/libclang_rt.builtins-arm.a(aeabi_memcpy.S.o)
                0x000074ec                __aeabi_memcpy
                0x000074ec                __aeabi_memcpy4
                0x000074ec                __aeabi_memcpy8
 .text          0x000074f0       0x1c /afs/localcell/cm/gv2.6/sysname/pkg.@sys/qct/software/llvm/release/arm/3.5.2.4/lib/clang/3.5.2/lib/linux/libclang_rt.builtins-arm.a(aeabi_memset.S.o)
                0x000074f0                __aeabi_memset
                0x000074f0                __aeabi_memset8
                0x000074f0                __aeabi_memset4
                0x00007500                __aeabi_memclr8
                0x00007500                __aeabi_memclr
                0x00007500                __aeabi_memclr4
 .text          0x0000750c       0x24 /afs/localcell/cm/gv2.6/sysname/pkg.@sys/qct/software/llvm/release/arm/3.5.2.4/lib/clang/3.5.2/lib/linux/libclang_rt.builtins-arm.a(aeabi_uldivmod.S.o)
                0x0000750c                __aeabi_uldivmod
 .text          0x00007530      0x416 /afs/localcell/cm/gv2.6/sysname/pkg.@sys/qct/software/llvm/release/arm/3.5.2.4/lib/clang/3.5.2/lib/linux/libclang_rt.builtins-arm.a(udivmoddi4.c.o)
                0x00007530                __udivmoddi4
 *fill*         0x00007946        0x2 
 .text          0x00007948      0x154 /afs/localcell/cm/gv2.6/sysname/pkg.@sys/qct/software/llvm/release/arm/3.5.2.4/lib/clang/3.5.2/lib/linux/libclang_rt.builtins-arm.a(udivsi3.c.o)
                0x00007948                __udivsi3
                0x00007948                __aeabi_uidiv
 .text          0x00007a9c       0x18 /afs/localcell/cm/gv2.6/sysname/pkg.@sys/qct/software/llvm/release/arm/3.5.2.4/lib/clang/3.5.2/lib/linux/libclang_rt.builtins-arm.a(umoddi3.c.o)
                0x00007a9c                __umoddi3
 .text          0x00007ab4       0x10 /afs/localcell/cm/gv2.6/sysname/pkg.@sys/qct/software/llvm/release/arm/3.5.2.4/lib/clang/3.5.2/lib/linux/libclang_rt.builtins-arm.a(umodsi3.c.o)
                0x00007ab4                __umodsi3
 .text          0x00007ac4      0x5e4 /local/mnt/workspace/CRMBuilds/TZ.BF.4.0.3.c1-00005-M8996AAAAANAZT-1_20170110_230814/b/HK11/trustzone_images/core/securemsm/trustzone/qsapps/libs/applib/common_applib/build/secureindicator/scorpion/IADAANAA/tzapp_entrylib.lib(gpPersistObjCommon.o)
                0x00007ac4                gpCommon_Copy_Attributes
                0x00007c20                gpCommon_Init_Handles
                0x00007d00                gpCommon_Init_App_Info
                0x00007d5c                gpCommon_Clean_Attributes
                0x00007da4                gpCommon_Clean_Object_Handle
                0x00007de4                gpCommon_Get_Object_Info
                0x00007e40                gpCommon_Close_Object
                0x00007eec                gpCommon_Get_File_Path
 .text          0x000080a8      0xef4 /local/mnt/workspace/CRMBuilds/TZ.BF.4.0.3.c1-00005-M8996AAAAANAZT-1_20170110_230814/b/HK11/trustzone_images/core/securemsm/trustzone/qsapps/libs/applib/common_applib/build/secureindicator/scorpion/IADAANAA/tzapp_entrylib.lib(gpPersistentObjects.o)
                0x000080a8                TEE_OpenPersistentObject
                0x000082a4                TEE_CreatePersistentObject
                0x00008510                TEE_CloseAndDeletePersistentObject1
                0x00008608                TEE_CloseAndDeletePersistentObject
                0x0000860c                TEE_ReadObjectData
                0x00008720                TEE_WriteObjectData
                0x000088a4                TEE_TruncateObjectData
                0x000089ec                TEE_SeekObjectData
                0x00008ac8                TEE_RenamePersistentObject
                0x00008bd0                TEE_AllocatePersistentObjectEnumerator
                0x00008ccc                TEE_FreePersistentObjectEnumerator
                0x00008d44                TEE_ResetPersistentObjectEnumerator
                0x00008dc4                TEE_StartPersistentObjectEnumerator
                0x00008eb8                TEE_GetNextPersistentObject
 .text          0x00008f9c     0x26b4 /local/mnt/workspace/CRMBuilds/TZ.BF.4.0.3.c1-00005-M8996AAAAANAZT-1_20170110_230814/b/HK11/trustzone_images/core/securemsm/trustzone/qsapps/libs/applib/common_applib/build/secureindicator/scorpion/IADAANAA/tzapp_entrylib.lib(gpPersistObjData.o)
                0x00008f9c                gpData_Create_Object
                0x00009778                gpData_Delete_Object
                0x00009890                gpData_Open_Object
                0x000099ec                gpData_Close_Object
                0x00009a24                gpData_Write_Data
                0x00009f04                gpData_Read_Data
                0x0000a114                gpData_Trunc_Data
                0x0000a38c                gpData_Seek_Data
 .text          0x0000b650      0x6ec /local/mnt/workspace/CRMBuilds/TZ.BF.4.0.3.c1-00005-M8996AAAAANAZT-1_20170110_230814/b/HK11/trustzone_images/core/securemsm/trustzone/qsapps/libs/applib/common_applib/build/secureindicator/scorpion/IADAANAA/tzapp_entrylib.lib(gpPersistObjHandler.o)
                0x0000b650                gpHandler_Create_Handle
                0x0000b958                gpHandler_Delete_Handle
                0x0000b9f0                gpHandler_Close_Handle
                0x0000bb24                gpHandler_Open_Handle
                0x0000bbbc                gpHandler_Update_Handle
                0x0000bc1c                gpHandler_Rename_Handle
 .text          0x0000bd3c     0x13cc /local/mnt/workspace/CRMBuilds/TZ.BF.4.0.3.c1-00005-M8996AAAAANAZT-1_20170110_230814/b/HK11/trustzone_images/core/securemsm/trustzone/qsapps/libs/applib/common_applib/build/secureindicator/scorpion/IADAANAA/tzapp_entrylib.lib(gpPersistObjIndex.o)
                0x0000bd3c                index_Get_Index_Info
                0x0000bf78                gpIndex_Create_Entry
                0x0000c158                gpIndex_Delete_Entry
                0x0000c288                gpIndex_Get_Entry
                0x0000c4fc                gpIndex_Set_Entry
                0x0000c638                gpIndex_Rename_Entry
                0x0000c84c                gpIndex_Get_Enum_Entry
                0x0000ca74                gpIndex_Get_Index_Info
 .text          0x0000d108      0xe08 /local/mnt/workspace/CRMBuilds/TZ.BF.4.0.3.c1-00005-M8996AAAAANAZT-1_20170110_230814/b/HK11/trustzone_images/core/securemsm/trustzone/qsapps/libs/applib/common_applib/build/secureindicator/scorpion/IADAANAA/tzapp_entrylib.lib(gpPersistObjVersion.o)
                0x0000d108                version_Is_Rpmb_Usage_Enabled
                0x0000d1bc                gpVersion_Get_Version
                0x0000d7b8                gpVersion_Set_Version
                0x0000d9d8                gpVersion_Inc_Version
                0x0000da14                gpVersion_Delete_Version
 .text          0x0000df10      0x990 /local/mnt/workspace/CRMBuilds/TZ.BF.4.0.3.c1-00005-M8996AAAAANAZT-1_20170110_230814/b/HK11/trustzone_images/core/securemsm/trustzone/qsapps/libs/applib/common_applib/build/secureindicator/scorpion/IADAANAA/tzapp_entrylib.lib(gpPersistObjCrypto.o)
                0x0000df10                gpCrypto_Encrypt
                0x0000e28c                gpCrypto_Integrity_Protect
                0x0000e460                gpCrypto_Decrypt
                0x0000e64c                gpCrypto_Integrity_Verify
 .text          0x0000e8a0      0x39c /local/mnt/workspace/CRMBuilds/TZ.BF.4.0.3.c1-00005-M8996AAAAANAZT-1_20170110_230814/b/HK11/trustzone_images/core/securemsm/trustzone/qsapps/libs/applib/common_applib/build/secureindicator/scorpion/IADAANAA/tzapp_entrylib.lib(gpPersistObjFileIO.o)
                0x0000e8a0                fileIO_Read_Data
                0x0000e904                fileIO_Write_Data
                0x0000e970                fileIO_Remove_Data
                0x0000e9cc                fileIO_Rename_Data
                0x0000ea28                gpFileIO_Read_File
                0x0000eab4                gpFileIO_Write_File
                0x0000eb5c                gpFileIO_Remove_File
                0x0000ebc0                gpFileIO_Rename_File
 .text          0x0000ec3c      0x774 /local/mnt/workspace/CRMBuilds/TZ.BF.4.0.3.c1-00005-M8996AAAAANAZT-1_20170110_230814/b/HK11/trustzone_images/core/securemsm/trustzone/qsapps/libs/applib/common_applib/build/secureindicator/scorpion/IADAANAA/tzapp_entrylib.lib(gpFileService.o)
                0x0000ec3c                gpFileRead
                0x0000eeb8                gpFileWrite
                0x0000f138                gpFileRemove
                0x0000f268                gpFileRename
 .text          0x0000f3b0      0x204 /local/mnt/workspace/CRMBuilds/TZ.BF.4.0.3.c1-00005-M8996AAAAANAZT-1_20170110_230814/b/HK11/trustzone_images/core/securemsm/trustzone/qsapps/libs/applib/qsee/build/secureindicator/scorpion/IADAANAA/tzapp_entrylib.lib(qsee_core_shim.o)
                0x0000f3b0                qsee_exec_protect_memory
                0x0000f3d4                qsee_is_sw_fuse_blown
                0x0000f3f4                qsee_blow_sw_fuse
                0x0000f414                qsee_ks_decrypt
                0x0000f464                qsee_ks_get_key
                0x0000f4cc                qsee_ks_delete_key
                0x0000f4ec                qsee_ce_pipe_key_select
                0x0000f510                qsee_ce_disable_sequence
                0x0000f530                qsee_ice_set_context_config
                0x0000f554                qsee_hdmi_status_read
                0x0000f574                qsee_get_tz_app_id
                0x0000f594                qsee_blsp_modify_ownership
 .text          0x0000f5b4      0x192 /local/mnt/workspace/CRMBuilds/TZ.BF.4.0.3.c1-00005-M8996AAAAANAZT-1_20170110_230814/b/HK11/trustzone_images/core/securemsm/trustzone/qsapps/libs/applib/qsee/build/secureindicator/scorpion/IADAANAA/tzapp_entrylib.lib(stor.o)
                0x0000f5b4                check_rpmb_handle
                0x0000f5e0                qsee_stor_device_init
                0x0000f5fc                qsee_stor_open_partition
                0x0000f624                qsee_stor_device_get_info
                0x0000f648                qsee_stor_client_get_info
                0x0000f670                qsee_stor_add_partition
                0x0000f690                qsee_stor_read_sectors
                0x0000f6c8                qsee_stor_write_sectors
                0x0000f700                qsee_stor_read_wp_config
                0x0000f710                qsee_stor_write_wp_config
                0x0000f720                qsee_stor_remove_client
 *fill*         0x0000f746        0x2 
 .text          0x0000f748     0x159c /local/mnt/workspace/CRMBuilds/TZ.BF.4.0.3.c1-00005-M8996AAAAANAZT-1_20170110_230814/b/HK11/trustzone_images/core/securemsm/trustzone/qsapps/libs/applib/qsee/build/secureindicator/scorpion/IADAANAA/tzapp_entrylib.lib(stor_gpt.o)
                0x0000f748                add_gpt_device_handle
                0x0000f894                add_gpt_client
                0x0000f998                gpt_dev_init
                0x0000fb84                gpt_qsee_read_sectors
                0x0000fdf0                gpt_qsee_write_sectors
                0x00010054                gpt_add_partitions
                0x000103c4                gpt_config_partitions
                0x00010534                gpt_init
                0x000107b0                gpt_open_partition
                0x00010898                gpt_device_get_info
                0x000109a0                gpt_client_get_info
                0x00010ab0                gpt_add_partition
                0x00010b10                gpt_read_sectors
                0x00010bf0                gpt_write_sectors
 .text          0x00010ce4      0x1da /local/mnt/workspace/CRMBuilds/TZ.BF.4.0.3.c1-00005-M8996AAAAANAZT-1_20170110_230814/b/HK11/trustzone_images/core/securemsm/trustzone/qsapps/libs/applib/qsee/build/secureindicator/scorpion/IADAANAA/tzapp_entrylib.lib(stor_rpmbw.o)
                0x00010ce4                rpmbw_init
                0x00010d10                rpmbw_open_partition
                0x00010d40                rpmbw_device_get_info
                0x00010d70                rpmbw_client_get_info
                0x00010da0                rpmbw_add_partition
                0x00010dcc                rpmbw_read_sectors
                0x00010e04                rpmbw_write_sectors
                0x00010e3c                rpmbw_read_wp_config
                0x00010e68                rpmbw_write_wp_config
                0x00010e94                rpmbw_remove_client
 *fill*         0x00010ebe        0x2 
 .text          0x00010ec0       0x24 /local/mnt/workspace/CRMBuilds/TZ.BF.4.0.3.c1-00005-M8996AAAAANAZT-1_20170110_230814/b/HK11/trustzone_images/core/securemsm/trustzone/qsapps/libs/applib/qsee/build/secureindicator/scorpion/IADAANAA/tzapp_entrylib.lib(qsee_cfg_prop_shim.o)
                0x00010ec0                qsee_cfg_getpropval
 .text          0x00010ee4      0x48c /local/mnt/workspace/CRMBuilds/TZ.BF.4.0.3.c1-00005-M8996AAAAANAZT-1_20170110_230814/b/HK11/trustzone_images/core/securemsm/trustzone/qsapps/libs/applib/qsee/build/secureindicator/scorpion/IADAANAA/tzapp_entrylib.lib(qsee_cipher.o)
                0x00010ee4                qsee_cipher_init
                0x00010f48                qsee_cipher_free_ctx
                0x00010f74                qsee_cipher_set_param
                0x000110b4                qsee_cipher_get_param
                0x000111e4                qsee_cipher_encrypt
                0x00011284                qsee_cipher_decrypt
                0x00011324                qsee_cipher_reset
 .text          0x00011370      0x54c /local/mnt/workspace/CRMBuilds/TZ.BF.4.0.3.c1-00005-M8996AAAAANAZT-1_20170110_230814/b/HK11/trustzone_images/core/securemsm/trustzone/qsapps/libs/applib/qsee/build/secureindicator/scorpion/IADAANAA/tzapp_entrylib.lib(qsee_hash.o)
                0x00011370                qsee_hash_init
                0x000113d0                qsee_hash_free_ctx
                0x000113fc                qsee_hash_update
                0x00011470                qsee_hash_final
                0x000114e4                qsee_hash_set_param
                0x000115f4                qsee_hash
                0x00011668                qsee_hashcipher_encrypt
                0x0001176c                qsee_hashcipher_decrypt
                0x00011870                qsee_hash_reset
 .text          0x000118bc      0x274 /local/mnt/workspace/CRMBuilds/TZ.BF.4.0.3.c1-00005-M8996AAAAANAZT-1_20170110_230814/b/HK11/trustzone_images/core/securemsm/trustzone/qsapps/libs/applib/qsee/build/secureindicator/scorpion/IADAANAA/tzapp_entrylib.lib(qsee_hmac.o)
                0x000118bc                qsee_hmac_init
                0x0001192c                qsee_hmac_free_ctx
                0x00011958                qsee_hmac_update
                0x000119cc                qsee_hmac_final
                0x00011a40                qsee_hmac_set_param
                0x00011ac8                qsee_hmac
 .text          0x00011b30        0x8 /local/mnt/workspace/CRMBuilds/TZ.BF.4.0.3.c1-00005-M8996AAAAANAZT-1_20170110_230814/b/HK11/trustzone_images/core/securemsm/trustzone/qsapps/libs/applib/qsee/build/secureindicator/scorpion/IADAANAA/tzapp_entrylib.lib(gpPersistObjPanic.o)
                0x00011b30                TEE_Panic
                0x00011b34                GPMemoryMgmt_verifyHandle
 .text          0x00011b38       0x94 /local/mnt/workspace/CRMBuilds/TZ.BF.4.0.3.c1-00005-M8996AAAAANAZT-1_20170110_230814/b/HK11/trustzone_images/core/securemsm/trustzone/qsapps/libs/services/build/secureindicator/scorpion/IADAANAA/qsee_services.lib(qsee_kdf.o)
                0x00011b38                qsee_kdf
 .text          0x00011bcc       0x64 /local/mnt/workspace/CRMBuilds/TZ.BF.4.0.3.c1-00005-M8996AAAAANAZT-1_20170110_230814/b/HK11/trustzone_images/core/securemsm/trustzone/qsee/mink/libstd/build/secureindicator/scorpion/IADAANAA/libstd.lib(strlcat.o)
                0x00011bcc                strlcat
 .text          0x00011c30       0x32 /local/mnt/workspace/CRMBuilds/TZ.BF.4.0.3.c1-00005-M8996AAAAANAZT-1_20170110_230814/b/HK11/trustzone_images/core/securemsm/trustzone/qsee/mink/libstd/build/secureindicator/scorpion/IADAANAA/libstd.lib(strlcpy.o)
                0x00011c30                strlcpy
 *fill*         0x00011c62        0x2 
 .text          0x00011c64       0x38 /local/mnt/workspace/CRMBuilds/TZ.BF.4.0.3.c1-00005-M8996AAAAANAZT-1_20170110_230814/b/HK11/trustzone_images/core/securemsm/trustzone/qsee/mink/libstd/build/secureindicator/scorpion/IADAANAA/libstd.lib(timesafe_memcmp.o)
                0x00011c64                timesafe_memcmp
 .text          0x00011c9c       0x46 /local/mnt/workspace/CRMBuilds/TZ.BF.4.0.3.c1-00005-M8996AAAAANAZT-1_20170110_230814/b/HK11/trustzone_images/core/securemsm/trustzone/qsee/mink/libstd/build/secureindicator/scorpion/IADAANAA/libstd.lib(memset.o)
                0x00011c9c                memset
 *fill*         0x00011ce2        0x2 
 .text          0x00011ce4      0x372 /local/mnt/workspace/CRMBuilds/TZ.BF.4.0.3.c1-00005-M8996AAAAANAZT-1_20170110_230814/b/HK11/trustzone_images/core/securemsm/trustzone/qsee/mink/libstd/build/secureindicator/scorpion/IADAANAA/libstd.lib(memcpy.o)
                0x00011ce4                memcpy
 *fill*         0x00012056        0x2 
 .text          0x00012058       0x46 /local/mnt/workspace/CRMBuilds/TZ.BF.4.0.3.c1-00005-M8996AAAAANAZT-1_20170110_230814/b/HK11/trustzone_images/core/securemsm/trustzone/qsee/mink/libstd/build/secureindicator/scorpion/IADAANAA/libstd.lib(strncmp.o)
                0x00012058                strncmp
 *(SORT(tzapp_syscall_asm))
 *fill*         0x0001209e       0x62 
 tzapp_syscall_asm
                0x00012100       0x88 /local/mnt/workspace/CRMBuilds/TZ.BF.4.0.3.c1-00005-M8996AAAAANAZT-1_20170110_230814/b/HK11/trustzone_images/core/securemsm/trustzone/qsapps/libs/applib/qsee/build/secureindicator/scorpion/IADAANAA/tzapp_entrylib.lib(tzapp_syscall.o)
                0x00012100                app_export_init_info_to_qsee
                0x00012138                qsee_wait_default_signal_syscall
                0x00012164                qsee_generic_syscall
 tzapp_syscall_asm.__stub
                0x00012188       0x20 linker stubs
 *(SORT(.rodata))
 *fill*         0x000121a8        0x8 
 .rodata        0x000121b0       0x58 /local/mnt/workspace/CRMBuilds/TZ.BF.4.0.3.c1-00005-M8996AAAAANAZT-1_20170110_230814/b/HK11/trustzone_images/core/securemsm/trustzone/qsapps/libs/applib/qsee/build/secureindicator/scorpion/IADAANAA/tzapp_entrylib.lib(qsee_appmessage.o)
 *fill*         0x00012208        0x8 
 .rodata        0x00012210       0x30 /local/mnt/workspace/CRMBuilds/TZ.BF.4.0.3.c1-00005-M8996AAAAANAZT-1_20170110_230814/b/HK11/trustzone_images/core/securemsm/trustzone/qsapps/libs/applib/qsee/build/secureindicator/scorpion/IADAANAA/tzapp_entrylib.lib(qsee_cipher.o)
 .rodata        0x00012240        0x4 /local/mnt/workspace/CRMBuilds/TZ.BF.4.0.3.c1-00005-M8996AAAAANAZT-1_20170110_230814/b/HK11/trustzone_images/apps/securemsm/trustzone/qsapps/secureindicator/build/secureindicator/scorpion/IADAANAA/metadata.o
                0x00012240                TA_ACCEPT_BUF_SIZE
 .rodata        0x00012244     0x2000 /local/mnt/workspace/CRMBuilds/TZ.BF.4.0.3.c1-00005-M8996AAAAANAZT-1_20170110_230814/b/HK11/trustzone_images/core/securemsm/sse/qsee/SecureDisplay/zlib/build/secureindicator/scorpion/IADAANAA/zlib.lib(crc32.o)
 .rodata        0x00014244        0x4 /local/mnt/workspace/CRMBuilds/TZ.BF.4.0.3.c1-00005-M8996AAAAANAZT-1_20170110_230814/b/HK11/trustzone_images/apps/securemsm/trustzone/qsapps/secureindicator/oem/build/secureindicator/scorpion/IADAANAA/secureindicator_oem.lib(si_oem.o)
                0x00014244                approved_list_len
 .rodata        0x00014248        0xc /local/mnt/workspace/CRMBuilds/TZ.BF.4.0.3.c1-00005-M8996AAAAANAZT-1_20170110_230814/b/HK11/trustzone_images/core/securemsm/trustzone/qsapps/libs/applib/qsee/build/secureindicator/scorpion/IADAANAA/tzapp_entrylib.lib(qsee_hash.o)
 .rodata        0x00014254      0x8a6 /local/mnt/workspace/CRMBuilds/TZ.BF.4.0.3.c1-00005-M8996AAAAANAZT-1_20170110_230814/b/HK11/trustzone_images/core/securemsm/sse/qsee/SecureDisplay/zlib/build/secureindicator/scorpion/IADAANAA/zlib.lib(inflate.o)
 .rodata        0x00014afa      0x12c /local/mnt/workspace/CRMBuilds/TZ.BF.4.0.3.c1-00005-M8996AAAAANAZT-1_20170110_230814/b/HK11/trustzone_images/core/securemsm/sse/qsee/SecureDisplay/zlib/build/secureindicator/scorpion/IADAANAA/zlib.lib(inftrees.o)
                0x00014afa                inflate_copyright
 .rodata        0x00014c26       0x1c /local/mnt/workspace/CRMBuilds/TZ.BF.4.0.3.c1-00005-M8996AAAAANAZT-1_20170110_230814/b/HK11/trustzone_images/core/securemsm/sse/qsee/SecureDisplay/libpng/build/secureindicator/scorpion/IADAANAA/libpng.lib(pngrutil.o)
 .rodata        0x00014c42      0x140 /local/mnt/workspace/CRMBuilds/TZ.BF.4.0.3.c1-00005-M8996AAAAANAZT-1_20170110_230814/b/HK11/trustzone_images/core/securemsm/sse/qsee/SecureDisplay/zlib/build/secureindicator/scorpion/IADAANAA/zlib.lib(zutil.o)
                0x00014c42                z_errmsg
 .rodata        0x00014d82      0x1d0 /local/mnt/workspace/CRMBuilds/TZ.BF.4.0.3.c1-00005-M8996AAAAANAZT-1_20170110_230814/b/HK11/trustzone_images/core/securemsm/trustzone/qsee/mink/libstd/build/secureindicator/scorpion/IADAANAA/libstd.lib(printf.o)
 *(SORT(EXCLUDE_FILE(*\metadata.o) .rodata.*))
 .rodata.str1.1
                0x00014f52      0x11f /local/mnt/workspace/CRMBuilds/TZ.BF.4.0.3.c1-00005-M8996AAAAANAZT-1_20170110_230814/b/HK11/trustzone_images/apps/securemsm/trustzone/qsapps/secureindicator/build/secureindicator/scorpion/IADAANAA/si_main.o
 .rodata.str1.1
                0x00015071      0x78b /local/mnt/workspace/CRMBuilds/TZ.BF.4.0.3.c1-00005-M8996AAAAANAZT-1_20170110_230814/b/HK11/trustzone_images/apps/securemsm/trustzone/qsapps/secureindicator/build/secureindicator/scorpion/IADAANAA/si.o
 .rodata.str1.1
                0x000157fc      0x1b3 /local/mnt/workspace/CRMBuilds/TZ.BF.4.0.3.c1-00005-M8996AAAAANAZT-1_20170110_230814/b/HK11/trustzone_images/core/securemsm/sse/qsee/SecureDisplay/libpng/build/secureindicator/scorpion/IADAANAA/libpng.lib(png.o)
                                0x1ba (size before relaxing)
 .rodata.str1.1
                0x00000000      0x1b3 /local/mnt/workspace/CRMBuilds/TZ.BF.4.0.3.c1-00005-M8996AAAAANAZT-1_20170110_230814/b/HK11/trustzone_images/core/securemsm/sse/qsee/SecureDisplay/libpng/build/secureindicator/scorpion/IADAANAA/libpng.lib(pngerror.o)
                                  0x1 (size before relaxing)
 .rodata.str1.1
                0x000159af       0x15 /local/mnt/workspace/CRMBuilds/TZ.BF.4.0.3.c1-00005-M8996AAAAANAZT-1_20170110_230814/b/HK11/trustzone_images/core/securemsm/sse/qsee/SecureDisplay/libpng/build/secureindicator/scorpion/IADAANAA/libpng.lib(pngrutil.o)
 .rodata.str1.1
                0x000159c4      0x1cd /local/mnt/workspace/CRMBuilds/TZ.BF.4.0.3.c1-00005-M8996AAAAANAZT-1_20170110_230814/b/HK11/trustzone_images/core/securemsm/sse/qsee/SecureDisplay/zlib/build/secureindicator/scorpion/IADAANAA/zlib.lib(inflate.o)
 .rodata.str1.1
                0x00000000        0x6 /local/mnt/workspace/CRMBuilds/TZ.BF.4.0.3.c1-00005-M8996AAAAANAZT-1_20170110_230814/b/HK11/trustzone_images/core/securemsm/sse/qsee/SecureDisplay/zlib/build/secureindicator/scorpion/IADAANAA/zlib.lib(zutil.o)
 .rodata.str1.1
                0x00000000       0x50 /local/mnt/workspace/CRMBuilds/TZ.BF.4.0.3.c1-00005-M8996AAAAANAZT-1_20170110_230814/b/HK11/trustzone_images/core/securemsm/sse/qsee/SecureDisplay/zlib/build/secureindicator/scorpion/IADAANAA/zlib.lib(inffast.o)
 .rodata.str1.1
                0x00015b91        0x9 /local/mnt/workspace/CRMBuilds/TZ.BF.4.0.3.c1-00005-M8996AAAAANAZT-1_20170110_230814/b/HK11/trustzone_images/core/securemsm/trustzone/qsapps/libs/applib/common_applib/build/secureindicator/scorpion/IADAANAA/tzapp_entrylib.lib(common_applib.o)
 .rodata.str1.1
                0x00015b9a       0xc0 /local/mnt/workspace/CRMBuilds/TZ.BF.4.0.3.c1-00005-M8996AAAAANAZT-1_20170110_230814/b/HK11/trustzone_images/core/securemsm/trustzone/qsapps/libs/applib/qsee/build/secureindicator/scorpion/IADAANAA/tzapp_entrylib.lib(sfs_api.o)
 .rodata.str1.1
                0x00015c5a        0xb /local/mnt/workspace/CRMBuilds/TZ.BF.4.0.3.c1-00005-M8996AAAAANAZT-1_20170110_230814/b/HK11/trustzone_images/core/securemsm/trustzone/qsapps/libs/services/build/secureindicator/scorpion/IADAANAA/qsee_services.lib(qsee_log.o)
 .rodata.str1.1
                0x00015c65       0x11 /local/mnt/workspace/CRMBuilds/TZ.BF.4.0.3.c1-00005-M8996AAAAANAZT-1_20170110_230814/b/HK11/trustzone_images/core/securemsm/trustzone/qsee/mink/libstd/build/secureindicator/scorpion/IADAANAA/libstd.lib(printf.o)
 .rodata.cst16  0x00015c76       0x10 /local/mnt/workspace/CRMBuilds/TZ.BF.4.0.3.c1-00005-M8996AAAAANAZT-1_20170110_230814/b/HK11/trustzone_images/core/securemsm/trustzone/qsee/mink/libstd/build/secureindicator/scorpion/IADAANAA/libstd.lib(printf.o)
 .rodata.str1.1
                0x00015c86       0x11 /local/mnt/workspace/CRMBuilds/TZ.BF.4.0.3.c1-00005-M8996AAAAANAZT-1_20170110_230814/b/HK11/trustzone_images/apps/securemsm/trustzone/qsapps/secureindicator/oem/build/secureindicator/scorpion/IADAANAA/secureindicator_oem.lib(si_oem.o)
 .rodata.str1.1
                0x00015c97       0xb1 /local/mnt/workspace/CRMBuilds/TZ.BF.4.0.3.c1-00005-M8996AAAAANAZT-1_20170110_230814/b/HK11/trustzone_images/core/securemsm/trustzone/qsapps/libs/applib/common_applib/build/secureindicator/scorpion/IADAANAA/tzapp_entrylib.lib(gpPersistObjCommon.o)
                                 0xcb (size before relaxing)
 .rodata.str1.1
                0x00015d48      0x172 /local/mnt/workspace/CRMBuilds/TZ.BF.4.0.3.c1-00005-M8996AAAAANAZT-1_20170110_230814/b/HK11/trustzone_images/core/securemsm/trustzone/qsapps/libs/applib/common_applib/build/secureindicator/scorpion/IADAANAA/tzapp_entrylib.lib(gpPersistentObjects.o)
                                0x18a (size before relaxing)
 .rodata.str1.1
                0x00015eba      0x31c /local/mnt/workspace/CRMBuilds/TZ.BF.4.0.3.c1-00005-M8996AAAAANAZT-1_20170110_230814/b/HK11/trustzone_images/core/securemsm/trustzone/qsapps/libs/applib/common_applib/build/secureindicator/scorpion/IADAANAA/tzapp_entrylib.lib(gpPersistObjData.o)
                                0x334 (size before relaxing)
 .rodata.str1.1
                0x000161d6       0xcc /local/mnt/workspace/CRMBuilds/TZ.BF.4.0.3.c1-00005-M8996AAAAANAZT-1_20170110_230814/b/HK11/trustzone_images/core/securemsm/trustzone/qsapps/libs/applib/common_applib/build/secureindicator/scorpion/IADAANAA/tzapp_entrylib.lib(gpPersistObjHandler.o)
                                 0xe4 (size before relaxing)
 .rodata.str1.1
                0x000162a2      0x182 /local/mnt/workspace/CRMBuilds/TZ.BF.4.0.3.c1-00005-M8996AAAAANAZT-1_20170110_230814/b/HK11/trustzone_images/core/securemsm/trustzone/qsapps/libs/applib/common_applib/build/secureindicator/scorpion/IADAANAA/tzapp_entrylib.lib(gpPersistObjIndex.o)
                                0x19f (size before relaxing)
 .rodata.str1.1
                0x00016424      0x1e5 /local/mnt/workspace/CRMBuilds/TZ.BF.4.0.3.c1-00005-M8996AAAAANAZT-1_20170110_230814/b/HK11/trustzone_images/core/securemsm/trustzone/qsapps/libs/applib/common_applib/build/secureindicator/scorpion/IADAANAA/tzapp_entrylib.lib(gpPersistObjVersion.o)
                                0x202 (size before relaxing)
 .rodata.str1.1
                0x00016609      0x163 /local/mnt/workspace/CRMBuilds/TZ.BF.4.0.3.c1-00005-M8996AAAAANAZT-1_20170110_230814/b/HK11/trustzone_images/core/securemsm/trustzone/qsapps/libs/applib/common_applib/build/secureindicator/scorpion/IADAANAA/tzapp_entrylib.lib(gpPersistObjCrypto.o)
                                0x17b (size before relaxing)
 .rodata.str1.1
                0x0001676c       0x9a /local/mnt/workspace/CRMBuilds/TZ.BF.4.0.3.c1-00005-M8996AAAAANAZT-1_20170110_230814/b/HK11/trustzone_images/core/securemsm/trustzone/qsapps/libs/applib/common_applib/build/secureindicator/scorpion/IADAANAA/tzapp_entrylib.lib(gpPersistObjFileIO.o)
                                 0xb2 (size before relaxing)
 .rodata.str1.1
                0x00016806       0x31 /local/mnt/workspace/CRMBuilds/TZ.BF.4.0.3.c1-00005-M8996AAAAANAZT-1_20170110_230814/b/HK11/trustzone_images/core/securemsm/trustzone/qsapps/libs/applib/common_applib/build/secureindicator/scorpion/IADAANAA/tzapp_entrylib.lib(gpFileService.o)
                                 0x49 (size before relaxing)
 .rodata.str1.1
                0x00000000        0x1 /local/mnt/workspace/CRMBuilds/TZ.BF.4.0.3.c1-00005-M8996AAAAANAZT-1_20170110_230814/b/HK11/trustzone_images/core/securemsm/trustzone/qsapps/libs/applib/qsee/build/secureindicator/scorpion/IADAANAA/tzapp_entrylib.lib(qsee_core_shim.o)
 *metadata.o(SORT(.rodata.str1.1))
 .rodata.str1.1
                0x00016837       0x10 /local/mnt/workspace/CRMBuilds/TZ.BF.4.0.3.c1-00005-M8996AAAAANAZT-1_20170110_230814/b/HK11/trustzone_images/apps/securemsm/trustzone/qsapps/secureindicator/build/secureindicator/scorpion/IADAANAA/metadata.o

.glue_7         0x00016848        0x0
 .glue_7        0x00000000        0x0 linker stubs

.glue_7t        0x00016848        0x0
 .glue_7t       0x00000000        0x0 linker stubs

.vfp11_veneer   0x00016848        0x0
 .vfp11_veneer  0x00000000        0x0 linker stubs

.v4_bx          0x00016848        0x0
 .v4_bx         0x00000000        0x0 linker stubs

.dynbss         0x00016847        0x0
 .dynbss        0x00000000        0x0 /local/mnt/workspace/CRMBuilds/TZ.BF.4.0.3.c1-00005-M8996AAAAANAZT-1_20170110_230814/b/HK11/trustzone_images/core/securemsm/trustzone/qsapps/libs/applib/qsee/build/secureindicator/scorpion/IADAANAA/src/tzapp_entry.o

.plt            0x00016848        0x0
 .plt           0x00000000        0x0 /local/mnt/workspace/CRMBuilds/TZ.BF.4.0.3.c1-00005-M8996AAAAANAZT-1_20170110_230814/b/HK11/trustzone_images/core/securemsm/trustzone/qsapps/libs/applib/qsee/build/secureindicator/scorpion/IADAANAA/src/tzapp_entry.o

.iplt           0x00016848        0x0
 .iplt          0x00000000        0x0 /local/mnt/workspace/CRMBuilds/TZ.BF.4.0.3.c1-00005-M8996AAAAANAZT-1_20170110_230814/b/HK11/trustzone_images/core/securemsm/trustzone/qsapps/libs/applib/qsee/build/secureindicator/scorpion/IADAANAA/src/tzapp_entry.o

.sentinel       0x00016847       0x31
 *(SORT(.rodata.sentinel))
 .rodata.sentinel
                0x00016847       0x31 /local/mnt/workspace/CRMBuilds/TZ.BF.4.0.3.c1-00005-M8996AAAAANAZT-1_20170110_230814/b/HK11/trustzone_images/apps/securemsm/trustzone/qsapps/secureindicator/build/secureindicator/scorpion/IADAANAA/metadata.o
                0x00016847                TA_METADATA
                0x00000001                ASSERT ((SIZEOF (.sentinel) != 0x0), No sentinel section defined.)

.metadata_check
                0x00016878        0x0
 *metadata.o(SORT(.rodata.*))
                0x00000001                ASSERT ((SIZEOF (.metadata_check) == 0x0), New metadata not accounted for here)

.data           0x00017000     0x62d8
 *(SORT(.data) SORT(TZAPPENTRYSTACK) SORT(.bss) SORT(COMMON))
 TZAPPENTRYSTACK
                0x00017000       0x80 /local/mnt/workspace/CRMBuilds/TZ.BF.4.0.3.c1-00005-M8996AAAAANAZT-1_20170110_230814/b/HK11/trustzone_images/core/securemsm/trustzone/qsapps/libs/applib/qsee/build/secureindicator/scorpion/IADAANAA/src/tzapp_entry.o
 .data          0x00017080      0x240 /local/mnt/workspace/CRMBuilds/TZ.BF.4.0.3.c1-00005-M8996AAAAANAZT-1_20170110_230814/b/HK11/trustzone_images/core/securemsm/trustzone/qsapps/libs/applib/common_applib/build/secureindicator/scorpion/IADAANAA/tzapp_entrylib.lib(common_applib.o)
                0x00017080                magic_num
                0x00017094                magic_num_index_array
                0x000170a0                mem_magic_number
                0x000170ac                __stack_chk_guard
 .bss           0x000172c0       0x88 /local/mnt/workspace/CRMBuilds/TZ.BF.4.0.3.c1-00005-M8996AAAAANAZT-1_20170110_230814/b/HK11/trustzone_images/core/securemsm/trustzone/qsapps/libs/applib/common_applib/build/secureindicator/scorpion/IADAANAA/tzapp_entrylib.lib(common_applib.o)
                0x000172c0                pgCmnlib
 *fill*         0x00017348        0x8 
 .bss           0x00017350      0x140 /local/mnt/workspace/CRMBuilds/TZ.BF.4.0.3.c1-00005-M8996AAAAANAZT-1_20170110_230814/b/HK11/trustzone_images/core/securemsm/trustzone/qsapps/libs/applib/qsee/build/secureindicator/scorpion/IADAANAA/tzapp_entrylib.lib(qsee_env.o)
 .bss           0x00017490     0x1044 /local/mnt/workspace/CRMBuilds/TZ.BF.4.0.3.c1-00005-M8996AAAAANAZT-1_20170110_230814/b/HK11/trustzone_images/core/securemsm/trustzone/qsapps/libs/applib/common_applib/build/secureindicator/scorpion/IADAANAA/tzapp_entrylib.lib(gpPersistObjData.o)
 *fill*         0x000184d4        0xc 
 .bss           0x000184e0      0x488 /local/mnt/workspace/CRMBuilds/TZ.BF.4.0.3.c1-00005-M8996AAAAANAZT-1_20170110_230814/b/HK11/trustzone_images/core/securemsm/trustzone/qsapps/libs/applib/common_applib/build/secureindicator/scorpion/IADAANAA/tzapp_entrylib.lib(gpPersistObjVersion.o)
 *fill*         0x00018968        0x8 
 .bss           0x00018970       0x50 /local/mnt/workspace/CRMBuilds/TZ.BF.4.0.3.c1-00005-M8996AAAAANAZT-1_20170110_230814/b/HK11/trustzone_images/core/securemsm/trustzone/qsapps/libs/applib/common_applib/build/secureindicator/scorpion/IADAANAA/tzapp_entrylib.lib(gpPersistObjCrypto.o)
 .bss           0x000189c0      0x724 /local/mnt/workspace/CRMBuilds/TZ.BF.4.0.3.c1-00005-M8996AAAAANAZT-1_20170110_230814/b/HK11/trustzone_images/core/securemsm/trustzone/qsapps/libs/applib/qsee/build/secureindicator/scorpion/IADAANAA/tzapp_entrylib.lib(stor_gpt.o)
 .data          0x000190e4       0x15 /local/mnt/workspace/CRMBuilds/TZ.BF.4.0.3.c1-00005-M8996AAAAANAZT-1_20170110_230814/b/HK11/trustzone_images/apps/securemsm/trustzone/qsapps/secureindicator/build/secureindicator/scorpion/IADAANAA/si.o
 *fill*         0x000190f9        0x3 
 .bss           0x000190fc     0x1000 /local/mnt/workspace/CRMBuilds/TZ.BF.4.0.3.c1-00005-M8996AAAAANAZT-1_20170110_230814/b/HK11/trustzone_images/apps/securemsm/trustzone/qsapps/secureindicator/build/secureindicator/scorpion/IADAANAA/metadata.o
                0x000190fc                ta_acceptBuf
 COMMON         0x0001a0fc       0x14 /local/mnt/workspace/CRMBuilds/TZ.BF.4.0.3.c1-00005-M8996AAAAANAZT-1_20170110_230814/b/HK11/trustzone_images/core/securemsm/trustzone/qsapps/libs/applib/common_applib/build/secureindicator/scorpion/IADAANAA/tzapp_entrylib.lib(common_applib.o)
                0x0001a0fc                apps_request_resp
 .bss           0x0001a110        0x4 /local/mnt/workspace/CRMBuilds/TZ.BF.4.0.3.c1-00005-M8996AAAAANAZT-1_20170110_230814/b/HK11/trustzone_images/core/securemsm/trustzone/qsapps/libs/applib/qsee/build/secureindicator/scorpion/IADAANAA/tzapp_entrylib.lib(sfs_api.o)
 .bss           0x0001a114       0x81 /local/mnt/workspace/CRMBuilds/TZ.BF.4.0.3.c1-00005-M8996AAAAANAZT-1_20170110_230814/b/HK11/trustzone_images/core/securemsm/trustzone/qsapps/libs/applib/common_applib/build/secureindicator/scorpion/IADAANAA/tzapp_entrylib.lib(gpPersistObjCommon.o)
 *fill*         0x0001a195        0x3 
 .data          0x0001a198     0x1110 /local/mnt/workspace/CRMBuilds/TZ.BF.4.0.3.c1-00005-M8996AAAAANAZT-1_20170110_230814/b/HK11/trustzone_images/core/securemsm/trustzone/qsapps/libs/applib/common_applib/build/secureindicator/scorpion/IADAANAA/tzapp_entrylib.lib(gpPersistObjHandler.o)
 .bss           0x0001b2a8        0x4 /local/mnt/workspace/CRMBuilds/TZ.BF.4.0.3.c1-00005-M8996AAAAANAZT-1_20170110_230814/b/HK11/trustzone_images/core/securemsm/trustzone/qsapps/libs/applib/common_applib/build/secureindicator/scorpion/IADAANAA/tzapp_entrylib.lib(gpPersistObjHandler.o)
 .bss           0x0001b2ac     0x2024 /local/mnt/workspace/CRMBuilds/TZ.BF.4.0.3.c1-00005-M8996AAAAANAZT-1_20170110_230814/b/HK11/trustzone_images/core/securemsm/trustzone/qsapps/libs/applib/common_applib/build/secureindicator/scorpion/IADAANAA/tzapp_entrylib.lib(gpPersistObjIndex.o)
 .data          0x0001d2d0        0x1 /local/mnt/workspace/CRMBuilds/TZ.BF.4.0.3.c1-00005-M8996AAAAANAZT-1_20170110_230814/b/HK11/trustzone_images/core/securemsm/trustzone/qsapps/libs/applib/common_applib/build/secureindicator/scorpion/IADAANAA/tzapp_entrylib.lib(gpPersistObjVersion.o)
 *fill*         0x0001d2d1        0x3 
 .data          0x0001d2d4        0x4 /local/mnt/workspace/CRMBuilds/TZ.BF.4.0.3.c1-00005-M8996AAAAANAZT-1_20170110_230814/b/HK11/trustzone_images/core/securemsm/trustzone/qsapps/libs/applib/qsee/build/secureindicator/scorpion/IADAANAA/tzapp_entrylib.lib(stor_gpt.o)

.rel.text
 *(SORT(.rel.text))

.rel.rodata
 *(SORT(.rel.rodata))

.data.rel.ro.local
                0x0001d2d8       0x88
 *(SORT(.data.rel.ro.local))
 .data.rel.ro.local
                0x0001d2d8       0x88 /local/mnt/workspace/CRMBuilds/TZ.BF.4.0.3.c1-00005-M8996AAAAANAZT-1_20170110_230814/b/HK11/trustzone_images/core/securemsm/trustzone/qsee/mink/libstd/build/secureindicator/scorpion/IADAANAA/libstd.lib(printf.o)

.data.rel.ro
 *(SORT(.data.rel.ro))

.rel.data
 *(SORT(.rel.data))

.rel.plt        0x0001d360        0x0
 *(SORT(.rel.plt))
 .rel.plt       0x00000000        0x0 /local/mnt/workspace/CRMBuilds/TZ.BF.4.0.3.c1-00005-M8996AAAAANAZT-1_20170110_230814/b/HK11/trustzone_images/core/securemsm/trustzone/qsapps/libs/applib/qsee/build/secureindicator/scorpion/IADAANAA/src/tzapp_entry.o

.gnu.version_d  0x0001d360        0x0
 .gnu.version_d
                0x00000000        0x0 /local/mnt/workspace/CRMBuilds/TZ.BF.4.0.3.c1-00005-M8996AAAAANAZT-1_20170110_230814/b/HK11/trustzone_images/core/securemsm/trustzone/qsapps/libs/applib/qsee/build/secureindicator/scorpion/IADAANAA/src/tzapp_entry.o

.gnu.version    0x0001d360        0x0
 .gnu.version   0x00000000        0x0 /local/mnt/workspace/CRMBuilds/TZ.BF.4.0.3.c1-00005-M8996AAAAANAZT-1_20170110_230814/b/HK11/trustzone_images/core/securemsm/trustzone/qsapps/libs/applib/qsee/build/secureindicator/scorpion/IADAANAA/src/tzapp_entry.o

.gnu.version_r  0x0001d360        0x0
 .gnu.version_r
                0x00000000        0x0 /local/mnt/workspace/CRMBuilds/TZ.BF.4.0.3.c1-00005-M8996AAAAANAZT-1_20170110_230814/b/HK11/trustzone_images/core/securemsm/trustzone/qsapps/libs/applib/qsee/build/secureindicator/scorpion/IADAANAA/src/tzapp_entry.o

.data.rel       0x0001d360       0x50
 *(SORT(.data.rel))
 .data.rel      0x0001d360       0x50 /local/mnt/workspace/CRMBuilds/TZ.BF.4.0.3.c1-00005-M8996AAAAANAZT-1_20170110_230814/b/HK11/trustzone_images/apps/securemsm/trustzone/qsapps/secureindicator/build/secureindicator/scorpion/IADAANAA/si.o
                0x0001d360                g_si_function

.data.rel.local
                0x0001d3b0        0xc
 *(SORT(.data.rel.local))
 .data.rel.local
                0x0001d3b0        0x4 /local/mnt/workspace/CRMBuilds/TZ.BF.4.0.3.c1-00005-M8996AAAAANAZT-1_20170110_230814/b/HK11/trustzone_images/apps/securemsm/trustzone/qsapps/secureindicator/build/secureindicator/scorpion/IADAANAA/metadata.o
                0x0001d3b0                TA_APP_NAME
 .data.rel.local
                0x0001d3b4        0x4 /local/mnt/workspace/CRMBuilds/TZ.BF.4.0.3.c1-00005-M8996AAAAANAZT-1_20170110_230814/b/HK11/trustzone_images/core/securemsm/trustzone/qsapps/libs/applib/common_applib/build/secureindicator/scorpion/IADAANAA/tzapp_entrylib.lib(common_applib.o)
                0x0001d3b4                dummy_str
 .data.rel.local
                0x0001d3b8        0x4 /local/mnt/workspace/CRMBuilds/TZ.BF.4.0.3.c1-00005-M8996AAAAANAZT-1_20170110_230814/b/HK11/trustzone_images/apps/securemsm/trustzone/qsapps/secureindicator/oem/build/secureindicator/scorpion/IADAANAA/secureindicator_oem.lib(si_oem.o)
                0x0001d3b8                APPROVED_APPS

TZ_APP_STACK    0x0001d3bc     0x8000
                0x0001d3bc                Image$$TZ_APP_STACK$$ZI$$Base = .
                0x000253bc                . = (. + 0x8000)
 *fill*         0x0001d3bc     0x8000 
                0x000253bc                Image$$TZ_APP_STACK$$ZI$$Limit = .

TZ_APP_HEAP     0x000253bc   0x100000
                0x000253bc                Image$$TZ_APP_HEAP$$ZI$$Base = .
                0x001253bc                . = (. + 0x100000)
 *fill*         0x000253bc   0x100000 
                0x001253bc                Image$$TZ_APP_HEAP$$ZI$$Limit = .

.got            0x00126000       0x94
 *(SORT(.got.plt))
 .got.plt       0x00126000        0xc /local/mnt/workspace/CRMBuilds/TZ.BF.4.0.3.c1-00005-M8996AAAAANAZT-1_20170110_230814/b/HK11/trustzone_images/core/securemsm/trustzone/qsapps/libs/applib/qsee/build/secureindicator/scorpion/IADAANAA/src/tzapp_entry.o
                0x00126000                _GLOBAL_OFFSET_TABLE_
 *(SORT(.igot.plt))
 .igot.plt      0x00000000        0x0 /local/mnt/workspace/CRMBuilds/TZ.BF.4.0.3.c1-00005-M8996AAAAANAZT-1_20170110_230814/b/HK11/trustzone_images/core/securemsm/trustzone/qsapps/libs/applib/qsee/build/secureindicator/scorpion/IADAANAA/src/tzapp_entry.o
 *(SORT(.got))
 .got           0x0012600c       0x88 /local/mnt/workspace/CRMBuilds/TZ.BF.4.0.3.c1-00005-M8996AAAAANAZT-1_20170110_230814/b/HK11/trustzone_images/core/securemsm/trustzone/qsapps/libs/applib/qsee/build/secureindicator/scorpion/IADAANAA/src/tzapp_entry.o
 *(SORT(.igot))

.dynamic        0x00127000       0x58
 *(SORT(.dynamic))
 .dynamic       0x00127000       0x58 /local/mnt/workspace/CRMBuilds/TZ.BF.4.0.3.c1-00005-M8996AAAAANAZT-1_20170110_230814/b/HK11/trustzone_images/core/securemsm/trustzone/qsapps/libs/applib/qsee/build/secureindicator/scorpion/IADAANAA/src/tzapp_entry.o
                0x00127000                _DYNAMIC

.rel.dyn        0x00128000      0x160
 *(SORT(.rel.dyn))
 .rel.got       0x00128000      0x110 /local/mnt/workspace/CRMBuilds/TZ.BF.4.0.3.c1-00005-M8996AAAAANAZT-1_20170110_230814/b/HK11/trustzone_images/core/securemsm/trustzone/qsapps/libs/applib/qsee/build/secureindicator/scorpion/IADAANAA/src/tzapp_entry.o
 .rel.iplt      0x00000000        0x0 /local/mnt/workspace/CRMBuilds/TZ.BF.4.0.3.c1-00005-M8996AAAAANAZT-1_20170110_230814/b/HK11/trustzone_images/core/securemsm/trustzone/qsapps/libs/applib/qsee/build/secureindicator/scorpion/IADAANAA/src/tzapp_entry.o
 .relTZAPPENTRYCODE
                0x00128110        0x8 /local/mnt/workspace/CRMBuilds/TZ.BF.4.0.3.c1-00005-M8996AAAAANAZT-1_20170110_230814/b/HK11/trustzone_images/core/securemsm/trustzone/qsapps/libs/applib/qsee/build/secureindicator/scorpion/IADAANAA/src/tzapp_entry.o
 .rel.data.rel  0x00128118       0x28 /local/mnt/workspace/CRMBuilds/TZ.BF.4.0.3.c1-00005-M8996AAAAANAZT-1_20170110_230814/b/HK11/trustzone_images/core/securemsm/trustzone/qsapps/libs/applib/qsee/build/secureindicator/scorpion/IADAANAA/src/tzapp_entry.o
 .rel.data.rel.local
                0x00128140       0x18 /local/mnt/workspace/CRMBuilds/TZ.BF.4.0.3.c1-00005-M8996AAAAANAZT-1_20170110_230814/b/HK11/trustzone_images/core/securemsm/trustzone/qsapps/libs/applib/qsee/build/secureindicator/scorpion/IADAANAA/src/tzapp_entry.o
 .rel.data.rel.ro.local
                0x00128158        0x8 /local/mnt/workspace/CRMBuilds/TZ.BF.4.0.3.c1-00005-M8996AAAAANAZT-1_20170110_230814/b/HK11/trustzone_images/core/securemsm/trustzone/qsapps/libs/applib/qsee/build/secureindicator/scorpion/IADAANAA/src/tzapp_entry.o

.gnu.attributes
 *(SORT(.gnu.attributes))

.note.gnu.arm.ident
 *(SORT(.note.gnu.arm.ident))

/DISCARD/
 *(SORT(.hash))
 *(SORT(.dynsym))
 *(SORT(.dynstr))
 *(SORT(.ARM.exidx*))
 *(SORT(.note.GNU-stack))
 *(SORT(.gnu_debuglink))
 *(SORT(.gnu.lto_*))
 *(SORT(.init))
 *(SORT(.fini))
START GROUP
LOAD /local/mnt/workspace/CRMBuilds/TZ.BF.4.0.3.c1-00005-M8996AAAAANAZT-1_20170110_230814/b/HK11/trustzone_images/core/securemsm/sse/qsee/SecureDisplay/libpng/build/secureindicator/scorpion/IADAANAA/libpng.lib
LOAD /local/mnt/workspace/CRMBuilds/TZ.BF.4.0.3.c1-00005-M8996AAAAANAZT-1_20170110_230814/b/HK11/trustzone_images/core/securemsm/sse/qsee/SecureDisplay/zlib/build/secureindicator/scorpion/IADAANAA/zlib.lib
LOAD /local/mnt/workspace/CRMBuilds/TZ.BF.4.0.3.c1-00005-M8996AAAAANAZT-1_20170110_230814/b/HK11/trustzone_images/core/securemsm/trustzone/qsapps/libs/applib/common_applib/build/secureindicator/scorpion/IADAANAA/tzapp_entrylib.lib
LOAD /local/mnt/workspace/CRMBuilds/TZ.BF.4.0.3.c1-00005-M8996AAAAANAZT-1_20170110_230814/b/HK11/trustzone_images/core/securemsm/trustzone/qsapps/libs/applib/qsee/build/secureindicator/scorpion/IADAANAA/tzapp_entrylib.lib
LOAD /local/mnt/workspace/CRMBuilds/TZ.BF.4.0.3.c1-00005-M8996AAAAANAZT-1_20170110_230814/b/HK11/trustzone_images/core/securemsm/trustzone/qsapps/libs/services/build/secureindicator/scorpion/IADAANAA/qsee_services.lib
LOAD /local/mnt/workspace/CRMBuilds/TZ.BF.4.0.3.c1-00005-M8996AAAAANAZT-1_20170110_230814/b/HK11/trustzone_images/core/securemsm/trustzone/qsee/mink/libstd/build/secureindicator/scorpion/IADAANAA/libstd.lib
LOAD /afs/localcell/cm/gv2.6/sysname/pkg.@sys/qct/software/llvm/release/arm/3.5.2.4/tools/lib32/lib/libc.a
LOAD /afs/localcell/cm/gv2.6/sysname/pkg.@sys/qct/software/llvm/release/arm/3.5.2.4/lib/clang/3.5.2/lib/linux/libclang_rt.builtins-arm.a
LOAD /local/mnt/workspace/CRMBuilds/TZ.BF.4.0.3.c1-00005-M8996AAAAANAZT-1_20170110_230814/b/HK11/trustzone_images/apps/securemsm/trustzone/qsapps/secureindicator/oem/build/secureindicator/scorpion/IADAANAA/secureindicator_oem.lib
LOAD /local/mnt/workspace/CRMBuilds/TZ.BF.4.0.3.c1-00005-M8996AAAAANAZT-1_20170110_230814/b/HK11/trustzone_images/core/securemsm/trustzone/qsapps/libs/applib/qsee/build/secureindicator/scorpion/IADAANAA/src/tzapp_entry.o
LOAD /local/mnt/workspace/CRMBuilds/TZ.BF.4.0.3.c1-00005-M8996AAAAANAZT-1_20170110_230814/b/HK11/trustzone_images/apps/securemsm/trustzone/qsapps/secureindicator/build/secureindicator/scorpion/IADAANAA/si_main.o
LOAD /local/mnt/workspace/CRMBuilds/TZ.BF.4.0.3.c1-00005-M8996AAAAANAZT-1_20170110_230814/b/HK11/trustzone_images/apps/securemsm/trustzone/qsapps/secureindicator/build/secureindicator/scorpion/IADAANAA/si.o
LOAD /local/mnt/workspace/CRMBuilds/TZ.BF.4.0.3.c1-00005-M8996AAAAANAZT-1_20170110_230814/b/HK11/trustzone_images/apps/securemsm/trustzone/qsapps/secureindicator/build/secureindicator/scorpion/IADAANAA/metadata.o
END GROUP
OUTPUT(/local/mnt/workspace/CRMBuilds/TZ.BF.4.0.3.c1-00005-M8996AAAAANAZT-1_20170110_230814/b/HK11/trustzone_images/apps/bsp/trustzone/qsapps/secureindicator/build/IADAANAA/secureindicator.elf elf32-littlearm)

.ARM.attributes
                0x00000000       0x3d
 .ARM.attributes
                0x00000000       0x37 /local/mnt/workspace/CRMBuilds/TZ.BF.4.0.3.c1-00005-M8996AAAAANAZT-1_20170110_230814/b/HK11/trustzone_images/apps/securemsm/trustzone/qsapps/secureindicator/build/secureindicator/scorpion/IADAANAA/si_main.o
 .ARM.attributes
                0x00000037       0x37 /local/mnt/workspace/CRMBuilds/TZ.BF.4.0.3.c1-00005-M8996AAAAANAZT-1_20170110_230814/b/HK11/trustzone_images/apps/securemsm/trustzone/qsapps/secureindicator/build/secureindicator/scorpion/IADAANAA/si.o
 .ARM.attributes
                0x0000006e       0x37 /local/mnt/workspace/CRMBuilds/TZ.BF.4.0.3.c1-00005-M8996AAAAANAZT-1_20170110_230814/b/HK11/trustzone_images/apps/securemsm/trustzone/qsapps/secureindicator/build/secureindicator/scorpion/IADAANAA/metadata.o
 .ARM.attributes
                0x000000a5       0x37 /local/mnt/workspace/CRMBuilds/TZ.BF.4.0.3.c1-00005-M8996AAAAANAZT-1_20170110_230814/b/HK11/trustzone_images/core/securemsm/sse/qsee/SecureDisplay/libpng/build/secureindicator/scorpion/IADAANAA/libpng.lib(png.o)
 .ARM.attributes
                0x000000dc       0x37 /local/mnt/workspace/CRMBuilds/TZ.BF.4.0.3.c1-00005-M8996AAAAANAZT-1_20170110_230814/b/HK11/trustzone_images/core/securemsm/sse/qsee/SecureDisplay/libpng/build/secureindicator/scorpion/IADAANAA/libpng.lib(pngerror.o)
 .ARM.attributes
                0x00000113       0x37 /local/mnt/workspace/CRMBuilds/TZ.BF.4.0.3.c1-00005-M8996AAAAANAZT-1_20170110_230814/b/HK11/trustzone_images/core/securemsm/sse/qsee/SecureDisplay/libpng/build/secureindicator/scorpion/IADAANAA/libpng.lib(pngget.o)
 .ARM.attributes
                0x0000014a       0x37 /local/mnt/workspace/CRMBuilds/TZ.BF.4.0.3.c1-00005-M8996AAAAANAZT-1_20170110_230814/b/HK11/trustzone_images/core/securemsm/sse/qsee/SecureDisplay/libpng/build/secureindicator/scorpion/IADAANAA/libpng.lib(pngmem.o)
 .ARM.attributes
                0x00000181       0x37 /local/mnt/workspace/CRMBuilds/TZ.BF.4.0.3.c1-00005-M8996AAAAANAZT-1_20170110_230814/b/HK11/trustzone_images/core/securemsm/sse/qsee/SecureDisplay/libpng/build/secureindicator/scorpion/IADAANAA/libpng.lib(pngread.o)
 .ARM.attributes
                0x000001b8       0x37 /local/mnt/workspace/CRMBuilds/TZ.BF.4.0.3.c1-00005-M8996AAAAANAZT-1_20170110_230814/b/HK11/trustzone_images/core/securemsm/sse/qsee/SecureDisplay/libpng/build/secureindicator/scorpion/IADAANAA/libpng.lib(pngrio.o)
 .ARM.attributes
                0x000001ef       0x37 /local/mnt/workspace/CRMBuilds/TZ.BF.4.0.3.c1-00005-M8996AAAAANAZT-1_20170110_230814/b/HK11/trustzone_images/core/securemsm/sse/qsee/SecureDisplay/libpng/build/secureindicator/scorpion/IADAANAA/libpng.lib(pngrutil.o)
 .ARM.attributes
                0x00000226       0x37 /local/mnt/workspace/CRMBuilds/TZ.BF.4.0.3.c1-00005-M8996AAAAANAZT-1_20170110_230814/b/HK11/trustzone_images/core/securemsm/sse/qsee/SecureDisplay/libpng/build/secureindicator/scorpion/IADAANAA/libpng.lib(pngset.o)
 .ARM.attributes
                0x0000025d       0x37 /local/mnt/workspace/CRMBuilds/TZ.BF.4.0.3.c1-00005-M8996AAAAANAZT-1_20170110_230814/b/HK11/trustzone_images/core/securemsm/sse/qsee/SecureDisplay/zlib/build/secureindicator/scorpion/IADAANAA/zlib.lib(crc32.o)
 .ARM.attributes
                0x00000294       0x37 /local/mnt/workspace/CRMBuilds/TZ.BF.4.0.3.c1-00005-M8996AAAAANAZT-1_20170110_230814/b/HK11/trustzone_images/core/securemsm/sse/qsee/SecureDisplay/zlib/build/secureindicator/scorpion/IADAANAA/zlib.lib(inflate.o)
 .ARM.attributes
                0x000002cb       0x37 /local/mnt/workspace/CRMBuilds/TZ.BF.4.0.3.c1-00005-M8996AAAAANAZT-1_20170110_230814/b/HK11/trustzone_images/core/securemsm/sse/qsee/SecureDisplay/zlib/build/secureindicator/scorpion/IADAANAA/zlib.lib(inftrees.o)
 .ARM.attributes
                0x00000302       0x37 /local/mnt/workspace/CRMBuilds/TZ.BF.4.0.3.c1-00005-M8996AAAAANAZT-1_20170110_230814/b/HK11/trustzone_images/core/securemsm/sse/qsee/SecureDisplay/zlib/build/secureindicator/scorpion/IADAANAA/zlib.lib(zutil.o)
 .ARM.attributes
                0x00000339       0x37 /local/mnt/workspace/CRMBuilds/TZ.BF.4.0.3.c1-00005-M8996AAAAANAZT-1_20170110_230814/b/HK11/trustzone_images/core/securemsm/sse/qsee/SecureDisplay/zlib/build/secureindicator/scorpion/IADAANAA/zlib.lib(adler32.o)
 .ARM.attributes
                0x00000370       0x37 /local/mnt/workspace/CRMBuilds/TZ.BF.4.0.3.c1-00005-M8996AAAAANAZT-1_20170110_230814/b/HK11/trustzone_images/core/securemsm/sse/qsee/SecureDisplay/zlib/build/secureindicator/scorpion/IADAANAA/zlib.lib(inffast.o)
 .ARM.attributes
                0x000003a7       0x37 /local/mnt/workspace/CRMBuilds/TZ.BF.4.0.3.c1-00005-M8996AAAAANAZT-1_20170110_230814/b/HK11/trustzone_images/core/securemsm/trustzone/qsapps/libs/applib/common_applib/build/secureindicator/scorpion/IADAANAA/tzapp_entrylib.lib(common_applib.o)
 .ARM.attributes
                0x000003de       0x37 /local/mnt/workspace/CRMBuilds/TZ.BF.4.0.3.c1-00005-M8996AAAAANAZT-1_20170110_230814/b/HK11/trustzone_images/core/securemsm/trustzone/qsapps/libs/applib/qsee/build/secureindicator/scorpion/IADAANAA/tzapp_entrylib.lib(mink_shared_code.o)
 .ARM.attributes
                0x00000415       0x37 /local/mnt/workspace/CRMBuilds/TZ.BF.4.0.3.c1-00005-M8996AAAAANAZT-1_20170110_230814/b/HK11/trustzone_images/core/securemsm/trustzone/qsapps/libs/applib/qsee/build/secureindicator/scorpion/IADAANAA/tzapp_entrylib.lib(qsee_env.o)
 .ARM.attributes
                0x0000044c       0x37 /local/mnt/workspace/CRMBuilds/TZ.BF.4.0.3.c1-00005-M8996AAAAANAZT-1_20170110_230814/b/HK11/trustzone_images/core/securemsm/trustzone/qsapps/libs/applib/qsee/build/secureindicator/scorpion/IADAANAA/tzapp_entrylib.lib(qsee_prng.o)
 .ARM.attributes
                0x00000483       0x37 /local/mnt/workspace/CRMBuilds/TZ.BF.4.0.3.c1-00005-M8996AAAAANAZT-1_20170110_230814/b/HK11/trustzone_images/core/securemsm/trustzone/qsapps/libs/applib/qsee/build/secureindicator/scorpion/IADAANAA/tzapp_entrylib.lib(qsee_appmessage.o)
 .ARM.attributes
                0x000004ba       0x37 /local/mnt/workspace/CRMBuilds/TZ.BF.4.0.3.c1-00005-M8996AAAAANAZT-1_20170110_230814/b/HK11/trustzone_images/core/securemsm/trustzone/qsapps/libs/applib/qsee/build/secureindicator/scorpion/IADAANAA/tzapp_entrylib.lib(sfs_api.o)
 .ARM.attributes
                0x000004f1       0x37 /local/mnt/workspace/CRMBuilds/TZ.BF.4.0.3.c1-00005-M8996AAAAANAZT-1_20170110_230814/b/HK11/trustzone_images/core/securemsm/trustzone/qsapps/libs/applib/qsee/build/secureindicator/scorpion/IADAANAA/tzapp_entrylib.lib(tzapp_lib_main.o)
 .ARM.attributes
                0x00000528       0x12 /local/mnt/workspace/CRMBuilds/TZ.BF.4.0.3.c1-00005-M8996AAAAANAZT-1_20170110_230814/b/HK11/trustzone_images/core/securemsm/trustzone/qsapps/libs/applib/qsee/build/secureindicator/scorpion/IADAANAA/tzapp_entrylib.lib(kthread_shared.o)
 .ARM.attributes
                0x0000053a       0x37 /local/mnt/workspace/CRMBuilds/TZ.BF.4.0.3.c1-00005-M8996AAAAANAZT-1_20170110_230814/b/HK11/trustzone_images/core/securemsm/trustzone/qsapps/libs/services/build/secureindicator/scorpion/IADAANAA/qsee_services.lib(qsee_log.o)
 .ARM.attributes
                0x00000571       0x37 /local/mnt/workspace/CRMBuilds/TZ.BF.4.0.3.c1-00005-M8996AAAAANAZT-1_20170110_230814/b/HK11/trustzone_images/core/securemsm/trustzone/qsee/mink/libstd/build/secureindicator/scorpion/IADAANAA/libstd.lib(memscpy.o)
 .ARM.attributes
                0x000005a8       0x37 /local/mnt/workspace/CRMBuilds/TZ.BF.4.0.3.c1-00005-M8996AAAAANAZT-1_20170110_230814/b/HK11/trustzone_images/core/securemsm/trustzone/qsee/mink/libstd/build/secureindicator/scorpion/IADAANAA/libstd.lib(secure_memset.o)
 .ARM.attributes
                0x000005df       0x37 /local/mnt/workspace/CRMBuilds/TZ.BF.4.0.3.c1-00005-M8996AAAAANAZT-1_20170110_230814/b/HK11/trustzone_images/core/securemsm/trustzone/qsee/mink/libstd/build/secureindicator/scorpion/IADAANAA/libstd.lib(memcmp.o)
 .ARM.attributes
                0x00000616       0x37 /local/mnt/workspace/CRMBuilds/TZ.BF.4.0.3.c1-00005-M8996AAAAANAZT-1_20170110_230814/b/HK11/trustzone_images/core/securemsm/trustzone/qsee/mink/libstd/build/secureindicator/scorpion/IADAANAA/libstd.lib(strlen.o)
 .ARM.attributes
                0x0000064d       0x37 /local/mnt/workspace/CRMBuilds/TZ.BF.4.0.3.c1-00005-M8996AAAAANAZT-1_20170110_230814/b/HK11/trustzone_images/core/securemsm/trustzone/qsee/mink/libstd/build/secureindicator/scorpion/IADAANAA/libstd.lib(strcmp.o)
 .ARM.attributes
                0x00000684       0x37 /local/mnt/workspace/CRMBuilds/TZ.BF.4.0.3.c1-00005-M8996AAAAANAZT-1_20170110_230814/b/HK11/trustzone_images/core/securemsm/trustzone/qsee/mink/libstd/build/secureindicator/scorpion/IADAANAA/libstd.lib(printf.o)
 .ARM.attributes
                0x000006bb       0x37 /local/mnt/workspace/CRMBuilds/TZ.BF.4.0.3.c1-00005-M8996AAAAANAZT-1_20170110_230814/b/HK11/trustzone_images/core/securemsm/trustzone/qsee/mink/libstd/build/secureindicator/scorpion/IADAANAA/libstd.lib(abort.o)
 .ARM.attributes
                0x000006f2       0x37 /local/mnt/workspace/CRMBuilds/TZ.BF.4.0.3.c1-00005-M8996AAAAANAZT-1_20170110_230814/b/HK11/trustzone_images/core/securemsm/trustzone/qsee/mink/libstd/build/secureindicator/scorpion/IADAANAA/libstd.lib(memchr.o)
 .ARM.attributes
                0x00000729       0x2b /afs/localcell/cm/gv2.6/sysname/pkg.@sys/qct/software/llvm/release/arm/3.5.2.4/lib/clang/3.5.2/lib/linux/libclang_rt.builtins-arm.a(aeabi_memcpy.S.o)
 .ARM.attributes
                0x00000754       0x2b /afs/localcell/cm/gv2.6/sysname/pkg.@sys/qct/software/llvm/release/arm/3.5.2.4/lib/clang/3.5.2/lib/linux/libclang_rt.builtins-arm.a(aeabi_memset.S.o)
 .ARM.attributes
                0x0000077f       0x2b /afs/localcell/cm/gv2.6/sysname/pkg.@sys/qct/software/llvm/release/arm/3.5.2.4/lib/clang/3.5.2/lib/linux/libclang_rt.builtins-arm.a(aeabi_uldivmod.S.o)
 .ARM.attributes
                0x000007aa       0x41 /afs/localcell/cm/gv2.6/sysname/pkg.@sys/qct/software/llvm/release/arm/3.5.2.4/lib/clang/3.5.2/lib/linux/libclang_rt.builtins-arm.a(udivmoddi4.c.o)
 .ARM.attributes
                0x000007eb       0x41 /afs/localcell/cm/gv2.6/sysname/pkg.@sys/qct/software/llvm/release/arm/3.5.2.4/lib/clang/3.5.2/lib/linux/libclang_rt.builtins-arm.a(udivsi3.c.o)
 .ARM.attributes
                0x0000082c       0x41 /afs/localcell/cm/gv2.6/sysname/pkg.@sys/qct/software/llvm/release/arm/3.5.2.4/lib/clang/3.5.2/lib/linux/libclang_rt.builtins-arm.a(umoddi3.c.o)
 .ARM.attributes
                0x0000086d       0x41 /afs/localcell/cm/gv2.6/sysname/pkg.@sys/qct/software/llvm/release/arm/3.5.2.4/lib/clang/3.5.2/lib/linux/libclang_rt.builtins-arm.a(umodsi3.c.o)
 .ARM.attributes
                0x000008ae       0x37 /local/mnt/workspace/CRMBuilds/TZ.BF.4.0.3.c1-00005-M8996AAAAANAZT-1_20170110_230814/b/HK11/trustzone_images/apps/securemsm/trustzone/qsapps/secureindicator/oem/build/secureindicator/scorpion/IADAANAA/secureindicator_oem.lib(si_oem.o)
 .ARM.attributes
                0x000008e5       0x37 /local/mnt/workspace/CRMBuilds/TZ.BF.4.0.3.c1-00005-M8996AAAAANAZT-1_20170110_230814/b/HK11/trustzone_images/core/securemsm/trustzone/qsapps/libs/applib/common_applib/build/secureindicator/scorpion/IADAANAA/tzapp_entrylib.lib(gpPersistObjCommon.o)
 .ARM.attributes
                0x0000091c       0x37 /local/mnt/workspace/CRMBuilds/TZ.BF.4.0.3.c1-00005-M8996AAAAANAZT-1_20170110_230814/b/HK11/trustzone_images/core/securemsm/trustzone/qsapps/libs/applib/common_applib/build/secureindicator/scorpion/IADAANAA/tzapp_entrylib.lib(gpPersistentObjects.o)
 .ARM.attributes
                0x00000953       0x37 /local/mnt/workspace/CRMBuilds/TZ.BF.4.0.3.c1-00005-M8996AAAAANAZT-1_20170110_230814/b/HK11/trustzone_images/core/securemsm/trustzone/qsapps/libs/applib/common_applib/build/secureindicator/scorpion/IADAANAA/tzapp_entrylib.lib(gpPersistObjData.o)
 .ARM.attributes
                0x0000098a       0x37 /local/mnt/workspace/CRMBuilds/TZ.BF.4.0.3.c1-00005-M8996AAAAANAZT-1_20170110_230814/b/HK11/trustzone_images/core/securemsm/trustzone/qsapps/libs/applib/common_applib/build/secureindicator/scorpion/IADAANAA/tzapp_entrylib.lib(gpPersistObjHandler.o)
 .ARM.attributes
                0x000009c1       0x37 /local/mnt/workspace/CRMBuilds/TZ.BF.4.0.3.c1-00005-M8996AAAAANAZT-1_20170110_230814/b/HK11/trustzone_images/core/securemsm/trustzone/qsapps/libs/applib/common_applib/build/secureindicator/scorpion/IADAANAA/tzapp_entrylib.lib(gpPersistObjIndex.o)
 .ARM.attributes
                0x000009f8       0x37 /local/mnt/workspace/CRMBuilds/TZ.BF.4.0.3.c1-00005-M8996AAAAANAZT-1_20170110_230814/b/HK11/trustzone_images/core/securemsm/trustzone/qsapps/libs/applib/common_applib/build/secureindicator/scorpion/IADAANAA/tzapp_entrylib.lib(gpPersistObjVersion.o)
 .ARM.attributes
                0x00000a2f       0x37 /local/mnt/workspace/CRMBuilds/TZ.BF.4.0.3.c1-00005-M8996AAAAANAZT-1_20170110_230814/b/HK11/trustzone_images/core/securemsm/trustzone/qsapps/libs/applib/common_applib/build/secureindicator/scorpion/IADAANAA/tzapp_entrylib.lib(gpPersistObjCrypto.o)
 .ARM.attributes
                0x00000a66       0x37 /local/mnt/workspace/CRMBuilds/TZ.BF.4.0.3.c1-00005-M8996AAAAANAZT-1_20170110_230814/b/HK11/trustzone_images/core/securemsm/trustzone/qsapps/libs/applib/common_applib/build/secureindicator/scorpion/IADAANAA/tzapp_entrylib.lib(gpPersistObjFileIO.o)
 .ARM.attributes
                0x00000a9d       0x37 /local/mnt/workspace/CRMBuilds/TZ.BF.4.0.3.c1-00005-M8996AAAAANAZT-1_20170110_230814/b/HK11/trustzone_images/core/securemsm/trustzone/qsapps/libs/applib/common_applib/build/secureindicator/scorpion/IADAANAA/tzapp_entrylib.lib(gpFileService.o)
 .ARM.attributes
                0x00000ad4       0x37 /local/mnt/workspace/CRMBuilds/TZ.BF.4.0.3.c1-00005-M8996AAAAANAZT-1_20170110_230814/b/HK11/trustzone_images/core/securemsm/trustzone/qsapps/libs/applib/qsee/build/secureindicator/scorpion/IADAANAA/tzapp_entrylib.lib(qsee_core_shim.o)
 .ARM.attributes
                0x00000b0b       0x37 /local/mnt/workspace/CRMBuilds/TZ.BF.4.0.3.c1-00005-M8996AAAAANAZT-1_20170110_230814/b/HK11/trustzone_images/core/securemsm/trustzone/qsapps/libs/applib/qsee/build/secureindicator/scorpion/IADAANAA/tzapp_entrylib.lib(stor.o)
 .ARM.attributes
                0x00000b42       0x37 /local/mnt/workspace/CRMBuilds/TZ.BF.4.0.3.c1-00005-M8996AAAAANAZT-1_20170110_230814/b/HK11/trustzone_images/core/securemsm/trustzone/qsapps/libs/applib/qsee/build/secureindicator/scorpion/IADAANAA/tzapp_entrylib.lib(stor_gpt.o)
 .ARM.attributes
                0x00000b79       0x37 /local/mnt/workspace/CRMBuilds/TZ.BF.4.0.3.c1-00005-M8996AAAAANAZT-1_20170110_230814/b/HK11/trustzone_images/core/securemsm/trustzone/qsapps/libs/applib/qsee/build/secureindicator/scorpion/IADAANAA/tzapp_entrylib.lib(stor_rpmbw.o)
 .ARM.attributes
                0x00000bb0       0x37 /local/mnt/workspace/CRMBuilds/TZ.BF.4.0.3.c1-00005-M8996AAAAANAZT-1_20170110_230814/b/HK11/trustzone_images/core/securemsm/trustzone/qsapps/libs/applib/qsee/build/secureindicator/scorpion/IADAANAA/tzapp_entrylib.lib(qsee_cfg_prop_shim.o)
 .ARM.attributes
                0x00000be7       0x37 /local/mnt/workspace/CRMBuilds/TZ.BF.4.0.3.c1-00005-M8996AAAAANAZT-1_20170110_230814/b/HK11/trustzone_images/core/securemsm/trustzone/qsapps/libs/applib/qsee/build/secureindicator/scorpion/IADAANAA/tzapp_entrylib.lib(qsee_cipher.o)
 .ARM.attributes
                0x00000c1e       0x37 /local/mnt/workspace/CRMBuilds/TZ.BF.4.0.3.c1-00005-M8996AAAAANAZT-1_20170110_230814/b/HK11/trustzone_images/core/securemsm/trustzone/qsapps/libs/applib/qsee/build/secureindicator/scorpion/IADAANAA/tzapp_entrylib.lib(qsee_hash.o)
 .ARM.attributes
                0x00000c55       0x37 /local/mnt/workspace/CRMBuilds/TZ.BF.4.0.3.c1-00005-M8996AAAAANAZT-1_20170110_230814/b/HK11/trustzone_images/core/securemsm/trustzone/qsapps/libs/applib/qsee/build/secureindicator/scorpion/IADAANAA/tzapp_entrylib.lib(qsee_hmac.o)
 .ARM.attributes
                0x00000c8c       0x37 /local/mnt/workspace/CRMBuilds/TZ.BF.4.0.3.c1-00005-M8996AAAAANAZT-1_20170110_230814/b/HK11/trustzone_images/core/securemsm/trustzone/qsapps/libs/applib/qsee/build/secureindicator/scorpion/IADAANAA/tzapp_entrylib.lib(gpPersistObjPanic.o)
 .ARM.attributes
                0x00000cc3       0x37 /local/mnt/workspace/CRMBuilds/TZ.BF.4.0.3.c1-00005-M8996AAAAANAZT-1_20170110_230814/b/HK11/trustzone_images/core/securemsm/trustzone/qsapps/libs/services/build/secureindicator/scorpion/IADAANAA/qsee_services.lib(qsee_kdf.o)
 .ARM.attributes
                0x00000cfa       0x37 /local/mnt/workspace/CRMBuilds/TZ.BF.4.0.3.c1-00005-M8996AAAAANAZT-1_20170110_230814/b/HK11/trustzone_images/core/securemsm/trustzone/qsee/mink/libstd/build/secureindicator/scorpion/IADAANAA/libstd.lib(strlcat.o)
 .ARM.attributes
                0x00000d31       0x37 /local/mnt/workspace/CRMBuilds/TZ.BF.4.0.3.c1-00005-M8996AAAAANAZT-1_20170110_230814/b/HK11/trustzone_images/core/securemsm/trustzone/qsee/mink/libstd/build/secureindicator/scorpion/IADAANAA/libstd.lib(strlcpy.o)
 .ARM.attributes
                0x00000d68       0x37 /local/mnt/workspace/CRMBuilds/TZ.BF.4.0.3.c1-00005-M8996AAAAANAZT-1_20170110_230814/b/HK11/trustzone_images/core/securemsm/trustzone/qsee/mink/libstd/build/secureindicator/scorpion/IADAANAA/libstd.lib(timesafe_memcmp.o)
 .ARM.attributes
                0x00000d9f       0x37 /local/mnt/workspace/CRMBuilds/TZ.BF.4.0.3.c1-00005-M8996AAAAANAZT-1_20170110_230814/b/HK11/trustzone_images/core/securemsm/trustzone/qsee/mink/libstd/build/secureindicator/scorpion/IADAANAA/libstd.lib(memset.o)
 .ARM.attributes
                0x00000dd6       0x37 /local/mnt/workspace/CRMBuilds/TZ.BF.4.0.3.c1-00005-M8996AAAAANAZT-1_20170110_230814/b/HK11/trustzone_images/core/securemsm/trustzone/qsee/mink/libstd/build/secureindicator/scorpion/IADAANAA/libstd.lib(memcpy.o)
 .ARM.attributes
                0x00000e0d       0x37 /local/mnt/workspace/CRMBuilds/TZ.BF.4.0.3.c1-00005-M8996AAAAANAZT-1_20170110_230814/b/HK11/trustzone_images/core/securemsm/trustzone/qsee/mink/libstd/build/secureindicator/scorpion/IADAANAA/libstd.lib(strncmp.o)

.comment        0x00000000       0x23
 .comment       0x00000000       0x23 /local/mnt/workspace/CRMBuilds/TZ.BF.4.0.3.c1-00005-M8996AAAAANAZT-1_20170110_230814/b/HK11/trustzone_images/apps/securemsm/trustzone/qsapps/secureindicator/build/secureindicator/scorpion/IADAANAA/si_main.o
                                 0x24 (size before relaxing)
 .comment       0x00000000       0x24 /local/mnt/workspace/CRMBuilds/TZ.BF.4.0.3.c1-00005-M8996AAAAANAZT-1_20170110_230814/b/HK11/trustzone_images/apps/securemsm/trustzone/qsapps/secureindicator/build/secureindicator/scorpion/IADAANAA/si.o
 .comment       0x00000000       0x24 /local/mnt/workspace/CRMBuilds/TZ.BF.4.0.3.c1-00005-M8996AAAAANAZT-1_20170110_230814/b/HK11/trustzone_images/apps/securemsm/trustzone/qsapps/secureindicator/build/secureindicator/scorpion/IADAANAA/metadata.o
 .comment       0x00000000       0x24 /local/mnt/workspace/CRMBuilds/TZ.BF.4.0.3.c1-00005-M8996AAAAANAZT-1_20170110_230814/b/HK11/trustzone_images/core/securemsm/sse/qsee/SecureDisplay/libpng/build/secureindicator/scorpion/IADAANAA/libpng.lib(png.o)
 .comment       0x00000000       0x24 /local/mnt/workspace/CRMBuilds/TZ.BF.4.0.3.c1-00005-M8996AAAAANAZT-1_20170110_230814/b/HK11/trustzone_images/core/securemsm/sse/qsee/SecureDisplay/libpng/build/secureindicator/scorpion/IADAANAA/libpng.lib(pngerror.o)
 .comment       0x00000000       0x24 /local/mnt/workspace/CRMBuilds/TZ.BF.4.0.3.c1-00005-M8996AAAAANAZT-1_20170110_230814/b/HK11/trustzone_images/core/securemsm/sse/qsee/SecureDisplay/libpng/build/secureindicator/scorpion/IADAANAA/libpng.lib(pngget.o)
 .comment       0x00000000       0x24 /local/mnt/workspace/CRMBuilds/TZ.BF.4.0.3.c1-00005-M8996AAAAANAZT-1_20170110_230814/b/HK11/trustzone_images/core/securemsm/sse/qsee/SecureDisplay/libpng/build/secureindicator/scorpion/IADAANAA/libpng.lib(pngmem.o)
 .comment       0x00000000       0x24 /local/mnt/workspace/CRMBuilds/TZ.BF.4.0.3.c1-00005-M8996AAAAANAZT-1_20170110_230814/b/HK11/trustzone_images/core/securemsm/sse/qsee/SecureDisplay/libpng/build/secureindicator/scorpion/IADAANAA/libpng.lib(pngread.o)
 .comment       0x00000000       0x24 /local/mnt/workspace/CRMBuilds/TZ.BF.4.0.3.c1-00005-M8996AAAAANAZT-1_20170110_230814/b/HK11/trustzone_images/core/securemsm/sse/qsee/SecureDisplay/libpng/build/secureindicator/scorpion/IADAANAA/libpng.lib(pngrio.o)
 .comment       0x00000000       0x24 /local/mnt/workspace/CRMBuilds/TZ.BF.4.0.3.c1-00005-M8996AAAAANAZT-1_20170110_230814/b/HK11/trustzone_images/core/securemsm/sse/qsee/SecureDisplay/libpng/build/secureindicator/scorpion/IADAANAA/libpng.lib(pngrutil.o)
 .comment       0x00000000       0x24 /local/mnt/workspace/CRMBuilds/TZ.BF.4.0.3.c1-00005-M8996AAAAANAZT-1_20170110_230814/b/HK11/trustzone_images/core/securemsm/sse/qsee/SecureDisplay/libpng/build/secureindicator/scorpion/IADAANAA/libpng.lib(pngset.o)
 .comment       0x00000000       0x24 /local/mnt/workspace/CRMBuilds/TZ.BF.4.0.3.c1-00005-M8996AAAAANAZT-1_20170110_230814/b/HK11/trustzone_images/core/securemsm/sse/qsee/SecureDisplay/zlib/build/secureindicator/scorpion/IADAANAA/zlib.lib(crc32.o)
 .comment       0x00000000       0x24 /local/mnt/workspace/CRMBuilds/TZ.BF.4.0.3.c1-00005-M8996AAAAANAZT-1_20170110_230814/b/HK11/trustzone_images/core/securemsm/sse/qsee/SecureDisplay/zlib/build/secureindicator/scorpion/IADAANAA/zlib.lib(inflate.o)
 .comment       0x00000000       0x24 /local/mnt/workspace/CRMBuilds/TZ.BF.4.0.3.c1-00005-M8996AAAAANAZT-1_20170110_230814/b/HK11/trustzone_images/core/securemsm/sse/qsee/SecureDisplay/zlib/build/secureindicator/scorpion/IADAANAA/zlib.lib(inftrees.o)
 .comment       0x00000000       0x24 /local/mnt/workspace/CRMBuilds/TZ.BF.4.0.3.c1-00005-M8996AAAAANAZT-1_20170110_230814/b/HK11/trustzone_images/core/securemsm/sse/qsee/SecureDisplay/zlib/build/secureindicator/scorpion/IADAANAA/zlib.lib(zutil.o)
 .comment       0x00000000       0x24 /local/mnt/workspace/CRMBuilds/TZ.BF.4.0.3.c1-00005-M8996AAAAANAZT-1_20170110_230814/b/HK11/trustzone_images/core/securemsm/sse/qsee/SecureDisplay/zlib/build/secureindicator/scorpion/IADAANAA/zlib.lib(adler32.o)
 .comment       0x00000000       0x24 /local/mnt/workspace/CRMBuilds/TZ.BF.4.0.3.c1-00005-M8996AAAAANAZT-1_20170110_230814/b/HK11/trustzone_images/core/securemsm/sse/qsee/SecureDisplay/zlib/build/secureindicator/scorpion/IADAANAA/zlib.lib(inffast.o)
 .comment       0x00000000       0x24 /local/mnt/workspace/CRMBuilds/TZ.BF.4.0.3.c1-00005-M8996AAAAANAZT-1_20170110_230814/b/HK11/trustzone_images/core/securemsm/trustzone/qsapps/libs/applib/common_applib/build/secureindicator/scorpion/IADAANAA/tzapp_entrylib.lib(common_applib.o)
 .comment       0x00000000       0x24 /local/mnt/workspace/CRMBuilds/TZ.BF.4.0.3.c1-00005-M8996AAAAANAZT-1_20170110_230814/b/HK11/trustzone_images/core/securemsm/trustzone/qsapps/libs/applib/qsee/build/secureindicator/scorpion/IADAANAA/tzapp_entrylib.lib(mink_shared_code.o)
 .comment       0x00000000       0x24 /local/mnt/workspace/CRMBuilds/TZ.BF.4.0.3.c1-00005-M8996AAAAANAZT-1_20170110_230814/b/HK11/trustzone_images/core/securemsm/trustzone/qsapps/libs/applib/qsee/build/secureindicator/scorpion/IADAANAA/tzapp_entrylib.lib(qsee_env.o)
 .comment       0x00000000       0x24 /local/mnt/workspace/CRMBuilds/TZ.BF.4.0.3.c1-00005-M8996AAAAANAZT-1_20170110_230814/b/HK11/trustzone_images/core/securemsm/trustzone/qsapps/libs/applib/qsee/build/secureindicator/scorpion/IADAANAA/tzapp_entrylib.lib(qsee_prng.o)
 .comment       0x00000000       0x24 /local/mnt/workspace/CRMBuilds/TZ.BF.4.0.3.c1-00005-M8996AAAAANAZT-1_20170110_230814/b/HK11/trustzone_images/core/securemsm/trustzone/qsapps/libs/applib/qsee/build/secureindicator/scorpion/IADAANAA/tzapp_entrylib.lib(qsee_appmessage.o)
 .comment       0x00000000       0x24 /local/mnt/workspace/CRMBuilds/TZ.BF.4.0.3.c1-00005-M8996AAAAANAZT-1_20170110_230814/b/HK11/trustzone_images/core/securemsm/trustzone/qsapps/libs/applib/qsee/build/secureindicator/scorpion/IADAANAA/tzapp_entrylib.lib(sfs_api.o)
 .comment       0x00000000       0x24 /local/mnt/workspace/CRMBuilds/TZ.BF.4.0.3.c1-00005-M8996AAAAANAZT-1_20170110_230814/b/HK11/trustzone_images/core/securemsm/trustzone/qsapps/libs/applib/qsee/build/secureindicator/scorpion/IADAANAA/tzapp_entrylib.lib(tzapp_lib_main.o)
 .comment       0x00000000       0x24 /local/mnt/workspace/CRMBuilds/TZ.BF.4.0.3.c1-00005-M8996AAAAANAZT-1_20170110_230814/b/HK11/trustzone_images/core/securemsm/trustzone/qsapps/libs/services/build/secureindicator/scorpion/IADAANAA/qsee_services.lib(qsee_log.o)
 .comment       0x00000000       0x24 /local/mnt/workspace/CRMBuilds/TZ.BF.4.0.3.c1-00005-M8996AAAAANAZT-1_20170110_230814/b/HK11/trustzone_images/core/securemsm/trustzone/qsee/mink/libstd/build/secureindicator/scorpion/IADAANAA/libstd.lib(memscpy.o)
 .comment       0x00000000       0x24 /local/mnt/workspace/CRMBuilds/TZ.BF.4.0.3.c1-00005-M8996AAAAANAZT-1_20170110_230814/b/HK11/trustzone_images/core/securemsm/trustzone/qsee/mink/libstd/build/secureindicator/scorpion/IADAANAA/libstd.lib(secure_memset.o)
 .comment       0x00000000       0x24 /local/mnt/workspace/CRMBuilds/TZ.BF.4.0.3.c1-00005-M8996AAAAANAZT-1_20170110_230814/b/HK11/trustzone_images/core/securemsm/trustzone/qsee/mink/libstd/build/secureindicator/scorpion/IADAANAA/libstd.lib(memcmp.o)
 .comment       0x00000000       0x24 /local/mnt/workspace/CRMBuilds/TZ.BF.4.0.3.c1-00005-M8996AAAAANAZT-1_20170110_230814/b/HK11/trustzone_images/core/securemsm/trustzone/qsee/mink/libstd/build/secureindicator/scorpion/IADAANAA/libstd.lib(strlen.o)
 .comment       0x00000000       0x24 /local/mnt/workspace/CRMBuilds/TZ.BF.4.0.3.c1-00005-M8996AAAAANAZT-1_20170110_230814/b/HK11/trustzone_images/core/securemsm/trustzone/qsee/mink/libstd/build/secureindicator/scorpion/IADAANAA/libstd.lib(strcmp.o)