Archive member included because of file (symbol)

/local/mnt/workspace/CRMBuilds/TZ.BF.4.0.3.c1-00005-M8996AAAAANAZT-1_20170110_230814/b/HK11/trustzone_images/core/kernel/libstd/build/sampleapp/A53_64/IADAANAA/libstd.lib(memscpy.o)
                              /local/mnt/workspace/CRMBuilds/TZ.BF.4.0.3.c1-00005-M8996AAAAANAZT-1_20170110_230814/b/HK11/trustzone_images/core/securemsm/trustzone/qsapps/smplap64/build/sampleapp/A53_64/IADAANAA/app_content_protection.o (memscpy)
/local/mnt/workspace/CRMBuilds/TZ.BF.4.0.3.c1-00005-M8996AAAAANAZT-1_20170110_230814/b/HK11/trustzone_images/core/kernel/libstd/build/sampleapp/A53_64/IADAANAA/libstd.lib(strlcpy.o)
                              /local/mnt/workspace/CRMBuilds/TZ.BF.4.0.3.c1-00005-M8996AAAAANAZT-1_20170110_230814/b/HK11/trustzone_images/core/securemsm/trustzone/qsapps/smplap64/build/sampleapp/A53_64/IADAANAA/app_message_passing.o (strlcpy)
/local/mnt/workspace/CRMBuilds/TZ.BF.4.0.3.c1-00005-M8996AAAAANAZT-1_20170110_230814/b/HK11/trustzone_images/core/kernel/libstd/build/sampleapp/A53_64/IADAANAA/libstd.lib(secure_memset.o)
                              /local/mnt/workspace/CRMBuilds/TZ.BF.4.0.3.c1-00005-M8996AAAAANAZT-1_20170110_230814/b/HK11/trustzone_images/core/securemsm/trustzone/qsapps/smplap64/build/sampleapp/A53_64/IADAANAA/app_bio_lib.o (secure_memset)
/local/mnt/workspace/CRMBuilds/TZ.BF.4.0.3.c1-00005-M8996AAAAANAZT-1_20170110_230814/b/HK11/trustzone_images/core/kernel/libstd/build/sampleapp/A53_64/IADAANAA/libstd.lib(timesafe_memcmp.o)
                              /local/mnt/workspace/CRMBuilds/TZ.BF.4.0.3.c1-00005-M8996AAAAANAZT-1_20170110_230814/b/HK11/trustzone_images/core/securemsm/trustzone/qsapps/smplap64/build/sampleapp/A53_64/IADAANAA/app_bio_lib.o (timesafe_memcmp)
/local/mnt/workspace/CRMBuilds/TZ.BF.4.0.3.c1-00005-M8996AAAAANAZT-1_20170110_230814/b/HK11/trustzone_images/core/kernel/libstd/build/sampleapp/A53_64/IADAANAA/libstd.lib(timesafe_strncmp.o)
                              /local/mnt/workspace/CRMBuilds/TZ.BF.4.0.3.c1-00005-M8996AAAAANAZT-1_20170110_230814/b/HK11/trustzone_images/core/securemsm/trustzone/qsapps/smplap64/build/sampleapp/A53_64/IADAANAA/app_bio_lib.o (timesafe_strncmp)
/local/mnt/workspace/CRMBuilds/TZ.BF.4.0.3.c1-00005-M8996AAAAANAZT-1_20170110_230814/b/HK11/trustzone_images/core/securemsm/sse/qsee/SecureUI/build/sampleapp/A53_64/IADAANAA/secure_ui.lib(SecureUI.o)
                              /local/mnt/workspace/CRMBuilds/TZ.BF.4.0.3.c1-00005-M8996AAAAANAZT-1_20170110_230814/b/HK11/trustzone_images/core/securemsm/trustzone/qsapps/smplap64/build/sampleapp/A53_64/IADAANAA/app_main.o (sec_ui_alloc_app_buffer)
/local/mnt/workspace/CRMBuilds/TZ.BF.4.0.3.c1-00005-M8996AAAAANAZT-1_20170110_230814/b/HK11/trustzone_images/core/securemsm/sse/qsee/SecureUILib/lib/build/sampleapp/A53_64/IADAANAA/secure_ui_lib.lib(SecureUILib.o)
                              /local/mnt/workspace/CRMBuilds/TZ.BF.4.0.3.c1-00005-M8996AAAAANAZT-1_20170110_230814/b/HK11/trustzone_images/core/securemsm/trustzone/qsapps/smplap64/build/sampleapp/A53_64/IADAANAA/app_main.o (secUiProcessCmd)
/local/mnt/workspace/CRMBuilds/TZ.BF.4.0.3.c1-00005-M8996AAAAANAZT-1_20170110_230814/b/HK11/trustzone_images/core/securemsm/sse/qsee/SecureUILib/lib/build/sampleapp/A53_64/IADAANAA/secure_ui_lib.lib(01_startTouch.o)
                              /local/mnt/workspace/CRMBuilds/TZ.BF.4.0.3.c1-00005-M8996AAAAANAZT-1_20170110_230814/b/HK11/trustzone_images/core/securemsm/sse/qsee/SecureUILib/lib/build/sampleapp/A53_64/IADAANAA/secure_ui_lib.lib(SecureUILib.o) (processCmdStartTouch)
/local/mnt/workspace/CRMBuilds/TZ.BF.4.0.3.c1-00005-M8996AAAAANAZT-1_20170110_230814/b/HK11/trustzone_images/core/securemsm/sse/qsee/SecureUILib/lib/build/sampleapp/A53_64/IADAANAA/secure_ui_lib.lib(02_processTouch.o)
                              /local/mnt/workspace/CRMBuilds/TZ.BF.4.0.3.c1-00005-M8996AAAAANAZT-1_20170110_230814/b/HK11/trustzone_images/core/securemsm/sse/qsee/SecureUILib/lib/build/sampleapp/A53_64/IADAANAA/secure_ui_lib.lib(SecureUILib.o) (processCmdProcessTouch)
/local/mnt/workspace/CRMBuilds/TZ.BF.4.0.3.c1-00005-M8996AAAAANAZT-1_20170110_230814/b/HK11/trustzone_images/core/securemsm/sse/qsee/SecureUILib/lib/build/sampleapp/A53_64/IADAANAA/secure_ui_lib.lib(03_stopTouch.o)
                              /local/mnt/workspace/CRMBuilds/TZ.BF.4.0.3.c1-00005-M8996AAAAANAZT-1_20170110_230814/b/HK11/trustzone_images/core/securemsm/sse/qsee/SecureUILib/lib/build/sampleapp/A53_64/IADAANAA/secure_ui_lib.lib(SecureUILib.o) (processCmdStopTouch)
/local/mnt/workspace/CRMBuilds/TZ.BF.4.0.3.c1-00005-M8996AAAAANAZT-1_20170110_230814/b/HK11/trustzone_images/core/securemsm/trustzone/qsapps/libs/applib/common_applib/build/sampleapp/A53_64/IADAANAA/tzapp_entrylib.lib(common_applib.o)
[...]
Memory Configuration

Name             Origin             Length             Attributes
*default*        0x0000000000000000 0xffffffffffffffff

Linker script and memory map


.text           0x0000000000000000    0x4484d
 *\tzapp_entry.o(SORT(TZAPPENTRYCODE))
 TZAPPENTRYCODE
                0x0000000000000000       0x58 /local/mnt/workspace/CRMBuilds/TZ.BF.4.0.3.c1-00005-M8996AAAAANAZT-1_20170110_230814/b/HK11/trustzone_images/core/securemsm/trustzone/qsapps/libs/applib/qsee64/build/sampleapp/A53_64/IADAANAA/qsee64/src/tzapp_entry.o
                0x0000000000000000                __main
                0x0000000000000000                TZAPPENTRY
                0x0000000000000000                _main
                0x000000000000003c                get_cmnlib_ctx_ptr
 *(SORT(.text) SORT(.text.*) SORT(kthread_shared))
 .text          0x0000000000000058     0x1490 /local/mnt/workspace/CRMBuilds/TZ.BF.4.0.3.c1-00005-M8996AAAAANAZT-1_20170110_230814/b/HK11/trustzone_images/core/securemsm/trustzone/qsapps/smplap64/build/sampleapp/A53_64/IADAANAA/app_main.o
                0x0000000000000058                tz_app_init
                0x000000000000008c                tz_app_cmd_handler
                0x00000000000014d8                tz_app_shutdown
 .text          0x00000000000014e8      0x224 /local/mnt/workspace/CRMBuilds/TZ.BF.4.0.3.c1-00005-M8996AAAAANAZT-1_20170110_230814/b/HK11/trustzone_images/core/securemsm/trustzone/qsapps/smplap64/build/sampleapp/A53_64/IADAANAA/app_smplserv_test.o
                0x00000000000014e8                run_smplserv_test
                0x0000000000001608                run_smplserv_crash_test
 .text          0x000000000000170c       0xdc /local/mnt/workspace/CRMBuilds/TZ.BF.4.0.3.c1-00005-M8996AAAAANAZT-1_20170110_230814/b/HK11/trustzone_images/core/securemsm/trustzone/qsapps/smplap64/build/sampleapp/A53_64/IADAANAA/app_smplcert_test.o
                0x000000000000170c                run_smplcert_test
 .text          0x00000000000017e8     0x9a60 /local/mnt/workspace/CRMBuilds/TZ.BF.4.0.3.c1-00005-M8996AAAAANAZT-1_20170110_230814/b/HK11/trustzone_images/core/securemsm/trustzone/qsapps/smplap64/build/sampleapp/A53_64/IADAANAA/app_crypto.o
                0x00000000000017e8                tz_app_crypto_aes_func
                0x0000000000001bf8                tz_app_crypto_triple_des_func
                0x0000000000001f1c                tz_app_crypto_triple_des_large_func
                0x0000000000002298                tz_app_crypto_aes_large_func
                0x0000000000002688                tz_app_crypto_aes_xts_func
                0x0000000000002a4c                tz_app_crypto_aes_ccm_func
                0x0000000000003028                tz_app_crypto_aes_block_func
                0x000000000000332c                tz_app_crypto_hash_func
                0x00000000000033d4                tz_app_crypto_hash_block_func
                0x0000000000003560                tz_app_crypto_hash_aes_func
                0x0000000000003a38                tz_app_crypto_hmac_func
                0x0000000000003b64                tz_app_crypto_cmac_func
                0x0000000000003c28                tz_app_crypto_aes_perf
                0x0000000000003d6c                tz_app_crypto_triple_des_perf
                0x0000000000003eac                tz_app_crypto_aes_xts_perf
                0x0000000000004034                tz_app_crypto_hash_perf
                0x00000000000040b0                tz_app_crypto_hash_aes_perf
                0x00000000000042d0                tz_app_crypto_hmac_perf
                0x000000000000433c                tz_app_crypto_cmac_perf
                0x00000000000043ac                tz_app_aes_func
                0x00000000000048d8                tz_app_des_func
                0x0000000000004c1c                tz_app_aes_xts_func
                0x0000000000004ef8                tz_app_aes_ccm_func
                0x0000000000005294                tz_app_hash_func
                0x0000000000005440                tz_app_hash_aes_func
                0x000000000000574c                tz_app_hmac_func
                0x0000000000005940                tz_app_cmac_func
                0x0000000000005b08                tz_app_aes_perf
                0x00000000000060a0                tz_app_des_perf
                0x00000000000063a4                tz_app_aes_xts_perf
                0x00000000000066e4                tz_app_hash_perf
                0x0000000000006944                tz_app_hash_aes_perf
                0x0000000000006d90                tz_app_hmac_perf
                0x0000000000007064                tz_app_cmac_perf
                0x0000000000007340                tz_app_kdf_perf
                0x00000000000076ac                tz_app_crypto_kdf
                0x0000000000007a34                tz_app_crypto_ecdh_func
                0x0000000000007b54                tz_app_crypto_ecdsa_func
                0x0000000000007c7c                tz_app_crypto_generic_ecdsa_func
                0x0000000000008a7c                tz_app_crypto_generic_ecdh_func
                0x0000000000008d64                tz_app_ecdh_func
                0x0000000000008dfc                tz_app_ecdsa_func
                0x0000000000008ee0                tz_app_generic_ecdh_func
                0x0000000000008f64                tz_app_generic_ecdsa_func
                0x0000000000009010                tz_app_ufcrypto_aes_func
                0x0000000000009588                tz_app_ufcrypto_aes_gcm_func
                0x0000000000009a40                tz_app_ufcrypto_hash_func
                0x0000000000009b40                tz_app_ufcrypto_hmac_func
                0x0000000000009cb4                tz_app_sw_aes_func
                0x000000000000a090                tz_app_sw_hash_func
                0x000000000000a1fc                tz_app_sw_hmac_func
                0x000000000000a3f0                tz_app_ufcrypto_aes_perf
                0x000000000000a5a0                tz_app_ufcrypto_hash_perf
                0x000000000000a690                tz_app_ufcrypto_hmac_perf
                0x000000000000a764                tz_app_sw_aes_perf
                0x000000000000a9f8                tz_app_sw_aes_gcm_perf
                0x000000000000acb8                tz_app_sw_hash_perf
                0x000000000000ae74                tz_app_sw_hmac_perf
                0x000000000000b048                tz_app_crypto_test
                0x000000000000b0bc                tz_app_crypto_func_test
                0x000000000000b188                tz_app_crypto_perf_test
 .text          0x000000000000b248     0x4900 /local/mnt/workspace/CRMBuilds/TZ.BF.4.0.3.c1-00005-M8996AAAAANAZT-1_20170110_230814/b/HK11/trustzone_images/core/securemsm/trustzone/qsapps/smplap64/build/sampleapp/A53_64/IADAANAA/app_sfs.o
                0x000000000000b248                smplap_sfs_unit_open
                0x000000000000b4d0                smplap_sfs_unit_read_write
                0x000000000000b958                smplap_sfs_unit_get_size
                0x000000000000bc24                smplap_sfs_unit_seek
                0x000000000000cbe8                smplap_sfs_unit_rm
                0x000000000000cd20                smplap_sfs_unit_file_list
                0x000000000000d054                smplap_sfs_basic_use_cases
                0x000000000000dc24                smplap_sfs_perf_test
                0x000000000000e22c                smplap_sfs_unit_test_suite
                0x000000000000e284                tz_app_sfs
                0x000000000000ec74                tz_app_counter
                0x000000000000f500                tz_app_fs
 .text          0x000000000000fb48     0x1070 /local/mnt/workspace/CRMBuilds/TZ.BF.4.0.3.c1-00005-M8996AAAAANAZT-1_20170110_230814/b/HK11/trustzone_images/core/securemsm/trustzone/qsapps/smplap64/build/sampleapp/A53_64/IADAANAA/app_rsa.o
                0x000000000000fb48                init_key
                0x000000000000fba4                free_key
                0x000000000000fbb0                tzt_test_crypto_rsa_enc_dec_vect
                0x000000000000fdd0                test_crypto_rsa_enc_dec
                0x0000000000010074                tzt_test_crypto_rsa_sign_verify_vect
                0x00000000000102cc                test_crypto_rsa_sign_verify
                0x00000000000105d4                test_crypto_rsa_byte_count
                0x000000000001066c                test_crypto_rsa_CRT_verify
                0x0000000000010b5c                tz_app_crypto_rsa_test
 .text          0x0000000000010bb8     0x1650 /local/mnt/workspace/CRMBuilds/TZ.BF.4.0.3.c1-00005-M8996AAAAANAZT-1_20170110_230814/b/HK11/trustzone_images/core/securemsm/trustzone/qsapps/smplap64/build/sampleapp/A53_64/IADAANAA/qsee_api_tests.o
                0x0000000000010bb8                run_core_test
                0x0000000000010d44                run_securechannel_test
                0x0000000000010d78                run_misc_test
                0x0000000000010f6c                run_tlmm_tests
                0x000000000001111c                run_buses_spi_test
                0x0000000000011308                run_buses_test
                0x00000000000113a8                security_state_test
                0x00000000000114a0                run_abort_test
                0x00000000000114d0                run_cache_test
                0x0000000000011578                run_sharedbuffer_test
                0x000000000001161c                run_spin_test
                0x0000000000011624                run_trans_test
                0x0000000000011728                run_oem_buf_test
                0x0000000000011d08                run_intlock_tests
                0x0000000000012048                run_blsp_modify_ownership_test
                0x00000000000120d8                run_log_bitmask_test
 .text          0x0000000000012208      0x440 /local/mnt/workspace/CRMBuilds/TZ.BF.4.0.3.c1-00005-M8996AAAAANAZT-1_20170110_230814/b/HK11/trustzone_images/core/securemsm/trustzone/qsapps/smplap64/build/sampleapp/A53_64/IADAANAA/app_cmnlib.o
                0x0000000000012208                copy_S_BIGINT
                0x000000000001224c                test_crypto_rsa_complementary
                0x00000000000124f4                tz_app_cmnlib_test
 .text          0x0000000000012648      0x1d0 /local/mnt/workspace/CRMBuilds/TZ.BF.4.0.3.c1-00005-M8996AAAAANAZT-1_20170110_230814/b/HK11/trustzone_images/core/securemsm/trustzone/qsapps/smplap64/build/sampleapp/A53_64/IADAANAA/app_message_passing.o
                0x0000000000012648                run_message_passing_test
 .text          0x0000000000012818      0x114 /local/mnt/workspace/CRMBuilds/TZ.BF.4.0.3.c1-00005-M8996AAAAANAZT-1_20170110_230814/b/HK11/trustzone_images/core/securemsm/trustzone/qsapps/smplap64/build/sampleapp/A53_64/IADAANAA/app_fuses.o
                0x0000000000012818                run_fuse_test
                0x000000000001283c                run_sw_fuse_test
 .text          0x000000000001292c     0x1754 /local/mnt/workspace/CRMBuilds/TZ.BF.4.0.3.c1-00005-M8996AAAAANAZT-1_20170110_230814/b/HK11/trustzone_images/core/securemsm/trustzone/qsapps/smplap64/build/sampleapp/A53_64/IADAANAA/app_stor.o
                0x000000000001292c                BufferBackup
                0x000000000001299c                BufferRestore
                0x0000000000012a0c                qsee_stor_memset
                0x0000000000012a38                qsee_stor_deviceInitTest
                0x0000000000012aac                qsee_stor_deviceAddOpenPartitionTest
                0x0000000000012bdc                qsee_stor_devRWSingleContTest
                0x0000000000012ea0                qsee_stor_devRWSingleAltTest
                0x0000000000013170                qsee_stor_devRWDoubleContTest
                0x00000000000134b0                qsee_stor_devRWDoubleAltTest
                0x00000000000137b8                qsee_stor_AdversarialTest
                0x000000000001399c                qsee_stor_devRWAdversarialTest
                0x0000000000013cdc                qsee_stor_RWSProfileTest
                0x0000000000013f84                run_stor_test
 .text          0x0000000000014080      0x644 /local/mnt/workspace/CRMBuilds/TZ.BF.4.0.3.c1-00005-M8996AAAAANAZT-1_20170110_230814/b/HK11/trustzone_images/core/securemsm/trustzone/qsapps/smplap64/build/sampleapp/A53_64/IADAANAA/app_content_protection.o
                0x0000000000014080                mem_seg_copy
                0x0000000000014340                Content_Protection_Copy_NonsecureToSecure
 .text          0x00000000000146c4      0x808 /local/mnt/workspace/CRMBuilds/TZ.BF.4.0.3.c1-00005-M8996AAAAANAZT-1_20170110_230814/b/HK11/trustzone_images/core/securemsm/trustzone/qsapps/smplap64/build/sampleapp/A53_64/IADAANAA/app_secure_ui.o
                0x00000000000146c4                stop_disp
                0x00000000000146dc                copy_dot
                0x00000000000147e0                get_display_properties
                0x000000000001482c                start_disp_fullscreen
                0x00000000000148d4                show_image
                0x0000000000014a70                run_display_test
                0x0000000000014ae0                run_touch_test
 .text          0x0000000000014ecc     0x3090 /local/mnt/workspace/CRMBuilds/TZ.BF.4.0.3.c1-00005-M8996AAAAANAZT-1_20170110_230814/b/HK11/trustzone_images/core/securemsm/trustzone/qsapps/smplap64/build/sampleapp/A53_64/IADAANAA/app_bio_lib.o
                0x0000000000014ecc                run_bio_lib_tests
 .text          0x0000000000017f5c     0x1eec /local/mnt/workspace/CRMBuilds/TZ.BF.4.0.3.c1-00005-M8996AAAAANAZT-1_20170110_230814/b/HK11/trustzone_images/core/securemsm/trustzone/qsapps/smplap64/build/sampleapp/A53_64/IADAANAA/app_bulletin_board.o
                0x0000000000017f5c                run_bulletin_board_tests
 .text          0x0000000000019e48       0x30 /local/mnt/workspace/CRMBuilds/TZ.BF.4.0.3.c1-00005-M8996AAAAANAZT-1_20170110_230814/b/HK11/trustzone_images/core/kernel/libstd/build/sampleapp/A53_64/IADAANAA/libstd.lib(memscpy.o)
                0x0000000000019e48                memscpy
 .text          0x0000000000019e78       0x3c /local/mnt/workspace/CRMBuilds/TZ.BF.4.0.3.c1-00005-M8996AAAAANAZT-1_20170110_230814/b/HK11/trustzone_images/core/kernel/libstd/build/sampleapp/A53_64/IADAANAA/libstd.lib(strlcpy.o)
                0x0000000000019e78                strlcpy
 .text          0x0000000000019eb4       0x30 /local/mnt/workspace/CRMBuilds/TZ.BF.4.0.3.c1-00005-M8996AAAAANAZT-1_20170110_230814/b/HK11/trustzone_images/core/kernel/libstd/build/sampleapp/A53_64/IADAANAA/libstd.lib(secure_memset.o)
                0x0000000000019eb4                secure_memset
 .text          0x0000000000019ee4       0x40 /local/mnt/workspace/CRMBuilds/TZ.BF.4.0.3.c1-00005-M8996AAAAANAZT-1_20170110_230814/b/HK11/trustzone_images/core/kernel/libstd/build/sampleapp/A53_64/IADAANAA/libstd.lib(timesafe_memcmp.o)
                0x0000000000019ee4                timesafe_memcmp
 .text          0x0000000000019f24       0x84 /local/mnt/workspace/CRMBuilds/TZ.BF.4.0.3.c1-00005-M8996AAAAANAZT-1_20170110_230814/b/HK11/trustzone_images/core/kernel/libstd/build/sampleapp/A53_64/IADAANAA/libstd.lib(timesafe_strncmp.o)
                0x0000000000019f24                timesafe_strncmp
 .text          0x0000000000019fa8     0x21bc /local/mnt/workspace/CRMBuilds/TZ.BF.4.0.3.c1-00005-M8996AAAAANAZT-1_20170110_230814/b/HK11/trustzone_images/core/securemsm/sse/qsee/SecureUI/build/sampleapp/A53_64/IADAANAA/secure_ui.lib(SecureUI.o)
                0x0000000000019fa8                sec_ui_get_disp_properties
                0x000000000001a13c                sec_ui_start_disp_fullscreen
                0x000000000001abc0                session_is_unchanged
                0x000000000001ad20                sec_ui_stop_disp
                0x000000000001b164                sec_ui_show_buf
                0x000000000001b548                sec_ui_copy_to_buffer
                0x000000000001b804                sec_ui_hlos_release
                0x000000000001b8a4                sec_ui_alloc_app_buffer
                0x000000000001bc68                sec_ui_free_app_buffer
 .text          0x000000000001c164      0x158 /local/mnt/workspace/CRMBuilds/TZ.BF.4.0.3.c1-00005-M8996AAAAANAZT-1_20170110_230814/b/HK11/trustzone_images/core/securemsm/sse/qsee/SecureUILib/lib/build/sampleapp/A53_64/IADAANAA/secure_ui_lib.lib(SecureUILib.o)
                0x000000000001c164                secUiProcessCmd
                0x000000000001c218                secUiCmd
                0x000000000001c278                secUiRegisterTouchCallback
                0x000000000001c288                secUiTouchIsActive
                0x000000000001c2a0                secUiSetPanelSize
 .text          0x000000000001c2bc      0x11c /local/mnt/workspace/CRMBuilds/TZ.BF.4.0.3.c1-00005-M8996AAAAANAZT-1_20170110_230814/b/HK11/trustzone_images/core/securemsm/sse/qsee/SecureUILib/lib/build/sampleapp/A53_64/IADAANAA/secure_ui_lib.lib(01_startTouch.o)
                0x000000000001c2bc                processCmdStartTouch
 .text          0x000000000001c3d8      0x20c /local/mnt/workspace/CRMBuilds/TZ.BF.4.0.3.c1-00005-M8996AAAAANAZT-1_20170110_230814/b/HK11/trustzone_images/core/securemsm/sse/qsee/SecureUILib/lib/build/sampleapp/A53_64/IADAANAA/secure_ui_lib.lib(02_processTouch.o)
                0x000000000001c3d8                processCmdProcessTouch
 .text          0x000000000001c5e4      0x114 /local/mnt/workspace/CRMBuilds/TZ.BF.4.0.3.c1-00005-M8996AAAAANAZT-1_20170110_230814/b/HK11/trustzone_images/core/securemsm/sse/qsee/SecureUILib/lib/build/sampleapp/A53_64/IADAANAA/secure_ui_lib.lib(03_stopTouch.o)
                0x000000000001c5e4                secUiTouchStop
                0x000000000001c66c                processCmdStopTouch
 .text          0x000000000001c6f8      0x9b0 /local/mnt/workspace/CRMBuilds/TZ.BF.4.0.3.c1-00005-M8996AAAAANAZT-1_20170110_230814/b/HK11/trustzone_images/core/securemsm/trustzone/qsapps/libs/applib/common_applib/build/sampleapp/A53_64/IADAANAA/tzapp_entrylib.lib(common_applib.o)
                0x000000000001c6f8                qsee_err_fatal
                0x000000000001c718                platform_err_fatal
                0x000000000001c71c                platform_get_random
                0x000000000001c720                __stack_chk_fail
                0x000000000001c724                _sys_command_string
                0x000000000001c730                get_app_req_resp
                0x000000000001c73c                qsee_read_register
                0x000000000001c760                qsee_request_service
                0x000000000001c820                qsee_prepare_shared_buf_for_nosecure_read
                0x000000000001c844                qsee_prepare_shared_buf_for_secure_read
                0x000000000001c868                qsee_set_global_flag
                0x000000000001c88c                qsee_get_global_flag
                0x000000000001c8ac                qsee_oem_process_cmd
                0x000000000001c8d8                qsee_enforce_hdmi_hdcp_encryption
                0x000000000001c8fc                qsee_write_hdcp2p2_key_riv_enable
                0x000000000001c92c                qsee_read_hdcp2p2_min_encryption_level
                0x000000000001c950                qsee_write_hdcp2p2_min_encryption_level
                0x000000000001c974                qsee_get_hdcp_min_enc_level
                0x000000000001c998                qsee_set_hdcp_min_enc_level
                0x000000000001c9bc                qsee_write_hdcp1_key
                0x000000000001c9e0                qsee_set_hdcp_cpi_assert
                0x000000000001ca04                qsee_get_secure_state
                0x000000000001ca28                qsee_malloc
                0x000000000001ca38                qsee_realloc
                0x000000000001ca88                qsee_realloc_common
                0x000000000001cb40                qsee_free
                0x000000000001cb6c                qsee_cmnlib_malloc
                0x000000000001cb9c                qsee_cmnlib_free
                0x000000000001cbc8                tzlib_app_entry
                0x000000000001cd20                get_ta_app_name
                0x000000000001cd30                get_app_md
 .text.tz_module_open
                0x000000000001d0a8        0xc /local/mnt/workspace/CRMBuilds/TZ.BF.4.0.3.c1-00005-M8996AAAAANAZT-1_20170110_230814/b/HK11/trustzone_images/core/securemsm/trustzone/qsapps/libs/applib/common_applib/build/sampleapp/A53_64/IADAANAA/tzapp_entrylib.lib(common_applib.o)
                0x000000000001d0a8                tz_module_open
 .text          0x000000000001d0b4      0x6e8 /local/mnt/workspace/CRMBuilds/TZ.BF.4.0.3.c1-00005-M8996AAAAANAZT-1_20170110_230814/b/HK11/trustzone_images/core/securemsm/trustzone/qsapps/libs/applib/proxy/build/sampleapp/A53_64/IADAANAA/tzlib_proxy.lib(prxy_services.o)
                0x000000000001d0b4                qsee_kdf
                0x000000000001d0e0                qsee_log
                0x000000000001d1f0                qsee_log_set_mask
                0x000000000001d218                qsee_log_get_mask
                0x000000000001d244                open
                0x000000000001d29c                read
                0x000000000001d2c8                write
                0x000000000001d2f4                close
                0x000000000001d320                lstat
                0x000000000001d34c                mkdir
                0x000000000001d378                frename
                0x000000000001d3a4                opendir
                0x000000000001d3d0                readdir
                0x000000000001d3fc                rmdir
                0x000000000001d428                testdir
                0x000000000001d454                file_get_partition_free_size
                0x000000000001d480                fstat
                0x000000000001d4ac                lseek
                0x000000000001d4d8                time_getsystime
                0x000000000001d504                time_getutcsec
                0x000000000001d530                time_is_leap_year
                0x000000000001d55c                remove
                0x000000000001d588                unlink
                0x000000000001d5b4                link
                0x000000000001d5e0                telldir
                0x000000000001d60c                fsync
                0x000000000001d638                openat
                0x000000000001d68c                unlinkat
                0x000000000001d6b8                fcntl
                0x000000000001d710                creat
                0x000000000001d73c                file_dir_chown_chmod
                0x000000000001d770                get_error_number
 .text          0x000000000001d79c      0x2c4 /local/mnt/workspace/CRMBuilds/TZ.BF.4.0.3.c1-00005-M8996AAAAANAZT-1_20170110_230814/b/HK11/trustzone_images/core/securemsm/trustzone/qsapps/libs/applib/proxy/build/sampleapp/A53_64/IADAANAA/tzlib_proxy.lib(prxy_qsee_shim.o)
                0x000000000001d79c                qsee_rsa_key_gen
                0x000000000001d7b8                qsee_secpkcs8_parse
                0x000000000001d7d4                qsee_rsa_sign_hash
                0x000000000001d7f0                qsee_rsa_verify_signature
                0x000000000001d80c                qsee_rsa_encrypt
                0x000000000001d828                qsee_rsa_decrypt
                0x000000000001d844                qsee_BIGINT_read_unsigned_bin
                0x000000000001d860                qsee_util_init_s_bigint
                0x000000000001d87c                qsee_util_free_s_bigint
                0x000000000001d880                qsee_BIGINT_read_radix
                0x000000000001d89c                qsee_rsa_exptmod
                0x000000000001d8b8                qsee_util_count_bytes
                0x000000000001d8bc                qsee_SW_ECC_PubPrivate_Key_generate
                0x000000000001d8d8                qsee_SW_ECDH_Shared_Key_Derive
                0x000000000001d8f4                qsee_SW_ECDSA_Sign
                0x000000000001d910                qsee_SW_ECDSA_Verify
                0x000000000001d92c                qsee_ECC_hash_to_bigval
                0x000000000001d930                qsee_toggle_random_bit
                0x000000000001d934                qsee_get_random_bytes
                0x000000000001d938                qsee_in_curveP
                0x000000000001d954                qsee_SW_GENERIC_ECC_init
                0x000000000001d970                qsee_SW_GENERIC_ECDSA_sign
                0x000000000001d98c                qsee_SW_GENERIC_ECDSA_verify
                0x000000000001d9a8                qsee_SW_GENERIC_ECDH_shared_key_derive
                0x000000000001d9c4                qsee_SW_GENERIC_ECC_keypair_generate
                0x000000000001d9e0                qsee_SW_GENERIC_ECC_binary_to_bigval
                0x000000000001d9fc                qsee_SW_GENERIC_ECC_bigval_to_binary
                0x000000000001da18                qsee_SW_GENERIC_ECC_compare
                0x000000000001da34                qsee_SW_GENERIC_ECC_convert_input_to_bigval
                0x000000000001da50                qsee_SW_Cipher_DES_Init
                0x000000000001da54                qsee_SW_Cipher_DES_DeInit
                0x000000000001da58                qsee_SW_CipherDESData
                0x000000000001da5c                qsee_SW_Cipher_DES_SetParam
 .text          0x000000000001da60      0x18c /local/mnt/workspace/CRMBuilds/TZ.BF.4.0.3.c1-00005-M8996AAAAANAZT-1_20170110_230814/b/HK11/trustzone_images/core/securemsm/trustzone/qsapps/libs/applib/proxy/build/sampleapp/A53_64/IADAANAA/tzlib_proxy.lib(prxy_ufaes.o)
                0x000000000001da60                qsee_SW_Cipher_Init
                0x000000000001da8c                qsee_SW_Cipher_DeInit
                0x000000000001dab8                qsee_SW_Cipher_Reset
                0x000000000001dae4                qsee_SW_CipherData
                0x000000000001db10                qsee_SW_Cipher_SetParam
                0x000000000001db3c                qsee_SW_Cipher_GetParam
                0x000000000001db68                qsee_SW_AE_UpdateData
                0x000000000001db94                qsee_SW_AE_FinalData
                0x000000000001dbc0                qsee_SW_AE_UpdateAAD
 .text          0x000000000001dbec       0xb0 /local/mnt/workspace/CRMBuilds/TZ.BF.4.0.3.c1-00005-M8996AAAAANAZT-1_20170110_230814/b/HK11/trustzone_images/core/securemsm/trustzone/qsapps/libs/applib/proxy/build/sampleapp/A53_64/IADAANAA/tzlib_proxy.lib(prxy_ufdes.o)
                0x000000000001dbec                SW_Cipher_DES_Init
                0x000000000001dc18                SW_Cipher_DES_DeInit
                0x000000000001dc44                SW_CipherDESData
                0x000000000001dc70                SW_Cipher_DES_SetParam
 .text          0x000000000001dc9c       0xdc /local/mnt/workspace/CRMBuilds/TZ.BF.4.0.3.c1-00005-M8996AAAAANAZT-1_20170110_230814/b/HK11/trustzone_images/core/securemsm/trustzone/qsapps/libs/applib/proxy/build/sampleapp/A53_64/IADAANAA/tzlib_proxy.lib(prxy_ufsha.o)
                0x000000000001dc9c                qsee_SW_Hash_Init
                0x000000000001dcc8                qsee_SW_Hash_Update
                0x000000000001dcf4                qsee_SW_Hash_Final
                0x000000000001dd20                qsee_SW_Hmac
                0x000000000001dd4c                qsee_SW_Hash_Reset
 .text          0x000000000001dd78       0x58 /local/mnt/workspace/CRMBuilds/TZ.BF.4.0.3.c1-00005-M8996AAAAANAZT-1_20170110_230814/b/HK11/trustzone_images/core/securemsm/trustzone/qsapps/libs/applib/proxy/build/sampleapp/A53_64/IADAANAA/tzlib_proxy.lib(prxy_secmath.o)
                0x000000000001dd78                secmath_BIGINT_read_unsigned_bin
                0x000000000001dda4                secmath_BIGINT_read_radix
 .text          0x000000000001ddd0      0x1b4 /local/mnt/workspace/CRMBuilds/TZ.BF.4.0.3.c1-00005-M8996AAAAANAZT-1_20170110_230814/b/HK11/trustzone_images/core/securemsm/trustzone/qsapps/libs/applib/proxy/build/sampleapp/A53_64/IADAANAA/tzlib_proxy.lib(prxy_secrsa.o)
                0x000000000001ddd0                secpkcs8_parse
                0x000000000001ddfc                ce_rsa_key_gen
                0x000000000001de28                ce_rsa_encrypt
                0x000000000001de54                ce_rsa_decrypt
                0x000000000001de80                ce_rsa_sign_hash
                0x000000000001deac                ce_rsa_verify_signature
                0x000000000001ded8                ce_util_init_s_bigint
                0x000000000001df04                ce_util_free_s_bigint
                0x000000000001df2c                ce_util_count_bytes
                0x000000000001df58                ce_rsa_exptmod
 .text          0x000000000001df84      0x2e8 /local/mnt/workspace/CRMBuilds/TZ.BF.4.0.3.c1-00005-M8996AAAAANAZT-1_20170110_230814/b/HK11/trustzone_images/core/securemsm/trustzone/qsapps/libs/applib/proxy/build/sampleapp/A53_64/IADAANAA/tzlib_proxy.lib(prxy_ecc.o)
                0x000000000001df84                SW_ECC_PubPrivate_Key_generate
                0x000000000001dfb0                SW_ECDH_Shared_Key_Derive
                0x000000000001dfdc                SW_ECDSA_Sign
                0x000000000001e008                SW_ECDSA_Verify
                0x000000000001e034                ECC_hash_to_bigval
                0x000000000001e05c                toggle_random_bit
                0x000000000001e088                in_curveP
                0x000000000001e0b4                get_random_bytes
                0x000000000001e0e0                SW_GENERIC_ECC_init
                0x000000000001e10c                SW_GENERIC_ECDSA_sign
                0x000000000001e138                SW_GENERIC_ECDSA_verify
                0x000000000001e164                SW_GENERIC_ECDH_shared_key_derive
                0x000000000001e190                SW_GENERIC_ECC_keypair_generate
                0x000000000001e1bc                SW_GENERIC_ECC_binary_to_bigval
                0x000000000001e1e8                SW_GENERIC_ECC_bigval_to_binary
                0x000000000001e214                SW_GENERIC_ECC_compare
                0x000000000001e240                SW_GENERIC_ECC_convert_input_to_bigval
 .text          0x000000000001e26c      0x3e8 /local/mnt/workspace/CRMBuilds/TZ.BF.4.0.3.c1-00005-M8996AAAAANAZT-1_20170110_230814/b/HK11/trustzone_images/core/securemsm/trustzone/qsapps/libs/applib/qsee64/build/sampleapp/A53_64/IADAANAA/tzapp_entrylib.lib(mink_shared_code.o)
                0x000000000001e26c                UThread_syscall
                0x000000000001e294                minkIPC
                0x000000000001e420                minkServerLoop
                0x000000000001e62c                minkServerEntry
 .text          0x000000000001e654      0x430 /local/mnt/workspace/CRMBuilds/TZ.BF.4.0.3.c1-00005-M8996AAAAANAZT-1_20170110_230814/b/HK11/trustzone_images/core/securemsm/trustzone/qsapps/libs/applib/qsee64/build/sampleapp/A53_64/IADAANAA/tzapp_entrylib.lib(qsee_env.o)
                0x000000000001e654                qsee_set_env
                0x000000000001e684                qsee_open
                0x000000000001e724                qsee_open_singleton
                0x000000000001e92c                qsee_printf_ap
                0x000000000001e9dc                qsee_printf
 .text          0x000000000001ea84      0x280 /local/mnt/workspace/CRMBuilds/TZ.BF.4.0.3.c1-00005-M8996AAAAANAZT-1_20170110_230814/b/HK11/trustzone_images/core/securemsm/trustzone/qsapps/libs/applib/qsee64/build/sampleapp/A53_64/IADAANAA/tzapp_entrylib.lib(qsee_core_shim.o)
                0x000000000001ea84                qsee_exec_protect_memory
                0x000000000001eab0                qsee_is_sw_fuse_blown
                0x000000000001ead4                qsee_blow_sw_fuse
                0x000000000001eaf8                qsee_ks_decrypt
                0x000000000001eb70                qsee_ks_get_key
                0x000000000001ebdc                qsee_ks_delete_key
                0x000000000001ec08                qsee_ce_pipe_key_select
                0x000000000001ec38                qsee_ce_disable_sequence
                0x000000000001ec5c                qsee_ice_set_context_config
                0x000000000001ec90                qsee_hdmi_status_read
                0x000000000001ecbc                qsee_get_tz_app_id
                0x000000000001ece0                qsee_blsp_modify_ownership
 .text          0x000000000001ed04      0x194 /local/mnt/workspace/CRMBuilds/TZ.BF.4.0.3.c1-00005-M8996AAAAANAZT-1_20170110_230814/b/HK11/trustzone_images/core/securemsm/trustzone/qsapps/libs/applib/qsee64/build/sampleapp/A53_64/IADAANAA/tzapp_entrylib.lib(qsee_deviceid.o)
                0x000000000001ed04                qsee_read_jtag_id
                0x000000000001ed88                qsee_read_serial_num
                0x000000000001ee0c                qsee_get_device_uuid
 .text          0x000000000001ee98       0x8c /local/mnt/workspace/CRMBuilds/TZ.BF.4.0.3.c1-00005-M8996AAAAANAZT-1_20170110_230814/b/HK11/trustzone_images/core/securemsm/trustzone/qsapps/libs/applib/qsee64/build/sampleapp/A53_64/IADAANAA/tzapp_entrylib.lib(qsee_prng.o)
                0x000000000001ee98                qsee_prng_getdata
 .text          0x000000000001ef24      0x118 /local/mnt/workspace/CRMBuilds/TZ.BF.4.0.3.c1-00005-M8996AAAAANAZT-1_20170110_230814/b/HK11/trustzone_images/core/securemsm/trustzone/qsapps/libs/applib/qsee64/build/sampleapp/A53_64/IADAANAA/tzapp_entrylib.lib(qsee_secdisp.o)
                0x000000000001ef24                qsee_sd_get_session
                0x000000000001efac                qsee_sd_set_stop_allowed
 .text          0x000000000001f03c      0x294 /local/mnt/workspace/CRMBuilds/TZ.BF.4.0.3.c1-00005-M8996AAAAANAZT-1_20170110_230814/b/HK11/trustzone_images/core/securemsm/trustzone/qsapps/libs/applib/qsee64/build/sampleapp/A53_64/IADAANAA/tzapp_entrylib.lib(qsee_nsmem.o)
                0x000000000001f03c                qsee_is_s_tag_area
                0x000000000001f0e8                qsee_is_ns_range
                0x000000000001f188                qsee_vm_mem_count
                0x000000000001f234                qsee_tag_mem
 .text          0x000000000001f2d0       0xf8 /local/mnt/workspace/CRMBuilds/TZ.BF.4.0.3.c1-00005-M8996AAAAANAZT-1_20170110_230814/b/HK11/trustzone_images/core/securemsm/trustzone/qsapps/libs/applib/qsee64/build/sampleapp/A53_64/IADAANAA/tzapp_entrylib.lib(qsee_cmac.o)
                0x000000000001f2d0                qsee_cmac
 .text          0x000000000001f3c8       0x68 /local/mnt/workspace/CRMBuilds/TZ.BF.4.0.3.c1-00005-M8996AAAAANAZT-1_20170110_230814/b/HK11/trustzone_images/core/securemsm/trustzone/qsapps/libs/applib/qsee64/build/sampleapp/A53_64/IADAANAA/tzapp_entrylib.lib(qsee_crypto_shim.o)
                0x000000000001f3c8                qsee_crypto_lock_engine
                0x000000000001f400                qsee_set_bandwidth
 .text          0x000000000001f430       0x74 /local/mnt/workspace/CRMBuilds/TZ.BF.4.0.3.c1-00005-M8996AAAAANAZT-1_20170110_230814/b/HK11/trustzone_images/core/securemsm/trustzone/qsapps/libs/applib/qsee64/build/sampleapp/A53_64/IADAANAA/tzapp_entrylib.lib(qsee_timer_shim.o)
                0x000000000001f430                qsee_get_uptime
                0x000000000001f464                qsee_wdog_stop
                0x000000000001f484                qsee_wdog_pet
 .text          0x000000000001f4a4      0x3c0 /local/mnt/workspace/CRMBuilds/TZ.BF.4.0.3.c1-00005-M8996AAAAANAZT-1_20170110_230814/b/HK11/trustzone_images/core/securemsm/trustzone/qsapps/libs/applib/qsee64/build/sampleapp/A53_64/IADAANAA/tzapp_entrylib.lib(qsee_comstr.o)
                0x000000000001f4a4                cmp_char_i
                0x000000000001f4d8                qsee_strnicmp
                0x000000000001f52c                qsee_strlcpy
                0x000000000001f56c                qsee_strlcat
                0x000000000001f610                qsee_wstrlen
                0x000000000001f63c                qsee_wstrlcpy
                0x000000000001f6b4                qsee_wstrlcat
                0x000000000001f714                qsee_strtowstr
                0x000000000001f798                qsee_wstrtostr
                0x000000000001f7f8                qsee_wstrchr
                0x000000000001f834                qsee_wstrcmp
 .text          0x000000000001f864      0x1e8 /local/mnt/workspace/CRMBuilds/TZ.BF.4.0.3.c1-00005-M8996AAAAANAZT-1_20170110_230814/b/HK11/trustzone_images/core/securemsm/trustzone/qsapps/libs/applib/qsee64/build/sampleapp/A53_64/IADAANAA/tzapp_entrylib.lib(stor.o)
                0x000000000001f864                check_rpmb_handle
                0x000000000001f8ac                qsee_stor_device_init
                0x000000000001f8d0                qsee_stor_open_partition
                0x000000000001f900                qsee_stor_device_get_info
                0x000000000001f930                qsee_stor_client_get_info
                0x000000000001f964                qsee_stor_add_partition
                0x000000000001f990                qsee_stor_read_sectors
                0x000000000001f9c4                qsee_stor_write_sectors
                0x000000000001f9f8                qsee_stor_read_wp_config
                0x000000000001fa08                qsee_stor_write_wp_config
                0x000000000001fa18                qsee_stor_remove_client
 .text          0x000000000001fa4c     0x1eb0 /local/mnt/workspace/CRMBuilds/TZ.BF.4.0.3.c1-00005-M8996AAAAANAZT-1_20170110_230814/b/HK11/trustzone_images/core/securemsm/trustzone/qsapps/libs/applib/qsee64/build/sampleapp/A53_64/IADAANAA/tzapp_entrylib.lib(stor_gpt.o)
                0x000000000001fa4c                add_gpt_device_handle
                0x000000000001fbdc                add_gpt_client
                0x000000000001fdc8                gpt_dev_init
                0x0000000000020180                gpt_qsee_read_sectors
                0x000000000002056c                gpt_qsee_write_sectors
                0x00000000000208e0                gpt_add_partitions
                0x0000000000020c90                gpt_config_partitions
                0x0000000000020ed8                gpt_init
                0x00000000000211a0                gpt_open_partition
                0x00000000000212d8                gpt_device_get_info
                0x000000000002141c                gpt_client_get_info
                0x00000000000215b8                gpt_add_partition
                0x0000000000021640                gpt_read_sectors
                0x000000000002179c                gpt_write_sectors
 .text          0x00000000000218fc      0x1f8 /local/mnt/workspace/CRMBuilds/TZ.BF.4.0.3.c1-00005-M8996AAAAANAZT-1_20170110_230814/b/HK11/trustzone_images/core/securemsm/trustzone/qsapps/libs/applib/qsee64/build/sampleapp/A53_64/IADAANAA/tzapp_entrylib.lib(stor_rpmbw.o)
                0x00000000000218fc                rpmbw_init
                0x000000000002192c                rpmbw_open_partition
                0x0000000000021960                rpmbw_device_get_info
                0x0000000000021994                rpmbw_client_get_info
                0x00000000000219c8                rpmbw_add_partition
                0x00000000000219f8                rpmbw_read_sectors
                0x0000000000021a34                rpmbw_write_sectors
                0x0000000000021a70                rpmbw_read_wp_config
                0x0000000000021a9c                rpmbw_write_wp_config
                0x0000000000021ac8                rpmbw_remove_client
 .text          0x0000000000021af4      0x120 /local/mnt/workspace/CRMBuilds/TZ.BF.4.0.3.c1-00005-M8996AAAAANAZT-1_20170110_230814/b/HK11/trustzone_images/core/securemsm/trustzone/qsapps/libs/applib/qsee64/build/sampleapp/A53_64/IADAANAA/tzapp_entrylib.lib(qsee_counter_shim.o)
                0x0000000000021af4                qsee_counter_set_folder
                0x0000000000021b34                qsee_create_counter
                0x0000000000021b5c                qsee_query_counter
                0x0000000000021b84                qsee_increment_counter
                0x0000000000021ba8                qsee_delete_counter
                0x0000000000021bcc                qsee_query_rpmb_version
                0x0000000000021bf0                qsee_query_rpmb_enablement
 .text          0x0000000000021c14      0x8a0 /local/mnt/workspace/CRMBuilds/TZ.BF.4.0.3.c1-00005-M8996AAAAANAZT-1_20170110_230814/b/HK11/trustzone_images/core/securemsm/trustzone/qsapps/libs/applib/qsee64/build/sampleapp/A53_64/IADAANAA/tzapp_entrylib.lib(qsee_cipher.o)
                0x0000000000021c14                qsee_cipher_init
                0x0000000000021ce0                qsee_cipher_free_ctx
                0x0000000000021d30                qsee_cipher_set_param
                0x0000000000021f94                qsee_cipher_get_param
                0x00000000000221c8                qsee_cipher_encrypt
                0x00000000000222d8                qsee_cipher_decrypt
                0x00000000000223e8                qsee_cipher_reset
 .text          0x00000000000224b4      0xa4c /local/mnt/workspace/CRMBuilds/TZ.BF.4.0.3.c1-00005-M8996AAAAANAZT-1_20170110_230814/b/HK11/trustzone_images/core/securemsm/trustzone/qsapps/libs/applib/qsee64/build/sampleapp/A53_64/IADAANAA/tzapp_entrylib.lib(qsee_hash.o)
                0x00000000000224b4                qsee_hash_init
                0x0000000000022580                qsee_hash_free_ctx
                0x00000000000225d0                qsee_hash_update
                0x00000000000226cc                qsee_hash_final
                0x00000000000227c8                qsee_hash_set_param
                0x00000000000229fc                qsee_hash
                0x0000000000022abc                qsee_hashcipher_encrypt
                0x0000000000022c78                qsee_hashcipher_decrypt
                0x0000000000022e34                qsee_hash_reset
 .text          0x0000000000022f00      0x514 /local/mnt/workspace/CRMBuilds/TZ.BF.4.0.3.c1-00005-M8996AAAAANAZT-1_20170110_230814/b/HK11/trustzone_images/core/securemsm/trustzone/qsapps/libs/applib/qsee64/build/sampleapp/A53_64/IADAANAA/tzapp_entrylib.lib(qsee_hmac.o)
                0x0000000000022f00                qsee_hmac_init
                0x0000000000022ff0                qsee_hmac_free_ctx
                0x0000000000023040                qsee_hmac_update
                0x000000000002313c                qsee_hmac_final
                0x0000000000023238                qsee_hmac_set_param
                0x0000000000023344                qsee_hmac
 .text          0x0000000000023414      0x48c /local/mnt/workspace/CRMBuilds/TZ.BF.4.0.3.c1-00005-M8996AAAAANAZT-1_20170110_230814/b/HK11/trustzone_images/core/securemsm/trustzone/qsapps/libs/applib/qsee64/build/sampleapp/A53_64/IADAANAA/tzapp_entrylib.lib(qsee_i2c.o)
                0x0000000000023414                qsee_i2c_open
                0x000000000002350c                qsee_i2c_close
                0x00000000000235d8                qsee_i2c_read
                0x0000000000023794                qsee_i2c_write
 .text          0x00000000000238a0      0x558 /local/mnt/workspace/CRMBuilds/TZ.BF.4.0.3.c1-00005-M8996AAAAANAZT-1_20170110_230814/b/HK11/trustzone_images/core/securemsm/trustzone/qsapps/libs/applib/qsee64/build/sampleapp/A53_64/IADAANAA/tzapp_entrylib.lib(qsee_spi.o)
                0x00000000000238a0                qsee_spi_open
                0x000000000002392c                qsee_spi_close
                0x00000000000239b8                qsee_spi_read
                0x0000000000023b88                qsee_spi_write
                0x0000000000023c8c                qsee_spi_full_duplex
 .text          0x0000000000023df8      0x4bc /local/mnt/workspace/CRMBuilds/TZ.BF.4.0.3.c1-00005-M8996AAAAANAZT-1_20170110_230814/b/HK11/trustzone_images/core/securemsm/trustzone/qsapps/libs/applib/qsee64/build/sampleapp/A53_64/IADAANAA/tzapp_entrylib.lib(qsee_tlmm.o)
                0x0000000000023df8                qsee_tlmm_get_gpio_id
                0x0000000000023ee0                qsee_tlmm_release_gpio_id
                0x0000000000023f68                qsee_tlmm_config_gpio_id
                0x0000000000024088                qsee_tlmm_gpio_id_out
                0x0000000000024144                qsee_tlmm_gpio_id_in
                0x00000000000241fc                qsee_tlmm_select_gpio_id_mode
 .text          0x00000000000242b4       0x74 /local/mnt/workspace/CRMBuilds/TZ.BF.4.0.3.c1-00005-M8996AAAAANAZT-1_20170110_230814/b/HK11/trustzone_images/core/securemsm/trustzone/qsapps/libs/applib/qsee64/build/sampleapp/A53_64/IADAANAA/tzapp_entrylib.lib(qsee_bulletin_board_shim.o)
                0x00000000000242b4                qsee_bulletin_board_post
                0x00000000000242e8                qsee_bulletin_board_read
 .text          0x0000000000024328      0x204 /local/mnt/workspace/CRMBuilds/TZ.BF.4.0.3.c1-00005-M8996AAAAANAZT-1_20170110_230814/b/HK11/trustzone_images/core/securemsm/trustzone/qsapps/libs/applib/qsee64/build/sampleapp/A53_64/IADAANAA/tzapp_entrylib.lib(qsee_dcache.o)
                0x0000000000024328                qsee_dcache_clean_region
                0x00000000000243d4                qsee_dcache_flush_region
                0x0000000000024480                qsee_dcache_inval_region
 .text          0x000000000002452c      0x168 /local/mnt/workspace/CRMBuilds/TZ.BF.4.0.3.c1-00005-M8996AAAAANAZT-1_20170110_230814/b/HK11/trustzone_images/core/securemsm/trustzone/qsapps/libs/applib/qsee64/build/sampleapp/A53_64/IADAANAA/tzapp_entrylib.lib(qsee_shared_buffer.o)
                0x000000000002452c                qsee_register_shared_buffer
                0x00000000000245f4                qsee_deregister_shared_buffer
 .text          0x0000000000024694       0x8c /local/mnt/workspace/CRMBuilds/TZ.BF.4.0.3.c1-00005-M8996AAAAANAZT-1_20170110_230814/b/HK11/trustzone_images/core/securemsm/trustzone/qsapps/libs/applib/qsee64/build/sampleapp/A53_64/IADAANAA/tzapp_entrylib.lib(qsee_sync.o)
                0x0000000000024694                qsee_spin
 .text          0x0000000000024720      0x1e8 /local/mnt/workspace/CRMBuilds/TZ.BF.4.0.3.c1-00005-M8996AAAAANAZT-1_20170110_230814/b/HK11/trustzone_images/core/securemsm/trustzone/qsapps/libs/applib/qsee64/build/sampleapp/A53_64/IADAANAA/tzapp_entrylib.lib(qsee_oem_buffer.o)
                0x0000000000024720                qsee_get_oem_buffer_length
                0x00000000000247d0                qsee_read_oem_buffer
                0x000000000002486c                qsee_write_oem_buffer
 .text          0x0000000000024908      0x1f4 /local/mnt/workspace/CRMBuilds/TZ.BF.4.0.3.c1-00005-M8996AAAAANAZT-1_20170110_230814/b/HK11/trustzone_images/core/securemsm/trustzone/qsapps/libs/applib/qsee64/build/sampleapp/A53_64/IADAANAA/tzapp_entrylib.lib(qsee_intmask.o)
                0x0000000000024908                qsee_disable_all_interrupts
                0x00000000000249ac                qsee_set_intmask
                0x0000000000024a58                qsee_get_intmask
 .text          0x0000000000024afc       0xd8 /local/mnt/workspace/CRMBuilds/TZ.BF.4.0.3.c1-00005-M8996AAAAANAZT-1_20170110_230814/b/HK11/trustzone_images/core/securemsm/trustzone/qsapps/libs/applib/qsee64/build/sampleapp/A53_64/IADAANAA/tzapp_entrylib.lib(qsee_trans_ns_addr.o)
                0x0000000000024afc                qsee_trans_ns_addr
 .text          0x0000000000024bd4      0x20c /local/mnt/workspace/CRMBuilds/TZ.BF.4.0.3.c1-00005-M8996AAAAANAZT-1_20170110_230814/b/HK11/trustzone_images/core/securemsm/trustzone/qsapps/libs/applib/qsee64/build/sampleapp/A53_64/IADAANAA/tzapp_entrylib.lib(qsee_appmessage.o)
                0x0000000000024bd4                qsee_encapsulate_inter_app_message
                0x0000000000024cf4                qsee_decapsulate_inter_app_message
 .text          0x0000000000024de0      0x968 /local/mnt/workspace/CRMBuilds/TZ.BF.4.0.3.c1-00005-M8996AAAAANAZT-1_20170110_230814/b/HK11/trustzone_images/core/securemsm/trustzone/qsapps/libs/applib/qsee64/build/sampleapp/A53_64/IADAANAA/tzapp_entrylib.lib(sfs_api.o)
                0x0000000000024de0                qsee_sfs_open
                0x0000000000025028                qsee_sfs_close
                0x0000000000025030                qsee_sfs_read
                0x00000000000250f0                qsee_sfs_write
                0x000000000002517c                qsee_sfs_seek
                0x00000000000252a8                qsee_sfs_getSize
                0x000000000002537c                qsee_sfs_mkdir
                0x0000000000025384                qsee_sfs_rmdir
                0x000000000002538c                qsee_sfs_rm
                0x0000000000025440                qsee_sfs_error
                0x000000000002544c                qsee_sfs_get_file_list
                0x00000000000256c8                qsee_sfs_clean_file_list
                0x00000000000256f0                qsee_sfs_is_anti_rollback_enabled
 .text          0x0000000000025748       0xfc /local/mnt/workspace/CRMBuilds/TZ.BF.4.0.3.c1-00005-M8996AAAAANAZT-1_20170110_230814/b/HK11/trustzone_images/core/securemsm/trustzone/qsapps/libs/applib/qsee64/build/sampleapp/A53_64/IADAANAA/tzapp_entrylib.lib(tzapp_lib_main.o)
                0x0000000000025748                get_app_stack_base
                0x0000000000025754                get_app_stack_size
                0x000000000002576c                get_app_heap_base
                0x0000000000025778                get_app_heap_size
                0x0000000000025790                CApp_handleRequest
                0x00000000000257c4                CApp_invoke
                0x0000000000025814                secure_app_init
                0x000000000002582c                secure_app_shutdown
 .text          0x0000000000025844      0x4e8 /local/mnt/workspace/CRMBuilds/TZ.BF.4.0.3.c1-00005-M8996AAAAANAZT-1_20170110_230814/b/HK11/trustzone_images/core/securemsm/trustzone/qsapps/libs/biometric/build/sampleapp/A53_64/IADAANAA/biometric_lib.lib(biometric.o)
                0x0000000000025844                bio_set_auth_result
                0x0000000000025a08                bio_get_auth_result
                0x0000000000025bd0                bio_wait_for_hlos_event
 .text          0x0000000000025d2c      0x850 /local/mnt/workspace/CRMBuilds/TZ.BF.4.0.3.c1-00005-M8996AAAAANAZT-1_20170110_230814/b/HK11/trustzone_images/core/securemsm/trustzone/qsapps/libs/biometric/build/sampleapp/A53_64/IADAANAA/biometric_lib.lib(biometric_serializer.o)
                0x0000000000025d2c                bio_serialize_auth_result
                0x0000000000026060                bio_deserialize_auth_result
                0x0000000000026398                bio_serialize_file_poll_event_data
                0x0000000000026534                bio_parse_listener_response
 .text          0x000000000002657c      0x13c /afs/localcell/cm/gv2.6/sysname/pkg.@sys/qct/software/llvm/release/arm/3.5.2.4/tools/lib64/lib/libc.a(vsnprintf.o)
                0x000000000002657c                vsnprintf
 .text          0x00000000000266b8       0x34 /afs/localcell/cm/gv2.6/sysname/pkg.@sys/qct/software/llvm/release/arm/3.5.2.4/tools/lib64/lib/libc.a(memcmp.o)
                0x00000000000266b8                memcmp
 .text          0x00000000000266ec      0xa28 /afs/localcell/cm/gv2.6/sysname/pkg.@sys/qct/software/llvm/release/arm/3.5.2.4/tools/lib64/lib/libc.a(memcpy.o)
                0x00000000000266ec                memcpy
 .text          0x0000000000027114      0x484 /afs/localcell/cm/gv2.6/sysname/pkg.@sys/qct/software/llvm/release/arm/3.5.2.4/tools/lib64/lib/libc.a(memmove.o)
                0x0000000000027114                memmove
 .text          0x0000000000027598       0xb0 /afs/localcell/cm/gv2.6/sysname/pkg.@sys/qct/software/llvm/release/arm/3.5.2.4/tools/lib64/lib/libc.a(memset.o)
                0x0000000000027598                memset
 .text          0x0000000000027648       0x40 /afs/localcell/cm/gv2.6/sysname/pkg.@sys/qct/software/llvm/release/arm/3.5.2.4/tools/lib64/lib/libc.a(strcmp.o)
                0x0000000000027648                strcmp
 .text          0x0000000000027688       0x78 /afs/localcell/cm/gv2.6/sysname/pkg.@sys/qct/software/llvm/release/arm/3.5.2.4/tools/lib64/lib/libc.a(strlen.o)
                0x0000000000027688                strlen
 .text          0x0000000000027700       0x54 /afs/localcell/cm/gv2.6/sysname/pkg.@sys/qct/software/llvm/release/arm/3.5.2.4/tools/lib64/lib/libc.a(strncmp.o)
                0x0000000000027700                strncmp
 .text          0x0000000000027754       0x38 /afs/localcell/cm/gv2.6/sysname/pkg.@sys/qct/software/llvm/release/arm/3.5.2.4/tools/lib64/lib/libc.a(strnlen.o)
                0x0000000000027754                strnlen
 .text          0x000000000002778c       0x34 /afs/localcell/cm/gv2.6/sysname/pkg.@sys/qct/software/llvm/release/arm/3.5.2.4/tools/lib64/lib/libc.a(__errno_location.o)
                0x000000000002778c                __errno_location
 .text          0x00000000000277c0      0xe44 /afs/localcell/cm/gv2.6/sysname/pkg.@sys/qct/software/llvm/release/arm/3.5.2.4/tools/lib64/lib/libc.a(vfprintf.o)
                0x00000000000277c0                vfprintf
 .text          0x0000000000028604       0xdc /afs/localcell/cm/gv2.6/sysname/pkg.@sys/qct/software/llvm/release/arm/3.5.2.4/tools/lib64/lib/libc.a(memchr.o)
                0x0000000000028604                memchr
 .text          0x00000000000286e0       0x6c /afs/localcell/cm/gv2.6/sysname/pkg.@sys/qct/software/llvm/release/arm/3.5.2.4/tools/lib64/lib/libc.a(strerror.o)
                0x00000000000286e0                strerror
 .text          0x000000000002874c       0x24 /afs/localcell/cm/gv2.6/sysname/pkg.@sys/qct/software/llvm/release/arm/3.5.2.4/tools/lib64/lib/libc.a(wctomb.o)
                0x000000000002874c                wctomb
 .text          0x0000000000028770       0xd4 /afs/localcell/cm/gv2.6/sysname/pkg.@sys/qct/software/llvm/release/arm/3.5.2.4/tools/lib64/lib/libc.a(__lockfile.o)
                0x0000000000028770                __lockfile
                0x000000000002880c                __unlockfile
 .text          0x0000000000028844      0x19c /afs/localcell/cm/gv2.6/sysname/pkg.@sys/qct/software/llvm/release/arm/3.5.2.4/tools/lib64/lib/libc.a(fwrite.o)
                0x0000000000028844                __fwritex
                0x000000000002893c                fwrite_unlocked
                0x000000000002893c                fwrite
 .text          0x00000000000289e0       0xa4 /afs/localcell/cm/gv2.6/sysname/pkg.@sys/qct/software/llvm/release/arm/3.5.2.4/tools/lib64/lib/libc.a(__wait.o)
                0x00000000000289e0                __wait
 .text          0x0000000000028a84       0x40 /afs/localcell/cm/gv2.6/sysname/pkg.@sys/qct/software/llvm/release/arm/3.5.2.4/tools/lib64/lib/libc.a(syscall.o)
                0x0000000000028a84                __syscall
 .text          0x0000000000028ac4       0xf0 /afs/localcell/cm/gv2.6/sysname/pkg.@sys/qct/software/llvm/release/arm/3.5.2.4/tools/lib64/lib/libc.a(wcrtomb.o)
                0x0000000000028ac4                wcrtomb
 .text          0x0000000000028bb4       0x68 /afs/localcell/cm/gv2.6/sysname/pkg.@sys/qct/software/llvm/release/arm/3.5.2.4/tools/lib64/lib/libc.a(__towrite.o)
                0x0000000000028bb4                __towrite
                0x0000000000028c18                __flush_on_exit
 .text          0x0000000000028c1c       0xd4 /afs/localcell/cm/gv2.6/sysname/pkg.@sys/qct/software/llvm/release/arm/3.5.2.4/tools/lib64/lib/libc.a(__stdio_exit.o)
                0x0000000000028c1c                __stdio_exit
 .text          0x0000000000028cf0       0xa0 /afs/localcell/cm/gv2.6/sysname/pkg.@sys/qct/software/llvm/release/arm/3.5.2.4/tools/lib64/lib/libc.a(__lock.o)
                0x0000000000028cf0                __lock
                0x0000000000028d54                __unlock
 .text          0x0000000000028d90       0xe4 /local/mnt/workspace/CRMBuilds/TZ.BF.4.0.3.c1-00005-M8996AAAAANAZT-1_20170110_230814/b/HK11/trustzone_images/core/securemsm/sse/qsee/SecureTouch/drTs/lib/build/sampleapp/A53_64/IADAANAA/touch_lib.lib(01_open.o)
                0x0000000000028d90                touchOpen
 .text          0x0000000000028e74       0xd0 /local/mnt/workspace/CRMBuilds/TZ.BF.4.0.3.c1-00005-M8996AAAAANAZT-1_20170110_230814/b/HK11/trustzone_images/core/securemsm/sse/qsee/SecureTouch/drTs/lib/build/sampleapp/A53_64/IADAANAA/touch_lib.lib(02_close.o)
                0x0000000000028e74                touchClose
 .text          0x0000000000028f44      0x160 /local/mnt/workspace/CRMBuilds/TZ.BF.4.0.3.c1-00005-M8996AAAAANAZT-1_20170110_230814/b/HK11/trustzone_images/core/securemsm/sse/qsee/SecureTouch/drTs/lib/build/sampleapp/A53_64/IADAANAA/touch_lib.lib(03_getData.o)
                0x0000000000028f44                touchGetData
                0x0000000000029004                drNotifyEvent
 .text          0x00000000000290a4      0x794 /local/mnt/workspace/CRMBuilds/TZ.BF.4.0.3.c1-00005-M8996AAAAANAZT-1_20170110_230814/b/HK11/trustzone_images/core/securemsm/trustzone/qsapps/libs/applib/common_applib/build/sampleapp/A53_64/IADAANAA/tzapp_entrylib.lib(gpPersistObjCommon.o)
                0x00000000000290a4                gpCommon_Copy_Attributes
                0x0000000000029258                gpCommon_Init_Handles
                0x0000000000029354                gpCommon_Init_App_Info
                0x00000000000293dc                gpCommon_Clean_Attributes
                0x0000000000029458                gpCommon_Clean_Object_Handle
                0x00000000000294bc                gpCommon_Get_Object_Info
                0x0000000000029560                gpCommon_Close_Object
                0x0000000000029648                gpCommon_Get_File_Path
 .text          0x0000000000029838     0x12c4 /local/mnt/workspace/CRMBuilds/TZ.BF.4.0.3.c1-00005-M8996AAAAANAZT-1_20170110_230814/b/HK11/trustzone_images/core/securemsm/trustzone/qsapps/libs/applib/common_applib/build/sampleapp/A53_64/IADAANAA/tzapp_entrylib.lib(gpPersistentObjects.o)
                0x0000000000029838                TEE_OpenPersistentObject
                0x0000000000029a98                TEE_CreatePersistentObject
                0x0000000000029d80                TEE_CloseAndDeletePersistentObject1
                0x0000000000029ec0                TEE_CloseAndDeletePersistentObject
                0x0000000000029ec4                TEE_ReadObjectData
                0x000000000002a034                TEE_WriteObjectData
                0x000000000002a224                TEE_TruncateObjectData
                0x000000000002a3bc                TEE_SeekObjectData
                0x000000000002a4dc                TEE_RenamePersistentObject
                0x000000000002a644                TEE_AllocatePersistentObjectEnumerator
                0x000000000002a780                TEE_FreePersistentObjectEnumerator
                0x000000000002a814                TEE_ResetPersistentObjectEnumerator
                0x000000000002a8a8                TEE_StartPersistentObjectEnumerator
                0x000000000002a9dc                TEE_GetNextPersistentObject
 .text          0x000000000002aafc     0x2ea8 /local/mnt/workspace/CRMBuilds/TZ.BF.4.0.3.c1-00005-M8996AAAAANAZT-1_20170110_230814/b/HK11/trustzone_images/core/securemsm/trustzone/qsapps/libs/applib/common_applib/build/sampleapp/A53_64/IADAANAA/tzapp_entrylib.lib(gpPersistObjData.o)
                0x000000000002aafc                gpData_Create_Object
                0x000000000002b364                gpData_Delete_Object
                0x000000000002b4d4                gpData_Open_Object
                0x000000000002b6b0                gpData_Close_Object
                0x000000000002b700                gpData_Write_Data
                0x000000000002bcb4                gpData_Read_Data
                0x000000000002bf24                gpData_Trunc_Data
                0x000000000002c258                gpData_Seek_Data
 .text          0x000000000002d9a4      0xbdc /local/mnt/workspace/CRMBuilds/TZ.BF.4.0.3.c1-00005-M8996AAAAANAZT-1_20170110_230814/b/HK11/trustzone_images/core/securemsm/trustzone/qsapps/libs/applib/common_applib/build/sampleapp/A53_64/IADAANAA/tzapp_entrylib.lib(gpPersistObjHandler.o)
                0x000000000002d9a4                gpHandler_Create_Handle
                0x000000000002ddbc                gpHandler_Delete_Handle
                0x000000000002de80                gpHandler_Close_Handle
                0x000000000002e034                gpHandler_Open_Handle
                0x000000000002e0f8                gpHandler_Update_Handle
                0x000000000002e174                gpHandler_Rename_Handle
 .text          0x000000000002e580     0x1ba8 /local/mnt/workspace/CRMBuilds/TZ.BF.4.0.3.c1-00005-M8996AAAAANAZT-1_20170110_230814/b/HK11/trustzone_images/core/securemsm/trustzone/qsapps/libs/applib/common_applib/build/sampleapp/A53_64/IADAANAA/tzapp_entrylib.lib(gpPersistObjIndex.o)
                0x000000000002e580                index_Get_Index_Info
                0x000000000002e880                gpIndex_Create_Entry
                0x000000000002eb14                gpIndex_Delete_Entry
                0x000000000002ecd4                gpIndex_Get_Entry
                0x000000000002f050                gpIndex_Set_Entry
                0x000000000002f218                gpIndex_Rename_Entry
                0x000000000002f638                gpIndex_Get_Enum_Entry
                0x000000000002f8d8                gpIndex_Get_Index_Info
 .text          0x0000000000030128     0x1230 /local/mnt/workspace/CRMBuilds/TZ.BF.4.0.3.c1-00005-M8996AAAAANAZT-1_20170110_230814/b/HK11/trustzone_images/core/securemsm/trustzone/qsapps/libs/applib/common_applib/build/sampleapp/A53_64/IADAANAA/tzapp_entrylib.lib(gpPersistObjVersion.o)
                0x0000000000030128                version_Is_Rpmb_Usage_Enabled
                0x0000000000030210                gpVersion_Get_Version
                0x00000000000309a4                gpVersion_Set_Version
                0x0000000000030c74                gpVersion_Inc_Version
                0x0000000000030ccc                gpVersion_Delete_Version
 .text          0x0000000000031358      0xc2c /local/mnt/workspace/CRMBuilds/TZ.BF.4.0.3.c1-00005-M8996AAAAANAZT-1_20170110_230814/b/HK11/trustzone_images/core/securemsm/trustzone/qsapps/libs/applib/common_applib/build/sampleapp/A53_64/IADAANAA/tzapp_entrylib.lib(gpPersistObjCrypto.o)
                0x0000000000031358                gpCrypto_Encrypt
                0x00000000000317b4                gpCrypto_Integrity_Protect
                0x0000000000031a38                gpCrypto_Decrypt
                0x0000000000031c9c                gpCrypto_Integrity_Verify
 .text          0x0000000000031f84      0x4c4 /local/mnt/workspace/CRMBuilds/TZ.BF.4.0.3.c1-00005-M8996AAAAANAZT-1_20170110_230814/b/HK11/trustzone_images/core/securemsm/trustzone/qsapps/libs/applib/common_applib/build/sampleapp/A53_64/IADAANAA/tzapp_entrylib.lib(gpPersistObjFileIO.o)
                0x0000000000031f84                fileIO_Read_Data
                0x0000000000031ff8                fileIO_Write_Data
                0x0000000000032070                fileIO_Remove_Data
                0x00000000000320e4                fileIO_Rename_Data
                0x0000000000032158                gpFileIO_Read_File
                0x0000000000032224                gpFileIO_Write_File
                0x000000000003230c                gpFileIO_Remove_File
                0x000000000003239c                gpFileIO_Rename_File
 .text          0x0000000000032448      0x944 /local/mnt/workspace/CRMBuilds/TZ.BF.4.0.3.c1-00005-M8996AAAAANAZT-1_20170110_230814/b/HK11/trustzone_images/core/securemsm/trustzone/qsapps/libs/applib/common_applib/build/sampleapp/A53_64/IADAANAA/tzapp_entrylib.lib(gpFileService.o)
                0x0000000000032448                gpFileRead
                0x0000000000032744                gpFileWrite
                0x0000000000032a68                gpFileRemove
                0x0000000000032bf0                gpFileRename
 .text          0x0000000000032d8c       0x30 /local/mnt/workspace/CRMBuilds/TZ.BF.4.0.3.c1-00005-M8996AAAAANAZT-1_20170110_230814/b/HK11/trustzone_images/core/securemsm/trustzone/qsapps/libs/applib/qsee64/build/sampleapp/A53_64/IADAANAA/tzapp_entrylib.lib(qsee_cfg_prop_shim.o)
                0x0000000000032d8c                qsee_cfg_getpropval
 .text          0x0000000000032dbc        0xc /local/mnt/workspace/CRMBuilds/TZ.BF.4.0.3.c1-00005-M8996AAAAANAZT-1_20170110_230814/b/HK11/trustzone_images/core/securemsm/trustzone/qsapps/libs/applib/qsee64/build/sampleapp/A53_64/IADAANAA/tzapp_entrylib.lib(gpPersistObjPanic.o)
                0x0000000000032dbc                TEE_Panic
                0x0000000000032dc0                GPMemoryMgmt_verifyHandle
 .text          0x0000000000032dc8       0x60 /afs/localcell/cm/gv2.6/sysname/pkg.@sys/qct/software/llvm/release/arm/3.5.2.4/tools/lib64/lib/libc.a(strlcat.o)
                0x0000000000032dc8                strlcat
 .text          0x0000000000032e28      0x7f8 /local/mnt/workspace/CRMBuilds/TZ.BF.4.0.3.c1-00005-M8996AAAAANAZT-1_20170110_230814/b/HK11/trustzone_images/core/securemsm/sse/SecureTouch/controller/build/sampleapp/A53_64/IADAANAA/drts_controller_msm8996.lib(atmel_mxt_ts.o)
                0x0000000000032e28                dumpT9
                0x0000000000032e2c                dumpT100
                0x0000000000032e30                dumpT15
                0x0000000000032e34                dumpT42
                0x0000000000032e38                processT9
                0x0000000000032ee4                processT100
                0x0000000000032fd0                atmel_drTsOpen
                0x0000000000033410                atmel_drTsClose
                0x0000000000033484                atmel_drTsProcessEvents
 .text          0x0000000000033620      0x94c /local/mnt/workspace/CRMBuilds/TZ.BF.4.0.3.c1-00005-M8996AAAAANAZT-1_20170110_230814/b/HK11/trustzone_images/core/securemsm/sse/SecureTouch/controller/build/sampleapp/A53_64/IADAANAA/drts_controller_msm8996.lib(synaptics_ts.o)
                0x0000000000033620                synReadF12
                0x0000000000033878                synaptics_drTsOpen
                0x0000000000033d94                synaptics_drTsClose
                0x0000000000033e08                synaptics_drTsProcessEvents
 .text          0x0000000000033f6c       0xc8 /local/mnt/workspace/CRMBuilds/TZ.BF.4.0.3.c1-00005-M8996AAAAANAZT-1_20170110_230814/b/HK11/trustzone_images/core/securemsm/sse/log/build/sampleapp/A53_64/IADAANAA/sselog.lib(sselog.o)
                0x0000000000033f6c                dumpHex
 .text          0x0000000000034034      0x1f8 /local/mnt/workspace/CRMBuilds/TZ.BF.4.0.3.c1-00005-M8996AAAAANAZT-1_20170110_230814/b/HK11/trustzone_images/core/securemsm/sse/qsee/SecureTouch/drTs/controller/build/sampleapp/A53_64/IADAANAA/touch_controller_i2c_msm8996.lib(atmel_mxt_ts_i2c.o)
                0x0000000000034034                atmel_i2cReadReg
                0x000000000003411c                atmel_i2cOpen
                0x00000000000341a4                atmel_i2cClose
 .text          0x000000000003422c      0x1cc /local/mnt/workspace/CRMBuilds/TZ.BF.4.0.3.c1-00005-M8996AAAAANAZT-1_20170110_230814/b/HK11/trustzone_images/core/securemsm/sse/qsee/SecureTouch/drTs/controller/build/sampleapp/A53_64/IADAANAA/touch_controller_i2c_msm8996.lib(synaptics_ts_i2c.o)
                0x000000000003422c                synaptics_i2cReadReg
                0x000000000003430c                synaptics_i2cWriteReg
                0x0000000000034378                synaptics_i2cOpen
                0x00000000000343b8                synaptics_i2cClose
 .text          0x00000000000343f8       0x80 /afs/localcell/cm/gv2.6/sysname/pkg.@sys/qct/software/llvm/release/arm/3.5.2.4/tools/lib64/lib/libc.a(snprintf.o)
                0x00000000000343f8                snprintf
 kthread_shared
                0x0000000000034478       0x98 /local/mnt/workspace/CRMBuilds/TZ.BF.4.0.3.c1-00005-M8996AAAAANAZT-1_20170110_230814/b/HK11/trustzone_images/core/securemsm/trustzone/qsapps/libs/applib/qsee64/build/sampleapp/A53_64/IADAANAA/tzapp_entrylib.lib(kthread_shared.o)
                0x0000000000034478                mink_generic_syscall
 *(SORT(tzapp_syscall_asm))
 *fill*         0x0000000000034510       0xf0 
 tzapp_syscall_asm
                0x0000000000034600      0x200 /local/mnt/workspace/CRMBuilds/TZ.BF.4.0.3.c1-00005-M8996AAAAANAZT-1_20170110_230814/b/HK11/trustzone_images/core/securemsm/trustzone/qsapps/libs/applib/qsee64/build/sampleapp/A53_64/IADAANAA/tzapp_entrylib.lib(tzapp_syscall.o)
                0x0000000000034600                app_export_init_info_to_qsee
                0x0000000000034614                qsee_wait_default_signal_syscall
                0x00000000000346a4                qsee_generic_syscall
 *(SORT(.rodata))
 .rodata        0x0000000000034800       0x14 /local/mnt/workspace/CRMBuilds/TZ.BF.4.0.3.c1-00005-M8996AAAAANAZT-1_20170110_230814/b/HK11/trustzone_images/core/securemsm/sse/qsee/SecureUI/build/sampleapp/A53_64/IADAANAA/secure_ui.lib(SecureUI.o)
 *fill*         0x0000000000034814        0xc 
 .rodata        0x0000000000034820       0x30 /local/mnt/workspace/CRMBuilds/TZ.BF.4.0.3.c1-00005-M8996AAAAANAZT-1_20170110_230814/b/HK11/trustzone_images/core/securemsm/trustzone/qsapps/libs/applib/qsee64/build/sampleapp/A53_64/IADAANAA/tzapp_entrylib.lib(qsee_cipher.o)
 .rodata        0x0000000000034850       0x20 /local/mnt/workspace/CRMBuilds/TZ.BF.4.0.3.c1-00005-M8996AAAAANAZT-1_20170110_230814/b/HK11/trustzone_images/core/securemsm/trustzone/qsapps/libs/applib/qsee64/build/sampleapp/A53_64/IADAANAA/tzapp_entrylib.lib(qsee_tlmm.o)
 .rodata        0x0000000000034870       0x58 /local/mnt/workspace/CRMBuilds/TZ.BF.4.0.3.c1-00005-M8996AAAAANAZT-1_20170110_230814/b/HK11/trustzone_images/core/securemsm/trustzone/qsapps/libs/applib/qsee64/build/sampleapp/A53_64/IADAANAA/tzapp_entrylib.lib(qsee_appmessage.o)
 .rodata        0x00000000000348c8      0x114 /local/mnt/workspace/CRMBuilds/TZ.BF.4.0.3.c1-00005-M8996AAAAANAZT-1_20170110_230814/b/HK11/trustzone_images/core/securemsm/trustzone/qsapps/smplap64/build/sampleapp/A53_64/IADAANAA/app_crypto.o
 *fill*         0x00000000000349dc        0x4 
 .rodata        0x00000000000349e0       0xc0 /local/mnt/workspace/CRMBuilds/TZ.BF.4.0.3.c1-00005-M8996AAAAANAZT-1_20170110_230814/b/HK11/trustzone_images/core/securemsm/trustzone/qsapps/smplap64/build/sampleapp/A53_64/IADAANAA/app_bio_lib.o
 .rodata        0x0000000000034aa0       0x40 /local/mnt/workspace/CRMBuilds/TZ.BF.4.0.3.c1-00005-M8996AAAAANAZT-1_20170110_230814/b/HK11/trustzone_images/core/securemsm/trustzone/qsapps/smplap64/build/sampleapp/A53_64/IADAANAA/app_bulletin_board.o
 .rodata        0x0000000000034ae0       0xd0 /afs/localcell/cm/gv2.6/sysname/pkg.@sys/qct/software/llvm/release/arm/3.5.2.4/tools/lib64/lib/libc.a(vsnprintf.o)
 .rodata        0x0000000000034bb0       0x38 /afs/localcell/cm/gv2.6/sysname/pkg.@sys/qct/software/llvm/release/arm/3.5.2.4/tools/lib64/lib/libc.a(memcpy.o)
 .rodata        0x0000000000034be8       0xe0 /afs/localcell/cm/gv2.6/sysname/pkg.@sys/qct/software/llvm/release/arm/3.5.2.4/tools/lib64/lib/libc.a(memmove.o)
 .rodata        0x0000000000034cc8      0x390 /afs/localcell/cm/gv2.6/sysname/pkg.@sys/qct/software/llvm/release/arm/3.5.2.4/tools/lib64/lib/libc.a(vfprintf.o)
 .rodata        0x0000000000035058        0x8 /afs/localcell/cm/gv2.6/sysname/pkg.@sys/qct/software/llvm/release/arm/3.5.2.4/tools/lib64/lib/libc.a(__stdio_exit.o)
                0x0000000000035058                __stdout_used
                0x0000000000035058                __stdin_used
                0x0000000000035058                __stderr_used
 .rodata        0x0000000000035060       0x24 /local/mnt/workspace/CRMBuilds/TZ.BF.4.0.3.c1-00005-M8996AAAAANAZT-1_20170110_230814/b/HK11/trustzone_images/core/securemsm/trustzone/qsapps/smplap64/build/sampleapp/A53_64/IADAANAA/app_main.o
 .rodata        0x0000000000035084        0x4 /local/mnt/workspace/CRMBuilds/TZ.BF.4.0.3.c1-00005-M8996AAAAANAZT-1_20170110_230814/b/HK11/trustzone_images/core/securemsm/trustzone/qsapps/smplap64/build/sampleapp/A53_64/IADAANAA/metadata.o
                0x0000000000035084                TA_ACCEPT_BUF_SIZE
 .rodata        0x0000000000035088        0xc /local/mnt/workspace/CRMBuilds/TZ.BF.4.0.3.c1-00005-M8996AAAAANAZT-1_20170110_230814/b/HK11/trustzone_images/core/securemsm/trustzone/qsapps/libs/applib/qsee64/build/sampleapp/A53_64/IADAANAA/tzapp_entrylib.lib(qsee_hash.o)
 .rodata        0x0000000000035094        0xc /local/mnt/workspace/CRMBuilds/TZ.BF.4.0.3.c1-00005-M8996AAAAANAZT-1_20170110_230814/b/HK11/trustzone_images/core/securemsm/trustzone/qsapps/libs/applib/qsee64/build/sampleapp/A53_64/IADAANAA/tzapp_entrylib.lib(qsee_i2c.o)
 .rodata        0x00000000000350a0        0xc /local/mnt/workspace/CRMBuilds/TZ.BF.4.0.3.c1-00005-M8996AAAAANAZT-1_20170110_230814/b/HK11/trustzone_images/core/securemsm/trustzone/qsapps/libs/applib/qsee64/build/sampleapp/A53_64/IADAANAA/tzapp_entrylib.lib(qsee_oem_buffer.o)
 .rodata        0x00000000000350ac        0x4 /afs/localcell/cm/gv2.6/sysname/pkg.@sys/qct/software/llvm/release/arm/3.5.2.4/tools/lib64/lib/libc.a(__towrite.o)
                0x00000000000350ac                __towrite_used
 .rodata        0x00000000000350b0       0x7e /local/mnt/workspace/CRMBuilds/TZ.BF.4.0.3.c1-00005-M8996AAAAANAZT-1_20170110_230814/b/HK11/trustzone_images/core/securemsm/trustzone/qsapps/smplap64/build/sampleapp/A53_64/IADAANAA/app_sfs.o
 .rodata        0x000000000003512e      0x70c /afs/localcell/cm/gv2.6/sysname/pkg.@sys/qct/software/llvm/release/arm/3.5.2.4/tools/lib64/lib/libc.a(strerror.o)
 *(SORT(EXCLUDE_FILE(*\metadata.o) .rodata.*))
 *fill*         0x000000000003583a        0x6 
 .rodata.cst8   0x0000000000035840       0x18 /local/mnt/workspace/CRMBuilds/TZ.BF.4.0.3.c1-00005-M8996AAAAANAZT-1_20170110_230814/b/HK11/trustzone_images/core/securemsm/trustzone/qsapps/smplap64/build/sampleapp/A53_64/IADAANAA/app_main.o
 .rodata.cst8   0x0000000000035858       0x20 /local/mnt/workspace/CRMBuilds/TZ.BF.4.0.3.c1-00005-M8996AAAAANAZT-1_20170110_230814/b/HK11/trustzone_images/core/securemsm/trustzone/qsapps/smplap64/build/sampleapp/A53_64/IADAANAA/app_crypto.o
                                         0xc0 (size before relaxing)
 .rodata.cst4   0x0000000000035878        0x4 /local/mnt/workspace/CRMBuilds/TZ.BF.4.0.3.c1-00005-M8996AAAAANAZT-1_20170110_230814/b/HK11/trustzone_images/core/securemsm/trustzone/qsapps/smplap64/build/sampleapp/A53_64/IADAANAA/app_crypto.o
                                         0x2c (size before relaxing)
 .rodata.cst16  0x000000000003587c       0x10 /local/mnt/workspace/CRMBuilds/TZ.BF.4.0.3.c1-00005-M8996AAAAANAZT-1_20170110_230814/b/HK11/trustzone_images/core/securemsm/trustzone/qsapps/libs/applib/qsee64/build/sampleapp/A53_64/IADAANAA/tzapp_entrylib.lib(qsee_tlmm.o)
 .rodata.cst16  0x000000000003588c       0x10 /local/mnt/workspace/CRMBuilds/TZ.BF.4.0.3.c1-00005-M8996AAAAANAZT-1_20170110_230814/b/HK11/trustzone_images/core/securemsm/trustzone/qsapps/libs/biometric/build/sampleapp/A53_64/IADAANAA/biometric_lib.lib(biometric_serializer.o)
 .rodata.str1.1
                0x000000000003589c      0xf64 /local/mnt/workspace/CRMBuilds/TZ.BF.4.0.3.c1-00005-M8996AAAAANAZT-1_20170110_230814/b/HK11/trustzone_images/core/securemsm/trustzone/qsapps/smplap64/build/sampleapp/A53_64/IADAANAA/app_main.o
 .rodata.str1.1
                0x0000000000036800      0x18a /local/mnt/workspace/CRMBuilds/TZ.BF.4.0.3.c1-00005-M8996AAAAANAZT-1_20170110_230814/b/HK11/trustzone_images/core/securemsm/trustzone/qsapps/smplap64/build/sampleapp/A53_64/IADAANAA/app_smplserv_test.o
 .rodata.str1.1
                0x000000000003698a       0x7f /local/mnt/workspace/CRMBuilds/TZ.BF.4.0.3.c1-00005-M8996AAAAANAZT-1_20170110_230814/b/HK11/trustzone_images/core/securemsm/trustzone/qsapps/smplap64/build/sampleapp/A53_64/IADAANAA/app_smplcert_test.o
 .rodata.str1.1
                0x0000000000036a09     0x2cf5 /local/mnt/workspace/CRMBuilds/TZ.BF.4.0.3.c1-00005-M8996AAAAANAZT-1_20170110_230814/b/HK11/trustzone_images/core/securemsm/trustzone/qsapps/smplap64/build/sampleapp/A53_64/IADAANAA/app_crypto.o
 .rodata.str1.1
                0x00000000000396fe     0x201d /local/mnt/workspace/CRMBuilds/TZ.BF.4.0.3.c1-00005-M8996AAAAANAZT-1_20170110_230814/b/HK11/trustzone_images/core/securemsm/trustzone/qsapps/smplap64/build/sampleapp/A53_64/IADAANAA/app_sfs.o
                                       0x2061 (size before relaxing)
 .rodata.str1.1
                0x000000000003b71b     0x204b /local/mnt/workspace/CRMBuilds/TZ.BF.4.0.3.c1-00005-M8996AAAAANAZT-1_20170110_230814/b/HK11/trustzone_images/core/securemsm/trustzone/qsapps/smplap64/build/sampleapp/A53_64/IADAANAA/app_rsa.o
                                       0x2063 (size before relaxing)
 .rodata.str1.1
                0x000000000003d766     0x1596 /local/mnt/workspace/CRMBuilds/TZ.BF.4.0.3.c1-00005-M8996AAAAANAZT-1_20170110_230814/b/HK11/trustzone_images/core/securemsm/trustzone/qsapps/smplap64/build/sampleapp/A53_64/IADAANAA/qsee_api_tests.o
                                       0x159b (size before relaxing)
 .rodata.str1.1
                0x000000000003ecfc      0x24f /local/mnt/workspace/CRMBuilds/TZ.BF.4.0.3.c1-00005-M8996AAAAANAZT-1_20170110_230814/b/HK11/trustzone_images/core/securemsm/trustzone/qsapps/smplap64/build/sampleapp/A53_64/IADAANAA/app_cmnlib.o
 .rodata.str1.1
                0x000000000003ef4b      0x156 /local/mnt/workspace/CRMBuilds/TZ.BF.4.0.3.c1-00005-M8996AAAAANAZT-1_20170110_230814/b/HK11/trustzone_images/core/securemsm/trustzone/qsapps/smplap64/build/sampleapp/A53_64/IADAANAA/app_message_passing.o
 .rodata.str1.1
                0x000000000003f0a1      0x174 /local/mnt/workspace/CRMBuilds/TZ.BF.4.0.3.c1-00005-M8996AAAAANAZT-1_20170110_230814/b/HK11/trustzone_images/core/securemsm/trustzone/qsapps/smplap64/build/sampleapp/A53_64/IADAANAA/app_fuses.o
 .rodata.str1.1
                0x000000000003f215     0x1a09 /local/mnt/workspace/CRMBuilds/TZ.BF.4.0.3.c1-00005-M8996AAAAANAZT-1_20170110_230814/b/HK11/trustzone_images/core/securemsm/trustzone/qsapps/smplap64/build/sampleapp/A53_64/IADAANAA/app_stor.o
                                       0x1a30 (size before relaxing)
 .rodata.str1.1
                0x0000000000040c1e      0x4b3 /local/mnt/workspace/CRMBuilds/TZ.BF.4.0.3.c1-00005-M8996AAAAANAZT-1_20170110_230814/b/HK11/trustzone_images/core/securemsm/trustzone/qsapps/smplap64/build/sampleapp/A53_64/IADAANAA/app_content_protection.o
 .rodata.str1.1
                0x00000000000410d1      0x1e7 /local/mnt/workspace/CRMBuilds/TZ.BF.4.0.3.c1-00005-M8996AAAAANAZT-1_20170110_230814/b/HK11/trustzone_images/core/securemsm/trustzone/qsapps/smplap64/build/sampleapp/A53_64/IADAANAA/app_secure_ui.o
 .rodata.str1.1
                0x00000000000412b8      0xa96 /local/mnt/workspace/CRMBuilds/TZ.BF.4.0.3.c1-00005-M8996AAAAANAZT-1_20170110_230814/b/HK11/trustzone_images/core/securemsm/trustzone/qsapps/smplap64/build/sampleapp/A53_64/IADAANAA/app_bio_lib.o
                                        0xaa9 (size before relaxing)
 .rodata.str1.1
                0x0000000000041d4e      0x5f9 /local/mnt/workspace/CRMBuilds/TZ.BF.4.0.3.c1-00005-M8996AAAAANAZT-1_20170110_230814/b/HK11/trustzone_images/core/securemsm/trustzone/qsapps/smplap64/build/sampleapp/A53_64/IADAANAA/app_bulletin_board.o
                                        0x694 (size before relaxing)
 .rodata.str1.1
                0x0000000000042347      0x8e1 /local/mnt/workspace/CRMBuilds/TZ.BF.4.0.3.c1-00005-M8996AAAAANAZT-1_20170110_230814/b/HK11/trustzone_images/core/securemsm/sse/qsee/SecureUI/build/sampleapp/A53_64/IADAANAA/secure_ui.lib(SecureUI.o)
                                        0x906 (size before relaxing)
 .rodata.str1.1
                0x0000000000042c28       0x4e /local/mnt/workspace/CRMBuilds/TZ.BF.4.0.3.c1-00005-M8996AAAAANAZT-1_20170110_230814/b/HK11/trustzone_images/core/securemsm/sse/qsee/SecureUILib/lib/build/sampleapp/A53_64/IADAANAA/secure_ui_lib.lib(01_startTouch.o)
 .rodata.str1.1
                0x0000000000042c76       0x64 /local/mnt/workspace/CRMBuilds/TZ.BF.4.0.3.c1-00005-M8996AAAAANAZT-1_20170110_230814/b/HK11/trustzone_images/core/securemsm/sse/qsee/SecureUILib/lib/build/sampleapp/A53_64/IADAANAA/secure_ui_lib.lib(02_processTouch.o)
                                         0x7a (size before relaxing)
 .rodata.str1.1
                0x0000000000042cda       0x2f /local/mnt/workspace/CRMBuilds/TZ.BF.4.0.3.c1-00005-M8996AAAAANAZT-1_20170110_230814/b/HK11/trustzone_images/core/securemsm/sse/qsee/SecureUILib/lib/build/sampleapp/A53_64/IADAANAA/secure_ui_lib.lib(03_stopTouch.o)
                                         0x5a (size before relaxing)
 .rodata.str1.1
                0x0000000000042d09        0x7 /local/mnt/workspace/CRMBuilds/TZ.BF.4.0.3.c1-00005-M8996AAAAANAZT-1_20170110_230814/b/HK11/trustzone_images/core/securemsm/trustzone/qsapps/libs/applib/common_applib/build/sampleapp/A53_64/IADAANAA/tzapp_entrylib.lib(common_applib.o)
                                          0x9 (size before relaxing)
 .rodata.str1.1
                0x0000000000000000        0x1 /local/mnt/workspace/CRMBuilds/TZ.BF.4.0.3.c1-00005-M8996AAAAANAZT-1_20170110_230814/b/HK11/trustzone_images/core/securemsm/trustzone/qsapps/libs/applib/qsee64/build/sampleapp/A53_64/IADAANAA/tzapp_entrylib.lib(qsee_core_shim.o)
 .rodata.str1.1
                0x0000000000042d10       0x6f /local/mnt/workspace/CRMBuilds/TZ.BF.4.0.3.c1-00005-M8996AAAAANAZT-1_20170110_230814/b/HK11/trustzone_images/core/securemsm/trustzone/qsapps/libs/applib/qsee64/build/sampleapp/A53_64/IADAANAA/tzapp_entrylib.lib(qsee_spi.o)
 .rodata.str1.1
                0x0000000000042d7f       0xb7 /local/mnt/workspace/CRMBuilds/TZ.BF.4.0.3.c1-00005-M8996AAAAANAZT-1_20170110_230814/b/HK11/trustzone_images/core/securemsm/trustzone/qsapps/libs/applib/qsee64/build/sampleapp/A53_64/IADAANAA/tzapp_entrylib.lib(qsee_dcache.o)
 .rodata.str1.1
                0x0000000000042e36       0xe5 /local/mnt/workspace/CRMBuilds/TZ.BF.4.0.3.c1-00005-M8996AAAAANAZT-1_20170110_230814/b/HK11/trustzone_images/core/securemsm/trustzone/qsapps/libs/applib/qsee64/build/sampleapp/A53_64/IADAANAA/tzapp_entrylib.lib(qsee_shared_buffer.o)
 .rodata.str1.1
                0x0000000000042f1b       0xa8 /local/mnt/workspace/CRMBuilds/TZ.BF.4.0.3.c1-00005-M8996AAAAANAZT-1_20170110_230814/b/HK11/trustzone_images/core/securemsm/trustzone/qsapps/libs/applib/qsee64/build/sampleapp/A53_64/IADAANAA/tzapp_entrylib.lib(sfs_api.o)
                                         0xc0 (size before relaxing)
 .rodata.str1.1
                0x0000000000042fc3      0x286 /local/mnt/workspace/CRMBuilds/TZ.BF.4.0.3.c1-00005-M8996AAAAANAZT-1_20170110_230814/b/HK11/trustzone_images/core/securemsm/trustzone/qsapps/libs/biometric/build/sampleapp/A53_64/IADAANAA/biometric_lib.lib(biometric.o)
                                        0x28d (size before relaxing)
 .rodata.str1.1
                0x0000000000043249      0x381 /local/mnt/workspace/CRMBuilds/TZ.BF.4.0.3.c1-00005-M8996AAAAANAZT-1_20170110_230814/b/HK11/trustzone_images/core/securemsm/trustzone/qsapps/libs/biometric/build/sampleapp/A53_64/IADAANAA/biometric_lib.lib(biometric_serializer.o)
 .rodata.str1.1
                0x00000000000435ca       0x11 /afs/localcell/cm/gv2.6/sysname/pkg.@sys/qct/software/llvm/release/arm/3.5.2.4/tools/lib64/lib/libc.a(vfprintf.o)
 .rodata.cst16  0x00000000000435db       0x10 /afs/localcell/cm/gv2.6/sysname/pkg.@sys/qct/software/llvm/release/arm/3.5.2.4/tools/lib64/lib/libc.a(vfprintf.o)
 .rodata.str1.1
                0x00000000000435eb       0x58 /afs/localcell/cm/gv2.6/sysname/pkg.@sys/qct/software/llvm/release/arm/3.5.2.4/tools/lib64/lib/libc.a(strerror.o)
 .rodata.str1.1
                0x0000000000043643       0x3f /local/mnt/workspace/CRMBuilds/TZ.BF.4.0.3.c1-00005-M8996AAAAANAZT-1_20170110_230814/b/HK11/trustzone_images/core/securemsm/sse/qsee/SecureTouch/drTs/lib/build/sampleapp/A53_64/IADAANAA/touch_lib.lib(01_open.o)
 .rodata.str1.1
                0x0000000000043682       0x9d /local/mnt/workspace/CRMBuilds/TZ.BF.4.0.3.c1-00005-M8996AAAAANAZT-1_20170110_230814/b/HK11/trustzone_images/core/securemsm/sse/qsee/SecureTouch/drTs/lib/build/sampleapp/A53_64/IADAANAA/touch_lib.lib(02_close.o)
 .rodata.str1.1
                0x000000000004371f       0xae /local/mnt/workspace/CRMBuilds/TZ.BF.4.0.3.c1-00005-M8996AAAAANAZT-1_20170110_230814/b/HK11/trustzone_images/core/securemsm/sse/qsee/SecureTouch/drTs/lib/build/sampleapp/A53_64/IADAANAA/touch_lib.lib(03_getData.o)
                                         0xb8 (size before relaxing)
 .rodata.str1.1
                0x00000000000437cd       0xb1 /local/mnt/workspace/CRMBuilds/TZ.BF.4.0.3.c1-00005-M8996AAAAANAZT-1_20170110_230814/b/HK11/trustzone_images/core/securemsm/trustzone/qsapps/libs/applib/common_applib/build/sampleapp/A53_64/IADAANAA/tzapp_entrylib.lib(gpPersistObjCommon.o)
                                         0xcb (size before relaxing)
 .rodata.str1.1
                0x000000000004387e      0x172 /local/mnt/workspace/CRMBuilds/TZ.BF.4.0.3.c1-00005-M8996AAAAANAZT-1_20170110_230814/b/HK11/trustzone_images/core/securemsm/trustzone/qsapps/libs/applib/common_applib/build/sampleapp/A53_64/IADAANAA/tzapp_entrylib.lib(gpPersistentObjects.o)
                                        0x18a (size before relaxing)
 .rodata.str1.1
                0x00000000000439f0      0x31c /local/mnt/workspace/CRMBuilds/TZ.BF.4.0.3.c1-00005-M8996AAAAANAZT-1_20170110_230814/b/HK11/trustzone_images/core/securemsm/trustzone/qsapps/libs/applib/common_applib/build/sampleapp/A53_64/IADAANAA/tzapp_entrylib.lib(gpPersistObjData.o)
                                        0x334 (size before relaxing)
 .rodata.str1.1
                0x0000000000043d0c       0xcc /local/mnt/workspace/CRMBuilds/TZ.BF.4.0.3.c1-00005-M8996AAAAANAZT-1_20170110_230814/b/HK11/trustzone_images/core/securemsm/trustzone/qsapps/libs/applib/common_applib/build/sampleapp/A53_64/IADAANAA/tzapp_entrylib.lib(gpPersistObjHandler.o)
                                         0xe4 (size before relaxing)
 .rodata.str1.1
                0x0000000000043dd8      0x182 /local/mnt/workspace/CRMBuilds/TZ.BF.4.0.3.c1-00005-M8996AAAAANAZT-1_20170110_230814/b/HK11/trustzone_images/core/securemsm/trustzone/qsapps/libs/applib/common_applib/build/sampleapp/A53_64/IADAANAA/tzapp_entrylib.lib(gpPersistObjIndex.o)
                                        0x19f (size before relaxing)
 .rodata.str1.1
                0x0000000000043f5a      0x1e5 /local/mnt/workspace/CRMBuilds/TZ.BF.4.0.3.c1-00005-M8996AAAAANAZT-1_20170110_230814/b/HK11/trustzone_images/core/securemsm/trustzone/qsapps/libs/applib/common_applib/build/sampleapp/A53_64/IADAANAA/tzapp_entrylib.lib(gpPersistObjVersion.o)
                                        0x202 (size before relaxing)
 .rodata.str1.1
                0x000000000004413f      0x163 /local/mnt/workspace/CRMBuilds/TZ.BF.4.0.3.c1-00005-M8996AAAAANAZT-1_20170110_230814/b/HK11/trustzone_images/core/securemsm/trustzone/qsapps/libs/applib/common_applib/build/sampleapp/A53_64/IADAANAA/tzapp_entrylib.lib(gpPersistObjCrypto.o)
                                        0x17b (size before relaxing)
 .rodata.str1.1
                0x00000000000442a2       0x9a /local/mnt/workspace/CRMBuilds/TZ.BF.4.0.3.c1-00005-M8996AAAAANAZT-1_20170110_230814/b/HK11/trustzone_images/core/securemsm/trustzone/qsapps/libs/applib/common_applib/build/sampleapp/A53_64/IADAANAA/tzapp_entrylib.lib(gpPersistObjFileIO.o)
                                         0xb2 (size before relaxing)
 .rodata.str1.1
                0x000000000004433c       0x31 /local/mnt/workspace/CRMBuilds/TZ.BF.4.0.3.c1-00005-M8996AAAAANAZT-1_20170110_230814/b/HK11/trustzone_images/core/securemsm/trustzone/qsapps/libs/applib/common_applib/build/sampleapp/A53_64/IADAANAA/tzapp_entrylib.lib(gpFileService.o)
                                         0x49 (size before relaxing)
 .rodata.str1.1
                0x000000000004436d      0x189 /local/mnt/workspace/CRMBuilds/TZ.BF.4.0.3.c1-00005-M8996AAAAANAZT-1_20170110_230814/b/HK11/trustzone_images/core/securemsm/sse/SecureTouch/controller/build/sampleapp/A53_64/IADAANAA/drts_controller_msm8996.lib(atmel_mxt_ts.o)
 .rodata.str1.1
                0x00000000000444f6      0x2a6 /local/mnt/workspace/CRMBuilds/TZ.BF.4.0.3.c1-00005-M8996AAAAANAZT-1_20170110_230814/b/HK11/trustzone_images/core/securemsm/sse/SecureTouch/controller/build/sampleapp/A53_64/IADAANAA/drts_controller_msm8996.lib(synaptics_ts.o)
                                        0x303 (size before relaxing)
 .rodata.str1.1
                0x000000000004479c        0x6 /local/mnt/workspace/CRMBuilds/TZ.BF.4.0.3.c1-00005-M8996AAAAANAZT-1_20170110_230814/b/HK11/trustzone_images/core/securemsm/sse/log/build/sampleapp/A53_64/IADAANAA/sselog.lib(sselog.o)
 .rodata.str1.1
                0x00000000000447a2       0x5a /local/mnt/workspace/CRMBuilds/TZ.BF.4.0.3.c1-00005-M8996AAAAANAZT-1_20170110_230814/b/HK11/trustzone_images/core/securemsm/sse/qsee/SecureTouch/drTs/controller/build/sampleapp/A53_64/IADAANAA/touch_controller_i2c_msm8996.lib(atmel_mxt_ts_i2c.o)
 .rodata.str1.1
                0x00000000000447fc       0x45 /local/mnt/workspace/CRMBuilds/TZ.BF.4.0.3.c1-00005-M8996AAAAANAZT-1_20170110_230814/b/HK11/trustzone_images/core/securemsm/sse/qsee/SecureTouch/drTs/controller/build/sampleapp/A53_64/IADAANAA/touch_controller_i2c_msm8996.lib(synaptics_ts_i2c.o)
                                         0x87 (size before relaxing)
 *metadata.o(SORT(.rodata.str1.1))
 .rodata.str1.1
                0x0000000000044841        0xc /local/mnt/workspace/CRMBuilds/TZ.BF.4.0.3.c1-00005-M8996AAAAANAZT-1_20170110_230814/b/HK11/trustzone_images/core/securemsm/trustzone/qsapps/smplap64/build/sampleapp/A53_64/IADAANAA/metadata.o

.plt            0x0000000000044850        0x0
 .plt           0x0000000000000000        0x0 /local/mnt/workspace/CRMBuilds/TZ.BF.4.0.3.c1-00005-M8996AAAAANAZT-1_20170110_230814/b/HK11/trustzone_images/core/securemsm/trustzone/qsapps/libs/applib/qsee64/build/sampleapp/A53_64/IADAANAA/qsee64/src/tzapp_entry.o

.sentinel       0x000000000004484d       0x30
 *(SORT(.rodata.sentinel))
 .rodata.sentinel
                0x000000000004484d       0x30 /local/mnt/workspace/CRMBuilds/TZ.BF.4.0.3.c1-00005-M8996AAAAANAZT-1_20170110_230814/b/HK11/trustzone_images/core/securemsm/trustzone/qsapps/smplap64/build/sampleapp/A53_64/IADAANAA/metadata.o
                0x000000000004484d                TA_METADATA
                0x0000000000000001                ASSERT ((SIZEOF (.sentinel) != 0x0), No sentinel section defined.)

.gnu.version_d  0x0000000000044880        0x0
 .gnu.version_d
                0x0000000000000000        0x0 /local/mnt/workspace/CRMBuilds/TZ.BF.4.0.3.c1-00005-M8996AAAAANAZT-1_20170110_230814/b/HK11/trustzone_images/core/securemsm/trustzone/qsapps/libs/applib/qsee64/build/sampleapp/A53_64/IADAANAA/qsee64/src/tzapp_entry.o

.gnu.version    0x000000000004487e        0x0
 .gnu.version   0x0000000000000000        0x0 /local/mnt/workspace/CRMBuilds/TZ.BF.4.0.3.c1-00005-M8996AAAAANAZT-1_20170110_230814/b/HK11/trustzone_images/core/securemsm/trustzone/qsapps/libs/applib/qsee64/build/sampleapp/A53_64/IADAANAA/qsee64/src/tzapp_entry.o

.gnu.version_r  0x0000000000044880        0x0
 .gnu.version_r
                0x0000000000000000        0x0 /local/mnt/workspace/CRMBuilds/TZ.BF.4.0.3.c1-00005-M8996AAAAANAZT-1_20170110_230814/b/HK11/trustzone_images/core/securemsm/trustzone/qsapps/libs/applib/qsee64/build/sampleapp/A53_64/IADAANAA/qsee64/src/tzapp_entry.o

.metadata_check
                0x000000000004487d        0x0
 *metadata.o(SORT(.rodata.*))
                0x0000000000000001                ASSERT ((SIZEOF (.metadata_check) == 0x0), New metadata not accounted for here)

.data           0x0000000000045000    0x31660
 *(SORT(.data) SORT(TZAPPENTRYSTACK) SORT(.bss) SORT(COMMON))
 .data          0x0000000000045000     0x5690 /local/mnt/workspace/CRMBuilds/TZ.BF.4.0.3.c1-00005-M8996AAAAANAZT-1_20170110_230814/b/HK11/trustzone_images/core/securemsm/trustzone/qsapps/smplap64/build/sampleapp/A53_64/IADAANAA/app_crypto.o
 *fill*         0x000000000004a690       0x70 
 .bss           0x000000000004a700      0x220 /local/mnt/workspace/CRMBuilds/TZ.BF.4.0.3.c1-00005-M8996AAAAANAZT-1_20170110_230814/b/HK11/trustzone_images/core/securemsm/trustzone/qsapps/smplap64/build/sampleapp/A53_64/IADAANAA/app_crypto.o
 *fill*         0x000000000004a920       0x60 
 COMMON         0x000000000004a980    0x21000 /local/mnt/workspace/CRMBuilds/TZ.BF.4.0.3.c1-00005-M8996AAAAANAZT-1_20170110_230814/b/HK11/trustzone_images/core/securemsm/trustzone/qsapps/smplap64/build/sampleapp/A53_64/IADAANAA/app_crypto.o
                0x000000000004a980                aes_large_plain_text2
                0x0000000000052980                aes_large_cipher_text2
                0x000000000005ad80                aes_large_plain_text_1
                0x000000000005b180                aes_performance
                0x0000000000063180                aes_large_cipher_text3
                0x000000000006b580                aes_large_cipher_text_1
 .bss           0x000000000006b980      0x600 /local/mnt/workspace/CRMBuilds/TZ.BF.4.0.3.c1-00005-M8996AAAAANAZT-1_20170110_230814/b/HK11/trustzone_images/core/securemsm/trustzone/qsapps/smplap64/build/sampleapp/A53_64/IADAANAA/qsee_api_tests.o
 TZAPPENTRYSTACK