ARM Linker, 4.1 [Build 791] 

==============================================================================

Image Symbol Table

    Local Symbols

    Symbol Name                              Value     Ov Type        Size  Object(Section)

    ../../angel/rt.s                         0x00000000   Number         0  rt_raise.o ABSOLUTE
    ../../signal.c                           0x00000000   Number         0  defsig_other.o ABSOLUTE
    ../../signal.c                           0x00000000   Number         0  defsig_segv_inner.o ABSOLUTE
    ../../signal.c                           0x00000000   Number         0  defsig_cppl_inner.o ABSOLUTE
    ../../signal.c                           0x00000000   Number         0  defsig_pvfn_inner.o ABSOLUTE
    ../../signal.c                           0x00000000   Number         0  defsig_stak_inner.o ABSOLUTE
    ../../signal.c                           0x00000000   Number         0  defsig_rtred_inner.o ABSOLUTE
    ../../signal.c                           0x00000000   Number         0  defsig_fpe_inner.o ABSOLUTE
    ../../signal.c                           0x00000000   Number         0  __raise.o ABSOLUTE
    ../../signal.c                           0x00000000   Number         0  defsig_abrt_inner.o ABSOLUTE
    ../../signal.c                           0x00000000   Number         0  defsig_abrt_formal.o ABSOLUTE
    ../../signal.c                           0x00000000   Number         0  defsig_abrt_outer.o ABSOLUTE
    ../../signal.s                           0x00000000   Number         0  defsig.o ABSOLUTE
    ../../stdlib.c                           0x00000000   Number         0  abort.o ABSOLUTE
    /local/mnt/workspace/CRMBuilds/BTFM.RM.2.2-00163-QCABTFMSWPZ-1_20161115_235757/b/btfm_proc/bt_30/rampatch/bt/platform/dbg/build/wcss_ram_edl/cortex-m0/SCAQBAF/src/patch_PFAL_DBG.o.i.i 0x00000000   Number         0  patch_PFAL_DBG.o ABSOLUTE
    /local/mnt/workspace/CRMBuilds/BTFM.RM.2.2-00163-QCABTFMSWPZ-1_20161115_235757/b/btfm_proc/bt_30/rampatch/bt/platform/dbg/build/wcss_ram_edl/cortex-m0/SCAQBAF/src/patch_PFAL_DBG_hci_vendor.o.i.i 0x00000000   Number         0  patch_PFAL_DBG_hci_vendor.o ABSOLUTE
    /local/mnt/workspace/CRMBuilds/BTFM.RM.2.2-00163-QCABTFMSWPZ-1_20161115_235757/b/btfm_proc/bt_30/rampatch/bt/platform/pfal/aes/build/wcss_ram_edl/cortex-m0/SCAQBAF/src/patch_PFAL_AES.o.i.i 0x00000000   Number         0  patch_PFAL_AES.o ABSOLUTE
    /local/mnt/workspace/CRMBuilds/BTFM.RM.2.2-00163-QCABTFMSWPZ-1_20161115_235757/b/btfm_proc/bt_30/rampatch/bt/platform/pfal/eeprom/build/wcss_ram_edl/cortex-m0/SCAQBAF/src/patch_PFAL_EEPROM.o.i.i 0x00000000   Number         0  patch_PFAL_EEPROM.o ABSOLUTE
    /local/mnt/workspace/CRMBuilds/BTFM.RM.2.2-00163-QCABTFMSWPZ-1_20161115_235757/b/btfm_proc/bt_30/rampatch/bt/platform/pfal/gpio/build/wcss_ram_edl/cortex-m0/SCAQBAF/src/patch_PFAL_GPIO_MUX.o.i.i 0x00000000   Number         0  patch_PFAL_GPIO_MUX.o ABSOLUTE
    /local/mnt/workspace/CRMBuilds/BTFM.RM.2.2-00163-QCABTFMSWPZ-1_20161115_235757/b/btfm_proc/bt_30/rampatch/bt/platform/pfal/lc/build/wcss_ram_edl/cortex-m0/SCAQBAF/src/patch_PFAL_LC.o.i.i 0x00000000   Number         0  patch_PFAL_LC.o ABSOLUTE
    /local/mnt/workspace/CRMBuilds/BTFM.RM.2.2-00163-QCABTFMSWPZ-1_20161115_235757/b/btfm_proc/bt_30/rampatch/bt/platform/pfal/lc/build/wcss_ram_edl/cortex-m0/SCAQBAF/src/patch_PFAL_LC_State.o.i.i 0x00000000   Number         0  patch_PFAL_LC_State.o ABSOLUTE
    /local/mnt/workspace/CRMBuilds/BTFM.RM.2.2-00163-QCABTFMSWPZ-1_20161115_235757/b/btfm_proc/bt_30/rampatch/bt/platform/pfal/rm/build/wcss_ram_edl/cortex-m0/SCAQBAF/6174/src/patch_PFAL_RM_HW_EXT.o.i.i 0x00000000   Number         0  patch_PFAL_RM_HW_EXT.o ABSOLUTE
    /local/mnt/workspace/CRMBuilds/BTFM.RM.2.2-00163-QCABTFMSWPZ-1_20161115_235757/b/btfm_proc/bt_30/rampatch/bt/platform/pfal/rm/build/wcss_ram_edl/cortex-m0/SCAQBAF/common/src/patch_PFAL_RM_HW.o.i.i 0x00000000   Number         0  patch_PFAL_RM_HW.o ABSOLUTE
    /local/mnt/workspace/CRMBuilds/BTFM.RM.2.2-00163-QCABTFMSWPZ-1_20161115_235757/b/btfm_proc/bt_30/rampatch/bt/platform/pfal/sys/build/wcss_ram_edl/cortex-m0/SCAQBAF/6174/src/patch_PFAL_SYS_CLK_EXT.o.i.i 0x00000000   Number         0  patch_PFAL_SYS_CLK_EXT.o ABSOLUTE
    /local/mnt/workspace/CRMBuilds/BTFM.RM.2.2-00163-QCABTFMSWPZ-1_20161115_235757/b/btfm_proc/bt_30/rampatch/bt/platform/pfal/sys/build/wcss_ram_edl/cortex-m0/SCAQBAF/common/src/patch_PFAL_SYS.o.i.i 0x00000000   Number         0  patch_PFAL_SYS.o ABSOLUTE
    /local/mnt/workspace/CRMBuilds/BTFM.RM.2.2-00163-QCABTFMSWPZ-1_20161115_235757/b/btfm_proc/bt_30/rampatch/bt/platform/pfal/sys/build/wcss_ram_edl/cortex-m0/SCAQBAF/common/src/patch_PFAL_SYS_EDL.o.i.i 0x00000000   Number         0  patch_PFAL_SYS_EDL.o ABSOLUTE
[...]
    rom_os_strcpy                            0x100806ed   Thumb Code     0  QCA6174_SCAQBAFM.sym ABSOLUTE
    rom_os_strncpy                           0x10080707   Thumb Code     0  QCA6174_SCAQBAFM.sym ABSOLUTE
    rom_os_strlen                            0x10080715   Thumb Code     0  QCA6174_SCAQBAFM.sym ABSOLUTE
    rom_os_strcat                            0x1008072b   Thumb Code     0  QCA6174_SCAQBAFM.sym ABSOLUTE
    rom_os_strncat                           0x10080745   Thumb Code     0  QCA6174_SCAQBAFM.sym ABSOLUTE
    rom_valid_conn_handle                    0x10080775   Thumb Code     0  QCA6174_SCAQBAFM.sym ABSOLUTE
    rom_le_init                              0x10080791   Thumb Code     0  QCA6174_SCAQBAFM.sym ABSOLUTE
    rom_le_uninit                            0x10080817   Thumb Code     0  QCA6174_SCAQBAFM.sym ABSOLUTE
    rom_set_local_bt_addr                    0x10080857   Thumb Code     0  QCA6174_SCAQBAFM.sym ABSOLUTE
    rom_gap_init                             0x10080875   Thumb Code     0  QCA6174_SCAQBAFM.sym ABSOLUTE
    rom_gap_uninit                           0x10080909   Thumb Code     0  QCA6174_SCAQBAFM.sym ABSOLUTE
    rom_gap_register_user                    0x1008096d   Thumb Code     0  QCA6174_SCAQBAFM.sym ABSOLUTE
    rom_gap_unregister_user                  0x1008099d   Thumb Code     0  QCA6174_SCAQBAFM.sym ABSOLUTE
    rom_gap_set_property                     0x100809cb   Thumb Code     0  QCA6174_SCAQBAFM.sym ABSOLUTE
    rom_gap_link_status                      0x10080a4f   Thumb Code     0  QCA6174_SCAQBAFM.sym ABSOLUTE
    rom_gap_remdev_status                    0x10080aed   Thumb Code     0  QCA6174_SCAQBAFM.sym ABSOLUTE
    rom_gap_set_passkey_internal             0x10080c77   Thumb Code     0  QCA6174_SCAQBAFM.sym ABSOLUTE
    rom_gap_start_discoverable_mode_internal 0x10080cb7   Thumb Code     0  QCA6174_SCAQBAFM.sym ABSOLUTE
    rom_gap_stop_discoverable_mode_internal  0x10080d4b   Thumb Code     0  QCA6174_SCAQBAFM.sym ABSOLUTE
    rom_gap_get_remote_property              0x10080d6b   Thumb Code     0  QCA6174_SCAQBAFM.sym ABSOLUTE
    rom_gap_update_conn_internal             0x10080de9   Thumb Code     0  QCA6174_SCAQBAFM.sym ABSOLUTE
    rom_gap_disconnect_conn_internal         0x10080ee9   Thumb Code     0  QCA6174_SCAQBAFM.sym ABSOLUTE
    rom_gap_internal_encrypt                 0x10080f23   Thumb Code     0  QCA6174_SCAQBAFM.sym ABSOLUTE
    rom_gap_encrypt_internal                 0x10080f99   Thumb Code     0  QCA6174_SCAQBAFM.sym ABSOLUTE
    rom_gap_bond_internal                    0x10081019   Thumb Code     0  QCA6174_SCAQBAFM.sym ABSOLUTE
    rom_gap_remove_bond_internal             0x100811ad   Thumb Code     0  QCA6174_SCAQBAFM.sym ABSOLUTE
    rom_gap_pair_event_handler               0x10081209   Thumb Code     0  QCA6174_SCAQBAFM.sym ABSOLUTE
    rom_gap_service_chanage_notify           0x10081549   Thumb Code     0  QCA6174_SCAQBAFM.sym ABSOLUTE
    rom_gap_report_remote_property_event     0x100817a5   Thumb Code     0  QCA6174_SCAQBAFM.sym ABSOLUTE
    rom_gap_client_callback                  0x10081865   Thumb Code     0  QCA6174_SCAQBAFM.sym ABSOLUTE
    rom_gap_l2cap_le_signal_process          0x100818e7   Thumb Code     0  QCA6174_SCAQBAFM.sym ABSOLUTE
    rom_gap_hci_event_data_handler           0x10081a85   Thumb Code     0  QCA6174_SCAQBAFM.sym ABSOLUTE
    rom_gap_conn_param_timeout               0x10081a9d   Thumb Code     0  QCA6174_SCAQBAFM.sym ABSOLUTE
    rom_gap_patch_hook                       0x10081b3d   Thumb Code     0  QCA6174_SCAQBAFM.sym ABSOLUTE
    rom_get_le_conn_from_handle              0x10081b71   Thumb Code     0  QCA6174_SCAQBAFM.sym ABSOLUTE
    rom_get_le_conn_from_addr                0x10081b99   Thumb Code     0  QCA6174_SCAQBAFM.sym ABSOLUTE
    rom_get_rem_ctrler_from_addr             0x10081bdb   Thumb Code     0  QCA6174_SCAQBAFM.sym ABSOLUTE
    rom_add_to_session_list                  0x10081c65   Thumb Code     0  QCA6174_SCAQBAFM.sym ABSOLUTE
    rom_remove_from_session_list             0x10081c73   Thumb Code     0  QCA6174_SCAQBAFM.sym ABSOLUTE
    rom_gap_loc_controller_init              0x10081c81   Thumb Code     0  QCA6174_SCAQBAFM.sym ABSOLUTE
    rom_gap_loc_controller_uninit            0x10081ce5   Thumb Code     0  QCA6174_SCAQBAFM.sym ABSOLUTE
    rom_gap_config_security_manager          0x10081dff   Thumb Code     0  QCA6174_SCAQBAFM.sym ABSOLUTE
    rom_gap_clear_security_manager           0x10081e39   Thumb Code     0  QCA6174_SCAQBAFM.sym ABSOLUTE
    rom_gap_set_local_dev_prefer_conn_param  0x10081e3f   Thumb Code     0  QCA6174_SCAQBAFM.sym ABSOLUTE
    rom_gap_register_service                 0x10081e8d   Thumb Code     0  QCA6174_SCAQBAFM.sym ABSOLUTE
    rom_gap_unregister_service               0x10082441   Thumb Code     0  QCA6174_SCAQBAFM.sym ABSOLUTE
    rom_gap_update_service_dev_name          0x10082497   Thumb Code     0  QCA6174_SCAQBAFM.sym ABSOLUTE
    rom_validate_update_conn_param           0x100824e9   Thumb Code     0  QCA6174_SCAQBAFM.sym ABSOLUTE
    rom_l2cap_get_ident                      0x1008252d   Thumb Code     0  QCA6174_SCAQBAFM.sym ABSOLUTE
    rom_le_l2cap_send_cmd                    0x10082543   Thumb Code     0  QCA6174_SCAQBAFM.sym ABSOLUTE
    rom_l2cap_le_update_param_rsp            0x10082583   Thumb Code     0  QCA6174_SCAQBAFM.sym ABSOLUTE
    rom_gap_load_config_file                 0x10082717   Thumb Code     0  QCA6174_SCAQBAFM.sym ABSOLUTE
    rom_gap_register_client                  0x1008274f   Thumb Code     0  QCA6174_SCAQBAFM.sym ABSOLUTE
    rom_gap_unregister_client                0x10082755   Thumb Code     0  QCA6174_SCAQBAFM.sym ABSOLUTE
    rom_get_type_from_addr                   0x1008275b   Thumb Code     0  QCA6174_SCAQBAFM.sym ABSOLUTE
    rom_gap_bacmp                            0x10082783   Thumb Code     0  QCA6174_SCAQBAFM.sym ABSOLUTE
    rom_gap_bacpy                            0x1008279b   Thumb Code     0  QCA6174_SCAQBAFM.sym ABSOLUTE
    rom_gap_check_security                   0x100827ad   Thumb Code     0  QCA6174_SCAQBAFM.sym ABSOLUTE
    rom_gap_check_service_change             0x10082861   Thumb Code     0  QCA6174_SCAQBAFM.sym ABSOLUTE
    rom_gap_check_privacy                    0x10082885   Thumb Code     0  QCA6174_SCAQBAFM.sym ABSOLUTE
    rom_array_to_string                      0x100828ff   Thumb Code     0  QCA6174_SCAQBAFM.sym ABSOLUTE
    rom_string_to_array                      0x1008293d   Thumb Code     0  QCA6174_SCAQBAFM.sym ABSOLUTE
    rom_gap_get_bonded_central_number        0x100829dd   Thumb Code     0  QCA6174_SCAQBAFM.sym ABSOLUTE
    rom_gap_clear_bond_record                0x100829fb   Thumb Code     0  QCA6174_SCAQBAFM.sym ABSOLUTE
    rom_gap_save_bond_record                 0x10082a6d   Thumb Code     0  QCA6174_SCAQBAFM.sym ABSOLUTE
    rom_gap_load_bond_record                 0x10082b31   Thumb Code     0  QCA6174_SCAQBAFM.sym ABSOLUTE
    rom_gap_load_bond_record_by_dev          0x10082c85   Thumb Code     0  QCA6174_SCAQBAFM.sym ABSOLUTE
    rom_gap_check_service_changed_charact    0x10082d87   Thumb Code     0  QCA6174_SCAQBAFM.sym ABSOLUTE
    rom_gap_return_service_changed_handle    0x10082da7   Thumb Code     0  QCA6174_SCAQBAFM.sym ABSOLUTE
    rom_gap_save_local_info                  0x10082dbf   Thumb Code     0  QCA6174_SCAQBAFM.sym ABSOLUTE
    rom_gap_load_local_info                  0x10082e95   Thumb Code     0  QCA6174_SCAQBAFM.sym ABSOLUTE
    rom_notify_user                          0x10082fe5   Thumb Code     0  QCA6174_SCAQBAFM.sym ABSOLUTE
    rom_gap_get_conn_security                0x10083037   Thumb Code     0  QCA6174_SCAQBAFM.sym ABSOLUTE
    rom_init_generic_list                    0x100830b7   Thumb Code     0  QCA6174_SCAQBAFM.sym ABSOLUTE
    rom_release_generic_list                 0x100830c3   Thumb Code     0  QCA6174_SCAQBAFM.sym ABSOLUTE
    rom_check_generic_list_empty             0x100830cf   Thumb Code     0  QCA6174_SCAQBAFM.sym ABSOLUTE
    rom_gap_internal_patch_hook              0x100830d5   Thumb Code     0  QCA6174_SCAQBAFM.sym ABSOLUTE
    rom_gap_set_tx_power_internal            0x100830e1   Thumb Code     0  QCA6174_SCAQBAFM.sym ABSOLUTE
    rom_gap_peri_configure_adv_data          0x100830eb   Thumb Code     0  QCA6174_SCAQBAFM.sym ABSOLUTE
    rom_gap_peri_configure_adv_params        0x100830ed   Thumb Code     0  QCA6174_SCAQBAFM.sym ABSOLUTE
    rom_gap_configure_peripheral             0x100832d3   Thumb Code     0  QCA6174_SCAQBAFM.sym ABSOLUTE
    rom_gap_configure_disc_mode              0x1008331f   Thumb Code     0  QCA6174_SCAQBAFM.sym ABSOLUTE
    rom_gap_per_start_advertise              0x10083363   Thumb Code     0  QCA6174_SCAQBAFM.sym ABSOLUTE
    rom_gap_per_stop_advertise               0x100833b7   Thumb Code     0  QCA6174_SCAQBAFM.sym ABSOLUTE
    rom_gap_discovery_mode_timeout           0x100833fb   Thumb Code     0  QCA6174_SCAQBAFM.sym ABSOLUTE
    rom_gap_peri_private_addr_timeout        0x10083411   Thumb Code     0  QCA6174_SCAQBAFM.sym ABSOLUTE
    rom_gap_peri_handle_disconnected         0x10083447   Thumb Code     0  QCA6174_SCAQBAFM.sym ABSOLUTE
    rom_gap_peri_handle_conn_updated         0x1008353d   Thumb Code     0  QCA6174_SCAQBAFM.sym ABSOLUTE
    rom_gap_peri_handle_generic_event        0x1008364d   Thumb Code     0  QCA6174_SCAQBAFM.sym ABSOLUTE
    rom_gap_peri_complete_adv_task           0x10083bfb   Thumb Code     0  QCA6174_SCAQBAFM.sym ABSOLUTE
    rom_gap_peri_idle_callback               0x10083c85   Thumb Code     0  QCA6174_SCAQBAFM.sym ABSOLUTE
    rom_gap_peri_advting_callback            0x10083cdf   Thumb Code     0  QCA6174_SCAQBAFM.sym ABSOLUTE
    rom_gap_peri_callback                    0x100840a5   Thumb Code     0  QCA6174_SCAQBAFM.sym ABSOLUTE
    rom_gatt_register_profile_services       0x10084131   Thumb Code     0  QCA6174_SCAQBAFM.sym ABSOLUTE
    rom_gatt_unregister_profile_services     0x10084299   Thumb Code     0  QCA6174_SCAQBAFM.sym ABSOLUTE
    rom_gatt_update                          0x100842e3   Thumb Code     0  QCA6174_SCAQBAFM.sym ABSOLUTE
    rom_gatt_service_changed                 0x100843e9   Thumb Code     0  QCA6174_SCAQBAFM.sym ABSOLUTE
    rom_gatt_authorization_confirm           0x10084461   Thumb Code     0  QCA6174_SCAQBAFM.sym ABSOLUTE
    rom_gatt_register_client_callback        0x10084463   Thumb Code     0  QCA6174_SCAQBAFM.sym ABSOLUTE
    rom_gatt_unregister_client_callback      0x100844a9   Thumb Code     0  QCA6174_SCAQBAFM.sym ABSOLUTE
    rom_gatt_register_server_callback_internal 0x100844f3   Thumb Code     0  QCA6174_SCAQBAFM.sym ABSOLUTE
    rom_gatt_unregister_server_callback_internal 0x1008458f   Thumb Code     0  QCA6174_SCAQBAFM.sym ABSOLUTE
    rom_gatt_accept_write_req                0x100845d9   Thumb Code     0  QCA6174_SCAQBAFM.sym ABSOLUTE
    rom_gatt_accept_read_req                 0x100845ef   Thumb Code     0  QCA6174_SCAQBAFM.sym ABSOLUTE
    rom_gatt_reject_req                      0x10084605   Thumb Code     0  QCA6174_SCAQBAFM.sym ABSOLUTE
    rom_gatt_server_clear_oplist             0x10084639   Thumb Code     0  QCA6174_SCAQBAFM.sym ABSOLUTE
    rom_should_relay_to_upper_layer          0x1008466d   Thumb Code     0  QCA6174_SCAQBAFM.sym ABSOLUTE
    rom_relay_reset_session_state            0x100846a9   Thumb Code     0  QCA6174_SCAQBAFM.sym ABSOLUTE
    rom_gatt_server_process_relay_request_timeout 0x10084735   Thumb Code     0  QCA6174_SCAQBAFM.sym ABSOLUTE
    rom_gatt_server_process_timeout          0x1008478f   Thumb Code     0  QCA6174_SCAQBAFM.sym ABSOLUTE
    rom_gatt_server_start_timer              0x100847d9   Thumb Code     0  QCA6174_SCAQBAFM.sym ABSOLUTE
    rom_gatt_server_cancel_timer             0x100847f7   Thumb Code     0  QCA6174_SCAQBAFM.sym ABSOLUTE
    rom_gatt_server_create_timer             0x10084805   Thumb Code     0  QCA6174_SCAQBAFM.sym ABSOLUTE
    rom_gatt_server_close_timer              0x1008482f   Thumb Code     0  QCA6174_SCAQBAFM.sym ABSOLUTE
    rom_gatt_find_server_session             0x10084849   Thumb Code     0  QCA6174_SCAQBAFM.sym ABSOLUTE
    rom_gatt_server_process_packets          0x10084e23   Thumb Code     0  QCA6174_SCAQBAFM.sym ABSOLUTE
    rom_gatt_server_accept_write_req         0x1008550b   Thumb Code     0  QCA6174_SCAQBAFM.sym ABSOLUTE
    rom_gatt_server_accept_read_req          0x10085587   Thumb Code     0  QCA6174_SCAQBAFM.sym ABSOLUTE
    rom_gatt_server_reject_req               0x10085703   Thumb Code     0  QCA6174_SCAQBAFM.sym ABSOLUTE
    rom_gatt_server_patch_hook               0x10085795   Thumb Code     0  QCA6174_SCAQBAFM.sym ABSOLUTE
    rom_swap_bdaddr                          0x1008588d   Thumb Code     0  QCA6174_SCAQBAFM.sym ABSOLUTE
    rom_hci_wrap_get_addr                    0x100858d1   Thumb Code     0  QCA6174_SCAQBAFM.sym ABSOLUTE
    rom_hci_wrap_get_handle                  0x10085919   Thumb Code     0  QCA6174_SCAQBAFM.sym ABSOLUTE
    rom_get_conn_from_handle                 0x1008596b   Thumb Code     0  QCA6174_SCAQBAFM.sym ABSOLUTE
    rom_add_connection_to_table              0x100859a9   Thumb Code     0  QCA6174_SCAQBAFM.sym ABSOLUTE
    rom_delete_connection_to_table           0x10085a3d   Thumb Code     0  QCA6174_SCAQBAFM.sym ABSOLUTE
    rom_get_l2cap_chn_from_conn              0x10085a83   Thumb Code     0  QCA6174_SCAQBAFM.sym ABSOLUTE
    rom_get_l2cap_chn_from_addr              0x10085aaf   Thumb Code     0  QCA6174_SCAQBAFM.sym ABSOLUTE
    rom_is_le_handle                         0x10085b03   Thumb Code     0  QCA6174_SCAQBAFM.sym ABSOLUTE
    rom_get_le_hci_bufsize                   0x10085b57   Thumb Code     0  QCA6174_SCAQBAFM.sym ABSOLUTE
    rom_get_le_hci_total_buf                 0x10085b65   Thumb Code     0  QCA6174_SCAQBAFM.sym ABSOLUTE
    rom_get_le_hci_loc_feature               0x10085b73   Thumb Code     0  QCA6174_SCAQBAFM.sym ABSOLUTE
    rom_store_le_hci_loc_feature             0x10085b87   Thumb Code     0  QCA6174_SCAQBAFM.sym ABSOLUTE
    rom_store_le_hci_buffer_size             0x10085b9f   Thumb Code     0  QCA6174_SCAQBAFM.sym ABSOLUTE
    rom_get_le_hci_public_address            0x10085baf   Thumb Code     0  QCA6174_SCAQBAFM.sym ABSOLUTE
    rom_store_le_hci_public_address          0x10085bc3   Thumb Code     0  QCA6174_SCAQBAFM.sym ABSOLUTE
    rom_get_le_hci_support_state             0x10085be9   Thumb Code     0  QCA6174_SCAQBAFM.sym ABSOLUTE
    rom_store_le_hci_support_state           0x10085bfd   Thumb Code     0  QCA6174_SCAQBAFM.sym ABSOLUTE
    rom_get_le_hci_whitelist_size            0x10085c0b   Thumb Code     0  QCA6174_SCAQBAFM.sym ABSOLUTE
    rom_store_le_hci_whitelist_size          0x10085c19   Thumb Code     0  QCA6174_SCAQBAFM.sym ABSOLUTE
    rom_get_le_device_type                   0x10085c27   Thumb Code     0  QCA6174_SCAQBAFM.sym ABSOLUTE
    rom_store_le_device_type                 0x10085c33   Thumb Code     0  QCA6174_SCAQBAFM.sym ABSOLUTE
    rom_remove_scan_command_ctx              0x10085c3f   Thumb Code     0  QCA6174_SCAQBAFM.sym ABSOLUTE
    rom_clear_all_scan_command_ctx           0x10085c6d   Thumb Code     0  QCA6174_SCAQBAFM.sym ABSOLUTE
    rom_le_hci_alloc                         0x10085cc9   Thumb Code     0  QCA6174_SCAQBAFM.sym ABSOLUTE
    rom_le_hci_dealloc                       0x10085d1d   Thumb Code     0  QCA6174_SCAQBAFM.sym ABSOLUTE
    rom_le_hci_init                          0x10085d5b   Thumb Code     0  QCA6174_SCAQBAFM.sym ABSOLUTE
    rom_le_hci_uninit                        0x10085d75   Thumb Code     0  QCA6174_SCAQBAFM.sym ABSOLUTE
    rom_le_hci_register_handler              0x10085d81   Thumb Code     0  QCA6174_SCAQBAFM.sym ABSOLUTE
    rom_le_hci_deregister_handler            0x10085dd5   Thumb Code     0  QCA6174_SCAQBAFM.sym ABSOLUTE
    rom_hci_read_tx_power                    0x10085e27   Thumb Code     0  QCA6174_SCAQBAFM.sym ABSOLUTE
    rom_hci_read_rx_power                    0x10085e51   Thumb Code     0  QCA6174_SCAQBAFM.sym ABSOLUTE
    rom_hci_set_le_event_mask                0x10085e7b   Thumb Code     0  QCA6174_SCAQBAFM.sym ABSOLUTE
    rom_hci_read_le_buf_size                 0x10085e89   Thumb Code     0  QCA6174_SCAQBAFM.sym ABSOLUTE
    rom_hci_read_local_bt_addr               0x10085e8f   Thumb Code     0  QCA6174_SCAQBAFM.sym ABSOLUTE
    rom_hci_read_le_local_feature            0x10085e95   Thumb Code     0  QCA6174_SCAQBAFM.sym ABSOLUTE
    rom_hci_set_le_random_address            0x10085e9b   Thumb Code     0  QCA6174_SCAQBAFM.sym ABSOLUTE
    rom_hci_set_le_adv_param                 0x10085ea1   Thumb Code     0  QCA6174_SCAQBAFM.sym ABSOLUTE
    rom_hci_read_le_trans_power              0x10085ea7   Thumb Code     0  QCA6174_SCAQBAFM.sym ABSOLUTE
    rom_hci_set_le_adv_data                  0x10085ead   Thumb Code     0  QCA6174_SCAQBAFM.sym ABSOLUTE
    rom_hci_set_le_scan_resp_data            0x10085eb3   Thumb Code     0  QCA6174_SCAQBAFM.sym ABSOLUTE
    rom_hci_set_adv_enable                   0x10085eb9   Thumb Code     0  QCA6174_SCAQBAFM.sym ABSOLUTE
    rom_le_hci_disconnect                    0x10085ebf   Thumb Code     0  QCA6174_SCAQBAFM.sym ABSOLUTE
    rom_hci_read_whitelist_size              0x10085eed   Thumb Code     0  QCA6174_SCAQBAFM.sym ABSOLUTE
    rom_hci_clear_whitelist                  0x10085ef3   Thumb Code     0  QCA6174_SCAQBAFM.sym ABSOLUTE
    rom_hci_remove_whitelist                 0x10085ef9   Thumb Code     0  QCA6174_SCAQBAFM.sym ABSOLUTE
    rom_hci_update_le_connection             0x10085eff   Thumb Code     0  QCA6174_SCAQBAFM.sym ABSOLUTE
    rom_hci_set_channel_map                  0x10085f05   Thumb Code     0  QCA6174_SCAQBAFM.sym ABSOLUTE
    rom_hci_read_channel_map                 0x10085f0b   Thumb Code     0  QCA6174_SCAQBAFM.sym ABSOLUTE
    rom_hci_read_le_remote_feature           0x10085f11   Thumb Code     0  QCA6174_SCAQBAFM.sym ABSOLUTE
    rom_hci_le_encrypt                       0x10085f17   Thumb Code     0  QCA6174_SCAQBAFM.sym ABSOLUTE
    rom_hci_LTK_req_reply                    0x10085f21   Thumb Code     0  QCA6174_SCAQBAFM.sym ABSOLUTE
    rom_hci_LTK_req_negative_reply           0x10085f27   Thumb Code     0  QCA6174_SCAQBAFM.sym ABSOLUTE
    rom_hci_le_read_support_states           0x10085f2d   Thumb Code     0  QCA6174_SCAQBAFM.sym ABSOLUTE
    rom_hci_wrap_global_handler              0x10085f33   Thumb Code     0  QCA6174_SCAQBAFM.sym ABSOLUTE
    rom_store_controller_addr                0x10086059   Thumb Code     0  QCA6174_SCAQBAFM.sym ABSOLUTE
    rom_adp_alloc                            0x1008606f   Thumb Code     0  QCA6174_SCAQBAFM.sym ABSOLUTE
    rom_adp_dealloc                          0x100860a7   Thumb Code     0  QCA6174_SCAQBAFM.sym ABSOLUTE
    rom_adp_init                             0x100860c3   Thumb Code     0  QCA6174_SCAQBAFM.sym ABSOLUTE
    rom_adp_uninit                           0x100860e9   Thumb Code     0  QCA6174_SCAQBAFM.sym ABSOLUTE
    rom_is_le_ctrl_initialized               0x10086111   Thumb Code     0  QCA6174_SCAQBAFM.sym ABSOLUTE
    rom_Ath_Gap_Init_Hci                     0x10086129   Thumb Code     0  QCA6174_SCAQBAFM.sym ABSOLUTE
    rom_Ath_Gap_Init_Stack                   0x1008615d   Thumb Code     0  QCA6174_SCAQBAFM.sym ABSOLUTE
    rom_Ath_Gap_Deinit_Stack                 0x100861b5   Thumb Code     0  QCA6174_SCAQBAFM.sym ABSOLUTE
    rom_wipower_AddService                   0x10086229   Thumb Code     0  QCA6174_SCAQBAFM.sym ABSOLUTE
    rom_wipower_SetParameter                 0x1008626b   Thumb Code     0  QCA6174_SCAQBAFM.sym ABSOLUTE
    rom_wipower_GetParameter                 0x10086295   Thumb Code     0  QCA6174_SCAQBAFM.sym ABSOLUTE
    rom_wipower_PruAlertNotify               0x100862c1   Thumb Code     0  QCA6174_SCAQBAFM.sym ABSOLUTE
    rom_wipower_GetAttributeTable            0x100862e5   Thumb Code     0  QCA6174_SCAQBAFM.sym ABSOLUTE
    rom_crc_16_calc                          0x10086315   Thumb Code     0  QCA6174_SCAQBAFM.sym ABSOLUTE
    rom_crc_16_l_calc                        0x10086381   Thumb Code     0  QCA6174_SCAQBAFM.sym ABSOLUTE
    rom_crc_30_calc                          0x100863e5   Thumb Code     0  QCA6174_SCAQBAFM.sym ABSOLUTE
    rom_crc_30_step                          0x1008644d   Thumb Code     0  QCA6174_SCAQBAFM.sym ABSOLUTE
    rom_crc_16_step                          0x100864bb   Thumb Code     0  QCA6174_SCAQBAFM.sym ABSOLUTE
    rom_crc_16_l_step                        0x100864f9   Thumb Code     0  QCA6174_SCAQBAFM.sym ABSOLUTE
    rom_crc_32_calc                          0x10086533   Thumb Code     0  QCA6174_SCAQBAFM.sym ABSOLUTE
    crc_iterate_top4                         0x100865d9   Thumb Code     0  QCA6174_SCAQBAFM.sym ABSOLUTE
    crc_iterate                              0x100865e9   Thumb Code     0  QCA6174_SCAQBAFM.sym ABSOLUTE
    OI_SBC_CalculateChecksum                 0x100865f1   Thumb Code     0  QCA6174_SCAQBAFM.sym ABSOLUTE
    OI_SBC_ExpandFrameFields                 0x10086641   Thumb Code     0  QCA6174_SCAQBAFM.sym ABSOLUTE
    shift_buffer                             0x10086665   Thumb Code     0  QCA6174_SCAQBAFM.sym ABSOLUTE
    FindSyncword                             0x100866ad   Thumb Code     0  QCA6174_SCAQBAFM.sym ABSOLUTE
    OI_SBC_ReadSamplesJoint                  0x10086711   Thumb Code     0  QCA6174_SCAQBAFM.sym ABSOLUTE
    internal_DecodeRaw                       0x100868db   Thumb Code     0  QCA6174_SCAQBAFM.sym ABSOLUTE
    OI_CODEC_SBC_DecoderReset                0x1008692d   Thumb Code     0  QCA6174_SCAQBAFM.sym ABSOLUTE
    OI_CODEC_SBC_DecodeFrame                 0x10086941   Thumb Code     0  QCA6174_SCAQBAFM.sym ABSOLUTE
    OI_CODEC_SBC_SkipFrame                   0x100869ef   Thumb Code     0  QCA6174_SCAQBAFM.sym ABSOLUTE
    OI_CODEC_SBC_FrameCount                  0x10086a65   Thumb Code     0  QCA6174_SCAQBAFM.sym ABSOLUTE
    G711Plc_Init                             0x10086af9   Thumb Code     0  QCA6174_SCAQBAFM.sym ABSOLUTE
    G711Plc                                  0x100875b3   Thumb Code     0  QCA6174_SCAQBAFM.sym ABSOLUTE
    OI_SBC_SynthFrame_80                     0x100876ad   Thumb Code     0  QCA6174_SCAQBAFM.sym ABSOLUTE
    SynthWindow40_int32_int32_symmetry_with_sum 0x1008776b   Thumb Code     0  QCA6174_SCAQBAFM.sym ABSOLUTE
    cosineModulateSynth4                     0x10087995   Thumb Code     0  QCA6174_SCAQBAFM.sym ABSOLUTE
    OI_SBC_SynthFrame_4SB                    0x10087a21   Thumb Code     0  QCA6174_SCAQBAFM.sym ABSOLUTE
    OI_SBC_SynthFrame                        0x10087ba7   Thumb Code     0  QCA6174_SCAQBAFM.sym ABSOLUTE
    OI_CODEC_SBC_EncoderReset                0x10087bd5   Thumb Code     0  QCA6174_SCAQBAFM.sym ABSOLUTE
    OI_CODEC_SBC_EncoderReconfigure          0x10087be1   Thumb Code     0  QCA6174_SCAQBAFM.sym ABSOLUTE
    OI_CODEC_SBC_EncoderConfigure            0x10087be9   Thumb Code     0  QCA6174_SCAQBAFM.sym ABSOLUTE
    OI_CODEC_SBC_EncoderConfigureWBS         0x10087c03   Thumb Code     0  QCA6174_SCAQBAFM.sym ABSOLUTE
    OI_CODEC_SBC_EncodeCommandFrame          0x10087c2b   Thumb Code     0  QCA6174_SCAQBAFM.sym ABSOLUTE
    OI_SBC_ComputeJointScalefactorsAndDoMidSide 0x10087c37   Thumb Code     0  QCA6174_SCAQBAFM.sym ABSOLUTE
    OI_CODEC_SBC_EncodeFrame                 0x10087d9b   Thumb Code     0  QCA6174_SCAQBAFM.sym ABSOLUTE
    PFAL_ACI_IO_Mux                          0x10087e5d   Thumb Code     0  QCA6174_SCAQBAFM.sym ABSOLUTE
    rom_PLCInit                              0x10087e69   Thumb Code     0  QCA6174_SCAQBAFM.sym ABSOLUTE
    rom_PLC_AMDF                             0x10087eed   Thumb Code     0  QCA6174_SCAQBAFM.sym ABSOLUTE
    rom_DarPLC                               0x1008804b   Thumb Code     0  QCA6174_SCAQBAFM.sym ABSOLUTE
    rom_PLCMain                              0x100885b5   Thumb Code     0  QCA6174_SCAQBAFM.sym ABSOLUTE
    rom_ANT_DataPathInit                     0x10088645   Thumb Code     0  QCA6174_SCAQBAFM.sym ABSOLUTE
    rom_ANT_DataPathTxToHost                 0x1008866f   Thumb Code     0  QCA6174_SCAQBAFM.sym ABSOLUTE
    rom_ANT_DataPathQueueTx                  0x10088767   Thumb Code     0  QCA6174_SCAQBAFM.sym ABSOLUTE
    rom_ANT_DataPathHandleCommand            0x10088837   Thumb Code     0  QCA6174_SCAQBAFM.sym ABSOLUTE
    rom_ANT_DataPathHandleData               0x1008886d   Thumb Code     0  QCA6174_SCAQBAFM.sym ABSOLUTE
    rom_ANT_DataPathSetQueuedBurstMode       0x10088939   Thumb Code     0  QCA6174_SCAQBAFM.sym ABSOLUTE
    rom_ANT_DataPathHandleANTEvent           0x10088945   Thumb Code     0  QCA6174_SCAQBAFM.sym ABSOLUTE
    rom_ANT_DataPathResetEventHandler        0x100889b1   Thumb Code     0  QCA6174_SCAQBAFM.sym ABSOLUTE
    rom_ANT_DataPathSetTxQueueBufferingConfig 0x100889cd   Thumb Code     0  QCA6174_SCAQBAFM.sym ABSOLUTE
    rom_ANT_DataPathGetTxQueueBufferingConfig 0x100889f7   Thumb Code     0  QCA6174_SCAQBAFM.sym ABSOLUTE
    rom_ANT_DataPathSetEventFilter           0x10088a15   Thumb Code     0  QCA6174_SCAQBAFM.sym ABSOLUTE
    rom_ANT_DataPathGetEventFilter           0x10088a1b   Thumb Code     0  QCA6174_SCAQBAFM.sym ABSOLUTE
    rom_SendAntDataFlowEvent                 0x10088a65   Thumb Code     0  QCA6174_SCAQBAFM.sym ABSOLUTE
    rom_GAP_HandleEvent                      0x10088a81   Thumb Code     0  QCA6174_SCAQBAFM.sym ABSOLUTE
    rom_GAP_HandleCommandComplete            0x10088aed   Thumb Code     0  QCA6174_SCAQBAFM.sym ABSOLUTE
    rom_GAP_HandleCommandStatus              0x10088b59   Thumb Code     0  QCA6174_SCAQBAFM.sym ABSOLUTE
    rom_GAP_HandleNumCompleted               0x10088b6b   Thumb Code     0  QCA6174_SCAQBAFM.sym ABSOLUTE
    rom_GAP_HandleLeEvent                    0x10088b8f   Thumb Code     0  QCA6174_SCAQBAFM.sym ABSOLUTE
    rom_GAP_Reset                            0x10088bab   Thumb Code     0  QCA6174_SCAQBAFM.sym ABSOLUTE
    rom_GAP_HandleResetComplete              0x10088bb7   Thumb Code     0  QCA6174_SCAQBAFM.sym ABSOLUTE
    rom_GAP_InitRadio                        0x10088bed   Thumb Code     0  QCA6174_SCAQBAFM.sym ABSOLUTE
    rom_GAP_WriteScanEnable                  0x10088bf5   Thumb Code     0  QCA6174_SCAQBAFM.sym ABSOLUTE
    rom_GAP_HandleWriteScanEnableComplete    0x10088c07   Thumb Code     0  QCA6174_SCAQBAFM.sym ABSOLUTE
    rom_GAP_WritePageScanActivity            0x10088c23   Thumb Code     0  QCA6174_SCAQBAFM.sym ABSOLUTE
    rom_GAP_HandleWritePageScanActivityComplete 0x10088c41   Thumb Code     0  QCA6174_SCAQBAFM.sym ABSOLUTE
    rom_GAP_ConnectionRequest                0x10088c5f   Thumb Code     0  QCA6174_SCAQBAFM.sym ABSOLUTE
    rom_GAP_AcceptConnection                 0x10088cff   Thumb Code     0  QCA6174_SCAQBAFM.sym ABSOLUTE
    rom_GAP_RejectConnection                 0x10088d2f   Thumb Code     0  QCA6174_SCAQBAFM.sym ABSOLUTE
    rom_GAP_SetScanEnable                    0x10088d5f   Thumb Code     0  QCA6174_SCAQBAFM.sym ABSOLUTE
    rom_GAP_AdvertisingReport                0x10088d75   Thumb Code     0  QCA6174_SCAQBAFM.sym ABSOLUTE
    rom_GAP_CreateConnectionCancelLE         0x10088d77   Thumb Code     0  QCA6174_SCAQBAFM.sym ABSOLUTE
    rom_GAP_ConnectionComplete               0x10088d83   Thumb Code     0  QCA6174_SCAQBAFM.sym ABSOLUTE
    rom_GAP_LeConnectionComplete             0x10088df7   Thumb Code     0  QCA6174_SCAQBAFM.sym ABSOLUTE
    rom_GAP_LinkKeyRequest                   0x10088df9   Thumb Code     0  QCA6174_SCAQBAFM.sym ABSOLUTE
    rom_GAP_LinkKeyReply                     0x10088e37   Thumb Code     0  QCA6174_SCAQBAFM.sym ABSOLUTE
    rom_GAP_EncryptionChange                 0x10088f7d   Thumb Code     0  QCA6174_SCAQBAFM.sym ABSOLUTE
    rom_GAP_HandleRoleChange                 0x10088f89   Thumb Code     0  QCA6174_SCAQBAFM.sym ABSOLUTE
    rom_GAP_HandleModeChange                 0x10088f95   Thumb Code     0  QCA6174_SCAQBAFM.sym ABSOLUTE
    rom_GAP_DisconnectComplete               0x10088fa1   Thumb Code     0  QCA6174_SCAQBAFM.sym ABSOLUTE
    rom_L2CAP_HandleAcl                      0x10089045   Thumb Code     0  QCA6174_SCAQBAFM.sym ABSOLUTE
    rom_L2CAP_HandleData                     0x1008909b   Thumb Code     0  QCA6174_SCAQBAFM.sym ABSOLUTE
    rom_L2CAP_HandleSignalling               0x100890ff   Thumb Code     0  QCA6174_SCAQBAFM.sym ABSOLUTE
    rom_L2CAP_HandleHIDControlData           0x1008914f   Thumb Code     0  QCA6174_SCAQBAFM.sym ABSOLUTE
    rom_L2CAP_HandleHIDInterruptData         0x1008915d   Thumb Code     0  QCA6174_SCAQBAFM.sym ABSOLUTE
    rom_L2CAP_HandleUnexpectedData           0x10089189   Thumb Code     0  QCA6174_SCAQBAFM.sym ABSOLUTE
    rom_L2CAP_HandleConnectionRequest        0x10089195   Thumb Code     0  QCA6174_SCAQBAFM.sym ABSOLUTE
    rom_L2CAP_SendConnectionResponse         0x100891f1   Thumb Code     0  QCA6174_SCAQBAFM.sym ABSOLUTE
    rom_L2CAP_HandleConfigureRequest         0x1008922f   Thumb Code     0  QCA6174_SCAQBAFM.sym ABSOLUTE
    rom_L2CAP_SendConfigureResponse          0x10089261   Thumb Code     0  QCA6174_SCAQBAFM.sym ABSOLUTE
    rom_L2CAP_SendConfigureRequest           0x100892a1   Thumb Code     0  QCA6174_SCAQBAFM.sym ABSOLUTE
    rom_L2CAP_HandleConfigureResponse        0x100892ed   Thumb Code     0  QCA6174_SCAQBAFM.sym ABSOLUTE
    rom_L2CAP_HandleDisconnectionRequest     0x10089349   Thumb Code     0  QCA6174_SCAQBAFM.sym ABSOLUTE
    rom_L2CAP_SendDisconnectionResponse      0x1008936f   Thumb Code     0  QCA6174_SCAQBAFM.sym ABSOLUTE
    rom_L2CAP_HandleHIDHandshake             0x10089397   Thumb Code     0  QCA6174_SCAQBAFM.sym ABSOLUTE
    rom_L2CAP_GetRequestID                   0x100893eb   Thumb Code     0  QCA6174_SCAQBAFM.sym ABSOLUTE
    rom_LLM_SPAIRING_getPrivateKey           0x10089585   Thumb Code     0  QCA6174_SCAQBAFM.sym ABSOLUTE
    rom_LLM_SPAIRING_calcPublicKey           0x10089633   Thumb Code     0  QCA6174_SCAQBAFM.sym ABSOLUTE
    rom_LLM_SPAIRING_dhKey                   0x1008968f   Thumb Code     0  QCA6174_SCAQBAFM.sym ABSOLUTE
    rom_LLM_g                                0x1008974d   Thumb Code     0  QCA6174_SCAQBAFM.sym ABSOLUTE
    rom_LLM_HMAC_SHA_256                     0x100897dd   Thumb Code     0  QCA6174_SCAQBAFM.sym ABSOLUTE
    rom_LLM_f1                               0x10089939   Thumb Code     0  QCA6174_SCAQBAFM.sym ABSOLUTE
    rom_LLM_f2                               0x10089975   Thumb Code     0  QCA6174_SCAQBAFM.sym ABSOLUTE
    rom_LLM_f3                               0x100899b5   Thumb Code     0  QCA6174_SCAQBAFM.sym ABSOLUTE
    rom_LLM_h3                               0x100899f3   Thumb Code     0  QCA6174_SCAQBAFM.sym ABSOLUTE
    rom_LLM_h4                               0x10089a2b   Thumb Code     0  QCA6174_SCAQBAFM.sym ABSOLUTE
    rom_LLM_h5                               0x10089a5f   Thumb Code     0  QCA6174_SCAQBAFM.sym ABSOLUTE
    rom_LLM_SECURE_getAuthenticationConfimation 0x10089a8f   Thumb Code     0  QCA6174_SCAQBAFM.sym ABSOLUTE
    rom_LLM_SECURE_calculateEncryptionKey    0x10089ab5   Thumb Code     0  QCA6174_SCAQBAFM.sym ABSOLUTE
    LLM_SPAIRING_NumComparison_NI_Hlr        0x10089ae1   Thumb Code     0  QCA6174_SCAQBAFM.sym ABSOLUTE
    LLM_SPAIRING_NumComparison_I_Hlr         0x10089cdb   Thumb Code     0  QCA6174_SCAQBAFM.sym ABSOLUTE
    LLM_SPAIRING_NumComparison_Confirm       0x10089e99   Thumb Code     0  QCA6174_SCAQBAFM.sym ABSOLUTE
    LLM_SPAIRING_OOB_NI_Hlr                  0x10089f65   Thumb Code     0  QCA6174_SCAQBAFM.sym ABSOLUTE
    LLM_SPAIRING_OOB_I_Hlr                   0x1008a19d   Thumb Code     0  QCA6174_SCAQBAFM.sym ABSOLUTE
    LLM_SPAIRING_OOB_Confirm                 0x1008a399   Thumb Code     0  QCA6174_SCAQBAFM.sym ABSOLUTE
    rom_LLM_SPAIRING_PassKeyEntry_Init       0x1008a43d   Thumb Code     0  QCA6174_SCAQBAFM.sym ABSOLUTE
    rom_LLM_SPAIRING_handle_LMP_keypress_notification_req 0x1008a4b9   Thumb Code     0  QCA6174_SCAQBAFM.sym ABSOLUTE
    rom_LLM_SPAIRING_initiate_LMP_simple_pairing_confirm 0x1008a4d9   Thumb Code     0  QCA6174_SCAQBAFM.sym ABSOLUTE
    LLM_SPAIRING_PassKeyEntry_NI_Hlr         0x1008a557   Thumb Code     0  QCA6174_SCAQBAFM.sym ABSOLUTE
    LLM_SPAIRING_PassKeyEntry_I_Hlr          0x1008a80b   Thumb Code     0  QCA6174_SCAQBAFM.sym ABSOLUTE
    LLM_SPAIRING_PassKeyEntry_Confirm        0x1008aad7   Thumb Code     0  QCA6174_SCAQBAFM.sym ABSOLUTE
    rom_att_init                             0x1008abbf   Thumb Code     0  QCA6174_SCAQBAFM.sym ABSOLUTE
    rom_att_uninit                           0x1008abcd   Thumb Code     0  QCA6174_SCAQBAFM.sym ABSOLUTE
    rom_att_send                             0x1008abdf   Thumb Code     0  QCA6174_SCAQBAFM.sym ABSOLUTE
    rom_att_fill_uuid                        0x1008abf1   Thumb Code     0  QCA6174_SCAQBAFM.sym ABSOLUTE
    rom_att_send_exchange_mtu_req            0x1008ac29   Thumb Code     0  QCA6174_SCAQBAFM.sym ABSOLUTE
    rom_att_send_read_request                0x1008ac49   Thumb Code     0  QCA6174_SCAQBAFM.sym ABSOLUTE
    rom_att_send_notify                      0x1008ac69   Thumb Code     0  QCA6174_SCAQBAFM.sym ABSOLUTE
    rom_att_send_indicate                    0x1008ac9b   Thumb Code     0  QCA6174_SCAQBAFM.sym ABSOLUTE
    rom_att_send_find_information_rsp        0x1008accd   Thumb Code     0  QCA6174_SCAQBAFM.sym ABSOLUTE
    rom_att_send_read_rsp                    0x1008acf9   Thumb Code     0  QCA6174_SCAQBAFM.sym ABSOLUTE
    rom_att_send_error_rsp                   0x1008ad1d   Thumb Code     0  QCA6174_SCAQBAFM.sym ABSOLUTE
    rom_att_send_read_by_group_type_rsp      0x1008ad47   Thumb Code     0  QCA6174_SCAQBAFM.sym ABSOLUTE
    rom_att_send_read_by_type_rsp            0x1008ad73   Thumb Code     0  QCA6174_SCAQBAFM.sym ABSOLUTE
    rom_att_send_find_by_type_value_rsp      0x1008ad9f   Thumb Code     0  QCA6174_SCAQBAFM.sym ABSOLUTE
    rom_att_send_write_rsp                   0x1008adc7   Thumb Code     0  QCA6174_SCAQBAFM.sym ABSOLUTE
    rom_att_send_confirm                     0x1008add3   Thumb Code     0  QCA6174_SCAQBAFM.sym ABSOLUTE
    rom_att_valid_command                    0x1008addf   Thumb Code     0  QCA6174_SCAQBAFM.sym ABSOLUTE
    rom_let_initialize                       0x1008aee9   Thumb Code     0  QCA6174_SCAQBAFM.sym ABSOLUTE
    rom_le_os_init                           0x1008aeef   Thumb Code     0  QCA6174_SCAQBAFM.sym ABSOLUTE
    rom_le_os_deinit                         0x1008aef3   Thumb Code     0  QCA6174_SCAQBAFM.sym ABSOLUTE
    rom_bdacpy                               0x1008aef9   Thumb Code     0  QCA6174_SCAQBAFM.sym ABSOLUTE
    rom_bacmp                                0x1008af01   Thumb Code     0  QCA6174_SCAQBAFM.sym ABSOLUTE
    rom_baswap_1                             0x1008af13   Thumb Code     0  QCA6174_SCAQBAFM.sym ABSOLUTE
    rom_OS_Init                              0x1008af2d   Thumb Code     0  QCA6174_SCAQBAFM.sym ABSOLUTE
    rom_OS_Deinit                            0x1008af33   Thumb Code     0  QCA6174_SCAQBAFM.sym ABSOLUTE
    rom_os_create_timer                      0x1008af49   Thumb Code     0  QCA6174_SCAQBAFM.sym ABSOLUTE
    rom_os_start_timer                       0x1008af57   Thumb Code     0  QCA6174_SCAQBAFM.sym ABSOLUTE
    rom_os_set_timer                         0x1008af73   Thumb Code     0  QCA6174_SCAQBAFM.sym ABSOLUTE
    rom_os_cancel_timer                      0x1008af87   Thumb Code     0  QCA6174_SCAQBAFM.sym ABSOLUTE
    rom_os_reset_timer                       0x1008af9b   Thumb Code     0  QCA6174_SCAQBAFM.sym ABSOLUTE
    rom_os_close_timer                       0x1008afaf   Thumb Code     0  QCA6174_SCAQBAFM.sym ABSOLUTE
    rom_gatt_return_ctx                      0x1008afd1   Thumb Code     0  QCA6174_SCAQBAFM.sym ABSOLUTE
    rom_gatt_lock                            0x1008afd5   Thumb Code     0  QCA6174_SCAQBAFM.sym ABSOLUTE
    rom_gatt_unlock                          0x1008afd7   Thumb Code     0  QCA6174_SCAQBAFM.sym ABSOLUTE
    rom_gatt_internal_client_callback        0x1008afd9   Thumb Code     0  QCA6174_SCAQBAFM.sym ABSOLUTE
    rom_gatt_init                            0x1008b07b   Thumb Code     0  QCA6174_SCAQBAFM.sym ABSOLUTE
    rom_gatt_uninit                          0x1008b0e3   Thumb Code     0  QCA6174_SCAQBAFM.sym ABSOLUTE
    rom_gatt_promote_le_uuid32               0x1008b1b9   Thumb Code     0  QCA6174_SCAQBAFM.sym ABSOLUTE
    rom_gatt_le2host_return_16bit_uuid       0x1008b1db   Thumb Code     0  QCA6174_SCAQBAFM.sym ABSOLUTE
    rom_gatt_le_uuid_cmp                     0x1008b1f5   Thumb Code     0  QCA6174_SCAQBAFM.sym ABSOLUTE
    rom_gatt_get_attribute_by_handle         0x1008b2d1   Thumb Code     0  QCA6174_SCAQBAFM.sym ABSOLUTE
    rom_gatt_basic_le_uuid_cmp               0x1008b337   Thumb Code     0  QCA6174_SCAQBAFM.sym ABSOLUTE
    rom_gatts_return_ctx                     0x1008b5d9   Thumb Code     0  QCA6174_SCAQBAFM.sym ABSOLUTE
    rom_gatts_lock                           0x1008b5dd   Thumb Code     0  QCA6174_SCAQBAFM.sym ABSOLUTE
    rom_gatts_unlock                         0x1008b5ef   Thumb Code     0  QCA6174_SCAQBAFM.sym ABSOLUTE
    rom_gatts_gatt_server_callback           0x1008b601   Thumb Code     0  QCA6174_SCAQBAFM.sym ABSOLUTE
    rom_gap_user_callback                    0x1008b6f1   Thumb Code     0  QCA6174_SCAQBAFM.sym ABSOLUTE
    rom_gatts_init                           0x1008b70b   Thumb Code     0  QCA6174_SCAQBAFM.sym ABSOLUTE
    rom_gatts_uninit                         0x1008b789   Thumb Code     0  QCA6174_SCAQBAFM.sym ABSOLUTE
    rom_le_l2cap_init                        0x1008b91d   Thumb Code     0  QCA6174_SCAQBAFM.sym ABSOLUTE
    rom_le_l2cap_uninit                      0x1008b9bb   Thumb Code     0  QCA6174_SCAQBAFM.sym ABSOLUTE
    rom_le_l2cap_register                    0x1008b9c9   Thumb Code     0  QCA6174_SCAQBAFM.sym ABSOLUTE
    rom_le_l2cap_unregister                  0x1008ba1d   Thumb Code     0  QCA6174_SCAQBAFM.sym ABSOLUTE
    rom_l2cap_wrap_send_data                 0x1008ba7f   Thumb Code     0  QCA6174_SCAQBAFM.sym ABSOLUTE
    rom_le_l2cap_send                        0x1008bb09   Thumb Code     0  QCA6174_SCAQBAFM.sym ABSOLUTE
    rom_l2cap_wrap_global_handler            0x1008bb53   Thumb Code     0  QCA6174_SCAQBAFM.sym ABSOLUTE
    rom_hci_l2cap_handler                    0x1008bbb1   Thumb Code     0  QCA6174_SCAQBAFM.sym ABSOLUTE
    rom_l2hci_init_memory                    0x1008bda3   Thumb Code     0  QCA6174_SCAQBAFM.sym ABSOLUTE
    rom_l2hci_deinit_memory                  0x1008be35   Thumb Code     0  QCA6174_SCAQBAFM.sym ABSOLUTE
    rom_sm_generate_ir_and_er                0x1008c049   Thumb Code     0  QCA6174_SCAQBAFM.sym ABSOLUTE
    rom_sm_set_config                        0x1008c96d   Thumb Code     0  QCA6174_SCAQBAFM.sym ABSOLUTE
    rom_sm_clear_config                      0x1008c99b   Thumb Code     0  QCA6174_SCAQBAFM.sym ABSOLUTE
    rom_sm_init                              0x1008c9c1   Thumb Code     0  QCA6174_SCAQBAFM.sym ABSOLUTE
    rom_sm_deinit                            0x1008ca01   Thumb Code     0  QCA6174_SCAQBAFM.sym ABSOLUTE
    rom_sm_encryption_request                0x1008ca0d   Thumb Code     0  QCA6174_SCAQBAFM.sym ABSOLUTE
    rom_sm_pair                              0x1008ca83   Thumb Code     0  QCA6174_SCAQBAFM.sym ABSOLUTE
    rom_sm_unpair                            0x1008cb3d   Thumb Code     0  QCA6174_SCAQBAFM.sym ABSOLUTE
    rom_sm_get_ltk_by_ediv                   0x1008cb6f   Thumb Code     0  QCA6174_SCAQBAFM.sym ABSOLUTE
    rom_sm_generate_resolvable_addr          0x1008ce11   Thumb Code     0  QCA6174_SCAQBAFM.sym ABSOLUTE
    rom_sm_generate_non_resolvable_addr      0x1008ce77   Thumb Code     0  QCA6174_SCAQBAFM.sym ABSOLUTE
    rom_sm_generate_static_address           0x1008cef7   Thumb Code     0  QCA6174_SCAQBAFM.sym ABSOLUTE
    rom_sm_set_passkey                       0x1008cf77   Thumb Code     0  QCA6174_SCAQBAFM.sym ABSOLUTE
    rom_sm_notify_encryption_state           0x1008d071   Thumb Code     0  QCA6174_SCAQBAFM.sym ABSOLUTE
    rom_sm_l2cap_callback                    0x1008d193   Thumb Code     0  QCA6174_SCAQBAFM.sym ABSOLUTE
    rom_sm_os_init                           0x1008d751   Thumb Code     0  QCA6174_SCAQBAFM.sym ABSOLUTE
    rom_sm_os_deinit                         0x1008d753   Thumb Code     0  QCA6174_SCAQBAFM.sym ABSOLUTE
    rom_sm_os_lock                           0x1008d755   Thumb Code     0  QCA6174_SCAQBAFM.sym ABSOLUTE
    rom_sm_os_unlock                         0x1008d757   Thumb Code     0  QCA6174_SCAQBAFM.sym ABSOLUTE
    rom_sm_os_swap_bytes                     0x1008d759   Thumb Code     0  QCA6174_SCAQBAFM.sym ABSOLUTE
    rom_sm_os_get_rand                       0x1008d781   Thumb Code     0  QCA6174_SCAQBAFM.sym ABSOLUTE
    OI_SBC_MaxBitpool                        0x1008d78d   Thumb Code     0  QCA6174_SCAQBAFM.sym ABSOLUTE
    internal_CalculateFramelen               0x1008d7af   Thumb Code     0  QCA6174_SCAQBAFM.sym ABSOLUTE
    OI_SBC_CalculateFrameAndHeaderlen        0x1008d7eb   Thumb Code     0  QCA6174_SCAQBAFM.sym ABSOLUTE
    computeBitneed                           0x1008d83b   Thumb Code     0  QCA6174_SCAQBAFM.sym ABSOLUTE
    adjustToFitBitpool                       0x1008d8f7   Thumb Code     0  QCA6174_SCAQBAFM.sym ABSOLUTE
    allocAdjustedBits                        0x1008d991   Thumb Code     0  QCA6174_SCAQBAFM.sym ABSOLUTE
    allocExcessBits                          0x1008d9bf   Thumb Code     0  QCA6174_SCAQBAFM.sym ABSOLUTE
    setEncodeBitpool                         0x1008d9d3   Thumb Code     0  QCA6174_SCAQBAFM.sym ABSOLUTE
    oneChannelBitAllocation                  0x1008d9eb   Thumb Code     0  QCA6174_SCAQBAFM.sym ABSOLUTE
    monoBitAllocation                        0x1008da71   Thumb Code     0  QCA6174_SCAQBAFM.sym ABSOLUTE
    OI_SBC_ComputeBitAllocation              0x1008dbe9   Thumb Code     0  QCA6174_SCAQBAFM.sym ABSOLUTE
    OI_CODEC_SBC_EnableVarBitpools           0x1008dbf9   Thumb Code     0  QCA6174_SCAQBAFM.sym ABSOLUTE
    OI_CODEC_SBC_GetMaxBitneed               0x1008dc13   Thumb Code     0  QCA6174_SCAQBAFM.sym ABSOLUTE
    OI_CODEC_SBC_CalculateBitpool            0x1008dc1f   Thumb Code     0  QCA6174_SCAQBAFM.sym ABSOLUTE
    OI_CODEC_SBC_CalculatePcmBytes           0x1008dc59   Thumb Code     0  QCA6174_SCAQBAFM.sym ABSOLUTE
    OI_CODEC_SBC_CalculateFramelen           0x1008dc6f   Thumb Code     0  QCA6174_SCAQBAFM.sym ABSOLUTE
    internal_CalculateBitrate                0x1008dc77   Thumb Code     0  QCA6174_SCAQBAFM.sym ABSOLUTE
    OI_CODEC_SBC_CalculateBitrate            0x1008dc95   Thumb Code     0  QCA6174_SCAQBAFM.sym ABSOLUTE
    OI_SBC_Dequant                           0x1008dcb9   Thumb Code     0  QCA6174_SCAQBAFM.sym ABSOLUTE
    OI_SBC_Dequant_Unscaled                  0x1008dcdd   Thumb Code     0  QCA6174_SCAQBAFM.sym ABSOLUTE
    default_mul_16s_32s_hi                   0x1008dd31   Thumb Code     0  QCA6174_SCAQBAFM.sym ABSOLUTE
    default_mul_32s_32s_hi                   0x1008dd3f   Thumb Code     0  QCA6174_SCAQBAFM.sym ABSOLUTE
    internal_DecoderReset                    0x1008dd69   Thumb Code     0  QCA6174_SCAQBAFM.sym ABSOLUTE
    OI_SBC_ReadHeader                        0x1008dde5   Thumb Code     0  QCA6174_SCAQBAFM.sym ABSOLUTE
    OI_SBC_ReadScalefactors                  0x1008de47   Thumb Code     0  QCA6174_SCAQBAFM.sym ABSOLUTE
    OI_SBC_ReadSamples                       0x1008decb   Thumb Code     0  QCA6174_SCAQBAFM.sym ABSOLUTE
    SynthWindow80_generated                  0x1008df81   Thumb Code     0  QCA6174_SCAQBAFM.sym ABSOLUTE
    dct2_8                                   0x1008e5b5   Thumb Code     0  QCA6174_SCAQBAFM.sym ABSOLUTE
    OI_SBC_AnalyzeFrame80                    0x1008e6e9   Thumb Code     0  QCA6174_SCAQBAFM.sym ABSOLUTE
    OI_SBC_AnalyzeFrame4SB                   0x1008e783   Thumb Code     0  QCA6174_SCAQBAFM.sym ABSOLUTE
    OI_SBC_AnalyzeFrame                      0x1008e81d   Thumb Code     0  QCA6174_SCAQBAFM.sym ABSOLUTE
    OI_BITSTREAM_WriteInit                   0x1008e839   Thumb Code     0  QCA6174_SCAQBAFM.sym ABSOLUTE
    OI_BITSTREAM_WriteUINT8Aligned           0x1008e845   Thumb Code     0  QCA6174_SCAQBAFM.sym ABSOLUTE
    OI_BITSTREAM_Write2xUINT4Aligned         0x1008e84f   Thumb Code     0  QCA6174_SCAQBAFM.sym ABSOLUTE
    OI_BITSTREAM_WriteUINT                   0x1008e85d   Thumb Code     0  QCA6174_SCAQBAFM.sym ABSOLUTE
    OI_BITSTREAM_WriteFlush                  0x1008e88f   Thumb Code     0  QCA6174_SCAQBAFM.sym ABSOLUTE
    internal_EncoderReset                    0x1008e8b5   Thumb Code     0  QCA6174_SCAQBAFM.sym ABSOLUTE
    internal_EncoderReconfigure              0x1008e991   Thumb Code     0  QCA6174_SCAQBAFM.sym ABSOLUTE
    internal_EncoderConfigure                0x1008e9a9   Thumb Code     0  QCA6174_SCAQBAFM.sym ABSOLUTE
    OI_SBC_WriteHeader                       0x1008ea2f   Thumb Code     0  QCA6174_SCAQBAFM.sym ABSOLUTE
    internal_EncodeCommandFrame              0x1008ea7b   Thumb Code     0  QCA6174_SCAQBAFM.sym ABSOLUTE
    OI_SBC_WriteScalefactors_4SB             0x1008eb21   Thumb Code     0  QCA6174_SCAQBAFM.sym ABSOLUTE
    OI_SBC_WriteScalefactors_8SB             0x1008eb53   Thumb Code     0  QCA6174_SCAQBAFM.sym ABSOLUTE
    OI_SBC_WriteScalefactors                 0x1008eb7f   Thumb Code     0  QCA6174_SCAQBAFM.sym ABSOLUTE
    OI_SBC_WriteSamples                      0x1008ebd7   Thumb Code     0  QCA6174_SCAQBAFM.sym ABSOLUTE
    OI_SBC_ComputeScalefactors               0x1008ec6d   Thumb Code     0  QCA6174_SCAQBAFM.sym ABSOLUTE
    rom_Command_BurstMessageProcess          0x1008ed25   Thumb Code     0  QCA6174_SCAQBAFM.sym ABSOLUTE
    rom_Command_SerialMessageProcess         0x1008edb5   Thumb Code     0  QCA6174_SCAQBAFM.sym ABSOLUTE
    rom_Command_ResponseMessage              0x1008f355   Thumb Code     0  QCA6174_SCAQBAFM.sym ABSOLUTE
    rom_ATT_HandleData                       0x1008f3f9   Thumb Code     0  QCA6174_SCAQBAFM.sym ABSOLUTE
    rom_ATT_HandleErrorRsp                   0x1008f425   Thumb Code     0  QCA6174_SCAQBAFM.sym ABSOLUTE
    rom_ATT_WriteValue                       0x1008f43d   Thumb Code     0  QCA6174_SCAQBAFM.sym ABSOLUTE
    rom_ATT_HandleNotification               0x1008f469   Thumb Code     0  QCA6174_SCAQBAFM.sym ABSOLUTE
    rom_HID_SetProtocol                      0x1008f4b1   Thumb Code     0  QCA6174_SCAQBAFM.sym ABSOLUTE
    rom_mpy_accum                            0x1008f509   Thumb Code     0  QCA6174_SCAQBAFM.sym ABSOLUTE
    rom_mpy_accum_dbl                        0x1008f535   Thumb Code     0  QCA6174_SCAQBAFM.sym ABSOLUTE
    rom_big_mpyP                             0x1008f571   Thumb Code     0  QCA6174_SCAQBAFM.sym ABSOLUTE
    rom_big_adjustP                          0x1008fb49   Thumb Code     0  QCA6174_SCAQBAFM.sym ABSOLUTE
    rom_big_1wd_mpy                          0x1008fc41   Thumb Code     0  QCA6174_SCAQBAFM.sym ABSOLUTE
    rom_big_add                              0x1008fc87   Thumb Code     0  QCA6174_SCAQBAFM.sym ABSOLUTE
    rom_big_addP                             0x1008fcbd   Thumb Code     0  QCA6174_SCAQBAFM.sym ABSOLUTE
    rom_big_sub                              0x1008fce5   Thumb Code     0  QCA6174_SCAQBAFM.sym ABSOLUTE
    rom_big_subP                             0x1008fd1d   Thumb Code     0  QCA6174_SCAQBAFM.sym ABSOLUTE
    rom_big_cmp                              0x1008fd45   Thumb Code     0  QCA6174_SCAQBAFM.sym ABSOLUTE
    rom_big_precise_reduce                   0x1008fda5   Thumb Code     0  QCA6174_SCAQBAFM.sym ABSOLUTE
    rom_big_halve                            0x1008fe81   Thumb Code     0  QCA6174_SCAQBAFM.sym ABSOLUTE
    rom_big_halveP                           0x1008feb9   Thumb Code     0  QCA6174_SCAQBAFM.sym ABSOLUTE
    rom_big_is_zero                          0x1008fee1   Thumb Code     0  QCA6174_SCAQBAFM.sym ABSOLUTE
    rom_big_is_one                           0x1008ff01   Thumb Code     0  QCA6174_SCAQBAFM.sym ABSOLUTE
    rom_big_divide                           0x1008ff25   Thumb Code     0  QCA6174_SCAQBAFM.sym ABSOLUTE
    rom_big_triple                           0x10090059   Thumb Code     0  QCA6174_SCAQBAFM.sym ABSOLUTE
    rom_toJacobian                           0x10090093   Thumb Code     0  QCA6174_SCAQBAFM.sym ABSOLUTE
    rom_toAffine                             0x100900eb   Thumb Code     0  QCA6174_SCAQBAFM.sym ABSOLUTE
    rom_pointDouble                          0x100901ad   Thumb Code     0  QCA6174_SCAQBAFM.sym ABSOLUTE
    rom_pointAdd                             0x100902a9   Thumb Code     0  QCA6174_SCAQBAFM.sym ABSOLUTE
    rom_pointMpyP                            0x10090433   Thumb Code     0  QCA6174_SCAQBAFM.sym ABSOLUTE
    rom_in_curveP                            0x100904d1   Thumb Code     0  QCA6174_SCAQBAFM.sym ABSOLUTE
    rom_ECDH_generate                        0x1009055b   Thumb Code     0  QCA6174_SCAQBAFM.sym ABSOLUTE
    rom_ECDH_derive_pt                       0x10090575   Thumb Code     0  QCA6174_SCAQBAFM.sym ABSOLUTE
    rom_ECDH_select_curve_P192               0x1009061d   Thumb Code     0  QCA6174_SCAQBAFM.sym ABSOLUTE
    rom_ECDH_select_curve_P256               0x10090625   Thumb Code     0  QCA6174_SCAQBAFM.sym ABSOLUTE
    rom_ECDH_get_curve_pt_size               0x1009062d   Thumb Code     0  QCA6174_SCAQBAFM.sym ABSOLUTE
    rom_os_create_lock                       0x10090645   Thumb Code     0  QCA6174_SCAQBAFM.sym ABSOLUTE
    rom_os_close_lock                        0x10090649   Thumb Code     0  QCA6174_SCAQBAFM.sym ABSOLUTE
    rom_os_lock                              0x1009064b   Thumb Code     0  QCA6174_SCAQBAFM.sym ABSOLUTE
    rom_os_unlock                            0x1009064d   Thumb Code     0  QCA6174_SCAQBAFM.sym ABSOLUTE
    rom_os_get_rand                          0x10090651   Thumb Code     0  QCA6174_SCAQBAFM.sym ABSOLUTE
    rom_gatts_process_disconn_comp_event     0x10090679   Thumb Code     0  QCA6174_SCAQBAFM.sym ABSOLUTE
    rom_gatts_process_disconnect_req         0x100906c9   Thumb Code     0  QCA6174_SCAQBAFM.sym ABSOLUTE
    rom_gatts_process_remove_dev_req         0x1009071b   Thumb Code     0  QCA6174_SCAQBAFM.sym ABSOLUTE
    rom_get_request_data                     0x100907c9   Thumb Code     0  QCA6174_SCAQBAFM.sym ABSOLUTE
    rom_get_service_type_by_handle_base      0x100907fd   Thumb Code     0  QCA6174_SCAQBAFM.sym ABSOLUTE
    rom_free_service                         0x10090813   Thumb Code     0  QCA6174_SCAQBAFM.sym ABSOLUTE
    rom_get_service_in_handle_range          0x1009084d   Thumb Code     0  QCA6174_SCAQBAFM.sym ABSOLUTE
    rom_gatts_process_accept_read_cfm        0x1009088b   Thumb Code     0  QCA6174_SCAQBAFM.sym ABSOLUTE
    rom_gatts_process_accept_write_cfm       0x10090931   Thumb Code     0  QCA6174_SCAQBAFM.sym ABSOLUTE
    rom_gatts_server_process_link_disconn    0x100909f5   Thumb Code     0  QCA6174_SCAQBAFM.sym ABSOLUTE
    rom_gatts_deregister_all_user_service    0x10090a11   Thumb Code     0  QCA6174_SCAQBAFM.sym ABSOLUTE
    rom_add_l2cap_header                     0x10090ac9   Thumb Code     0  QCA6174_SCAQBAFM.sym ABSOLUTE
    rom_get_connected_channel                0x10090aed   Thumb Code     0  QCA6174_SCAQBAFM.sym ABSOLUTE
    rom_get_unconnected_channel              0x10090b3f   Thumb Code     0  QCA6174_SCAQBAFM.sym ABSOLUTE
    rom_add_connected_channel                0x10090b8b   Thumb Code     0  QCA6174_SCAQBAFM.sym ABSOLUTE
    rom_delete_disconnected_channel          0x10090c25   Thumb Code     0  QCA6174_SCAQBAFM.sym ABSOLUTE
    rom_sm_e_func                            0x10090cb9   Thumb Code     0  QCA6174_SCAQBAFM.sym ABSOLUTE
    rom_sm_d1_func                           0x10090cc5   Thumb Code     0  QCA6174_SCAQBAFM.sym ABSOLUTE
    rom_sm_s1_func                           0x10090d05   Thumb Code     0  QCA6174_SCAQBAFM.sym ABSOLUTE
    rom_sm_c1_func                           0x10090d39   Thumb Code     0  QCA6174_SCAQBAFM.sym ABSOLUTE
    rom_sm_leftshift_onebit                  0x10090e3b   Thumb Code     0  QCA6174_SCAQBAFM.sym ABSOLUTE
    rom_sm_xor_128                           0x10090e55   Thumb Code     0  QCA6174_SCAQBAFM.sym ABSOLUTE
    rom_sm_padding                           0x10090e6b   Thumb Code     0  QCA6174_SCAQBAFM.sym ABSOLUTE
    rom_sm_generate_subkey                   0x10090e91   Thumb Code     0  QCA6174_SCAQBAFM.sym ABSOLUTE
    OI_CODEC_SBC_Alloc                       0x10090f19   Thumb Code     0  QCA6174_SCAQBAFM.sym ABSOLUTE
    OI_BITSTREAM_ReadInit                    0x10090f77   Thumb Code     0  QCA6174_SCAQBAFM.sym ABSOLUTE
    OI_BITSTREAM_ReadUINT                    0x10090f91   Thumb Code     0  QCA6174_SCAQBAFM.sym ABSOLUTE
    OI_BITSTREAM_ReadUINT4Aligned            0x10090fc7   Thumb Code     0  QCA6174_SCAQBAFM.sym ABSOLUTE
    OI_BITSTREAM_ReadUINT8Aligned            0x10090ff1   Thumb Code     0  QCA6174_SCAQBAFM.sym ABSOLUTE
    analyze4_generated                       0x1009100d   Thumb Code     0  QCA6174_SCAQBAFM.sym ABSOLUTE
    analyze8_generated                       0x100911b5   Thumb Code     0  QCA6174_SCAQBAFM.sym ABSOLUTE
    quant_fixed                              0x10091675   Thumb Code     0  QCA6174_SCAQBAFM.sym ABSOLUTE
    OI_SBC_Quant                             0x1009169b   Thumb Code     0  QCA6174_SCAQBAFM.sym ABSOLUTE
    rom_Auth_SetNetworkAddress               0x100916c1   Thumb Code     0  QCA6174_SCAQBAFM.sym ABSOLUTE
    dct3_4                                   0x1009175d   Thumb Code     0  QCA6174_SCAQBAFM.sym ABSOLUTE
    dct3_8                                   0x100917cd   Thumb Code     0  QCA6174_SCAQBAFM.sym ABSOLUTE
    _terminate_user_alloc                    0x1009191d   Thumb Code     0  QCA6174_SCAQBAFM.sym ABSOLUTE
    _init_user_alloc                         0x1009191f   Thumb Code     0  QCA6174_SCAQBAFM.sym ABSOLUTE
    __Heap_Full                              0x10091921   Thumb Code     0  QCA6174_SCAQBAFM.sym ABSOLUTE
    __Heap_Broken                            0x10091941   Thumb Code     0  QCA6174_SCAQBAFM.sym ABSOLUTE
    _init_alloc                              0x1009194b   Thumb Code     0  QCA6174_SCAQBAFM.sym ABSOLUTE
    malloc                                   0x100919a5   Thumb Code     0  QCA6174_SCAQBAFM.sym ABSOLUTE
    free                                     0x10091a07   Thumb Code     0  QCA6174_SCAQBAFM.sym ABSOLUTE
    __aeabi_llsl                             0x10091a53   Thumb Code     0  QCA6174_SCAQBAFM.sym ABSOLUTE
    _ll_shift_l                              0x10091a53   Thumb Code     0  QCA6174_SCAQBAFM.sym ABSOLUTE
    __aeabi_llsr                             0x10091a73   Thumb Code     0  QCA6174_SCAQBAFM.sym ABSOLUTE
    _ll_ushift_r                             0x10091a73   Thumb Code     0  QCA6174_SCAQBAFM.sym ABSOLUTE
    __aeabi_lasr                             0x10091a95   Thumb Code     0  QCA6174_SCAQBAFM.sym ABSOLUTE
    _ll_sshift_r                             0x10091a95   Thumb Code     0  QCA6174_SCAQBAFM.sym ABSOLUTE
    __aeabi_lmul                             0x10091abb   Thumb Code     0  QCA6174_SCAQBAFM.sym ABSOLUTE
    _ll_mul                                  0x10091abb   Thumb Code     0  QCA6174_SCAQBAFM.sym ABSOLUTE
    __aeabi_ldivmod                          0x10091b61   Thumb Code     0  QCA6174_SCAQBAFM.sym ABSOLUTE
    _ll_sdiv                                 0x10091b61   Thumb Code     0  QCA6174_SCAQBAFM.sym ABSOLUTE
    __aeabi_uldivmod                         0x10091bd1   Thumb Code     0  QCA6174_SCAQBAFM.sym ABSOLUTE
    _ll_udiv                                 0x10091bd1   Thumb Code     0  QCA6174_SCAQBAFM.sym ABSOLUTE
    __c89vsnprintf                           0x10091cd1   Thumb Code     0  QCA6174_SCAQBAFM.sym ABSOLUTE
    __2printf                                0x10091d05   Thumb Code     0  QCA6174_SCAQBAFM.sym ABSOLUTE
    __2sprintf                               0x10091d21   Thumb Code     0  QCA6174_SCAQBAFM.sym ABSOLUTE
    __2snprintf                              0x10091d4d   Thumb Code     0  QCA6174_SCAQBAFM.sym ABSOLUTE
    _printf_pre_padding                      0x10091d89   Thumb Code     0  QCA6174_SCAQBAFM.sym ABSOLUTE
    _printf_post_padding                     0x10091db5   Thumb Code     0  QCA6174_SCAQBAFM.sym ABSOLUTE
    _printf_str                              0x10091dd7   Thumb Code     0  QCA6174_SCAQBAFM.sym ABSOLUTE
    _printf_int_dec                          0x10091e29   Thumb Code     0  QCA6174_SCAQBAFM.sym ABSOLUTE
    _printf_longlong_hex                     0x10091e95   Thumb Code     0  QCA6174_SCAQBAFM.sym ABSOLUTE
    _printf_int_hex                          0x10091eed   Thumb Code     0  QCA6174_SCAQBAFM.sym ABSOLUTE
    _printf_ll_hex                           0x10091f09   Thumb Code     0  QCA6174_SCAQBAFM.sym ABSOLUTE
    _printf_hex_ptr                          0x10091f13   Thumb Code     0  QCA6174_SCAQBAFM.sym ABSOLUTE
    __printf                                 0x10091f2d   Thumb Code     0  QCA6174_SCAQBAFM.sym ABSOLUTE
    strlcat                                  0x100920b5   Thumb Code     0  QCA6174_SCAQBAFM.sym ABSOLUTE
    strlcpy                                  0x10092175   Thumb Code     0  QCA6174_SCAQBAFM.sym ABSOLUTE
    memcmp                                   0x10092201   Thumb Code     0  QCA6174_SCAQBAFM.sym ABSOLUTE
    strlen                                   0x1009225d   Thumb Code     0  QCA6174_SCAQBAFM.sym ABSOLUTE
    __aeabi_memcpy                           0x100922a1   Thumb Code     0  QCA6174_SCAQBAFM.sym ABSOLUTE
    __rt_memcpy                              0x100922a1   Thumb Code     0  QCA6174_SCAQBAFM.sym ABSOLUTE
    __aeabi_memmove4                         0x10092323   Thumb Code     0  QCA6174_SCAQBAFM.sym ABSOLUTE
    __aeabi_memmove8                         0x10092323   Thumb Code     0  QCA6174_SCAQBAFM.sym ABSOLUTE
    __aeabi_memmove                          0x10092369   Thumb Code     0  QCA6174_SCAQBAFM.sym ABSOLUTE
    __rt_memmove                             0x10092369   Thumb Code     0  QCA6174_SCAQBAFM.sym ABSOLUTE
    memset                                   0x100923b9   Thumb Code     0  QCA6174_SCAQBAFM.sym ABSOLUTE
    __aeabi_memset                           0x100923d5   Thumb Code     0  QCA6174_SCAQBAFM.sym ABSOLUTE
    _memset_w                                0x100923e7   Thumb Code     0  QCA6174_SCAQBAFM.sym ABSOLUTE
    _memset                                  0x10092401   Thumb Code     0  QCA6174_SCAQBAFM.sym ABSOLUTE
    __aeabi_memclr                           0x1009241f   Thumb Code     0  QCA6174_SCAQBAFM.sym ABSOLUTE
    __rt_memclr                              0x1009241f   Thumb Code     0  QCA6174_SCAQBAFM.sym ABSOLUTE
    __aeabi_memclr4                          0x10092423   Thumb Code     0  QCA6174_SCAQBAFM.sym ABSOLUTE
    __aeabi_memclr8                          0x10092423   Thumb Code     0  QCA6174_SCAQBAFM.sym ABSOLUTE
    __rt_memclr_w                            0x10092423   Thumb Code     0  QCA6174_SCAQBAFM.sym ABSOLUTE
    strncpy                                  0x10092429   Thumb Code     0  QCA6174_SCAQBAFM.sym ABSOLUTE
    strcmp                                   0x10092495   Thumb Code     0  QCA6174_SCAQBAFM.sym ABSOLUTE
    __aeabi_uidiv                            0x1009251d   Thumb Code     0  QCA6174_SCAQBAFM.sym ABSOLUTE
    __aeabi_uidivmod                         0x1009251d   Thumb Code     0  QCA6174_SCAQBAFM.sym ABSOLUTE
    __aeabi_idiv                             0x10092539   Thumb Code     0  QCA6174_SCAQBAFM.sym ABSOLUTE
    __aeabi_idivmod                          0x10092539   Thumb Code     0  QCA6174_SCAQBAFM.sym ABSOLUTE
    __aeabi_dadd                             0x100929f1   Thumb Code     0  QCA6174_SCAQBAFM.sym ABSOLUTE
    _dadd                                    0x100929f1   Thumb Code     0  QCA6174_SCAQBAFM.sym ABSOLUTE
    __aeabi_dsub                             0x10092a07   Thumb Code     0  QCA6174_SCAQBAFM.sym ABSOLUTE
    _dsub                                    0x10092a07   Thumb Code     0  QCA6174_SCAQBAFM.sym ABSOLUTE
    __aeabi_drsub                            0x10092a1d   Thumb Code     0  QCA6174_SCAQBAFM.sym ABSOLUTE
    _drsb                                    0x10092a1d   Thumb Code     0  QCA6174_SCAQBAFM.sym ABSOLUTE
    __aeabi_d2uiz                            0x10092a49   Thumb Code     0  QCA6174_SCAQBAFM.sym ABSOLUTE
    _dfixu                                   0x10092a49   Thumb Code     0  QCA6174_SCAQBAFM.sym ABSOLUTE
    __aeabi_i2d_normalise                    0x10092a91   Thumb Code     0  QCA6174_SCAQBAFM.sym ABSOLUTE
    __aeabi_i2d                              0x10092ad1   Thumb Code     0  QCA6174_SCAQBAFM.sym ABSOLUTE
    _dflt                                    0x10092ad1   Thumb Code     0  QCA6174_SCAQBAFM.sym ABSOLUTE
    __aeabi_ui2d                             0x10092ae1   Thumb Code     0  QCA6174_SCAQBAFM.sym ABSOLUTE
    _dfltu                                   0x10092ae1   Thumb Code     0  QCA6174_SCAQBAFM.sym ABSOLUTE
    __aeabi_dmul                             0x10092ae9   Thumb Code     0  QCA6174_SCAQBAFM.sym ABSOLUTE
    _dmul                                    0x10092ae9   Thumb Code     0  QCA6174_SCAQBAFM.sym ABSOLUTE
    __ARM_scalbn                             0x10092d75   Thumb Code     0  QCA6174_SCAQBAFM.sym ABSOLUTE
    __aeabi_fdiv                             0x10092dd5   Thumb Code     0  QCA6174_SCAQBAFM.sym ABSOLUTE
    _fdiv                                    0x10092dd5   Thumb Code     0  QCA6174_SCAQBAFM.sym ABSOLUTE
    _frdiv                                   0x10092f25   Thumb Code     0  QCA6174_SCAQBAFM.sym ABSOLUTE
    __aeabi_f2iz                             0x10092f35   Thumb Code     0  QCA6174_SCAQBAFM.sym ABSOLUTE
    _ffix                                    0x10092f35   Thumb Code     0  QCA6174_SCAQBAFM.sym ABSOLUTE
    __aeabi_f2uiz                            0x10092f81   Thumb Code     0  QCA6174_SCAQBAFM.sym ABSOLUTE
    _ffixu                                   0x10092f81   Thumb Code     0  QCA6174_SCAQBAFM.sym ABSOLUTE
    __aeabi_i2f_normalise                    0x10092fb1   Thumb Code     0  QCA6174_SCAQBAFM.sym ABSOLUTE
    __aeabi_i2f                              0x10092ff9   Thumb Code     0  QCA6174_SCAQBAFM.sym ABSOLUTE
    _fflt                                    0x10092ff9   Thumb Code     0  QCA6174_SCAQBAFM.sym ABSOLUTE
    __aeabi_ui2f                             0x10093009   Thumb Code     0  QCA6174_SCAQBAFM.sym ABSOLUTE
    _ffltu                                   0x10093009   Thumb Code     0  QCA6174_SCAQBAFM.sym ABSOLUTE
    __rt_heap_descriptor                     0x10093011   Thumb Code     0  QCA6174_SCAQBAFM.sym ABSOLUTE
    __use_no_heap                            0x10093019   Thumb Code     0  QCA6174_SCAQBAFM.sym ABSOLUTE
    __heap$guard                             0x1009301b   Thumb Code     0  QCA6174_SCAQBAFM.sym ABSOLUTE
    __Heap_Initialize                        0x1009301d   Thumb Code     0  QCA6174_SCAQBAFM.sym ABSOLUTE
    __Heap_DescSize                          0x10093027   Thumb Code     0  QCA6174_SCAQBAFM.sym ABSOLUTE
    __Heap_ProvideMemory                     0x1009302b   Thumb Code     0  QCA6174_SCAQBAFM.sym ABSOLUTE
    _printf_truncate_signed                  0x1009305f   Thumb Code     0  QCA6174_SCAQBAFM.sym ABSOLUTE
    _printf_truncate_unsigned                0x10093071   Thumb Code     0  QCA6174_SCAQBAFM.sym ABSOLUTE
    _printf_int_common                       0x10093083   Thumb Code     0  QCA6174_SCAQBAFM.sym ABSOLUTE
    _printf_charcount                        0x10093133   Thumb Code     0  QCA6174_SCAQBAFM.sym ABSOLUTE
    _printf_char_common                      0x10093167   Thumb Code     0  QCA6174_SCAQBAFM.sym ABSOLUTE
    _sputc                                   0x1009318d   Thumb Code     0  QCA6174_SCAQBAFM.sym ABSOLUTE
    _snputc                                  0x10093197   Thumb Code     0  QCA6174_SCAQBAFM.sym ABSOLUTE
    _printf_cs_common                        0x100931a7   Thumb Code     0  QCA6174_SCAQBAFM.sym ABSOLUTE
    _printf_char                             0x100931bd   Thumb Code     0  QCA6174_SCAQBAFM.sym ABSOLUTE
    _printf_string                           0x100931cd   Thumb Code     0  QCA6174_SCAQBAFM.sym ABSOLUTE
    _printf_char_file                        0x100931d5   Thumb Code     0  QCA6174_SCAQBAFM.sym ABSOLUTE
    _printf_wctomb                           0x100931fd   Thumb Code     0  QCA6174_SCAQBAFM.sym ABSOLUTE
    _printf_longlong_dec                     0x100932b9   Thumb Code     0  QCA6174_SCAQBAFM.sym ABSOLUTE
    _printf_longlong_oct                     0x10093329   Thumb Code     0  QCA6174_SCAQBAFM.sym ABSOLUTE
    _printf_int_oct                          0x1009336d   Thumb Code     0  QCA6174_SCAQBAFM.sym ABSOLUTE
    _printf_ll_oct                           0x10093385   Thumb Code     0  QCA6174_SCAQBAFM.sym ABSOLUTE
    __rt_SIGRTMEM                            0x10093399   Thumb Code     0  QCA6174_SCAQBAFM.sym ABSOLUTE
    __rt_udiv10                              0x100933a5   Thumb Code     0  QCA6174_SCAQBAFM.sym ABSOLUTE
    __rt_heap_escrow                         0x100933cd   Thumb Code     0  QCA6174_SCAQBAFM.sym ABSOLUTE
    __rt_heap_expand                         0x100933cf   Thumb Code     0  QCA6174_SCAQBAFM.sym ABSOLUTE
    __I$use$semihosting                      0x100933d9   Thumb Code     0  QCA6174_SCAQBAFM.sym ABSOLUTE
    __use_no_semihosting_swi                 0x100933d9   Thumb Code     0  QCA6174_SCAQBAFM.sym ABSOLUTE
    __semihosting_library_function           0x100933db   Thumb Code     0  QCA6174_SCAQBAFM.sym ABSOLUTE
    _ll_udiv10                               0x100933db   Thumb Code     0  QCA6174_SCAQBAFM.sym ABSOLUTE
    __lib_sel_fp_printf                      0x10093455   Thumb Code     0  QCA6174_SCAQBAFM.sym ABSOLUTE
    _printf_fp_dec_real                      0x100935f3   Thumb Code     0  QCA6174_SCAQBAFM.sym ABSOLUTE
    _printf_lcs_common                       0x10093869   Thumb Code     0  QCA6174_SCAQBAFM.sym ABSOLUTE
    _printf_wchar                            0x1009387f   Thumb Code     0  QCA6174_SCAQBAFM.sym ABSOLUTE
    _printf_wstring                          0x1009388f   Thumb Code     0  QCA6174_SCAQBAFM.sym ABSOLUTE
    ferror                                   0x10093897   Thumb Code     0  QCA6174_SCAQBAFM.sym ABSOLUTE
    _wcrtomb                                 0x1009389f   Thumb Code     0  QCA6174_SCAQBAFM.sym ABSOLUTE
    __sig_exit                               0x100938e3   Thumb Code     0  QCA6174_SCAQBAFM.sym ABSOLUTE
    __rt_SIGRTMEM_inner                      0x100938f1   Thumb Code     0  QCA6174_SCAQBAFM.sym ABSOLUTE
    _sys_exit                                0x10093941   Thumb Code     0  QCA6174_SCAQBAFM.sym ABSOLUTE
    __rt_ctype_table                         0x1009394d   Thumb Code     0  QCA6174_SCAQBAFM.sym ABSOLUTE
    __rt_locale                              0x1009395d   Thumb Code     0  QCA6174_SCAQBAFM.sym ABSOLUTE
    _printf_fp_infnan                        0x10093965   Thumb Code     0  QCA6174_SCAQBAFM.sym ABSOLUTE
    _btod_etento                             0x100939ed   Thumb Code     0  QCA6174_SCAQBAFM.sym ABSOLUTE
    _btod_d2e                                0x10093ab9   Thumb Code     0  QCA6174_SCAQBAFM.sym ABSOLUTE
    _btod_emul                               0x10093eaf   Thumb Code     0  QCA6174_SCAQBAFM.sym ABSOLUTE
    _btod_emuld                              0x10093ec7   Thumb Code     0  QCA6174_SCAQBAFM.sym ABSOLUTE
    _btod_ediv                               0x10093f03   Thumb Code     0  QCA6174_SCAQBAFM.sym ABSOLUTE
    _btod_edivd                              0x10093f19   Thumb Code     0  QCA6174_SCAQBAFM.sym ABSOLUTE
    __default_signal_display                 0x10093f61   Thumb Code     0  QCA6174_SCAQBAFM.sym ABSOLUTE
    _ttywrch                                 0x10093f95   Thumb Code     0  QCA6174_SCAQBAFM.sym ABSOLUTE
    __ARM_common_ll_mulss                    0x10093fa1   Thumb Code     0  QCA6174_SCAQBAFM.sym ABSOLUTE
    __ARM_common_ll_muluu                    0x10093fd3   Thumb Code     0  QCA6174_SCAQBAFM.sym ABSOLUTE
    __ARM_common_memclr1_6                   0x10094003   Thumb Code     0  QCA6174_SCAQBAFM.sym ABSOLUTE
    __ARM_common_memclr1_7                   0x10094013   Thumb Code     0  QCA6174_SCAQBAFM.sym ABSOLUTE
    __ARM_common_memclr1_8                   0x10094025   Thumb Code     0  QCA6174_SCAQBAFM.sym ABSOLUTE
    __ARM_common_memclr2_10                  0x10094039   Thumb Code     0  QCA6174_SCAQBAFM.sym ABSOLUTE
    __ARM_common_memclr4_10                  0x10094047   Thumb Code     0  QCA6174_SCAQBAFM.sym ABSOLUTE
    __ARM_common_memcpy1_5                   0x10094051   Thumb Code     0  QCA6174_SCAQBAFM.sym ABSOLUTE
    __ARM_common_memcpy1_6                   0x10094067   Thumb Code     0  QCA6174_SCAQBAFM.sym ABSOLUTE
    __ARM_common_memcpy1_8                   0x10094081   Thumb Code     0  QCA6174_SCAQBAFM.sym ABSOLUTE
    __ARM_common_memcpy2_5                   0x100940a3   Thumb Code     0  QCA6174_SCAQBAFM.sym ABSOLUTE
    __ARM_common_memcpy2_8                   0x100940b1   Thumb Code     0  QCA6174_SCAQBAFM.sym ABSOLUTE
    __ARM_common_memcpy4_10                  0x100940c3   Thumb Code     0  QCA6174_SCAQBAFM.sym ABSOLUTE
    __ARM_common_memcpy4_7                   0x100940d1   Thumb Code     0  QCA6174_SCAQBAFM.sym ABSOLUTE
    __ARM_common_memset1_4                   0x100940df   Thumb Code     0  QCA6174_SCAQBAFM.sym ABSOLUTE
    __ARM_common_memset1_8                   0x100940eb   Thumb Code     0  QCA6174_SCAQBAFM.sym ABSOLUTE
    __ARM_common_memset4_12                  0x100940ff   Thumb Code     0  QCA6174_SCAQBAFM.sym ABSOLUTE
    __ARM_fpclassify                         0x10094111   Thumb Code     0  QCA6174_SCAQBAFM.sym ABSOLUTE
    _is_digit                                0x1009413d   Thumb Code     0  QCA6174_SCAQBAFM.sym ABSOLUTE
    _get_lc_numeric                          0x1009414d   Thumb Code     0  QCA6174_SCAQBAFM.sym ABSOLUTE
    _get_lc_ctype                            0x10094179   Thumb Code     0  QCA6174_SCAQBAFM.sym ABSOLUTE
    __aeabi_fadd                             0x100941a5   Thumb Code     0  QCA6174_SCAQBAFM.sym ABSOLUTE
    _fadd                                    0x100941a5   Thumb Code     0  QCA6174_SCAQBAFM.sym ABSOLUTE
    __aeabi_fmul                             0x10094231   Thumb Code     0  QCA6174_SCAQBAFM.sym ABSOLUTE
    _fmul                                    0x10094231   Thumb Code     0  QCA6174_SCAQBAFM.sym ABSOLUTE
    __aeabi_fsub                             0x100942e1   Thumb Code     0  QCA6174_SCAQBAFM.sym ABSOLUTE
    _fsub                                    0x100942e1   Thumb Code     0  QCA6174_SCAQBAFM.sym ABSOLUTE
    _printf_fp_dec                           0x100943b1   Thumb Code     0  QCA6174_SCAQBAFM.sym ABSOLUTE
    __I$use$fp                               0x100943c1   Thumb Code     0  QCA6174_SCAQBAFM.sym ABSOLUTE
    DER_enc_hash                             0x10094814   Data           0  QCA6174_SCAQBAFM.sym ABSOLUTE
    lhash_0_sha1                             0x10094ab4   Data           0  QCA6174_SCAQBAFM.sym ABSOLUTE
    lhash_0_sha256                           0x10094ac8   Data           0  QCA6174_SCAQBAFM.sym ABSOLUTE
    VStrLogHdr                               0x10094af9   Data           0  QCA6174_SCAQBAFM.sym ABSOLUTE
    PFAL_ctlEncrModeCtl                      0x10094c1c   Data           0  QCA6174_SCAQBAFM.sym ABSOLUTE
    PFAL_LC_ltType_2_Tx_PTT                  0x10094c1f   Data           0  QCA6174_SCAQBAFM.sym ABSOLUTE
    PFAL_LC_LE_ADV_CHAN_CRC_INIT             0x10094c27   Data           0  QCA6174_SCAQBAFM.sym ABSOLUTE
    PFAL_LC_ltType_2_Rx_PTT                  0x10094c2a   Data           0  QCA6174_SCAQBAFM.sym ABSOLUTE
    gRSAProdKeyModules                       0x10094c30   Data           0  QCA6174_SCAQBAFM.sym ABSOLUTE
    gRSAProdKeyPubExp                        0x10094db8   Data           0  QCA6174_SCAQBAFM.sym ABSOLUTE
    gRSADevKeyModules                        0x10094f40   Data           0  QCA6174_SCAQBAFM.sym ABSOLUTE
    gRSADevKeyPubExp                         0x100950c8   Data           0  QCA6174_SCAQBAFM.sym ABSOLUTE
    PFAL_UART_BaudEnumToRate                 0x10095250   Data           0  QCA6174_SCAQBAFM.sym ABSOLUTE
    CFG_Defaults_SYS                         0x1009529c   Data           0  QCA6174_SCAQBAFM.sym ABSOLUTE
    UploadHeader                             0x100954a0   Data           0  QCA6174_SCAQBAFM.sym ABSOLUTE
    ReadPSHeader                             0x100954a4   Data           0  QCA6174_SCAQBAFM.sym ABSOLUTE
    TlvDnldRespHeader                        0x100954a9   Data           0  QCA6174_SCAQBAFM.sym ABSOLUTE
    SupportedADType                          0x100954ae   Data           0  QCA6174_SCAQBAFM.sym ABSOLUTE
    EDL_StatusOKMessage                      0x100954b3   Data           0  QCA6174_SCAQBAFM.sym ABSOLUTE
    PFAL_LC_Crypto_A0_B0_B1_Default          0x100954ba   Data           0  QCA6174_SCAQBAFM.sym ABSOLUTE
    OSUnMapTbl                               0x100954ea   Data           0  QCA6174_SCAQBAFM.sym ABSOLUTE
    PFAL_RM_C1_ARRAY                         0x100955ec   Data           0  QCA6174_SCAQBAFM.sym ABSOLUTE
    PFAL_RM_TX_LUT_TABLE_0                   0x100955f2   Data           0  QCA6174_SCAQBAFM.sym ABSOLUTE
    PFAL_RM_TX_LUT_TABLE_1                   0x100955fa   Data           0  QCA6174_SCAQBAFM.sym ABSOLUTE
    PFAL_RM_TX_LUT_TABLE_3                   0x10095602   Data           0  QCA6174_SCAQBAFM.sym ABSOLUTE
    PFAL_RM_TX_LUT_TABLE_4                   0x1009560a   Data           0  QCA6174_SCAQBAFM.sym ABSOLUTE
    RM_Reg16_default                         0x10095614   Data           0  QCA6174_SCAQBAFM.sym ABSOLUTE
    PFAL_RM_Q_GAIN_ARRAY                     0x10095708   Data           0  QCA6174_SCAQBAFM.sym ABSOLUTE
    PFAL_RM_I_PHASE_ARRAY                    0x10095734   Data           0  QCA6174_SCAQBAFM.sym ABSOLUTE
    PFAL_RM_Q_PHASE_ARRAY                    0x10095764   Data           0  QCA6174_SCAQBAFM.sym ABSOLUTE
    PFAL_RM_C2_ARRAY                         0x10095794   Data           0  QCA6174_SCAQBAFM.sym ABSOLUTE
    PFAL_RM_PVC_TABLEn                       0x1009589c   Data           0  QCA6174_SCAQBAFM.sym ABSOLUTE
    PFAL_SYS_FreqToRefTable                  0x100958dc   Data           0  QCA6174_SCAQBAFM.sym ABSOLUTE
    PFAL_SYS_RefClockCGPLL_FreqControlEntry  0x100958fc   Data           0  QCA6174_SCAQBAFM.sym ABSOLUTE
    PFAL_SYS_CGPLLSysClockControl            0x100959bc   Data           0  QCA6174_SCAQBAFM.sym ABSOLUTE
    PFAL_SYS_PWR_MODE_TO_PM_MODE             0x100959d0   Data           0  QCA6174_SCAQBAFM.sym ABSOLUTE
    PFAL_SYS_RefClockMDLLEntry               0x100959d6   Data           0  QCA6174_SCAQBAFM.sym ABSOLUTE
    EDL_CompanyString                        0x100959f6   Data           0  QCA6174_SCAQBAFM.sym ABSOLUTE
    CFG_Defaults_BT                          0x10095b3c   Data           0  QCA6174_SCAQBAFM.sym ABSOLUTE
    CFG_Defaults_Voice                       0x10095c00   Data           0  QCA6174_SCAQBAFM.sym ABSOLUTE
    LINKLESS_BROADCAST_MIN_TOTAL_ALLOC_SIZE  0x10095d5c   Data           0  QCA6174_SCAQBAFM.sym ABSOLUTE
    BB_PktInfo                               0x10095d64   Data           0  QCA6174_SCAQBAFM.sym ABSOLUTE
    BB_lch_2_pbf                             0x10095fe4   Data           0  QCA6174_SCAQBAFM.sym ABSOLUTE
    BB_pbf_2_lch                             0x10095fe8   Data           0  QCA6174_SCAQBAFM.sym ABSOLUTE
    BB_SR_2_Npage                            0x10095fec   Data           0  QCA6174_SCAQBAFM.sym ABSOLUTE
    SLC_inquiryTrainLength                   0x10095ff2   Data           0  QCA6174_SCAQBAFM.sym ABSOLUTE
    SLC_pageTrainLength                      0x10095ffa   Data           0  QCA6174_SCAQBAFM.sym ABSOLUTE
    SLC_bitErrorArray                        0x10096012   Data           0  QCA6174_SCAQBAFM.sym ABSOLUTE
    SLC_DUT_pktTypeRate_2_BB_LT_TYPE         0x10096028   Data           0  QCA6174_SCAQBAFM.sym ABSOLUTE
    SLC_testScenarioDataPattern              0x1009602c   Data           0  QCA6174_SCAQBAFM.sym ABSOLUTE
    SLC_LE_testScenarioPayloadType           0x10096033   Data           0  QCA6174_SCAQBAFM.sym ABSOLUTE
    SLC_prbs9_pattern                        0x10096040   Data           0  QCA6174_SCAQBAFM.sym ABSOLUTE
    SDB_GIAC_BD_ADDR                         0x1009644b   Data           0  QCA6174_SCAQBAFM.sym ABSOLUTE
    bluetoothBaseUuidEntry                   0x10096459   Data           0  QCA6174_SCAQBAFM.sym ABSOLUTE
    SDB_LE_Encr_Direction                    0x10096469   Data           0  QCA6174_SCAQBAFM.sym ABSOLUTE
    SDB_BR_EDR_Encr_Direction                0x1009646d   Data           0  QCA6174_SCAQBAFM.sym ABSOLUTE
    SDB_LE_sleepClkAccuracyMap               0x10096472   Data           0  QCA6174_SCAQBAFM.sym ABSOLUTE
    SDB_LE_AdvType2AdvChType                 0x10096482   Data           0  QCA6174_SCAQBAFM.sym ABSOLUTE
    SDB_LE_AdvChPktType2AdvEventType         0x10096487   Data           0  QCA6174_SCAQBAFM.sym ABSOLUTE
    SDB_LE_AdvEventType2AdvEventBitMask      0x1009648e   Data           0  QCA6174_SCAQBAFM.sym ABSOLUTE
    PFAL_DMR_ChanIndexToHop                  0x100964a4   Data           0  QCA6174_SCAQBAFM.sym ABSOLUTE
    PFAL_HUTCH_temp_adc_to_celsius_table     0x100964b3   Data           0  QCA6174_SCAQBAFM.sym ABSOLUTE
    PFAL_SYS_LPO_Internal32k                 0x10096518   Data           0  QCA6174_SCAQBAFM.sym ABSOLUTE
    PFAL_SYS_LPO_Digital32k                  0x1009651c   Data           0  QCA6174_SCAQBAFM.sym ABSOLUTE
    Boot_Protocol_Mouse                      0x10096569   Data           0  QCA6174_SCAQBAFM.sym ABSOLUTE
    CFG_Defaults_RM                          0x1009659c   Data           0  QCA6174_SCAQBAFM.sym ABSOLUTE
    LLM_LE_testPatternMap                    0x10096b16   Data           0  QCA6174_SCAQBAFM.sym ABSOLUTE
    LLM_AHS79ChanMask                        0x10096b20   Data           0  QCA6174_SCAQBAFM.sym ABSOLUTE
    LLM_pRSSI_values                         0x10096b2c   Data           0  QCA6174_SCAQBAFM.sym ABSOLUTE
    LLM_pNextRandInput                       0x10096b30   Data           0  QCA6174_SCAQBAFM.sym ABSOLUTE
    LLM_cipherINPUT_LENGTH                   0x10096b34   Data           0  QCA6174_SCAQBAFM.sym ABSOLUTE
    LLM_cipherLFSR_length                    0x10096b38   Data           0  QCA6174_SCAQBAFM.sym ABSOLUTE
    LLM_cipher_T1                            0x10096b3c   Data           0  QCA6174_SCAQBAFM.sym ABSOLUTE
    LLM_cipher_T2                            0x10096b40   Data           0  QCA6174_SCAQBAFM.sym ABSOLUTE
    LLM_cipher_XT_TAPS                       0x10096b44   Data           0  QCA6174_SCAQBAFM.sym ABSOLUTE
    keyOffset                                0x10096b48   Data           0  QCA6174_SCAQBAFM.sym ABSOLUTE
    LLM_cipher_feedbackMASK                  0x10096b50   Data           0  QCA6174_SCAQBAFM.sym ABSOLUTE
    exp45                                    0x10096b70   Data           0  QCA6174_SCAQBAFM.sym ABSOLUTE
    log45                                    0x10096c71   Data           0  QCA6174_SCAQBAFM.sym ABSOLUTE
    bias128                                  0x10096d72   Data           0  QCA6174_SCAQBAFM.sym ABSOLUTE
    M                                        0x10096e72   Data           0  QCA6174_SCAQBAFM.sym ABSOLUTE
    LLM_gPolyDegreeTable                     0x10096f72   Data           0  QCA6174_SCAQBAFM.sym ABSOLUTE
    LLM_gPolyTable                           0x10096f92   Data           0  QCA6174_SCAQBAFM.sym ABSOLUTE
    cmStateEnter                             0x100971a2   Data           0  QCA6174_SCAQBAFM.sym ABSOLUTE
    cmStateExit                              0x100971b3   Data           0  QCA6174_SCAQBAFM.sym ABSOLUTE
    LLM_slaveEncryptionMode                  0x100971c4   Data           0  QCA6174_SCAQBAFM.sym ABSOLUTE
    LLM_convLMP_FeaturesAclPacketTypes_1     0x100971ca   Data           0  QCA6174_SCAQBAFM.sym ABSOLUTE
    LLM_convLMP_FeaturesAclPacketTypes_2     0x100971d2   Data           0  QCA6174_SCAQBAFM.sym ABSOLUTE
    LLM_convLMP_FeaturesAclPacketTypes_3     0x100971da   Data           0  QCA6174_SCAQBAFM.sym ABSOLUTE
    log100                                   0x100971e2   Data           0  QCA6174_SCAQBAFM.sym ABSOLUTE
    LLM_cfg_ext_features_P2                  0x10097246   Data           0  QCA6174_SCAQBAFM.sym ABSOLUTE
    CFG_lmp_supported_features               0x10097248   Data           0  QCA6174_SCAQBAFM.sym ABSOLUTE
    LLM_LE_SupportedFeatures                 0x10097250   Data           0  QCA6174_SCAQBAFM.sym ABSOLUTE
    CFG_hci_supported_commands               0x10097258   Data           0  QCA6174_SCAQBAFM.sym ABSOLUTE
    HCI_LE_supportedStates                   0x10097279   Data           0  QCA6174_SCAQBAFM.sym ABSOLUTE
    llm_HCI_Cmdlength_G1                     0x10097281   Data           0  QCA6174_SCAQBAFM.sym ABSOLUTE
    llm_HCI_Cmdlength_G2                     0x100972c6   Data           0  QCA6174_SCAQBAFM.sym ABSOLUTE
    llm_HCI_Cmdlength_G3                     0x100972d7   Data           0  QCA6174_SCAQBAFM.sym ABSOLUTE
    llm_HCI_Cmdlength_G4                     0x10097354   Data           0  QCA6174_SCAQBAFM.sym ABSOLUTE
    llm_HCI_Cmdlength_G5                     0x1009735f   Data           0  QCA6174_SCAQBAFM.sym ABSOLUTE
    llm_HCI_Cmdlength_G6                     0x1009736c   Data           0  QCA6174_SCAQBAFM.sym ABSOLUTE
    llm_HCI_Cmdlength_G7                     0x10097376   Data           0  QCA6174_SCAQBAFM.sym ABSOLUTE
    llm_HCI_Cmdlength_G8                     0x10097377   Data           0  QCA6174_SCAQBAFM.sym ABSOLUTE
    LLM_cancelErrorArray                     0x10097398   Data           0  QCA6174_SCAQBAFM.sym ABSOLUTE
    llm_HCI_CmdGroupDB                       0x1009739c   Data           0  QCA6174_SCAQBAFM.sym ABSOLUTE
    EIR_BB_PktInfo                           0x100973dc   Data           0  QCA6174_SCAQBAFM.sym ABSOLUTE
    stateEnter                               0x10097400   Data           0  QCA6174_SCAQBAFM.sym ABSOLUTE
    stateExit                                0x10097408   Data           0  QCA6174_SCAQBAFM.sym ABSOLUTE
    LLM_eSCO_64K_combination_array           0x10097410   Data           0  QCA6174_SCAQBAFM.sym ABSOLUTE
    LLM_eSCO_64_NegotiationCombination_progression 0x100975a0   Data           0  QCA6174_SCAQBAFM.sym ABSOLUTE
    LLM_eSCO_64_WBS_NegotiationCombination_progression 0x10097618   Data           0  QCA6174_SCAQBAFM.sym ABSOLUTE
    LLM_convertLMP_SCO_packet2localFormat    0x10097690   Data           0  QCA6174_SCAQBAFM.sym ABSOLUTE
    LLM_xSCO_BandwidthCombination            0x10097698   Data           0  QCA6174_SCAQBAFM.sym ABSOLUTE
    sco_pktType_mask                         0x100976b8   Data           0  QCA6174_SCAQBAFM.sym ABSOLUTE
    QosTable                                 0x10097724   Data           0  QCA6174_SCAQBAFM.sym ABSOLUTE
    VersionRecord                            0x10097734   Data           0  QCA6174_SCAQBAFM.sym ABSOLUTE
    rcon_tab                                 0x10097738   Data           0  QCA6174_SCAQBAFM.sym ABSOLUTE
    ft_tab                                   0x100977ac   Data           0  QCA6174_SCAQBAFM.sym ABSOLUTE
    fl_tab                                   0x100987ac   Data           0  QCA6174_SCAQBAFM.sym ABSOLUTE
    im_tab                                   0x100997ac   Data           0  QCA6174_SCAQBAFM.sym ABSOLUTE
    MSBC_FRAME_SN                            0x1009a7ac   Data           0  QCA6174_SCAQBAFM.sym ABSOLUTE
    PFAL_VOICE_WBS_MSBC_CONFIG_SETTINGS      0x1009a7b0   Data           0  QCA6174_SCAQBAFM.sym ABSOLUTE
    LLM_SPAIRING_debugSecretKeyP192          0x1009a7f8   Data           0  QCA6174_SCAQBAFM.sym ABSOLUTE
    LLM_SPAIRING_BtKeyID                     0x1009a818   Data           0  QCA6174_SCAQBAFM.sym ABSOLUTE
    LLM_SPAIRING_debugPublicKeyP192          0x1009a81c   Data           0  QCA6174_SCAQBAFM.sym ABSOLUTE
    LLM_SPAIRING_debugPublicKeyP256          0x1009a84c   Data           0  QCA6174_SCAQBAFM.sym ABSOLUTE
    LLM_SPAIRING_KeyClassP192                0x1009a88c   Data           0  QCA6174_SCAQBAFM.sym ABSOLUTE
    LLM_SPAIRING_KeyClassP256                0x1009a89c   Data           0  QCA6174_SCAQBAFM.sym ABSOLUTE
    LLM_SPAIRING_debugSecretKeyP256          0x1009a8ac   Data           0  QCA6174_SCAQBAFM.sym ABSOLUTE
    LLM_SPAIRING_Zero16                      0x1009a8cc   Data           0  QCA6174_SCAQBAFM.sym ABSOLUTE
    LLM_SPAIRING_BtAES_KeyID                 0x1009a8dc   Data           0  QCA6174_SCAQBAFM.sym ABSOLUTE
    LLM_SPAIRING_BtDeviceKeyID               0x1009a8e0   Data           0  QCA6174_SCAQBAFM.sym ABSOLUTE
    LLM_LE_cmStateEnter                      0x1009a8e4   Data           0  QCA6174_SCAQBAFM.sym ABSOLUTE
    LLM_LE_cmStateExit                       0x1009a8e8   Data           0  QCA6174_SCAQBAFM.sym ABSOLUTE
    LLM_mapHCI_2_LMP_OOB_Capability          0x1009a8ec   Data           0  QCA6174_SCAQBAFM.sym ABSOLUTE
    LLM_mapHCI_2_LMP_OOB_Capability_Secure   0x1009a8f0   Data           0  QCA6174_SCAQBAFM.sym ABSOLUTE
    LLM_EncryptionKeyRefreshInterval         0x1009a8f4   Data           0  QCA6174_SCAQBAFM.sym ABSOLUTE
    crc30_table                              0x1009a950   Data           0  QCA6174_SCAQBAFM.sym ABSOLUTE
    crc16_table                              0x1009ad50   Data           0  QCA6174_SCAQBAFM.sym ABSOLUTE
    crc_16_l_table                           0x1009af50   Data           0  QCA6174_SCAQBAFM.sym ABSOLUTE
    crc32_table                              0x1009b150   Data           0  QCA6174_SCAQBAFM.sym ABSOLUTE
    gatt_le_base_uuid                        0x1009b56b   Data           0  QCA6174_SCAQBAFM.sym ABSOLUTE
    dec_window_4                             0x1009b5bc   Data           0  QCA6174_SCAQBAFM.sym ABSOLUTE
    enc_window_4                             0x1009b610   Data           0  QCA6174_SCAQBAFM.sym ABSOLUTE
    crc8_narrow                              0x1009b664   Data           0  QCA6174_SCAQBAFM.sym ABSOLUTE
    dequant_long_scaled                      0x1009b764   Data           0  QCA6174_SCAQBAFM.sym ABSOLUTE
    dequant_long_unscaled                    0x1009b7a8   Data           0  QCA6174_SCAQBAFM.sym ABSOLUTE
    acAppVersion                             0x1009b800   Data           0  QCA6174_SCAQBAFM.sym ABSOLUTE
    OI_Codec_Copyright                       0x1009bba0   Data           0  QCA6174_SCAQBAFM.sym ABSOLUTE
    __ctype                                  0x1009bd91   Data           0  QCA6174_SCAQBAFM.sym ABSOLUTE



==============================================================================

Memory Map of the image

  Image Entry point : 0x85c04c00001feb1

  Load Region RAMPATCH (Base: 0x0001feb0, Size: 0x000010fc, Max: 0x0001004c, ABSOLUTE)

    Execution Region PATCH_SSRAM (Base: 0x0001deb0, Size: 0x00000024, Max: 0xffffffff, ABSOLUTE)

    Base Addr    Size         Type   Attr      Idx    E Section Name        Object

    0x0001deb0   0x00000010   Data   RW            2    .data               patch_PFAL_DBG_hci_vendor.o
    0x0001dec0   0x00000004   Data   RW           19    .data               patch_PFAL_DBG.o
    0x0001dec4   0x0000000c   Data   RW          106    .data               patch_PFAL_RM_HW_EXT.o
    0x0001ded0   0x00000001   Data   RW          141    .data               patch_PFAL_SYS_EDL.o
    0x0001ded1   0x00000003   PAD
    0x0001ded4   0x00000000   Zero   RW          219    linker$$defined$$symbols  anon$$obj.o


    Execution Region EXEC_ENTRY (Base: 0x0001feb0, Size: 0x00000148, Max: 0xffffffff, ABSOLUTE)

    Base Addr    Size         Type   Attr      Idx    E Section Name        Object

    0x0001feb0   0x00000100   Code   RO          173  * ENTRY_POINT         rampatch_main.o
    0x0001ffb0   0x0000000c   Ven    RO          220    Veneer$$Code        anon$$obj.o
    0x0001ffbc   0x0000000c   Ven    RO          221    Veneer$$Code        anon$$obj.o
    0x0001ffc8   0x0000000c   Ven    RO          222    Veneer$$Code        anon$$obj.o
    0x0001ffd4   0x0000000c   Ven    RO          223    Veneer$$Code        anon$$obj.o
    0x0001ffe0   0x0000000c   Ven    RO          224    Veneer$$Code        anon$$obj.o
    0x0001ffec   0x0000000c   Ven    RO          225    Veneer$$Code        anon$$obj.o


    Execution Region EXEC_ENTITY (Base: 0x0001fff8, Size: 0x00000f90, Max: 0xffffffff, ABSOLUTE)

    Base Addr    Size         Type   Attr      Idx    E Section Name        Object

    0x0001fff8   0x00000428   Code   RO            1    .text               patch_PFAL_DBG_hci_vendor.o
    0x00020420   0x000003b0   Code   RO           90    .text               patch_PFAL_RM_HW.o
    0x000207d0   0x000002ec   Code   RO          105    .text               patch_PFAL_RM_HW_EXT.o
    0x00020abc   0x0000033c   Code   RO          140    .text               patch_PFAL_SYS_EDL.o
    0x00020df8   0x00000034   Code   RO          161    .text               patch_llm_eptm.o
    0x00020e2c   0x00000010   Code   RO          190    .text               c_p.l(abort.o)
    0x00020e3c   0x0000000c   Code   RO          192    .text               c_p.l(defsig_abrt_outer.o)
    0x00020e48   0x00000030   Code   RO          198    .text               c_p.l(defsig_abrt_inner.o)
    0x00020e78   0x0000000c   Ven    RO          226    Veneer$$Code        anon$$obj.o
    0x00020e84   0x0000000c   Ven    RO          227    Veneer$$Code        anon$$obj.o
    0x00020e90   0x0000000c   Ven    RO          228    Veneer$$Code        anon$$obj.o
    0x00020e9c   0x0000000c   Ven    RO          229    Veneer$$Code        anon$$obj.o
    0x00020ea8   0x0000000c   Ven    RO          230    Veneer$$Code        anon$$obj.o
    0x00020eb4   0x0000000c   Ven    RO          231    Veneer$$Code        anon$$obj.o
    0x00020ec0   0x0000000c   Ven    RO          232    Veneer$$Code        anon$$obj.o
    0x00020ecc   0x0000000c   Ven    RO          233    Veneer$$Code        anon$$obj.o
    0x00020ed8   0x0000000c   Ven    RO          234    Veneer$$Code        anon$$obj.o
    0x00020ee4   0x0000000c   Ven    RO          235    Veneer$$Code        anon$$obj.o
    0x00020ef0   0x0000000c   Ven    RO          236    Veneer$$Code        anon$$obj.o
    0x00020efc   0x0000000c   Ven    RO          237    Veneer$$Code        anon$$obj.o
    0x00020f08   0x0000000c   Ven    RO          238    Veneer$$Code        anon$$obj.o
    0x00020f14   0x0000000c   Ven    RO          239    Veneer$$Code        anon$$obj.o
    0x00020f20   0x0000000c   Ven    RO          240    Veneer$$Code        anon$$obj.o
    0x00020f2c   0x0000000c   Ven    RO          241    Veneer$$Code        anon$$obj.o
    0x00020f38   0x0000000c   Ven    RO          242    Veneer$$Code        anon$$obj.o
    0x00020f44   0x0000000c   Ven    RO          243    Veneer$$Code        anon$$obj.o
    0x00020f50   0x00000035   Data   RO          174    .constdata          rampatch_main.o


==============================================================================

Image component sizes


      Code (inc. data)   RO Data    RW Data    ZI Data      Debug   Object Name

         0          0          0          4          0     262939   patch_PFAL_DBG.o
      1064        262          0         16          0     312738   patch_PFAL_DBG_hci_vendor.o
       944        162          0          0          0     300045   patch_PFAL_RM_HW.o
       748         96          0         12          0     112089   patch_PFAL_RM_HW_EXT.o
       828        176          0          1          0     256799   patch_PFAL_SYS_EDL.o
        52         22          0          0          0     277071   patch_llm_eptm.o
       256         94         53          0          0     107804   rampatch_main.o

    ----------------------------------------------------------------------
      4180        908         56         36          0    1629485   Object Totals
       288         96          0          0          0          0   (incl. Generated)
         0          0          3          3          0          0   (incl. Padding)

    ----------------------------------------------------------------------

      Code (inc. data)   RO Data    RW Data    ZI Data      Debug   Library Member Name

        16          0          0          0          0         64   abort.o
        48         34          0          0          0         68   defsig_abrt_inner.o
        12          0          0          0          0         68   defsig_abrt_outer.o

    ----------------------------------------------------------------------
        76         34          0          0          0        200   Library Totals
         0          0          0          0          0          0   (incl. Padding)

    ----------------------------------------------------------------------

      Code (inc. data)   RO Data    RW Data    ZI Data      Debug   Library Name

        76         34          0          0          0        200   c_p.l

    ----------------------------------------------------------------------
        76         34          0          0          0        200   Library Totals

    ----------------------------------------------------------------------

==============================================================================


      Code (inc. data)   RO Data    RW Data    ZI Data      Debug   

      4256        942         56         36          0    1629237   Grand Totals
      4256        942         56         36          0    1629237   ELF Image Totals
      4256        942         56         36          0          0   ROM Totals

==============================================================================

    Total RO  Size (Code + RO Data)                 4312 (   4.21kB)
    Total RW  Size (RW Data + ZI Data)                36 (   0.04kB)
    Total ROM Size (Code + RO Data + RW Data)       4348 (   4.25kB)

==============================================================================

