Archive member included because of file (symbol)

/local/mnt/workspace/CRMBuilds/TZ.BF.4.0.3.c1-00005-M8996AAAAANAZT-1_20170110_230814/b/HK11/trustzone_images/core/kernel/libstd/build/sampleapp/scorpion/IADAANAA/libstd.lib(memscpy.o)
                              /local/mnt/workspace/CRMBuilds/TZ.BF.4.0.3.c1-00005-M8996AAAAANAZT-1_20170110_230814/b/HK11/trustzone_images/core/securemsm/trustzone/qsapps/sampleapp/build/sampleapp/scorpion/IADAANAA/app_content_protection.o (memscpy)
/local/mnt/workspace/CRMBuilds/TZ.BF.4.0.3.c1-00005-M8996AAAAANAZT-1_20170110_230814/b/HK11/trustzone_images/core/kernel/libstd/build/sampleapp/scorpion/IADAANAA/libstd.lib(strlcpy.o)
                              /local/mnt/workspace/CRMBuilds/TZ.BF.4.0.3.c1-00005-M8996AAAAANAZT-1_20170110_230814/b/HK11/trustzone_images/core/securemsm/trustzone/qsapps/sampleapp/build/sampleapp/scorpion/IADAANAA/app_message_passing.o (strlcpy)
/local/mnt/workspace/CRMBuilds/TZ.BF.4.0.3.c1-00005-M8996AAAAANAZT-1_20170110_230814/b/HK11/trustzone_images/core/kernel/libstd/build/sampleapp/scorpion/IADAANAA/libstd.lib(secure_memset.o)
                              /local/mnt/workspace/CRMBuilds/TZ.BF.4.0.3.c1-00005-M8996AAAAANAZT-1_20170110_230814/b/HK11/trustzone_images/core/securemsm/trustzone/qsapps/sampleapp/build/sampleapp/scorpion/IADAANAA/app_bio_lib.o (secure_memset)
/local/mnt/workspace/CRMBuilds/TZ.BF.4.0.3.c1-00005-M8996AAAAANAZT-1_20170110_230814/b/HK11/trustzone_images/core/kernel/libstd/build/sampleapp/scorpion/IADAANAA/libstd.lib(timesafe_memcmp.o)
                              /local/mnt/workspace/CRMBuilds/TZ.BF.4.0.3.c1-00005-M8996AAAAANAZT-1_20170110_230814/b/HK11/trustzone_images/core/securemsm/trustzone/qsapps/sampleapp/build/sampleapp/scorpion/IADAANAA/app_bio_lib.o (timesafe_memcmp)
/local/mnt/workspace/CRMBuilds/TZ.BF.4.0.3.c1-00005-M8996AAAAANAZT-1_20170110_230814/b/HK11/trustzone_images/core/kernel/libstd/build/sampleapp/scorpion/IADAANAA/libstd.lib(timesafe_strncmp.o)
                              /local/mnt/workspace/CRMBuilds/TZ.BF.4.0.3.c1-00005-M8996AAAAANAZT-1_20170110_230814/b/HK11/trustzone_images/core/securemsm/trustzone/qsapps/sampleapp/build/sampleapp/scorpion/IADAANAA/app_bio_lib.o (timesafe_strncmp)
/local/mnt/workspace/CRMBuilds/TZ.BF.4.0.3.c1-00005-M8996AAAAANAZT-1_20170110_230814/b/HK11/trustzone_images/core/securemsm/sse/qsee/SecureUI/build/sampleapp/scorpion/IADAANAA/secure_ui.lib(SecureUI.o)
                              /local/mnt/workspace/CRMBuilds/TZ.BF.4.0.3.c1-00005-M8996AAAAANAZT-1_20170110_230814/b/HK11/trustzone_images/core/securemsm/trustzone/qsapps/sampleapp/build/sampleapp/scorpion/IADAANAA/app_main.o (sec_ui_alloc_app_buffer)
/local/mnt/workspace/CRMBuilds/TZ.BF.4.0.3.c1-00005-M8996AAAAANAZT-1_20170110_230814/b/HK11/trustzone_images/core/securemsm/sse/qsee/SecureUILib/lib/build/sampleapp/scorpion/IADAANAA/secure_ui_lib.lib(SecureUILib.o)
                              /local/mnt/workspace/CRMBuilds/TZ.BF.4.0.3.c1-00005-M8996AAAAANAZT-1_20170110_230814/b/HK11/trustzone_images/core/securemsm/trustzone/qsapps/sampleapp/build/sampleapp/scorpion/IADAANAA/app_main.o (secUiProcessCmd)
/local/mnt/workspace/CRMBuilds/TZ.BF.4.0.3.c1-00005-M8996AAAAANAZT-1_20170110_230814/b/HK11/trustzone_images/core/securemsm/sse/qsee/SecureUILib/lib/build/sampleapp/scorpion/IADAANAA/secure_ui_lib.lib(01_startTouch.o)
                              /local/mnt/workspace/CRMBuilds/TZ.BF.4.0.3.c1-00005-M8996AAAAANAZT-1_20170110_230814/b/HK11/trustzone_images/core/securemsm/sse/qsee/SecureUILib/lib/build/sampleapp/scorpion/IADAANAA/secure_ui_lib.lib(SecureUILib.o) (processCmdStartTouch)
/local/mnt/workspace/CRMBuilds/TZ.BF.4.0.3.c1-00005-M8996AAAAANAZT-1_20170110_230814/b/HK11/trustzone_images/core/securemsm/sse/qsee/SecureUILib/lib/build/sampleapp/scorpion/IADAANAA/secure_ui_lib.lib(02_processTouch.o)
                              /local/mnt/workspace/CRMBuilds/TZ.BF.4.0.3.c1-00005-M8996AAAAANAZT-1_20170110_230814/b/HK11/trustzone_images/core/securemsm/sse/qsee/SecureUILib/lib/build/sampleapp/scorpion/IADAANAA/secure_ui_lib.lib(SecureUILib.o) (processCmdProcessTouch)
/local/mnt/workspace/CRMBuilds/TZ.BF.4.0.3.c1-00005-M8996AAAAANAZT-1_20170110_230814/b/HK11/trustzone_images/core/securemsm/sse/qsee/SecureUILib/lib/build/sampleapp/scorpion/IADAANAA/secure_ui_lib.lib(03_stopTouch.o)
                              /local/mnt/workspace/CRMBuilds/TZ.BF.4.0.3.c1-00005-M8996AAAAANAZT-1_20170110_230814/b/HK11/trustzone_images/core/securemsm/sse/qsee/SecureUILib/lib/build/sampleapp/scorpion/IADAANAA/secure_ui_lib.lib(SecureUILib.o) (processCmdStopTouch)
/local/mnt/workspace/CRMBuilds/TZ.BF.4.0.3.c1-00005-M8996AAAAANAZT-1_20170110_230814/b/HK11/trustzone_images/core/securemsm/trustzone/qsapps/libs/applib/common_applib/build/sampleapp/scorpion/IADAANAA/tzapp_entrylib.lib(common_applib.o)
[...]
Memory Configuration

Name             Origin             Length             Attributes
*default*        0x00000000         0xffffffff

Linker script and memory map


.text           0x00000000    0x39de8
 *\tzapp_entry.o(SORT(TZAPPENTRYCODE))
 TZAPPENTRYCODE
                0x00000000       0x4c /local/mnt/workspace/CRMBuilds/TZ.BF.4.0.3.c1-00005-M8996AAAAANAZT-1_20170110_230814/b/HK11/trustzone_images/core/securemsm/trustzone/qsapps/libs/applib/qsee/build/sampleapp/scorpion/IADAANAA/src/tzapp_entry.o
                0x00000000                __main
                0x00000000                TZAPPENTRY
                0x00000000                _main
                0x0000003c                get_cmnlib_ctx_ptr
 *(SORT(.text) SORT(.text.*) SORT(kthread_shared))
 *fill*         0x0000004c        0x4 
 .text          0x00000050      0x160 /afs/localcell/cm/gv2.6/sysname/pkg.@sys/qct/software/llvm/release/arm/3.5.2.4/lib/clang/3.5.2/lib/linux/libclang_rt.builtins-arm.a(truncdfsf2.c.o)
                0x00000050                __aeabi_d2f
                0x00000050                __truncdfsf2
 .text          0x000001b0      0x398 /afs/localcell/cm/gv2.6/sysname/pkg.@sys/qct/software/llvm/release/arm/3.5.2.4/lib/clang/3.5.2/lib/linux/libclang_rt.builtins-arm.a(adddf3.c.o)
                0x000001b0                __adddf3
                0x000001b0                __aeabi_dadd
 .text          0x00000548      0x320 /afs/localcell/cm/gv2.6/sysname/pkg.@sys/qct/software/llvm/release/arm/3.5.2.4/lib/clang/3.5.2/lib/linux/libclang_rt.builtins-arm.a(muldf3.c.o)
                0x00000548                __aeabi_dmul
                0x00000548                __muldf3
 .text          0x00000868     0x13ac /local/mnt/workspace/CRMBuilds/TZ.BF.4.0.3.c1-00005-M8996AAAAANAZT-1_20170110_230814/b/HK11/trustzone_images/core/securemsm/trustzone/qsapps/sampleapp/build/sampleapp/scorpion/IADAANAA/app_main.o
                0x00000868                tz_app_init
                0x00000890                tz_app_cmd_handler
                0x00001c00                tz_app_shutdown
 .text          0x00001c14      0x190 /local/mnt/workspace/CRMBuilds/TZ.BF.4.0.3.c1-00005-M8996AAAAANAZT-1_20170110_230814/b/HK11/trustzone_images/core/securemsm/trustzone/qsapps/sampleapp/build/sampleapp/scorpion/IADAANAA/app_smplserv_test.o
                0x00001c14                run_smplserv_test
                0x00001ce4                run_smplserv_crash_test
 .text          0x00001da4       0x9c /local/mnt/workspace/CRMBuilds/TZ.BF.4.0.3.c1-00005-M8996AAAAANAZT-1_20170110_230814/b/HK11/trustzone_images/core/securemsm/trustzone/qsapps/sampleapp/build/sampleapp/scorpion/IADAANAA/app_smplcert_test.o
                0x00001da4                run_smplcert_test
 .text          0x00001e40     0x83d4 /local/mnt/workspace/CRMBuilds/TZ.BF.4.0.3.c1-00005-M8996AAAAANAZT-1_20170110_230814/b/HK11/trustzone_images/core/securemsm/trustzone/qsapps/sampleapp/build/sampleapp/scorpion/IADAANAA/app_crypto.o
                0x00001e40                tz_app_crypto_aes_func
                0x000022cc                tz_app_crypto_triple_des_func
                0x00002640                tz_app_crypto_triple_des_large_func
                0x00002908                tz_app_crypto_aes_large_func
                0x00002ca4                tz_app_crypto_aes_xts_func
                0x000030d0                tz_app_crypto_aes_ccm_func
                0x000035bc                tz_app_crypto_aes_block_func
                0x000038b8                tz_app_crypto_hash_func
                0x00003948                tz_app_crypto_hash_block_func
                0x00003a98                tz_app_crypto_hash_aes_func
                0x00003ec0                tz_app_crypto_hmac_func
                0x00003fa0                tz_app_crypto_cmac_func
                0x00004024                tz_app_crypto_aes_perf
                0x00004120                tz_app_crypto_triple_des_perf
                0x0000421c                tz_app_crypto_aes_xts_perf
                0x00004354                tz_app_crypto_hash_perf
                0x000043b0                tz_app_crypto_hash_aes_perf
                0x00004570                tz_app_crypto_hmac_perf
                0x000045cc                tz_app_crypto_cmac_perf
                0x00004630                tz_app_aes_func
                0x00004a7c                tz_app_des_func
                0x00004cfc                tz_app_aes_xts_func
                0x00004f50                tz_app_aes_ccm_func
                0x0000525c                tz_app_hash_func
                0x00005368                tz_app_hash_aes_func
                0x0000559c                tz_app_hmac_func
                0x000056d4                tz_app_cmac_func
                0x0000580c                tz_app_aes_perf
                0x00005e98                tz_app_des_perf
                0x00006178                tz_app_aes_xts_perf
                0x00006494                tz_app_hash_perf
                0x000066e8                tz_app_hash_aes_perf
                0x00006ba4                tz_app_hmac_perf
                0x00006e74                tz_app_cmac_perf
                0x0000714c                tz_app_kdf_perf
                0x0000746c                tz_app_crypto_kdf
                0x00007720                tz_app_crypto_ecdh_func
                0x000077e0                tz_app_crypto_ecdsa_func
                0x0000789c                tz_app_crypto_generic_ecdsa_func
                0x00008320                tz_app_crypto_generic_ecdh_func
                0x00008514                tz_app_ecdh_func
                0x00008580                tz_app_ecdsa_func
                0x00008610                tz_app_generic_ecdh_func
                0x0000866c                tz_app_generic_ecdsa_func
                0x000086ec                tz_app_ufcrypto_aes_func
                0x00008af0                tz_app_ufcrypto_aes_gcm_func
                0x00008e60                tz_app_ufcrypto_hash_func
                0x00008f28                tz_app_ufcrypto_hmac_func
                0x0000904c                tz_app_sw_aes_func
                0x00009350                tz_app_sw_hash_func
                0x00009424                tz_app_sw_hmac_func
                0x0000955c                tz_app_ufcrypto_aes_perf
                0x000096a4                tz_app_ufcrypto_hash_perf
                0x0000975c                tz_app_ufcrypto_hmac_perf
                0x000097fc                tz_app_sw_aes_perf
                0x00009aac                tz_app_sw_aes_gcm_perf
                0x00009cd4                tz_app_sw_hash_perf
                0x00009e90                tz_app_sw_hmac_perf
                0x0000a060                tz_app_crypto_test
                0x0000a0b0                tz_app_crypto_func_test
                0x0000a168                tz_app_crypto_perf_test
 .text          0x0000a214     0x3ea4 /local/mnt/workspace/CRMBuilds/TZ.BF.4.0.3.c1-00005-M8996AAAAANAZT-1_20170110_230814/b/HK11/trustzone_images/core/securemsm/trustzone/qsapps/sampleapp/build/sampleapp/scorpion/IADAANAA/app_sfs.o
                0x0000a214                smplap_sfs_unit_open
                0x0000a410                smplap_sfs_unit_read_write
                0x0000a770                smplap_sfs_unit_get_size
                0x0000a9ac                smplap_sfs_unit_seek
                0x0000b6ec                smplap_sfs_unit_rm
                0x0000b7e8                smplap_sfs_unit_file_list
                0x0000ba64                smplap_sfs_basic_use_cases
                0x0000c34c                smplap_sfs_perf_test
                0x0000c9b4                smplap_sfs_unit_test_suite
                0x0000c9f0                tz_app_sfs
                0x0000d378                tz_app_counter
                0x0000da24                tz_app_fs
 .text          0x0000e0b8      0xc54 /local/mnt/workspace/CRMBuilds/TZ.BF.4.0.3.c1-00005-M8996AAAAANAZT-1_20170110_230814/b/HK11/trustzone_images/core/securemsm/trustzone/qsapps/sampleapp/build/sampleapp/scorpion/IADAANAA/app_rsa.o
                0x0000e0b8                init_key
                0x0000e0ec                free_key
                0x0000e0f8                tzt_test_crypto_rsa_enc_dec_vect
                0x0000e294                test_crypto_rsa_enc_dec
                0x0000e488                tzt_test_crypto_rsa_sign_verify_vect
                0x0000e650                test_crypto_rsa_sign_verify
                0x0000e878                test_crypto_rsa_byte_count
                0x0000e8dc                test_crypto_rsa_CRT_verify
                0x0000ecc0                tz_app_crypto_rsa_test
 .text          0x0000ed0c     0x1000 /local/mnt/workspace/CRMBuilds/TZ.BF.4.0.3.c1-00005-M8996AAAAANAZT-1_20170110_230814/b/HK11/trustzone_images/core/securemsm/trustzone/qsapps/sampleapp/build/sampleapp/scorpion/IADAANAA/qsee_api_tests.o
                0x0000ed0c                run_core_test
                0x0000ee38                run_securechannel_test
                0x0000ee5c                run_misc_test
                0x0000efe4                run_tlmm_tests
                0x0000f144                run_buses_spi_test
                0x0000f288                run_buses_test
                0x0000f2f4                security_state_test
                0x0000f3b4                run_abort_test
                0x0000f3d0                run_cache_test
                0x0000f448                run_sharedbuffer_test
                0x0000f4b4                run_spin_test
                0x0000f4bc                run_trans_test
                0x0000f584                run_oem_buf_test
                0x0000fa44                run_intlock_tests
                0x0000fbd4                run_blsp_modify_ownership_test
                0x0000fc24                run_log_bitmask_test
 .text          0x0000fd0c      0x344 /local/mnt/workspace/CRMBuilds/TZ.BF.4.0.3.c1-00005-M8996AAAAANAZT-1_20170110_230814/b/HK11/trustzone_images/core/securemsm/trustzone/qsapps/sampleapp/build/sampleapp/scorpion/IADAANAA/app_cmnlib.o
                0x0000fd0c                copy_S_BIGINT
                0x0000fd4c                test_crypto_rsa_complementary
                0x0000ff4c                tz_app_cmnlib_test
 .text          0x00010050      0x160 /local/mnt/workspace/CRMBuilds/TZ.BF.4.0.3.c1-00005-M8996AAAAANAZT-1_20170110_230814/b/HK11/trustzone_images/core/securemsm/trustzone/qsapps/sampleapp/build/sampleapp/scorpion/IADAANAA/app_message_passing.o
                0x00010050                run_message_passing_test
 .text          0x000101b0       0xcc /local/mnt/workspace/CRMBuilds/TZ.BF.4.0.3.c1-00005-M8996AAAAANAZT-1_20170110_230814/b/HK11/trustzone_images/core/securemsm/trustzone/qsapps/sampleapp/build/sampleapp/scorpion/IADAANAA/app_fuses.o
                0x000101b0                run_fuse_test
                0x000101c8                run_sw_fuse_test
 .text          0x0001027c     0x12a8 /local/mnt/workspace/CRMBuilds/TZ.BF.4.0.3.c1-00005-M8996AAAAANAZT-1_20170110_230814/b/HK11/trustzone_images/core/securemsm/trustzone/qsapps/sampleapp/build/sampleapp/scorpion/IADAANAA/app_stor.o
                0x0001027c                BufferBackup
                0x000102c4                BufferRestore
                0x0001030c                qsee_stor_memset
                0x0001031c                qsee_stor_deviceInitTest
                0x00010370                qsee_stor_deviceAddOpenPartitionTest
                0x0001046c                qsee_stor_devRWSingleContTest
                0x00010690                qsee_stor_devRWSingleAltTest
                0x000108e8                qsee_stor_devRWDoubleContTest
                0x00010b80                qsee_stor_devRWDoubleAltTest
                0x00010e38                qsee_stor_AdversarialTest
                0x00010fbc                qsee_stor_devRWAdversarialTest
                0x00011240                qsee_stor_RWSProfileTest
                0x00011470                run_stor_test
 .text          0x00011524      0x4f4 /local/mnt/workspace/CRMBuilds/TZ.BF.4.0.3.c1-00005-M8996AAAAANAZT-1_20170110_230814/b/HK11/trustzone_images/core/securemsm/trustzone/qsapps/sampleapp/build/sampleapp/scorpion/IADAANAA/app_content_protection.o
                0x00011524                mem_seg_copy
                0x00011728                Content_Protection_Copy_NonsecureToSecure
 .text          0x00011a18      0x6f8 /local/mnt/workspace/CRMBuilds/TZ.BF.4.0.3.c1-00005-M8996AAAAANAZT-1_20170110_230814/b/HK11/trustzone_images/core/securemsm/trustzone/qsapps/sampleapp/build/sampleapp/scorpion/IADAANAA/app_secure_ui.o
                0x00011a18                stop_disp
                0x00011a24                copy_dot
                0x00011b20                get_display_properties
                0x00011b58                start_disp_fullscreen
                0x00011bec                show_image
                0x00011d80                run_display_test
                0x00011dd0                run_touch_test
 .text          0x00012110     0x29f0 /local/mnt/workspace/CRMBuilds/TZ.BF.4.0.3.c1-00005-M8996AAAAANAZT-1_20170110_230814/b/HK11/trustzone_images/core/securemsm/trustzone/qsapps/sampleapp/build/sampleapp/scorpion/IADAANAA/app_bio_lib.o
                0x00012110                run_bio_lib_tests
 .text          0x00014b00     0x1858 /local/mnt/workspace/CRMBuilds/TZ.BF.4.0.3.c1-00005-M8996AAAAANAZT-1_20170110_230814/b/HK11/trustzone_images/core/securemsm/trustzone/qsapps/sampleapp/build/sampleapp/scorpion/IADAANAA/app_bulletin_board.o
                0x00014b00                run_bulletin_board_tests
 .text          0x00016358       0x18 /local/mnt/workspace/CRMBuilds/TZ.BF.4.0.3.c1-00005-M8996AAAAANAZT-1_20170110_230814/b/HK11/trustzone_images/core/kernel/libstd/build/sampleapp/scorpion/IADAANAA/libstd.lib(memscpy.o)
                0x00016358                memscpy
 .text          0x00016370       0x32 /local/mnt/workspace/CRMBuilds/TZ.BF.4.0.3.c1-00005-M8996AAAAANAZT-1_20170110_230814/b/HK11/trustzone_images/core/kernel/libstd/build/sampleapp/scorpion/IADAANAA/libstd.lib(strlcpy.o)
                0x00016370                strlcpy
 *fill*         0x000163a2        0x2 
 .text          0x000163a4       0x18 /local/mnt/workspace/CRMBuilds/TZ.BF.4.0.3.c1-00005-M8996AAAAANAZT-1_20170110_230814/b/HK11/trustzone_images/core/kernel/libstd/build/sampleapp/scorpion/IADAANAA/libstd.lib(secure_memset.o)
                0x000163a4                secure_memset
 .text          0x000163bc       0x38 /local/mnt/workspace/CRMBuilds/TZ.BF.4.0.3.c1-00005-M8996AAAAANAZT-1_20170110_230814/b/HK11/trustzone_images/core/kernel/libstd/build/sampleapp/scorpion/IADAANAA/libstd.lib(timesafe_memcmp.o)
                0x000163bc                timesafe_memcmp
 .text          0x000163f4       0x72 /local/mnt/workspace/CRMBuilds/TZ.BF.4.0.3.c1-00005-M8996AAAAANAZT-1_20170110_230814/b/HK11/trustzone_images/core/kernel/libstd/build/sampleapp/scorpion/IADAANAA/libstd.lib(timesafe_strncmp.o)
                0x000163f4                timesafe_strncmp
 *fill*         0x00016466        0x2 
 .text          0x00016468     0x1e14 /local/mnt/workspace/CRMBuilds/TZ.BF.4.0.3.c1-00005-M8996AAAAANAZT-1_20170110_230814/b/HK11/trustzone_images/core/securemsm/sse/qsee/SecureUI/build/sampleapp/scorpion/IADAANAA/secure_ui.lib(SecureUI.o)
                0x00016468                sec_ui_get_disp_properties
                0x000165ac                sec_ui_start_disp_fullscreen
                0x0001700c                session_is_unchanged
                0x0001711c                sec_ui_stop_disp
                0x000174b0                sec_ui_show_buf
                0x000177c8                sec_ui_copy_to_buffer
                0x00017a6c                sec_ui_hlos_release
                0x00017ae8                sec_ui_alloc_app_buffer
                0x00017e1c                sec_ui_free_app_buffer
 .text          0x0001827c      0x10c /local/mnt/workspace/CRMBuilds/TZ.BF.4.0.3.c1-00005-M8996AAAAANAZT-1_20170110_230814/b/HK11/trustzone_images/core/securemsm/sse/qsee/SecureUILib/lib/build/sampleapp/scorpion/IADAANAA/secure_ui_lib.lib(SecureUILib.o)
                0x0001827c                secUiProcessCmd
                0x000182fc                secUiCmd
                0x00018344                secUiRegisterTouchCallback
                0x00018354                secUiTouchIsActive
                0x0001836c                secUiSetPanelSize
 .text          0x00018388       0xd8 /local/mnt/workspace/CRMBuilds/TZ.BF.4.0.3.c1-00005-M8996AAAAANAZT-1_20170110_230814/b/HK11/trustzone_images/core/securemsm/sse/qsee/SecureUILib/lib/build/sampleapp/scorpion/IADAANAA/secure_ui_lib.lib(01_startTouch.o)
                0x00018388                processCmdStartTouch
 .text          0x00018460      0x1dc /local/mnt/workspace/CRMBuilds/TZ.BF.4.0.3.c1-00005-M8996AAAAANAZT-1_20170110_230814/b/HK11/trustzone_images/core/securemsm/sse/qsee/SecureUILib/lib/build/sampleapp/scorpion/IADAANAA/secure_ui_lib.lib(02_processTouch.o)
                0x00018460                processCmdProcessTouch
 .text          0x0001863c       0xb8 /local/mnt/workspace/CRMBuilds/TZ.BF.4.0.3.c1-00005-M8996AAAAANAZT-1_20170110_230814/b/HK11/trustzone_images/core/securemsm/sse/qsee/SecureUILib/lib/build/sampleapp/scorpion/IADAANAA/secure_ui_lib.lib(03_stopTouch.o)
                0x0001863c                secUiTouchStop
                0x00018698                processCmdStopTouch
 .text          0x000186f4      0x770 /local/mnt/workspace/CRMBuilds/TZ.BF.4.0.3.c1-00005-M8996AAAAANAZT-1_20170110_230814/b/HK11/trustzone_images/core/securemsm/trustzone/qsapps/libs/applib/common_applib/build/sampleapp/scorpion/IADAANAA/tzapp_entrylib.lib(common_applib.o)
                0x000186f4                qsee_err_fatal
                0x00018714                platform_err_fatal
                0x00018718                platform_get_random
                0x0001871c                __stack_chk_fail
                0x00018720                _sys_command_string
                0x0001872c                get_app_req_resp
                0x00018738                qsee_read_register
                0x00018758                qsee_request_service
                0x000187d8                qsee_prepare_shared_buf_for_nosecure_read
                0x000187f8                qsee_prepare_shared_buf_for_secure_read
                0x00018818                qsee_set_global_flag
                0x00018838                qsee_get_global_flag
                0x00018858                qsee_oem_process_cmd
                0x0001887c                qsee_enforce_hdmi_hdcp_encryption
                0x0001889c                qsee_write_hdcp2p2_key_riv_enable
                0x000188c0                qsee_read_hdcp2p2_min_encryption_level
                0x000188e0                qsee_write_hdcp2p2_min_encryption_level
                0x00018900                qsee_get_hdcp_min_enc_level
                0x00018920                qsee_set_hdcp_min_enc_level
                0x00018940                qsee_write_hdcp1_key
                0x00018960                qsee_set_hdcp_cpi_assert
                0x00018980                qsee_get_secure_state
                0x000189a0                qsee_malloc
                0x000189a8                qsee_realloc
                0x000189dc                qsee_realloc_common
                0x00018a58                qsee_free
                0x00018a88                qsee_cmnlib_malloc
                0x00018abc                qsee_cmnlib_free
                0x00018aec                tzlib_app_entry
                0x00018c24                get_ta_app_name
                0x00018c34                get_app_md
 .text.tz_module_open
                0x00018e64        0xc /local/mnt/workspace/CRMBuilds/TZ.BF.4.0.3.c1-00005-M8996AAAAANAZT-1_20170110_230814/b/HK11/trustzone_images/core/securemsm/trustzone/qsapps/libs/applib/common_applib/build/sampleapp/scorpion/IADAANAA/tzapp_entrylib.lib(common_applib.o)
                0x00018e64                tz_module_open
 .text          0x00018e70      0x580 /local/mnt/workspace/CRMBuilds/TZ.BF.4.0.3.c1-00005-M8996AAAAANAZT-1_20170110_230814/b/HK11/trustzone_images/core/securemsm/trustzone/qsapps/libs/applib/proxy/build/sampleapp/scorpion/IADAANAA/tzlib_proxy.lib(prxy_services.o)
                0x00018e70                qsee_kdf
                0x00018ea4                qsee_log
                0x00018f30                qsee_log_set_mask
                0x00018f54                qsee_log_get_mask
                0x00018f7c                open
                0x00018fbc                read
                0x00018fe8                write
                0x00019014                close
                0x00019038                lstat
                0x0001905c                mkdir
                0x00019080                frename
                0x000190a4                opendir
                0x000190c8                readdir
                0x000190ec                rmdir
                0x00019110                testdir
                0x00019134                file_get_partition_free_size
                0x00019158                fstat
                0x0001917c                lseek
                0x000191a8                time_getsystime
                0x000191cc                time_getutcsec
                0x000191f0                time_is_leap_year
                0x00019214                remove
                0x00019238                unlink
                0x0001925c                link
                0x00019280                telldir
                0x000192a4                fsync
                0x000192c8                openat
                0x00019304                unlinkat
                0x00019330                fcntl
                0x00019370                creat
                0x00019394                file_dir_chown_chmod
                0x000193c8                get_error_number
 .text          0x000193f0      0x2c4 /local/mnt/workspace/CRMBuilds/TZ.BF.4.0.3.c1-00005-M8996AAAAANAZT-1_20170110_230814/b/HK11/trustzone_images/core/securemsm/trustzone/qsapps/libs/applib/proxy/build/sampleapp/scorpion/IADAANAA/tzlib_proxy.lib(prxy_qsee_shim.o)
                0x000193f0                qsee_rsa_key_gen
                0x00019400                qsee_secpkcs8_parse
                0x00019410                qsee_rsa_sign_hash
                0x00019444                qsee_rsa_verify_signature
                0x00019478                qsee_rsa_encrypt
                0x000194a4                qsee_rsa_decrypt
                0x000194d0                qsee_BIGINT_read_unsigned_bin
                0x000194e0                qsee_util_init_s_bigint
                0x000194f0                qsee_util_free_s_bigint
                0x000194f4                qsee_BIGINT_read_radix
                0x00019508                qsee_rsa_exptmod
                0x0001952c                qsee_util_count_bytes
                0x00019530                qsee_SW_ECC_PubPrivate_Key_generate
                0x00019544                qsee_SW_ECDH_Shared_Key_Derive
                0x00019558                qsee_SW_ECDSA_Sign
                0x0001956c                qsee_SW_ECDSA_Verify
                0x00019580                qsee_ECC_hash_to_bigval
                0x00019584                qsee_toggle_random_bit
                0x00019588                qsee_get_random_bytes
                0x0001958c                qsee_in_curveP
                0x0001959c                qsee_SW_GENERIC_ECC_init
                0x000195d4                qsee_SW_GENERIC_ECDSA_sign
                0x000195f4                qsee_SW_GENERIC_ECDSA_verify
                0x00019614                qsee_SW_GENERIC_ECDH_shared_key_derive
                0x00019628                qsee_SW_GENERIC_ECC_keypair_generate
                0x0001963c                qsee_SW_GENERIC_ECC_binary_to_bigval
                0x0001965c                qsee_SW_GENERIC_ECC_bigval_to_binary
                0x0001967c                qsee_SW_GENERIC_ECC_compare
                0x00019690                qsee_SW_GENERIC_ECC_convert_input_to_bigval
                0x000196a4                qsee_SW_Cipher_DES_Init
                0x000196a8                qsee_SW_Cipher_DES_DeInit
                0x000196ac                qsee_SW_CipherDESData
                0x000196b0                qsee_SW_Cipher_DES_SetParam
 .text          0x000196b4      0x198 /local/mnt/workspace/CRMBuilds/TZ.BF.4.0.3.c1-00005-M8996AAAAANAZT-1_20170110_230814/b/HK11/trustzone_images/core/securemsm/trustzone/qsapps/libs/applib/proxy/build/sampleapp/scorpion/IADAANAA/tzlib_proxy.lib(prxy_ufaes.o)
                0x000196b4                qsee_SW_Cipher_Init
                0x000196d8                qsee_SW_Cipher_DeInit
                0x000196fc                qsee_SW_Cipher_Reset
                0x00019720                qsee_SW_CipherData
                0x00019754                qsee_SW_Cipher_SetParam
                0x00019788                qsee_SW_Cipher_GetParam
                0x000197bc                qsee_SW_AE_UpdateData
                0x000197f0                qsee_SW_AE_FinalData
                0x00019824                qsee_SW_AE_UpdateAAD
 .text          0x0001984c       0xb0 /local/mnt/workspace/CRMBuilds/TZ.BF.4.0.3.c1-00005-M8996AAAAANAZT-1_20170110_230814/b/HK11/trustzone_images/core/securemsm/trustzone/qsapps/libs/applib/proxy/build/sampleapp/scorpion/IADAANAA/tzlib_proxy.lib(prxy_ufdes.o)
                0x0001984c                SW_Cipher_DES_Init
                0x00019870                SW_Cipher_DES_DeInit
                0x00019894                SW_CipherDESData
                0x000198c8                SW_Cipher_DES_SetParam
 .text          0x000198fc       0xc8 /local/mnt/workspace/CRMBuilds/TZ.BF.4.0.3.c1-00005-M8996AAAAANAZT-1_20170110_230814/b/HK11/trustzone_images/core/securemsm/trustzone/qsapps/libs/applib/proxy/build/sampleapp/scorpion/IADAANAA/tzlib_proxy.lib(prxy_ufsha.o)
                0x000198fc                qsee_SW_Hash_Init
                0x00019920                qsee_SW_Hash_Update
                0x00019948                qsee_SW_Hash_Final
                0x0001996c                qsee_SW_Hmac
                0x000199a0                qsee_SW_Hash_Reset
 .text          0x000199c4       0x50 /local/mnt/workspace/CRMBuilds/TZ.BF.4.0.3.c1-00005-M8996AAAAANAZT-1_20170110_230814/b/HK11/trustzone_images/core/securemsm/trustzone/qsapps/libs/applib/proxy/build/sampleapp/scorpion/IADAANAA/tzlib_proxy.lib(prxy_secmath.o)
                0x000199c4                secmath_BIGINT_read_unsigned_bin
                0x000199ec                secmath_BIGINT_read_radix
 .text          0x00019a14      0x1c8 /local/mnt/workspace/CRMBuilds/TZ.BF.4.0.3.c1-00005-M8996AAAAANAZT-1_20170110_230814/b/HK11/trustzone_images/core/securemsm/trustzone/qsapps/libs/applib/proxy/build/sampleapp/scorpion/IADAANAA/tzlib_proxy.lib(prxy_secrsa.o)
                0x00019a14                secpkcs8_parse
                0x00019a3c                ce_rsa_key_gen
                0x00019a70                ce_rsa_encrypt
                0x00019aa4                ce_rsa_decrypt
                0x00019ad8                ce_rsa_sign_hash
                0x00019b0c                ce_rsa_verify_signature
                0x00019b40                ce_util_init_s_bigint
                0x00019b64                ce_util_free_s_bigint
                0x00019b84                ce_util_count_bytes
                0x00019ba8                ce_rsa_exptmod
 .text          0x00019bdc      0x2ec /local/mnt/workspace/CRMBuilds/TZ.BF.4.0.3.c1-00005-M8996AAAAANAZT-1_20170110_230814/b/HK11/trustzone_images/core/securemsm/trustzone/qsapps/libs/applib/proxy/build/sampleapp/scorpion/IADAANAA/tzlib_proxy.lib(prxy_ecc.o)
                0x00019bdc                SW_ECC_PubPrivate_Key_generate
                0x00019c00                SW_ECDH_Shared_Key_Derive
                0x00019c28                SW_ECDSA_Sign
                0x00019c50                SW_ECDSA_Verify
                0x00019c78                ECC_hash_to_bigval
                0x00019ca0                toggle_random_bit
                0x00019cc4                in_curveP
                0x00019ce8                get_random_bytes
                0x00019d0c                SW_GENERIC_ECC_init
                0x00019d40                SW_GENERIC_ECDSA_sign
                0x00019d74                SW_GENERIC_ECDSA_verify
                0x00019da8                SW_GENERIC_ECDH_shared_key_derive
                0x00019ddc                SW_GENERIC_ECC_keypair_generate
                0x00019e04                SW_GENERIC_ECC_binary_to_bigval
                0x00019e38                SW_GENERIC_ECC_bigval_to_binary
                0x00019e6c                SW_GENERIC_ECC_compare
                0x00019e94                SW_GENERIC_ECC_convert_input_to_bigval
 .text          0x00019ec8      0x2a0 /local/mnt/workspace/CRMBuilds/TZ.BF.4.0.3.c1-00005-M8996AAAAANAZT-1_20170110_230814/b/HK11/trustzone_images/core/securemsm/trustzone/qsapps/libs/applib/qsee/build/sampleapp/scorpion/IADAANAA/tzapp_entrylib.lib(mink_shared_code.o)
                0x00019ec8                UThread_syscall
                0x00019ee8                minkIPC
                0x0001a014                minkServerLoop
                0x0001a128                minkServerEntry
 .text          0x0001a168      0x230 /local/mnt/workspace/CRMBuilds/TZ.BF.4.0.3.c1-00005-M8996AAAAANAZT-1_20170110_230814/b/HK11/trustzone_images/core/securemsm/trustzone/qsapps/libs/applib/qsee/build/sampleapp/scorpion/IADAANAA/tzapp_entrylib.lib(qsee_env.o)
                0x0001a168                qsee_set_env
                0x0001a184                qsee_open
                0x0001a1ec                qsee_open_singleton
                0x0001a2ec                qsee_printf_ap
                0x0001a354                qsee_printf
 .text          0x0001a398      0x204 /local/mnt/workspace/CRMBuilds/TZ.BF.4.0.3.c1-00005-M8996AAAAANAZT-1_20170110_230814/b/HK11/trustzone_images/core/securemsm/trustzone/qsapps/libs/applib/qsee/build/sampleapp/scorpion/IADAANAA/tzapp_entrylib.lib(qsee_core_shim.o)
                0x0001a398                qsee_exec_protect_memory
                0x0001a3bc                qsee_is_sw_fuse_blown
                0x0001a3dc                qsee_blow_sw_fuse
                0x0001a3fc                qsee_ks_decrypt
                0x0001a44c                qsee_ks_get_key
                0x0001a4b4                qsee_ks_delete_key
                0x0001a4d4                qsee_ce_pipe_key_select
                0x0001a4f8                qsee_ce_disable_sequence
                0x0001a518                qsee_ice_set_context_config
                0x0001a53c                qsee_hdmi_status_read
                0x0001a55c                qsee_get_tz_app_id
                0x0001a57c                qsee_blsp_modify_ownership
 .text          0x0001a59c      0x100 /local/mnt/workspace/CRMBuilds/TZ.BF.4.0.3.c1-00005-M8996AAAAANAZT-1_20170110_230814/b/HK11/trustzone_images/core/securemsm/trustzone/qsapps/libs/applib/qsee/build/sampleapp/scorpion/IADAANAA/tzapp_entrylib.lib(qsee_deviceid.o)
                0x0001a59c                qsee_read_jtag_id
                0x0001a5f0                qsee_read_serial_num
                0x0001a644                qsee_get_device_uuid
 .text          0x0001a69c       0x54 /local/mnt/workspace/CRMBuilds/TZ.BF.4.0.3.c1-00005-M8996AAAAANAZT-1_20170110_230814/b/HK11/trustzone_images/core/securemsm/trustzone/qsapps/libs/applib/qsee/build/sampleapp/scorpion/IADAANAA/tzapp_entrylib.lib(qsee_prng.o)
                0x0001a69c                qsee_prng_getdata
 .text          0x0001a6f0       0xb8 /local/mnt/workspace/CRMBuilds/TZ.BF.4.0.3.c1-00005-M8996AAAAANAZT-1_20170110_230814/b/HK11/trustzone_images/core/securemsm/trustzone/qsapps/libs/applib/qsee/build/sampleapp/scorpion/IADAANAA/tzapp_entrylib.lib(qsee_secdisp.o)
                0x0001a6f0                qsee_sd_get_session
                0x0001a74c                qsee_sd_set_stop_allowed
 .text          0x0001a7a8      0x1ec /local/mnt/workspace/CRMBuilds/TZ.BF.4.0.3.c1-00005-M8996AAAAANAZT-1_20170110_230814/b/HK11/trustzone_images/core/securemsm/trustzone/qsapps/libs/applib/qsee/build/sampleapp/scorpion/IADAANAA/tzapp_entrylib.lib(qsee_nsmem.o)
                0x0001a7a8                qsee_is_s_tag_area
                0x0001a840                qsee_is_ns_range
                0x0001a8ac                qsee_vm_mem_count
                0x0001a924                qsee_tag_mem
 .text          0x0001a994       0x94 /local/mnt/workspace/CRMBuilds/TZ.BF.4.0.3.c1-00005-M8996AAAAANAZT-1_20170110_230814/b/HK11/trustzone_images/core/securemsm/trustzone/qsapps/libs/applib/qsee/build/sampleapp/scorpion/IADAANAA/tzapp_entrylib.lib(qsee_cmac.o)
                0x0001a994                qsee_cmac
 .text          0x0001aa28       0x4c /local/mnt/workspace/CRMBuilds/TZ.BF.4.0.3.c1-00005-M8996AAAAANAZT-1_20170110_230814/b/HK11/trustzone_images/core/securemsm/trustzone/qsapps/libs/applib/qsee/build/sampleapp/scorpion/IADAANAA/tzapp_entrylib.lib(qsee_crypto_shim.o)
                0x0001aa28                qsee_crypto_lock_engine
                0x0001aa50                qsee_set_bandwidth
 .text          0x0001aa74       0x64 /local/mnt/workspace/CRMBuilds/TZ.BF.4.0.3.c1-00005-M8996AAAAANAZT-1_20170110_230814/b/HK11/trustzone_images/core/securemsm/trustzone/qsapps/libs/applib/qsee/build/sampleapp/scorpion/IADAANAA/tzapp_entrylib.lib(qsee_timer_shim.o)
                0x0001aa74                qsee_get_uptime
                0x0001aa98                qsee_wdog_stop
                0x0001aab8                qsee_wdog_pet
 .text          0x0001aad8      0x292 /local/mnt/workspace/CRMBuilds/TZ.BF.4.0.3.c1-00005-M8996AAAAANAZT-1_20170110_230814/b/HK11/trustzone_images/core/securemsm/trustzone/qsapps/libs/applib/qsee/build/sampleapp/scorpion/IADAANAA/tzapp_entrylib.lib(qsee_comstr.o)
                0x0001aad8                cmp_char_i
                0x0001aafc                qsee_strnicmp
                0x0001ab2c                qsee_strlcpy
                0x0001ab60                qsee_strlcat
                0x0001abc4                qsee_wstrlen
                0x0001abe0                qsee_wstrlcpy
                0x0001ac24                qsee_wstrlcat
                0x0001ac58                qsee_strtowstr
                0x0001acc8                qsee_wstrtostr
                0x0001ad10                qsee_wstrchr
                0x0001ad40                qsee_wstrcmp
 *fill*         0x0001ad6a        0x2 
 .text          0x0001ad6c      0x192 /local/mnt/workspace/CRMBuilds/TZ.BF.4.0.3.c1-00005-M8996AAAAANAZT-1_20170110_230814/b/HK11/trustzone_images/core/securemsm/trustzone/qsapps/libs/applib/qsee/build/sampleapp/scorpion/IADAANAA/tzapp_entrylib.lib(stor.o)
                0x0001ad6c                check_rpmb_handle
                0x0001ad98                qsee_stor_device_init
                0x0001adb4                qsee_stor_open_partition
                0x0001addc                qsee_stor_device_get_info
                0x0001ae00                qsee_stor_client_get_info
                0x0001ae28                qsee_stor_add_partition
                0x0001ae48                qsee_stor_read_sectors
                0x0001ae80                qsee_stor_write_sectors
                0x0001aeb8                qsee_stor_read_wp_config
                0x0001aec8                qsee_stor_write_wp_config
                0x0001aed8                qsee_stor_remove_client
 *fill*         0x0001aefe        0x2 
 .text          0x0001af00     0x159c /local/mnt/workspace/CRMBuilds/TZ.BF.4.0.3.c1-00005-M8996AAAAANAZT-1_20170110_230814/b/HK11/trustzone_images/core/securemsm/trustzone/qsapps/libs/applib/qsee/build/sampleapp/scorpion/IADAANAA/tzapp_entrylib.lib(stor_gpt.o)
                0x0001af00                add_gpt_device_handle
                0x0001b04c                add_gpt_client
                0x0001b150                gpt_dev_init
                0x0001b33c                gpt_qsee_read_sectors
                0x0001b5a8                gpt_qsee_write_sectors
                0x0001b80c                gpt_add_partitions
                0x0001bb7c                gpt_config_partitions
                0x0001bcec                gpt_init
                0x0001bf68                gpt_open_partition
                0x0001c050                gpt_device_get_info
                0x0001c158                gpt_client_get_info
                0x0001c268                gpt_add_partition
                0x0001c2c8                gpt_read_sectors
                0x0001c3a8                gpt_write_sectors
 .text          0x0001c49c      0x1da /local/mnt/workspace/CRMBuilds/TZ.BF.4.0.3.c1-00005-M8996AAAAANAZT-1_20170110_230814/b/HK11/trustzone_images/core/securemsm/trustzone/qsapps/libs/applib/qsee/build/sampleapp/scorpion/IADAANAA/tzapp_entrylib.lib(stor_rpmbw.o)
                0x0001c49c                rpmbw_init
                0x0001c4c8                rpmbw_open_partition
                0x0001c4f8                rpmbw_device_get_info
                0x0001c528                rpmbw_client_get_info
                0x0001c558                rpmbw_add_partition
                0x0001c584                rpmbw_read_sectors
                0x0001c5bc                rpmbw_write_sectors
                0x0001c5f4                rpmbw_read_wp_config
                0x0001c620                rpmbw_write_wp_config
                0x0001c64c                rpmbw_remove_client
 *fill*         0x0001c676        0x2 
 .text          0x0001c678       0xe8 /local/mnt/workspace/CRMBuilds/TZ.BF.4.0.3.c1-00005-M8996AAAAANAZT-1_20170110_230814/b/HK11/trustzone_images/core/securemsm/trustzone/qsapps/libs/applib/qsee/build/sampleapp/scorpion/IADAANAA/tzapp_entrylib.lib(qsee_counter_shim.o)
                0x0001c678                qsee_counter_set_folder
                0x0001c6a0                qsee_create_counter
                0x0001c6c0                qsee_query_counter
                0x0001c6e0                qsee_increment_counter
                0x0001c700                qsee_delete_counter
                0x0001c720                qsee_query_rpmb_version
                0x0001c740                qsee_query_rpmb_enablement
 .text          0x0001c760      0x48c /local/mnt/workspace/CRMBuilds/TZ.BF.4.0.3.c1-00005-M8996AAAAANAZT-1_20170110_230814/b/HK11/trustzone_images/core/securemsm/trustzone/qsapps/libs/applib/qsee/build/sampleapp/scorpion/IADAANAA/tzapp_entrylib.lib(qsee_cipher.o)
                0x0001c760                qsee_cipher_init
                0x0001c7c4                qsee_cipher_free_ctx
                0x0001c7f0                qsee_cipher_set_param
                0x0001c930                qsee_cipher_get_param
                0x0001ca60                qsee_cipher_encrypt
                0x0001cb00                qsee_cipher_decrypt
                0x0001cba0                qsee_cipher_reset
 .text          0x0001cbec      0x54c /local/mnt/workspace/CRMBuilds/TZ.BF.4.0.3.c1-00005-M8996AAAAANAZT-1_20170110_230814/b/HK11/trustzone_images/core/securemsm/trustzone/qsapps/libs/applib/qsee/build/sampleapp/scorpion/IADAANAA/tzapp_entrylib.lib(qsee_hash.o)
                0x0001cbec                qsee_hash_init
                0x0001cc4c                qsee_hash_free_ctx
                0x0001cc78                qsee_hash_update
                0x0001ccec                qsee_hash_final
                0x0001cd60                qsee_hash_set_param
                0x0001ce70                qsee_hash
                0x0001cee4                qsee_hashcipher_encrypt
                0x0001cfe8                qsee_hashcipher_decrypt
                0x0001d0ec                qsee_hash_reset
 .text          0x0001d138      0x274 /local/mnt/workspace/CRMBuilds/TZ.BF.4.0.3.c1-00005-M8996AAAAANAZT-1_20170110_230814/b/HK11/trustzone_images/core/securemsm/trustzone/qsapps/libs/applib/qsee/build/sampleapp/scorpion/IADAANAA/tzapp_entrylib.lib(qsee_hmac.o)
                0x0001d138                qsee_hmac_init
                0x0001d1a8                qsee_hmac_free_ctx
                0x0001d1d4                qsee_hmac_update
                0x0001d248                qsee_hmac_final
                0x0001d2bc                qsee_hmac_set_param
                0x0001d344                qsee_hmac
 .text          0x0001d3ac      0x31c /local/mnt/workspace/CRMBuilds/TZ.BF.4.0.3.c1-00005-M8996AAAAANAZT-1_20170110_230814/b/HK11/trustzone_images/core/securemsm/trustzone/qsapps/libs/applib/qsee/build/sampleapp/scorpion/IADAANAA/tzapp_entrylib.lib(qsee_i2c.o)
                0x0001d3ac                qsee_i2c_open
                0x0001d448                qsee_i2c_close
                0x0001d4d4                qsee_i2c_read
                0x0001d618                qsee_i2c_write
 .text          0x0001d6c8      0x3a8 /local/mnt/workspace/CRMBuilds/TZ.BF.4.0.3.c1-00005-M8996AAAAANAZT-1_20170110_230814/b/HK11/trustzone_images/core/securemsm/trustzone/qsapps/libs/applib/qsee/build/sampleapp/scorpion/IADAANAA/tzapp_entrylib.lib(qsee_spi.o)
                0x0001d6c8                qsee_spi_open
                0x0001d724                qsee_spi_close
                0x0001d780                qsee_spi_read
                0x0001d8b4                qsee_spi_write
                0x0001d95c                qsee_spi_full_duplex
 .text          0x0001da70       0x8c /local/mnt/workspace/CRMBuilds/TZ.BF.4.0.3.c1-00005-M8996AAAAANAZT-1_20170110_230814/b/HK11/trustzone_images/core/securemsm/trustzone/qsapps/libs/applib/qsee/build/sampleapp/scorpion/IADAANAA/tzapp_entrylib.lib(qsee_bulletin_board_shim.o)
                0x0001da70                qsee_bulletin_board_post
                0x0001daac                qsee_bulletin_board_read
 .text          0x0001dafc      0x30c /local/mnt/workspace/CRMBuilds/TZ.BF.4.0.3.c1-00005-M8996AAAAANAZT-1_20170110_230814/b/HK11/trustzone_images/core/securemsm/trustzone/qsapps/libs/applib/qsee/build/sampleapp/scorpion/IADAANAA/tzapp_entrylib.lib(qsee_tlmm.o)
                0x0001dafc                qsee_tlmm_get_gpio_id
                0x0001db84                qsee_tlmm_release_gpio_id
                0x0001dbdc                qsee_tlmm_config_gpio_id
                0x0001dca0                qsee_tlmm_gpio_id_out
                0x0001dd20                qsee_tlmm_gpio_id_in
                0x0001dd98                qsee_tlmm_select_gpio_id_mode
 .text          0x0001de08       0x5c /local/mnt/workspace/CRMBuilds/TZ.BF.4.0.3.c1-00005-M8996AAAAANAZT-1_20170110_230814/b/HK11/trustzone_images/core/securemsm/trustzone/qsapps/libs/applib/qsee/build/sampleapp/scorpion/IADAANAA/tzapp_entrylib.lib(qsee_sync.o)
                0x0001de08                qsee_spin
 .text          0x0001de64      0x120 /local/mnt/workspace/CRMBuilds/TZ.BF.4.0.3.c1-00005-M8996AAAAANAZT-1_20170110_230814/b/HK11/trustzone_images/core/securemsm/trustzone/qsapps/libs/applib/qsee/build/sampleapp/scorpion/IADAANAA/tzapp_entrylib.lib(qsee_dcache.o)
                0x0001de64                qsee_dcache_clean_region
                0x0001dec4                qsee_dcache_flush_region
                0x0001df24                qsee_dcache_inval_region
 .text          0x0001df84      0x104 /local/mnt/workspace/CRMBuilds/TZ.BF.4.0.3.c1-00005-M8996AAAAANAZT-1_20170110_230814/b/HK11/trustzone_images/core/securemsm/trustzone/qsapps/libs/applib/qsee/build/sampleapp/scorpion/IADAANAA/tzapp_entrylib.lib(qsee_shared_buffer.o)
                0x0001df84                qsee_register_shared_buffer
                0x0001e010                qsee_deregister_shared_buffer
 .text          0x0001e088      0x15c /local/mnt/workspace/CRMBuilds/TZ.BF.4.0.3.c1-00005-M8996AAAAANAZT-1_20170110_230814/b/HK11/trustzone_images/core/securemsm/trustzone/qsapps/libs/applib/qsee/build/sampleapp/scorpion/IADAANAA/tzapp_entrylib.lib(qsee_oem_buffer.o)
                0x0001e088                qsee_get_oem_buffer_length
                0x0001e104                qsee_read_oem_buffer
                0x0001e174                qsee_write_oem_buffer
 .text          0x0001e1e4      0x14c /local/mnt/workspace/CRMBuilds/TZ.BF.4.0.3.c1-00005-M8996AAAAANAZT-1_20170110_230814/b/HK11/trustzone_images/core/securemsm/trustzone/qsapps/libs/applib/qsee/build/sampleapp/scorpion/IADAANAA/tzapp_entrylib.lib(qsee_intmask.o)
                0x0001e1e4                qsee_disable_all_interrupts
                0x0001e250                qsee_set_intmask
                0x0001e2c4                qsee_get_intmask
 .text          0x0001e330       0xa8 /local/mnt/workspace/CRMBuilds/TZ.BF.4.0.3.c1-00005-M8996AAAAANAZT-1_20170110_230814/b/HK11/trustzone_images/core/securemsm/trustzone/qsapps/libs/applib/qsee/build/sampleapp/scorpion/IADAANAA/tzapp_entrylib.lib(qsee_trans_ns_addr.o)
                0x0001e330                qsee_trans_ns_addr
 .text          0x0001e3d8      0x198 /local/mnt/workspace/CRMBuilds/TZ.BF.4.0.3.c1-00005-M8996AAAAANAZT-1_20170110_230814/b/HK11/trustzone_images/core/securemsm/trustzone/qsapps/libs/applib/qsee/build/sampleapp/scorpion/IADAANAA/tzapp_entrylib.lib(qsee_appmessage.o)
                0x0001e3d8                qsee_encapsulate_inter_app_message
                0x0001e4b8                qsee_decapsulate_inter_app_message
 .text          0x0001e570      0x7bc /local/mnt/workspace/CRMBuilds/TZ.BF.4.0.3.c1-00005-M8996AAAAANAZT-1_20170110_230814/b/HK11/trustzone_images/core/securemsm/trustzone/qsapps/libs/applib/qsee/build/sampleapp/scorpion/IADAANAA/tzapp_entrylib.lib(sfs_api.o)
                0x0001e570                qsee_sfs_open
                0x0001e748                qsee_sfs_close
                0x0001e74c                qsee_sfs_read
                0x0001e7e4                qsee_sfs_write
                0x0001e854                qsee_sfs_seek
                0x0001e948                qsee_sfs_getSize
                0x0001e9f0                qsee_sfs_mkdir
                0x0001e9f4                qsee_sfs_rmdir
                0x0001e9f8                qsee_sfs_rm
                0x0001ea84                qsee_sfs_error
                0x0001ea90                qsee_sfs_get_file_list
                0x0001ecb0                qsee_sfs_clean_file_list
                0x0001ecec                qsee_sfs_is_anti_rollback_enabled
 .text          0x0001ed2c       0xdc /local/mnt/workspace/CRMBuilds/TZ.BF.4.0.3.c1-00005-M8996AAAAANAZT-1_20170110_230814/b/HK11/trustzone_images/core/securemsm/trustzone/qsapps/libs/applib/qsee/build/sampleapp/scorpion/IADAANAA/tzapp_entrylib.lib(tzapp_lib_main.o)
                0x0001ed2c                get_app_stack_base
                0x0001ed38                get_app_stack_size
                0x0001ed50                get_app_heap_base
                0x0001ed5c                get_app_heap_size
                0x0001ed74                CApp_handleRequest
                0x0001ed90                CApp_invoke
                0x0001edf0                secure_app_init
                0x0001edfc                secure_app_shutdown
 kthread_shared
                0x0001ee08       0x2c /local/mnt/workspace/CRMBuilds/TZ.BF.4.0.3.c1-00005-M8996AAAAANAZT-1_20170110_230814/b/HK11/trustzone_images/core/securemsm/trustzone/qsapps/libs/applib/qsee/build/sampleapp/scorpion/IADAANAA/tzapp_entrylib.lib(kthread_shared.o)
                0x0001ee08                mink_generic_syscall
 .text          0x0001ee34      0x3fc /local/mnt/workspace/CRMBuilds/TZ.BF.4.0.3.c1-00005-M8996AAAAANAZT-1_20170110_230814/b/HK11/trustzone_images/core/securemsm/trustzone/qsapps/libs/biometric/build/sampleapp/scorpion/IADAANAA/biometric_lib.lib(biometric.o)
                0x0001ee34                bio_set_auth_result
                0x0001efb4                bio_get_auth_result
                0x0001f120                bio_wait_for_hlos_event
 .text          0x0001f230      0x680 /local/mnt/workspace/CRMBuilds/TZ.BF.4.0.3.c1-00005-M8996AAAAANAZT-1_20170110_230814/b/HK11/trustzone_images/core/securemsm/trustzone/qsapps/libs/biometric/build/sampleapp/scorpion/IADAANAA/biometric_lib.lib(biometric_serializer.o)
                0x0001f230                bio_serialize_auth_result
                0x0001f46c                bio_deserialize_auth_result
                0x0001f73c                bio_serialize_file_poll_event_data
                0x0001f86c                bio_parse_listener_response
 .text          0x0001f8b0       0x16 /local/mnt/workspace/CRMBuilds/TZ.BF.4.0.3.c1-00005-M8996AAAAANAZT-1_20170110_230814/b/HK11/trustzone_images/core/securemsm/trustzone/qsee/mink/libstd/build/sampleapp/scorpion/IADAANAA/libstd.lib(strnlen.o)
                0x0001f8b0                strnlen
 *fill*         0x0001f8c6        0x2 
 .text          0x0001f8c8       0x22 /local/mnt/workspace/CRMBuilds/TZ.BF.4.0.3.c1-00005-M8996AAAAANAZT-1_20170110_230814/b/HK11/trustzone_images/core/securemsm/trustzone/qsee/mink/libstd/build/sampleapp/scorpion/IADAANAA/libstd.lib(memcmp.o)
                0x0001f8c8                memcmp
 *fill*         0x0001f8ea        0x2 
 .text          0x0001f8ec       0x44 /local/mnt/workspace/CRMBuilds/TZ.BF.4.0.3.c1-00005-M8996AAAAANAZT-1_20170110_230814/b/HK11/trustzone_images/core/securemsm/trustzone/qsee/mink/libstd/build/sampleapp/scorpion/IADAANAA/libstd.lib(strlen.o)
                0x0001f8ec                strlen
 .text          0x0001f930       0x2e /local/mnt/workspace/CRMBuilds/TZ.BF.4.0.3.c1-00005-M8996AAAAANAZT-1_20170110_230814/b/HK11/trustzone_images/core/securemsm/trustzone/qsee/mink/libstd/build/sampleapp/scorpion/IADAANAA/libstd.lib(strcmp.o)
                0x0001f930                strcmp
 *fill*         0x0001f95e        0x2 
 .text          0x0001f960       0x46 /local/mnt/workspace/CRMBuilds/TZ.BF.4.0.3.c1-00005-M8996AAAAANAZT-1_20170110_230814/b/HK11/trustzone_images/core/securemsm/trustzone/qsee/mink/libstd/build/sampleapp/scorpion/IADAANAA/libstd.lib(strncmp.o)
                0x0001f960                strncmp
 *fill*         0x0001f9a6        0x2 
 .text          0x0001f9a8      0xc40 /local/mnt/workspace/CRMBuilds/TZ.BF.4.0.3.c1-00005-M8996AAAAANAZT-1_20170110_230814/b/HK11/trustzone_images/core/securemsm/trustzone/qsee/mink/libstd/build/sampleapp/scorpion/IADAANAA/libstd.lib(printf.o)
                0x0001f9a8                __towrite
                0x0001f9e4                __fwritex
                0x0001fa88                vfprintf
                0x00020378                vsnprintf
                0x00020444                snprintf
 .text          0x000205e8       0xa8 /local/mnt/workspace/CRMBuilds/TZ.BF.4.0.3.c1-00005-M8996AAAAANAZT-1_20170110_230814/b/HK11/trustzone_images/core/securemsm/trustzone/qsee/mink/libstd/build/sampleapp/scorpion/IADAANAA/libstd.lib(memchr.o)
                0x000205e8                memchr
 .text          0x00020690       0xa0 /afs/localcell/cm/gv2.6/sysname/pkg.@sys/qct/software/llvm/release/arm/3.5.2.4/lib/clang/3.5.2/lib/linux/libclang_rt.builtins-arm.a(aeabi_dcmp.S.o)
                0x00020690                __aeabi_dcmpeq
                0x000206b0                __aeabi_dcmplt
                0x000206d0                __aeabi_dcmple
                0x000206f0                __aeabi_dcmpge
                0x00020710                __aeabi_dcmpgt
 .text          0x00020730        0x4 /afs/localcell/cm/gv2.6/sysname/pkg.@sys/qct/software/llvm/release/arm/3.5.2.4/lib/clang/3.5.2/lib/linux/libclang_rt.builtins-arm.a(aeabi_memcpy.S.o)
                0x00020730                __aeabi_memcpy
                0x00020730                __aeabi_memcpy4
                0x00020730                __aeabi_memcpy8
 .text          0x00020734        0x4 /afs/localcell/cm/gv2.6/sysname/pkg.@sys/qct/software/llvm/release/arm/3.5.2.4/lib/clang/3.5.2/lib/linux/libclang_rt.builtins-arm.a(aeabi_memmove.S.o)
                0x00020734                __aeabi_memmove8
                0x00020734                __aeabi_memmove
                0x00020734                __aeabi_memmove4
 .text          0x00020738       0x1c /afs/localcell/cm/gv2.6/sysname/pkg.@sys/qct/software/llvm/release/arm/3.5.2.4/lib/clang/3.5.2/lib/linux/libclang_rt.builtins-arm.a(aeabi_memset.S.o)
                0x00020738                __aeabi_memset
                0x00020738                __aeabi_memset8
                0x00020738                __aeabi_memset4
                0x00020748                __aeabi_memclr8
                0x00020748                __aeabi_memclr
                0x00020748                __aeabi_memclr4
 .text          0x00020754       0x24 /afs/localcell/cm/gv2.6/sysname/pkg.@sys/qct/software/llvm/release/arm/3.5.2.4/lib/clang/3.5.2/lib/linux/libclang_rt.builtins-arm.a(aeabi_uldivmod.S.o)
                0x00020754                __aeabi_uldivmod
 .text          0x00020778      0x4be /afs/localcell/cm/gv2.6/sysname/pkg.@sys/qct/software/llvm/release/arm/3.5.2.4/lib/clang/3.5.2/lib/linux/libclang_rt.builtins-arm.a(comparedf2.c.o)
                0x00020778                __ledf2
                0x00020838                __gedf2
                0x000208f8                __aeabi_dcmpun
                0x000208f8                __unorddf2
                0x00020938                __eqdf2
                0x000209f8                __ltdf2
                0x00020ab8                __nedf2
                0x00020b78                __gtdf2
 *fill*         0x00020c36        0x2 
 .text          0x00020c38      0x190 /afs/localcell/cm/gv2.6/sysname/pkg.@sys/qct/software/llvm/release/arm/3.5.2.4/lib/clang/3.5.2/lib/linux/libclang_rt.builtins-arm.a(divsf3.c.o)
                0x00020c38                __divsf3
                0x00020c38                __aeabi_fdiv
 .text          0x00020dc8       0x7c /afs/localcell/cm/gv2.6/sysname/pkg.@sys/qct/software/llvm/release/arm/3.5.2.4/lib/clang/3.5.2/lib/linux/libclang_rt.builtins-arm.a(extendsfdf2.c.o)
                0x00020dc8                __extendsfdf2
                0x00020dc8                __aeabi_f2d
 .text          0x00020e44       0x5e /afs/localcell/cm/gv2.6/sysname/pkg.@sys/qct/software/llvm/release/arm/3.5.2.4/lib/clang/3.5.2/lib/linux/libclang_rt.builtins-arm.a(fixdfsi.c.o)
                0x00020e44                __fixdfsi
                0x00020e44                __aeabi_d2iz
 *fill*         0x00020ea2        0x2 
 .text          0x00020ea4       0xe4 /afs/localcell/cm/gv2.6/sysname/pkg.@sys/qct/software/llvm/release/arm/3.5.2.4/lib/clang/3.5.2/lib/linux/libclang_rt.builtins-arm.a(floatundisf.c.o)
                0x00020ea4                __floatundisf
                0x00020ea4                __aeabi_ul2f
 .text          0x00020f88       0x68 /afs/localcell/cm/gv2.6/sysname/pkg.@sys/qct/software/llvm/release/arm/3.5.2.4/lib/clang/3.5.2/lib/linux/libclang_rt.builtins-arm.a(floatunsisf.c.o)
                0x00020f88                __aeabi_ui2f
                0x00020f88                __floatunsisf
 .text          0x00020ff0      0x168 /afs/localcell/cm/gv2.6/sysname/pkg.@sys/qct/software/llvm/release/arm/3.5.2.4/lib/clang/3.5.2/lib/linux/libclang_rt.builtins-arm.a(mulsf3.c.o)
                0x00020ff0                __mulsf3
                0x00020ff0                __aeabi_fmul
 .text          0x00021158      0x416 /afs/localcell/cm/gv2.6/sysname/pkg.@sys/qct/software/llvm/release/arm/3.5.2.4/lib/clang/3.5.2/lib/linux/libclang_rt.builtins-arm.a(udivmoddi4.c.o)
                0x00021158                __udivmoddi4
 *fill*         0x0002156e        0x2 
 .text          0x00021570      0x154 /afs/localcell/cm/gv2.6/sysname/pkg.@sys/qct/software/llvm/release/arm/3.5.2.4/lib/clang/3.5.2/lib/linux/libclang_rt.builtins-arm.a(udivsi3.c.o)
                0x00021570                __udivsi3
                0x00021570                __aeabi_uidiv
 .text          0x000216c4       0x18 /afs/localcell/cm/gv2.6/sysname/pkg.@sys/qct/software/llvm/release/arm/3.5.2.4/lib/clang/3.5.2/lib/linux/libclang_rt.builtins-arm.a(umoddi3.c.o)
                0x000216c4                __umoddi3
 .text          0x000216dc       0x10 /afs/localcell/cm/gv2.6/sysname/pkg.@sys/qct/software/llvm/release/arm/3.5.2.4/lib/clang/3.5.2/lib/linux/libclang_rt.builtins-arm.a(umodsi3.c.o)
                0x000216dc                __umodsi3
 .text          0x000216ec       0xd4 /local/mnt/workspace/CRMBuilds/TZ.BF.4.0.3.c1-00005-M8996AAAAANAZT-1_20170110_230814/b/HK11/trustzone_images/core/securemsm/sse/qsee/SecureTouch/drTs/lib/build/sampleapp/scorpion/IADAANAA/touch_lib.lib(01_open.o)
                0x000216ec                touchOpen
 .text          0x000217c0       0xa0 /local/mnt/workspace/CRMBuilds/TZ.BF.4.0.3.c1-00005-M8996AAAAANAZT-1_20170110_230814/b/HK11/trustzone_images/core/securemsm/sse/qsee/SecureTouch/drTs/lib/build/sampleapp/scorpion/IADAANAA/touch_lib.lib(02_close.o)
                0x000217c0                touchClose
 .text          0x00021860      0x110 /local/mnt/workspace/CRMBuilds/TZ.BF.4.0.3.c1-00005-M8996AAAAANAZT-1_20170110_230814/b/HK11/trustzone_images/core/securemsm/sse/qsee/SecureTouch/drTs/lib/build/sampleapp/scorpion/IADAANAA/touch_lib.lib(03_getData.o)
                0x00021860                touchGetData
                0x000218f8                drNotifyEvent
 .text          0x00021970      0x5e4 /local/mnt/workspace/CRMBuilds/TZ.BF.4.0.3.c1-00005-M8996AAAAANAZT-1_20170110_230814/b/HK11/trustzone_images/core/securemsm/trustzone/qsapps/libs/applib/common_applib/build/sampleapp/scorpion/IADAANAA/tzapp_entrylib.lib(gpPersistObjCommon.o)
                0x00021970                gpCommon_Copy_Attributes
                0x00021acc                gpCommon_Init_Handles
                0x00021bac                gpCommon_Init_App_Info
                0x00021c08                gpCommon_Clean_Attributes
                0x00021c50                gpCommon_Clean_Object_Handle
                0x00021c90                gpCommon_Get_Object_Info
                0x00021cec                gpCommon_Close_Object
                0x00021d98                gpCommon_Get_File_Path
 .text          0x00021f54      0xef4 /local/mnt/workspace/CRMBuilds/TZ.BF.4.0.3.c1-00005-M8996AAAAANAZT-1_20170110_230814/b/HK11/trustzone_images/core/securemsm/trustzone/qsapps/libs/applib/common_applib/build/sampleapp/scorpion/IADAANAA/tzapp_entrylib.lib(gpPersistentObjects.o)
                0x00021f54                TEE_OpenPersistentObject
                0x00022150                TEE_CreatePersistentObject
                0x000223bc                TEE_CloseAndDeletePersistentObject1
                0x000224b4                TEE_CloseAndDeletePersistentObject
                0x000224b8                TEE_ReadObjectData
                0x000225cc                TEE_WriteObjectData
                0x00022750                TEE_TruncateObjectData
                0x00022898                TEE_SeekObjectData
                0x00022974                TEE_RenamePersistentObject
                0x00022a7c                TEE_AllocatePersistentObjectEnumerator
                0x00022b78                TEE_FreePersistentObjectEnumerator
                0x00022bf0                TEE_ResetPersistentObjectEnumerator
                0x00022c70                TEE_StartPersistentObjectEnumerator
                0x00022d64                TEE_GetNextPersistentObject
 .text          0x00022e48     0x26b4 /local/mnt/workspace/CRMBuilds/TZ.BF.4.0.3.c1-00005-M8996AAAAANAZT-1_20170110_230814/b/HK11/trustzone_images/core/securemsm/trustzone/qsapps/libs/applib/common_applib/build/sampleapp/scorpion/IADAANAA/tzapp_entrylib.lib(gpPersistObjData.o)
                0x00022e48                gpData_Create_Object
                0x00023624                gpData_Delete_Object
                0x0002373c                gpData_Open_Object
                0x00023898                gpData_Close_Object
                0x000238d0                gpData_Write_Data
                0x00023db0                gpData_Read_Data
                0x00023fc0                gpData_Trunc_Data
                0x00024238                gpData_Seek_Data
 .text          0x000254fc      0x6ec /local/mnt/workspace/CRMBuilds/TZ.BF.4.0.3.c1-00005-M8996AAAAANAZT-1_20170110_230814/b/HK11/trustzone_images/core/securemsm/trustzone/qsapps/libs/applib/common_applib/build/sampleapp/scorpion/IADAANAA/tzapp_entrylib.lib(gpPersistObjHandler.o)
                0x000254fc                gpHandler_Create_Handle
                0x00025804                gpHandler_Delete_Handle
                0x0002589c                gpHandler_Close_Handle
                0x000259d0                gpHandler_Open_Handle
                0x00025a68                gpHandler_Update_Handle
                0x00025ac8                gpHandler_Rename_Handle
 .text          0x00025be8     0x13cc /local/mnt/workspace/CRMBuilds/TZ.BF.4.0.3.c1-00005-M8996AAAAANAZT-1_20170110_230814/b/HK11/trustzone_images/core/securemsm/trustzone/qsapps/libs/applib/common_applib/build/sampleapp/scorpion/IADAANAA/tzapp_entrylib.lib(gpPersistObjIndex.o)
                0x00025be8                index_Get_Index_Info
                0x00025e24                gpIndex_Create_Entry
                0x00026004                gpIndex_Delete_Entry
                0x00026134                gpIndex_Get_Entry
                0x000263a8                gpIndex_Set_Entry
                0x000264e4                gpIndex_Rename_Entry
                0x000266f8                gpIndex_Get_Enum_Entry
                0x00026920                gpIndex_Get_Index_Info
 .text          0x00026fb4      0xe08 /local/mnt/workspace/CRMBuilds/TZ.BF.4.0.3.c1-00005-M8996AAAAANAZT-1_20170110_230814/b/HK11/trustzone_images/core/securemsm/trustzone/qsapps/libs/applib/common_applib/build/sampleapp/scorpion/IADAANAA/tzapp_entrylib.lib(gpPersistObjVersion.o)
                0x00026fb4                version_Is_Rpmb_Usage_Enabled
                0x00027068                gpVersion_Get_Version
                0x00027664                gpVersion_Set_Version
                0x00027884                gpVersion_Inc_Version
                0x000278c0                gpVersion_Delete_Version
 .text          0x00027dbc      0x990 /local/mnt/workspace/CRMBuilds/TZ.BF.4.0.3.c1-00005-M8996AAAAANAZT-1_20170110_230814/b/HK11/trustzone_images/core/securemsm/trustzone/qsapps/libs/applib/common_applib/build/sampleapp/scorpion/IADAANAA/tzapp_entrylib.lib(gpPersistObjCrypto.o)
                0x00027dbc                gpCrypto_Encrypt
                0x00028138                gpCrypto_Integrity_Protect
                0x0002830c                gpCrypto_Decrypt
                0x000284f8                gpCrypto_Integrity_Verify
 .text          0x0002874c      0x39c /local/mnt/workspace/CRMBuilds/TZ.BF.4.0.3.c1-00005-M8996AAAAANAZT-1_20170110_230814/b/HK11/trustzone_images/core/securemsm/trustzone/qsapps/libs/applib/common_applib/build/sampleapp/scorpion/IADAANAA/tzapp_entrylib.lib(gpPersistObjFileIO.o)
                0x0002874c                fileIO_Read_Data
                0x000287b0                fileIO_Write_Data
                0x0002881c                fileIO_Remove_Data
                0x00028878                fileIO_Rename_Data
                0x000288d4                gpFileIO_Read_File
                0x00028960                gpFileIO_Write_File
                0x00028a08                gpFileIO_Remove_File
                0x00028a6c                gpFileIO_Rename_File
 .text          0x00028ae8      0x774 /local/mnt/workspace/CRMBuilds/TZ.BF.4.0.3.c1-00005-M8996AAAAANAZT-1_20170110_230814/b/HK11/trustzone_images/core/securemsm/trustzone/qsapps/libs/applib/common_applib/build/sampleapp/scorpion/IADAANAA/tzapp_entrylib.lib(gpFileService.o)
                0x00028ae8                gpFileRead
                0x00028d64                gpFileWrite
                0x00028fe4                gpFileRemove
                0x00029114                gpFileRename
 .text          0x0002925c       0x24 /local/mnt/workspace/CRMBuilds/TZ.BF.4.0.3.c1-00005-M8996AAAAANAZT-1_20170110_230814/b/HK11/trustzone_images/core/securemsm/trustzone/qsapps/libs/applib/qsee/build/sampleapp/scorpion/IADAANAA/tzapp_entrylib.lib(qsee_cfg_prop_shim.o)
                0x0002925c                qsee_cfg_getpropval
 .text          0x00029280        0x8 /local/mnt/workspace/CRMBuilds/TZ.BF.4.0.3.c1-00005-M8996AAAAANAZT-1_20170110_230814/b/HK11/trustzone_images/core/securemsm/trustzone/qsapps/libs/applib/qsee/build/sampleapp/scorpion/IADAANAA/tzapp_entrylib.lib(gpPersistObjPanic.o)
                0x00029280                TEE_Panic
                0x00029284                GPMemoryMgmt_verifyHandle
 .text          0x00029288       0x64 /local/mnt/workspace/CRMBuilds/TZ.BF.4.0.3.c1-00005-M8996AAAAANAZT-1_20170110_230814/b/HK11/trustzone_images/core/securemsm/trustzone/qsee/mink/libstd/build/sampleapp/scorpion/IADAANAA/libstd.lib(strlcat.o)
                0x00029288                strlcat
 .text          0x000292ec       0x46 /local/mnt/workspace/CRMBuilds/TZ.BF.4.0.3.c1-00005-M8996AAAAANAZT-1_20170110_230814/b/HK11/trustzone_images/core/securemsm/trustzone/qsee/mink/libstd/build/sampleapp/scorpion/IADAANAA/libstd.lib(memset.o)
                0x000292ec                memset
 *fill*         0x00029332        0x2 
 .text          0x00029334      0x372 /local/mnt/workspace/CRMBuilds/TZ.BF.4.0.3.c1-00005-M8996AAAAANAZT-1_20170110_230814/b/HK11/trustzone_images/core/securemsm/trustzone/qsee/mink/libstd/build/sampleapp/scorpion/IADAANAA/libstd.lib(memcpy.o)
                0x00029334                memcpy
 *fill*         0x000296a6        0x2 
 .text          0x000296a8       0xf6 /local/mnt/workspace/CRMBuilds/TZ.BF.4.0.3.c1-00005-M8996AAAAANAZT-1_20170110_230814/b/HK11/trustzone_images/core/securemsm/trustzone/qsee/mink/libstd/build/sampleapp/scorpion/IADAANAA/libstd.lib(memmove.o)
                0x000296a8                memmove
 *fill*         0x0002979e        0x2 
 .text          0x000297a0      0x6dc /local/mnt/workspace/CRMBuilds/TZ.BF.4.0.3.c1-00005-M8996AAAAANAZT-1_20170110_230814/b/HK11/trustzone_images/core/securemsm/sse/SecureTouch/controller/build/sampleapp/scorpion/IADAANAA/drts_controller_msm8996.lib(atmel_mxt_ts.o)
                0x000297a0                dumpT9
                0x000297a4                dumpT100
                0x000297a8                dumpT15
                0x000297ac                dumpT42
                0x000297b0                processT9
                0x00029840                processT100
                0x00029928                atmel_drTsOpen
                0x00029cdc                atmel_drTsClose
                0x00029d2c                atmel_drTsProcessEvents
 .text          0x00029e7c      0x7e8 /local/mnt/workspace/CRMBuilds/TZ.BF.4.0.3.c1-00005-M8996AAAAANAZT-1_20170110_230814/b/HK11/trustzone_images/core/securemsm/sse/SecureTouch/controller/build/sampleapp/scorpion/IADAANAA/drts_controller_msm8996.lib(synaptics_ts.o)
                0x00029e7c                synReadF12
                0x0002a050                synaptics_drTsOpen
                0x0002a4f0                synaptics_drTsClose
                0x0002a540                synaptics_drTsProcessEvents
 .text          0x0002a664       0x8c /local/mnt/workspace/CRMBuilds/TZ.BF.4.0.3.c1-00005-M8996AAAAANAZT-1_20170110_230814/b/HK11/trustzone_images/core/securemsm/sse/log/build/sampleapp/scorpion/IADAANAA/sselog.lib(sselog.o)
                0x0002a664                dumpHex
 .text          0x0002a6f0      0x15c /local/mnt/workspace/CRMBuilds/TZ.BF.4.0.3.c1-00005-M8996AAAAANAZT-1_20170110_230814/b/HK11/trustzone_images/core/securemsm/sse/qsee/SecureTouch/drTs/controller/build/sampleapp/scorpion/IADAANAA/touch_controller_i2c_msm8996.lib(atmel_mxt_ts_i2c.o)
                0x0002a6f0                atmel_i2cReadReg
                0x0002a794                atmel_i2cOpen
                0x0002a7f0                atmel_i2cClose
 .text          0x0002a84c      0x130 /local/mnt/workspace/CRMBuilds/TZ.BF.4.0.3.c1-00005-M8996AAAAANAZT-1_20170110_230814/b/HK11/trustzone_images/core/securemsm/sse/qsee/SecureTouch/drTs/controller/build/sampleapp/scorpion/IADAANAA/touch_controller_i2c_msm8996.lib(synaptics_ts_i2c.o)
                0x0002a84c                synaptics_i2cReadReg
                0x0002a8e8                synaptics_i2cWriteReg
                0x0002a934                synaptics_i2cOpen
                0x0002a958                synaptics_i2cClose
 *(SORT(tzapp_syscall_asm))
 *fill*         0x0002a97c       0x84 
 tzapp_syscall_asm
                0x0002aa00       0x88 /local/mnt/workspace/CRMBuilds/TZ.BF.4.0.3.c1-00005-M8996AAAAANAZT-1_20170110_230814/b/HK11/trustzone_images/core/securemsm/trustzone/qsapps/libs/applib/qsee/build/sampleapp/scorpion/IADAANAA/tzapp_entrylib.lib(tzapp_syscall.o)
                0x0002aa00                app_export_init_info_to_qsee
                0x0002aa38                qsee_wait_default_signal_syscall
                0x0002aa64                qsee_generic_syscall
 tzapp_syscall_asm.__stub
                0x0002aa88       0x30 linker stubs
 *(SORT(.rodata))
 *fill*         0x0002aab8        0x8 
 .rodata        0x0002aac0       0x14 /local/mnt/workspace/CRMBuilds/TZ.BF.4.0.3.c1-00005-M8996AAAAANAZT-1_20170110_230814/b/HK11/trustzone_images/core/securemsm/sse/qsee/SecureUI/build/sampleapp/scorpion/IADAANAA/secure_ui.lib(SecureUI.o)
 *fill*         0x0002aad4        0xc 
 .rodata        0x0002aae0       0x30 /local/mnt/workspace/CRMBuilds/TZ.BF.4.0.3.c1-00005-M8996AAAAANAZT-1_20170110_230814/b/HK11/trustzone_images/core/securemsm/trustzone/qsapps/libs/applib/qsee/build/sampleapp/scorpion/IADAANAA/tzapp_entrylib.lib(qsee_cipher.o)
 .rodata        0x0002ab10       0x20 /local/mnt/workspace/CRMBuilds/TZ.BF.4.0.3.c1-00005-M8996AAAAANAZT-1_20170110_230814/b/HK11/trustzone_images/core/securemsm/trustzone/qsapps/libs/applib/qsee/build/sampleapp/scorpion/IADAANAA/tzapp_entrylib.lib(qsee_tlmm.o)
 .rodata        0x0002ab30       0x58 /local/mnt/workspace/CRMBuilds/TZ.BF.4.0.3.c1-00005-M8996AAAAANAZT-1_20170110_230814/b/HK11/trustzone_images/core/securemsm/trustzone/qsapps/libs/applib/qsee/build/sampleapp/scorpion/IADAANAA/tzapp_entrylib.lib(qsee_appmessage.o)
 .rodata        0x0002ab88       0xc0 /local/mnt/workspace/CRMBuilds/TZ.BF.4.0.3.c1-00005-M8996AAAAANAZT-1_20170110_230814/b/HK11/trustzone_images/core/securemsm/trustzone/qsapps/sampleapp/build/sampleapp/scorpion/IADAANAA/app_bio_lib.o
 .rodata        0x0002ac48       0x40 /local/mnt/workspace/CRMBuilds/TZ.BF.4.0.3.c1-00005-M8996AAAAANAZT-1_20170110_230814/b/HK11/trustzone_images/core/securemsm/trustzone/qsapps/sampleapp/build/sampleapp/scorpion/IADAANAA/app_bulletin_board.o
 .rodata        0x0002ac88       0x24 /local/mnt/workspace/CRMBuilds/TZ.BF.4.0.3.c1-00005-M8996AAAAANAZT-1_20170110_230814/b/HK11/trustzone_images/core/securemsm/trustzone/qsapps/sampleapp/build/sampleapp/scorpion/IADAANAA/app_main.o
 .rodata        0x0002acac       0xe0 /local/mnt/workspace/CRMBuilds/TZ.BF.4.0.3.c1-00005-M8996AAAAANAZT-1_20170110_230814/b/HK11/trustzone_images/core/securemsm/trustzone/qsapps/sampleapp/build/sampleapp/scorpion/IADAANAA/app_crypto.o
 .rodata        0x0002ad8c        0x4 /local/mnt/workspace/CRMBuilds/TZ.BF.4.0.3.c1-00005-M8996AAAAANAZT-1_20170110_230814/b/HK11/trustzone_images/core/securemsm/trustzone/qsapps/sampleapp/build/sampleapp/scorpion/IADAANAA/metadata.o
                0x0002ad8c                TA_ACCEPT_BUF_SIZE
 .rodata        0x0002ad90        0xc /local/mnt/workspace/CRMBuilds/TZ.BF.4.0.3.c1-00005-M8996AAAAANAZT-1_20170110_230814/b/HK11/trustzone_images/core/securemsm/trustzone/qsapps/libs/applib/qsee/build/sampleapp/scorpion/IADAANAA/tzapp_entrylib.lib(qsee_hash.o)
 .rodata        0x0002ad9c        0xc /local/mnt/workspace/CRMBuilds/TZ.BF.4.0.3.c1-00005-M8996AAAAANAZT-1_20170110_230814/b/HK11/trustzone_images/core/securemsm/trustzone/qsapps/libs/applib/qsee/build/sampleapp/scorpion/IADAANAA/tzapp_entrylib.lib(qsee_i2c.o)
 .rodata        0x0002ada8        0xc /local/mnt/workspace/CRMBuilds/TZ.BF.4.0.3.c1-00005-M8996AAAAANAZT-1_20170110_230814/b/HK11/trustzone_images/core/securemsm/trustzone/qsapps/libs/applib/qsee/build/sampleapp/scorpion/IADAANAA/tzapp_entrylib.lib(qsee_oem_buffer.o)
 .rodata        0x0002adb4       0x7e /local/mnt/workspace/CRMBuilds/TZ.BF.4.0.3.c1-00005-M8996AAAAANAZT-1_20170110_230814/b/HK11/trustzone_images/core/securemsm/trustzone/qsapps/sampleapp/build/sampleapp/scorpion/IADAANAA/app_sfs.o
 .rodata        0x0002ae32      0x1d0 /local/mnt/workspace/CRMBuilds/TZ.BF.4.0.3.c1-00005-M8996AAAAANAZT-1_20170110_230814/b/HK11/trustzone_images/core/securemsm/trustzone/qsee/mink/libstd/build/sampleapp/scorpion/IADAANAA/libstd.lib(printf.o)
 *(SORT(EXCLUDE_FILE(*metadata.o) .rodata.*))
 *fill*         0x0002b002        0x2 
 .rodata.cst8   0x0002b004        0x8 /local/mnt/workspace/CRMBuilds/TZ.BF.4.0.3.c1-00005-M8996AAAAANAZT-1_20170110_230814/b/HK11/trustzone_images/core/securemsm/trustzone/qsapps/sampleapp/build/sampleapp/scorpion/IADAANAA/app_crypto.o
 .rodata.cst16  0x0002b00c       0x10 /local/mnt/workspace/CRMBuilds/TZ.BF.4.0.3.c1-00005-M8996AAAAANAZT-1_20170110_230814/b/HK11/trustzone_images/core/securemsm/trustzone/qsapps/libs/applib/qsee/build/sampleapp/scorpion/IADAANAA/tzapp_entrylib.lib(qsee_tlmm.o)
 .rodata.cst16  0x0002b01c       0x10 /local/mnt/workspace/CRMBuilds/TZ.BF.4.0.3.c1-00005-M8996AAAAANAZT-1_20170110_230814/b/HK11/trustzone_images/core/securemsm/trustzone/qsapps/libs/biometric/build/sampleapp/scorpion/IADAANAA/biometric_lib.lib(biometric_serializer.o)
 .rodata.str1.1
                0x0002b02c      0xf64 /local/mnt/workspace/CRMBuilds/TZ.BF.4.0.3.c1-00005-M8996AAAAANAZT-1_20170110_230814/b/HK11/trustzone_images/core/securemsm/trustzone/qsapps/sampleapp/build/sampleapp/scorpion/IADAANAA/app_main.o
 .rodata.str1.1
                0x0002bf90      0x18a /local/mnt/workspace/CRMBuilds/TZ.BF.4.0.3.c1-00005-M8996AAAAANAZT-1_20170110_230814/b/HK11/trustzone_images/core/securemsm/trustzone/qsapps/sampleapp/build/sampleapp/scorpion/IADAANAA/app_smplserv_test.o
 .rodata.str1.1
                0x0002c11a       0x7f /local/mnt/workspace/CRMBuilds/TZ.BF.4.0.3.c1-00005-M8996AAAAANAZT-1_20170110_230814/b/HK11/trustzone_images/core/securemsm/trustzone/qsapps/sampleapp/build/sampleapp/scorpion/IADAANAA/app_smplcert_test.o
 .rodata.str1.1
                0x0002c199     0x2cf5 /local/mnt/workspace/CRMBuilds/TZ.BF.4.0.3.c1-00005-M8996AAAAANAZT-1_20170110_230814/b/HK11/trustzone_images/core/securemsm/trustzone/qsapps/sampleapp/build/sampleapp/scorpion/IADAANAA/app_crypto.o
 .rodata.str1.1
                0x0002ee8e     0x201d /local/mnt/workspace/CRMBuilds/TZ.BF.4.0.3.c1-00005-M8996AAAAANAZT-1_20170110_230814/b/HK11/trustzone_images/core/securemsm/trustzone/qsapps/sampleapp/build/sampleapp/scorpion/IADAANAA/app_sfs.o
                               0x2061 (size before relaxing)
 .rodata.str1.1
                0x00030eab     0x204b /local/mnt/workspace/CRMBuilds/TZ.BF.4.0.3.c1-00005-M8996AAAAANAZT-1_20170110_230814/b/HK11/trustzone_images/core/securemsm/trustzone/qsapps/sampleapp/build/sampleapp/scorpion/IADAANAA/app_rsa.o
                               0x2063 (size before relaxing)
 .rodata.str1.1
                0x00032ef6     0x13fb /local/mnt/workspace/CRMBuilds/TZ.BF.4.0.3.c1-00005-M8996AAAAANAZT-1_20170110_230814/b/HK11/trustzone_images/core/securemsm/trustzone/qsapps/sampleapp/build/sampleapp/scorpion/IADAANAA/qsee_api_tests.o
                               0x1400 (size before relaxing)
 .rodata.str1.1
                0x000342f1      0x24f /local/mnt/workspace/CRMBuilds/TZ.BF.4.0.3.c1-00005-M8996AAAAANAZT-1_20170110_230814/b/HK11/trustzone_images/core/securemsm/trustzone/qsapps/sampleapp/build/sampleapp/scorpion/IADAANAA/app_cmnlib.o
 .rodata.str1.1
                0x00034540      0x156 /local/mnt/workspace/CRMBuilds/TZ.BF.4.0.3.c1-00005-M8996AAAAANAZT-1_20170110_230814/b/HK11/trustzone_images/core/securemsm/trustzone/qsapps/sampleapp/build/sampleapp/scorpion/IADAANAA/app_message_passing.o
 .rodata.str1.1
                0x00034696      0x174 /local/mnt/workspace/CRMBuilds/TZ.BF.4.0.3.c1-00005-M8996AAAAANAZT-1_20170110_230814/b/HK11/trustzone_images/core/securemsm/trustzone/qsapps/sampleapp/build/sampleapp/scorpion/IADAANAA/app_fuses.o
 .rodata.str1.1
                0x0003480a     0x1a09 /local/mnt/workspace/CRMBuilds/TZ.BF.4.0.3.c1-00005-M8996AAAAANAZT-1_20170110_230814/b/HK11/trustzone_images/core/securemsm/trustzone/qsapps/sampleapp/build/sampleapp/scorpion/IADAANAA/app_stor.o
                               0x1a30 (size before relaxing)
 .rodata.str1.1
                0x00036213      0x4b3 /local/mnt/workspace/CRMBuilds/TZ.BF.4.0.3.c1-00005-M8996AAAAANAZT-1_20170110_230814/b/HK11/trustzone_images/core/securemsm/trustzone/qsapps/sampleapp/build/sampleapp/scorpion/IADAANAA/app_content_protection.o
 .rodata.str1.1
                0x000366c6      0x1e7 /local/mnt/workspace/CRMBuilds/TZ.BF.4.0.3.c1-00005-M8996AAAAANAZT-1_20170110_230814/b/HK11/trustzone_images/core/securemsm/trustzone/qsapps/sampleapp/build/sampleapp/scorpion/IADAANAA/app_secure_ui.o
 .rodata.str1.1
                0x000368ad      0xa96 /local/mnt/workspace/CRMBuilds/TZ.BF.4.0.3.c1-00005-M8996AAAAANAZT-1_20170110_230814/b/HK11/trustzone_images/core/securemsm/trustzone/qsapps/sampleapp/build/sampleapp/scorpion/IADAANAA/app_bio_lib.o
                                0xaa9 (size before relaxing)
 .rodata.str1.1
                0x00037343      0x5f9 /local/mnt/workspace/CRMBuilds/TZ.BF.4.0.3.c1-00005-M8996AAAAANAZT-1_20170110_230814/b/HK11/trustzone_images/core/securemsm/trustzone/qsapps/sampleapp/build/sampleapp/scorpion/IADAANAA/app_bulletin_board.o
                                0x694 (size before relaxing)
 .rodata.str1.1
                0x0003793c      0x8e1 /local/mnt/workspace/CRMBuilds/TZ.BF.4.0.3.c1-00005-M8996AAAAANAZT-1_20170110_230814/b/HK11/trustzone_images/core/securemsm/sse/qsee/SecureUI/build/sampleapp/scorpion/IADAANAA/secure_ui.lib(SecureUI.o)
                                0x906 (size before relaxing)
 .rodata.str1.1
                0x0003821d       0x4e /local/mnt/workspace/CRMBuilds/TZ.BF.4.0.3.c1-00005-M8996AAAAANAZT-1_20170110_230814/b/HK11/trustzone_images/core/securemsm/sse/qsee/SecureUILib/lib/build/sampleapp/scorpion/IADAANAA/secure_ui_lib.lib(01_startTouch.o)
 .rodata.str1.1
                0x0003826b       0x64 /local/mnt/workspace/CRMBuilds/TZ.BF.4.0.3.c1-00005-M8996AAAAANAZT-1_20170110_230814/b/HK11/trustzone_images/core/securemsm/sse/qsee/SecureUILib/lib/build/sampleapp/scorpion/IADAANAA/secure_ui_lib.lib(02_processTouch.o)
                                 0x7a (size before relaxing)
 .rodata.str1.1
                0x000382cf       0x2f /local/mnt/workspace/CRMBuilds/TZ.BF.4.0.3.c1-00005-M8996AAAAANAZT-1_20170110_230814/b/HK11/trustzone_images/core/securemsm/sse/qsee/SecureUILib/lib/build/sampleapp/scorpion/IADAANAA/secure_ui_lib.lib(03_stopTouch.o)
                                 0x5a (size before relaxing)
 .rodata.str1.1
                0x000382fe        0x7 /local/mnt/workspace/CRMBuilds/TZ.BF.4.0.3.c1-00005-M8996AAAAANAZT-1_20170110_230814/b/HK11/trustzone_images/core/securemsm/trustzone/qsapps/libs/applib/common_applib/build/sampleapp/scorpion/IADAANAA/tzapp_entrylib.lib(common_applib.o)
                                  0x9 (size before relaxing)
 .rodata.str1.1
                0x00000000        0x1 /local/mnt/workspace/CRMBuilds/TZ.BF.4.0.3.c1-00005-M8996AAAAANAZT-1_20170110_230814/b/HK11/trustzone_images/core/securemsm/trustzone/qsapps/libs/applib/qsee/build/sampleapp/scorpion/IADAANAA/tzapp_entrylib.lib(qsee_core_shim.o)
 .rodata.str1.1
                0x00038305       0x6f /local/mnt/workspace/CRMBuilds/TZ.BF.4.0.3.c1-00005-M8996AAAAANAZT-1_20170110_230814/b/HK11/trustzone_images/core/securemsm/trustzone/qsapps/libs/applib/qsee/build/sampleapp/scorpion/IADAANAA/tzapp_entrylib.lib(qsee_spi.o)
 .rodata.str1.1
                0x00038374       0xb7 /local/mnt/workspace/CRMBuilds/TZ.BF.4.0.3.c1-00005-M8996AAAAANAZT-1_20170110_230814/b/HK11/trustzone_images/core/securemsm/trustzone/qsapps/libs/applib/qsee/build/sampleapp/scorpion/IADAANAA/tzapp_entrylib.lib(qsee_dcache.o)
 .rodata.str1.1
                0x0003842b       0xe5 /local/mnt/workspace/CRMBuilds/TZ.BF.4.0.3.c1-00005-M8996AAAAANAZT-1_20170110_230814/b/HK11/trustzone_images/core/securemsm/trustzone/qsapps/libs/applib/qsee/build/sampleapp/scorpion/IADAANAA/tzapp_entrylib.lib(qsee_shared_buffer.o)
 .rodata.str1.1
                0x00038510       0xa8 /local/mnt/workspace/CRMBuilds/TZ.BF.4.0.3.c1-00005-M8996AAAAANAZT-1_20170110_230814/b/HK11/trustzone_images/core/securemsm/trustzone/qsapps/libs/applib/qsee/build/sampleapp/scorpion/IADAANAA/tzapp_entrylib.lib(sfs_api.o)
                                 0xc0 (size before relaxing)
 .rodata.str1.1
                0x000385b8      0x286 /local/mnt/workspace/CRMBuilds/TZ.BF.4.0.3.c1-00005-M8996AAAAANAZT-1_20170110_230814/b/HK11/trustzone_images/core/securemsm/trustzone/qsapps/libs/biometric/build/sampleapp/scorpion/IADAANAA/biometric_lib.lib(biometric.o)
                                0x28d (size before relaxing)
 .rodata.str1.1
                0x0003883e      0x381 /local/mnt/workspace/CRMBuilds/TZ.BF.4.0.3.c1-00005-M8996AAAAANAZT-1_20170110_230814/b/HK11/trustzone_images/core/securemsm/trustzone/qsapps/libs/biometric/build/sampleapp/scorpion/IADAANAA/biometric_lib.lib(biometric_serializer.o)
 .rodata.str1.1
                0x00038bbf       0x11 /local/mnt/workspace/CRMBuilds/TZ.BF.4.0.3.c1-00005-M8996AAAAANAZT-1_20170110_230814/b/HK11/trustzone_images/core/securemsm/trustzone/qsee/mink/libstd/build/sampleapp/scorpion/IADAANAA/libstd.lib(printf.o)
 .rodata.cst16  0x00038bd0       0x10 /local/mnt/workspace/CRMBuilds/TZ.BF.4.0.3.c1-00005-M8996AAAAANAZT-1_20170110_230814/b/HK11/trustzone_images/core/securemsm/trustzone/qsee/mink/libstd/build/sampleapp/scorpion/IADAANAA/libstd.lib(printf.o)
 .rodata.str1.1
                0x00038be0       0x3f /local/mnt/workspace/CRMBuilds/TZ.BF.4.0.3.c1-00005-M8996AAAAANAZT-1_20170110_230814/b/HK11/trustzone_images/core/securemsm/sse/qsee/SecureTouch/drTs/lib/build/sampleapp/scorpion/IADAANAA/touch_lib.lib(01_open.o)
 .rodata.str1.1
                0x00038c1f       0x9d /local/mnt/workspace/CRMBuilds/TZ.BF.4.0.3.c1-00005-M8996AAAAANAZT-1_20170110_230814/b/HK11/trustzone_images/core/securemsm/sse/qsee/SecureTouch/drTs/lib/build/sampleapp/scorpion/IADAANAA/touch_lib.lib(02_close.o)
 .rodata.str1.1
                0x00038cbc       0xae /local/mnt/workspace/CRMBuilds/TZ.BF.4.0.3.c1-00005-M8996AAAAANAZT-1_20170110_230814/b/HK11/trustzone_images/core/securemsm/sse/qsee/SecureTouch/drTs/lib/build/sampleapp/scorpion/IADAANAA/touch_lib.lib(03_getData.o)
                                 0xb8 (size before relaxing)
 .rodata.str1.1
                0x00038d6a       0xb1 /local/mnt/workspace/CRMBuilds/TZ.BF.4.0.3.c1-00005-M8996AAAAANAZT-1_20170110_230814/b/HK11/trustzone_images/core/securemsm/trustzone/qsapps/libs/applib/common_applib/build/sampleapp/scorpion/IADAANAA/tzapp_entrylib.lib(gpPersistObjCommon.o)
                                 0xcb (size before relaxing)
 .rodata.str1.1
                0x00038e1b      0x172 /local/mnt/workspace/CRMBuilds/TZ.BF.4.0.3.c1-00005-M8996AAAAANAZT-1_20170110_230814/b/HK11/trustzone_images/core/securemsm/trustzone/qsapps/libs/applib/common_applib/build/sampleapp/scorpion/IADAANAA/tzapp_entrylib.lib(gpPersistentObjects.o)
                                0x18a (size before relaxing)
 .rodata.str1.1
                0x00038f8d      0x31c /local/mnt/workspace/CRMBuilds/TZ.BF.4.0.3.c1-00005-M8996AAAAANAZT-1_20170110_230814/b/HK11/trustzone_images/core/securemsm/trustzone/qsapps/libs/applib/common_applib/build/sampleapp/scorpion/IADAANAA/tzapp_entrylib.lib(gpPersistObjData.o)
                                0x334 (size before relaxing)
 .rodata.str1.1
                0x000392a9       0xcc /local/mnt/workspace/CRMBuilds/TZ.BF.4.0.3.c1-00005-M8996AAAAANAZT-1_20170110_230814/b/HK11/trustzone_images/core/securemsm/trustzone/qsapps/libs/applib/common_applib/build/sampleapp/scorpion/IADAANAA/tzapp_entrylib.lib(gpPersistObjHandler.o)
                                 0xe4 (size before relaxing)
 .rodata.str1.1
                0x00039375      0x182 /local/mnt/workspace/CRMBuilds/TZ.BF.4.0.3.c1-00005-M8996AAAAANAZT-1_20170110_230814/b/HK11/trustzone_images/core/securemsm/trustzone/qsapps/libs/applib/common_applib/build/sampleapp/scorpion/IADAANAA/tzapp_entrylib.lib(gpPersistObjIndex.o)
                                0x19f (size before relaxing)
 .rodata.str1.1
                0x000394f7      0x1e5 /local/mnt/workspace/CRMBuilds/TZ.BF.4.0.3.c1-00005-M8996AAAAANAZT-1_20170110_230814/b/HK11/trustzone_images/core/securemsm/trustzone/qsapps/libs/applib/common_applib/build/sampleapp/scorpion/IADAANAA/tzapp_entrylib.lib(gpPersistObjVersion.o)
                                0x202 (size before relaxing)
 .rodata.str1.1
                0x000396dc      0x163 /local/mnt/workspace/CRMBuilds/TZ.BF.4.0.3.c1-00005-M8996AAAAANAZT-1_20170110_230814/b/HK11/trustzone_images/core/securemsm/trustzone/qsapps/libs/applib/common_applib/build/sampleapp/scorpion/IADAANAA/tzapp_entrylib.lib(gpPersistObjCrypto.o)
                                0x17b (size before relaxing)
 .rodata.str1.1
                0x0003983f       0x9a /local/mnt/workspace/CRMBuilds/TZ.BF.4.0.3.c1-00005-M8996AAAAANAZT-1_20170110_230814/b/HK11/trustzone_images/core/securemsm/trustzone/qsapps/libs/applib/common_applib/build/sampleapp/scorpion/IADAANAA/tzapp_entrylib.lib(gpPersistObjFileIO.o)
                                 0xb2 (size before relaxing)
 .rodata.str1.1
                0x000398d9       0x31 /local/mnt/workspace/CRMBuilds/TZ.BF.4.0.3.c1-00005-M8996AAAAANAZT-1_20170110_230814/b/HK11/trustzone_images/core/securemsm/trustzone/qsapps/libs/applib/common_applib/build/sampleapp/scorpion/IADAANAA/tzapp_entrylib.lib(gpFileService.o)
                                 0x49 (size before relaxing)
 .rodata.str1.1
                0x0003990a      0x189 /local/mnt/workspace/CRMBuilds/TZ.BF.4.0.3.c1-00005-M8996AAAAANAZT-1_20170110_230814/b/HK11/trustzone_images/core/securemsm/sse/SecureTouch/controller/build/sampleapp/scorpion/IADAANAA/drts_controller_msm8996.lib(atmel_mxt_ts.o)
 .rodata.str1.1
                0x00039a93      0x2a6 /local/mnt/workspace/CRMBuilds/TZ.BF.4.0.3.c1-00005-M8996AAAAANAZT-1_20170110_230814/b/HK11/trustzone_images/core/securemsm/sse/SecureTouch/controller/build/sampleapp/scorpion/IADAANAA/drts_controller_msm8996.lib(synaptics_ts.o)
                                0x303 (size before relaxing)
 .rodata.str1.1
                0x00039d39        0x6 /local/mnt/workspace/CRMBuilds/TZ.BF.4.0.3.c1-00005-M8996AAAAANAZT-1_20170110_230814/b/HK11/trustzone_images/core/securemsm/sse/log/build/sampleapp/scorpion/IADAANAA/sselog.lib(sselog.o)
 .rodata.str1.1
                0x00039d3f       0x5a /local/mnt/workspace/CRMBuilds/TZ.BF.4.0.3.c1-00005-M8996AAAAANAZT-1_20170110_230814/b/HK11/trustzone_images/core/securemsm/sse/qsee/SecureTouch/drTs/controller/build/sampleapp/scorpion/IADAANAA/touch_controller_i2c_msm8996.lib(atmel_mxt_ts_i2c.o)
 .rodata.str1.1
                0x00039d99       0x45 /local/mnt/workspace/CRMBuilds/TZ.BF.4.0.3.c1-00005-M8996AAAAANAZT-1_20170110_230814/b/HK11/trustzone_images/core/securemsm/sse/qsee/SecureTouch/drTs/controller/build/sampleapp/scorpion/IADAANAA/touch_controller_i2c_msm8996.lib(synaptics_ts_i2c.o)
                                 0x87 (size before relaxing)
 *metadata.o(SORT(.rodata.str1.1))
 .rodata.str1.1
                0x00039dde        0xa /local/mnt/workspace/CRMBuilds/TZ.BF.4.0.3.c1-00005-M8996AAAAANAZT-1_20170110_230814/b/HK11/trustzone_images/core/securemsm/trustzone/qsapps/sampleapp/build/sampleapp/scorpion/IADAANAA/metadata.o

.glue_7         0x00039de8        0x0
 .glue_7        0x00000000        0x0 linker stubs

.glue_7t        0x00039de8        0x0
 .glue_7t       0x00000000        0x0 linker stubs

.vfp11_veneer   0x00039de8        0x0
 .vfp11_veneer  0x00000000        0x0 linker stubs

.v4_bx          0x00039de8        0x0
 .v4_bx         0x00000000        0x0 linker stubs

.dynbss         0x00039de8        0x0
 .dynbss        0x00000000        0x0 /local/mnt/workspace/CRMBuilds/TZ.BF.4.0.3.c1-00005-M8996AAAAANAZT-1_20170110_230814/b/HK11/trustzone_images/core/securemsm/trustzone/qsapps/libs/applib/qsee/build/sampleapp/scorpion/IADAANAA/src/tzapp_entry.o

.plt            0x00039de8        0x0
 .plt           0x00000000        0x0 /local/mnt/workspace/CRMBuilds/TZ.BF.4.0.3.c1-00005-M8996AAAAANAZT-1_20170110_230814/b/HK11/trustzone_images/core/securemsm/trustzone/qsapps/libs/applib/qsee/build/sampleapp/scorpion/IADAANAA/src/tzapp_entry.o

.iplt           0x00039de8        0x0
 .iplt          0x00000000        0x0 /local/mnt/workspace/CRMBuilds/TZ.BF.4.0.3.c1-00005-M8996AAAAANAZT-1_20170110_230814/b/HK11/trustzone_images/core/securemsm/trustzone/qsapps/libs/applib/qsee/build/sampleapp/scorpion/IADAANAA/src/tzapp_entry.o

.sentinel       0x00039de8       0x32
 *(SORT(.rodata.sentinel))
 .rodata.sentinel
                0x00039de8       0x32 /local/mnt/workspace/CRMBuilds/TZ.BF.4.0.3.c1-00005-M8996AAAAANAZT-1_20170110_230814/b/HK11/trustzone_images/core/securemsm/trustzone/qsapps/sampleapp/build/sampleapp/scorpion/IADAANAA/metadata.o
                0x00039de8                TA_METADATA
                0x00000001                ASSERT ((SIZEOF (.sentinel) != 0x0), No sentinel section defined.)

.metadata_check
                0x00039e1a        0x0
 *metadata.o(SORT(.rodata.*))
                0x00000001                ASSERT ((SIZEOF (.metadata_check) == 0x0), New metadata not accounted for here)

.data           0x0003a000    0x300f2
 *(SORT(.data) SORT(TZAPPENTRYSTACK) SORT(.bss) SORT(COMMON))
 .data          0x0003a000     0x4a10 /local/mnt/workspace/CRMBuilds/TZ.BF.4.0.3.c1-00005-M8996AAAAANAZT-1_20170110_230814/b/HK11/trustzone_images/core/securemsm/trustzone/qsapps/sampleapp/build/sampleapp/scorpion/IADAANAA/app_crypto.o
 *fill*         0x0003ea10       0x70 
 .bss           0x0003ea80      0x220 /local/mnt/workspace/CRMBuilds/TZ.BF.4.0.3.c1-00005-M8996AAAAANAZT-1_20170110_230814/b/HK11/trustzone_images/core/securemsm/trustzone/qsapps/sampleapp/build/sampleapp/scorpion/IADAANAA/app_crypto.o
 *fill*         0x0003eca0       0x60 
 COMMON         0x0003ed00    0x21000 /local/mnt/workspace/CRMBuilds/TZ.BF.4.0.3.c1-00005-M8996AAAAANAZT-1_20170110_230814/b/HK11/trustzone_images/core/securemsm/trustzone/qsapps/sampleapp/build/sampleapp/scorpion/IADAANAA/app_crypto.o
                0x0003ed00                aes_large_plain_text2
                0x00046d00                aes_large_cipher_text2
                0x0004f100                aes_large_plain_text_1
                0x0004f500                aes_performance
                0x00057500                aes_large_cipher_text3
                0x0005f900                aes_large_cipher_text_1
 .bss           0x0005fd00      0x600 /local/mnt/workspace/CRMBuilds/TZ.BF.4.0.3.c1-00005-M8996AAAAANAZT-1_20170110_230814/b/HK11/trustzone_images/core/securemsm/trustzone/qsapps/sampleapp/build/sampleapp/scorpion/IADAANAA/qsee_api_tests.o
 TZAPPENTRYSTACK
                0x00060300       0x80 /local/mnt/workspace/CRMBuilds/TZ.BF.4.0.3.c1-00005-M8996AAAAANAZT-1_20170110_230814/b/HK11/trustzone_images/core/securemsm/trustzone/qsapps/libs/applib/qsee/build/sampleapp/scorpion/IADAANAA/src/tzapp_entry.o
 .data          0x00060380       0x12 /local/mnt/workspace/CRMBuilds/TZ.BF.4.0.3.c1-00005-M8996AAAAANAZT-1_20170110_230814/b/HK11/trustzone_images/core/securemsm/trustzone/qsapps/sampleapp/build/sampleapp/scorpion/IADAANAA/app_smplserv_test.o
 *fill*         0x00060392        0xe 
 .data          0x000603a0      0x515 /local/mnt/workspace/CRMBuilds/TZ.BF.4.0.3.c1-00005-M8996AAAAANAZT-1_20170110_230814/b/HK11/trustzone_images/core/securemsm/trustzone/qsapps/sampleapp/build/sampleapp/scorpion/IADAANAA/app_cmnlib.o
 *fill*         0x000608b5        0xb 
 .bss           0x000608c0      0x121 /local/mnt/workspace/CRMBuilds/TZ.BF.4.0.3.c1-00005-M8996AAAAANAZT-1_20170110_230814/b/HK11/trustzone_images/core/securemsm/trustzone/qsapps/sampleapp/build/sampleapp/scorpion/IADAANAA/app_bulletin_board.o
 *fill*         0x000609e1        0xf 
 .bss           0x000609f0       0x20 /local/mnt/workspace/CRMBuilds/TZ.BF.4.0.3.c1-00005-M8996AAAAANAZT-1_20170110_230814/b/HK11/trustzone_images/core/securemsm/sse/qsee/SecureUI/build/sampleapp/scorpion/IADAANAA/secure_ui.lib(SecureUI.o)
 .data          0x00060a10      0x240 /local/mnt/workspace/CRMBuilds/TZ.BF.4.0.3.c1-00005-M8996AAAAANAZT-1_20170110_230814/b/HK11/trustzone_images/core/securemsm/trustzone/qsapps/libs/applib/common_applib/build/sampleapp/scorpion/IADAANAA/tzapp_entrylib.lib(common_applib.o)
                0x00060a10                magic_num
                0x00060a24                magic_num_index_array
                0x00060a30                mem_magic_number
                0x00060a3c                __stack_chk_guard
 .bss           0x00060c50       0x88 /local/mnt/workspace/CRMBuilds/TZ.BF.4.0.3.c1-00005-M8996AAAAANAZT-1_20170110_230814/b/HK11/trustzone_images/core/securemsm/trustzone/qsapps/libs/applib/common_applib/build/sampleapp/scorpion/IADAANAA/tzapp_entrylib.lib(common_applib.o)
                0x00060c50                pgCmnlib
 *fill*         0x00060cd8        0x8 
 .bss           0x00060ce0      0x140 /local/mnt/workspace/CRMBuilds/TZ.BF.4.0.3.c1-00005-M8996AAAAANAZT-1_20170110_230814/b/HK11/trustzone_images/core/securemsm/trustzone/qsapps/libs/applib/qsee/build/sampleapp/scorpion/IADAANAA/tzapp_entrylib.lib(qsee_env.o)
 .bss           0x00060e20      0x724 /local/mnt/workspace/CRMBuilds/TZ.BF.4.0.3.c1-00005-M8996AAAAANAZT-1_20170110_230814/b/HK11/trustzone_images/core/securemsm/trustzone/qsapps/libs/applib/qsee/build/sampleapp/scorpion/IADAANAA/tzapp_entrylib.lib(stor_gpt.o)
 *fill*         0x00061544        0xc 